[pretrain] Using 9000/89996 samples (10% stratified)
19:49:06 | ssl[byol/resnet50] | INFO | Model: byol / resnet50 -- params: 35.07M
19:49:14 | ssl[byol/resnet50] | INFO | epoch 001 done in 00:00:07 | loss 0.9985
19:49:17 | ssl[byol/resnet50] | INFO | epoch 002 done in 00:00:03 | loss 0.7296
19:49:21 | ssl[byol/resnet50] | INFO | epoch 003 done in 00:00:03 | loss 0.6315
19:49:25 | ssl[byol/resnet50] | INFO | epoch 004 done in 00:00:03 | loss 0.4555
19:49:29 | ssl[byol/resnet50] | INFO | epoch 005 done in 00:00:04 | loss 0.3195
19:49:33 | ssl[byol/resnet50] | INFO | epoch 006 done in 00:00:04 | loss 0.2561
19:49:37 | ssl[byol/resnet50] | INFO | epoch 007 done in 00:00:04 | loss 0.2105
19:49:41 | ssl[byol/resnet50] | INFO | epoch 008 done in 00:00:04 | loss 0.1716
19:49:46 | ssl[byol/resnet50] | INFO | epoch 009 done in 00:00:04 | loss 0.1488
19:49:49 | ssl[byol/resnet50] | INFO | epoch 010 done in 00:00:03 | loss 0.1366
19:49:53 | ssl[byol/resnet50] | INFO | epoch 011 done in 00:00:04 | loss 0.1199
19:49:57 | ssl[byol/resnet50] | INFO | epoch 012 done in 00:00:03 | loss 0.1132
19:50:01 | ssl[byol/resnet50] | INFO | epoch 013 done in 00:00:03 | loss 0.1048
19:50:05 | ssl[byol/resnet50] | INFO | epoch 014 done in 00:00:03 | loss 0.0993
19:50:09 | ssl[byol/resnet50] | INFO | epoch 015 done in 00:00:03 | loss 0.0927
19:50:13 | ssl[byol/resnet50] | INFO | epoch 016 done in 00:00:03 | loss 0.0934
19:50:17 | ssl[byol/resnet50] | INFO | epoch 017 done in 00:00:03 | loss 0.0922
19:50:21 | ssl[byol/resnet50] | INFO | epoch 018 done in 00:00:03 | loss 0.0896
19:50:25 | ssl[byol/resnet50] | INFO | epoch 019 done in 00:00:03 | loss 0.0868
19:50:29 | ssl[byol/resnet50] | INFO | epoch 020 done in 00:00:03 | loss 0.0783
19:50:33 | ssl[byol/resnet50] | INFO | epoch 021 done in 00:00:04 | loss 0.0757
19:50:37 | ssl[byol/resnet50] | INFO | epoch 022 done in 00:00:04 | loss 0.0742
19:50:42 | ssl[byol/resnet50] | INFO | epoch 023 done in 00:00:04 | loss 0.0713
19:50:46 | ssl[byol/resnet50] | INFO | epoch 024 done in 00:00:03 | loss 0.0683
19:50:50 | ssl[byol/resnet50] | INFO | epoch 025 done in 00:00:04 | loss 0.0677
19:50:54 | ssl[byol/resnet50] | INFO | epoch 026 done in 00:00:04 | loss 0.0663
19:50:58 | ssl[byol/resnet50] | INFO | epoch 027 done in 00:00:04 | loss 0.0647
19:51:02 | ssl[byol/resnet50] | INFO | epoch 028 done in 00:00:04 | loss 0.0632
19:51:06 | ssl[byol/resnet50] | INFO | epoch 029 done in 00:00:04 | loss 0.0613
19:51:10 | ssl[byol/resnet50] | INFO | epoch 030 done in 00:00:03 | loss 0.0606
19:51:14 | ssl[byol/resnet50] | INFO | epoch 031 done in 00:00:04 | loss 0.0586
19:51:18 | ssl[byol/resnet50] | INFO | epoch 032 done in 00:00:03 | loss 0.0596
19:51:22 | ssl[byol/resnet50] | INFO | epoch 033 done in 00:00:03 | loss 0.0603
19:51:26 | ssl[byol/resnet50] | INFO | epoch 034 done in 00:00:04 | loss 0.0618
19:51:30 | ssl[byol/resnet50] | INFO | epoch 035 done in 00:00:04 | loss 0.0559
19:51:34 | ssl[byol/resnet50] | INFO | epoch 036 done in 00:00:03 | loss 0.0546
19:51:38 | ssl[byol/resnet50] | INFO | epoch 037 done in 00:00:04 | loss 0.0542
19:51:42 | ssl[byol/resnet50] | INFO | epoch 038 done in 00:00:03 | loss 0.0539
19:51:46 | ssl[byol/resnet50] | INFO | epoch 039 done in 00:00:04 | loss 0.0516
19:51:50 | ssl[byol/resnet50] | INFO | epoch 040 done in 00:00:03 | loss 0.0562
19:51:54 | ssl[byol/resnet50] | INFO | epoch 041 done in 00:00:03 | loss 0.0566
19:51:58 | ssl[byol/resnet50] | INFO | epoch 042 done in 00:00:03 | loss 0.0555
19:52:02 | ssl[byol/resnet50] | INFO | epoch 043 done in 00:00:03 | loss 0.0538
19:52:06 | ssl[byol/resnet50] | INFO | epoch 044 done in 00:00:03 | loss 0.0542
19:52:10 | ssl[byol/resnet50] | INFO | epoch 045 done in 00:00:04 | loss 0.0533
19:52:14 | ssl[byol/resnet50] | INFO | epoch 046 done in 00:00:04 | loss 0.0506
19:52:18 | ssl[byol/resnet50] | INFO | epoch 047 done in 00:00:03 | loss 0.0522
19:52:22 | ssl[byol/resnet50] | INFO | epoch 048 done in 00:00:03 | loss 0.0521
19:52:25 | ssl[byol/resnet50] | INFO | epoch 049 done in 00:00:03 | loss 0.0503
19:52:29 | ssl[byol/resnet50] | INFO | epoch 050 done in 00:00:03 | loss 0.0499
19:52:33 | ssl[byol/resnet50] | INFO | epoch 051 done in 00:00:03 | loss 0.0516
19:52:37 | ssl[byol/resnet50] | INFO | epoch 052 done in 00:00:03 | loss 0.0512
19:52:41 | ssl[byol/resnet50] | INFO | epoch 053 done in 00:00:04 | loss 0.0497
19:52:45 | ssl[byol/resnet50] | INFO | epoch 054 done in 00:00:04 | loss 0.0498
19:52:49 | ssl[byol/resnet50] | INFO | epoch 055 done in 00:00:03 | loss 0.0499
19:52:53 | ssl[byol/resnet50] | INFO | epoch 056 done in 00:00:03 | loss 0.0495
19:52:57 | ssl[byol/resnet50] | INFO | epoch 057 done in 00:00:04 | loss 0.0471
19:53:01 | ssl[byol/resnet50] | INFO | epoch 058 done in 00:00:04 | loss 0.0465
19:53:05 | ssl[byol/resnet50] | INFO | epoch 059 done in 00:00:03 | loss 0.0460
19:53:09 | ssl[byol/resnet50] | INFO | epoch 060 done in 00:00:03 | loss 0.0471
19:53:13 | ssl[byol/resnet50] | INFO | epoch 061 done in 00:00:04 | loss 0.0464
19:53:17 | ssl[byol/resnet50] | INFO | epoch 062 done in 00:00:03 | loss 0.0453
19:53:21 | ssl[byol/resnet50] | INFO | epoch 063 done in 00:00:03 | loss 0.0440
19:53:25 | ssl[byol/resnet50] | INFO | epoch 064 done in 00:00:04 | loss 0.0448
19:53:29 | ssl[byol/resnet50] | INFO | epoch 065 done in 00:00:03 | loss 0.0451
19:53:33 | ssl[byol/resnet50] | INFO | epoch 066 done in 00:00:04 | loss 0.0465
19:53:37 | ssl[byol/resnet50] | INFO | epoch 067 done in 00:00:03 | loss 0.0423
19:53:41 | ssl[byol/resnet50] | INFO | epoch 068 done in 00:00:04 | loss 0.0420
19:53:45 | ssl[byol/resnet50] | INFO | epoch 069 done in 00:00:03 | loss 0.0447
19:53:49 | ssl[byol/resnet50] | INFO | epoch 070 done in 00:00:03 | loss 0.0424
19:53:53 | ssl[byol/resnet50] | INFO | epoch 071 done in 00:00:04 | loss 0.0418
19:53:58 | ssl[byol/resnet50] | INFO | epoch 072 done in 00:00:04 | loss 0.0421
19:54:02 | ssl[byol/resnet50] | INFO | epoch 073 done in 00:00:03 | loss 0.0401
19:54:05 | ssl[byol/resnet50] | INFO | epoch 074 done in 00:00:03 | loss 0.0400
19:54:09 | ssl[byol/resnet50] | INFO | epoch 075 done in 00:00:03 | loss 0.0430
19:54:13 | ssl[byol/resnet50] | INFO | epoch 076 done in 00:00:03 | loss 0.0400
19:54:17 | ssl[byol/resnet50] | INFO | epoch 077 done in 00:00:03 | loss 0.0413
19:54:21 | ssl[byol/resnet50] | INFO | epoch 078 done in 00:00:03 | loss 0.0401
19:54:25 | ssl[byol/resnet50] | INFO | epoch 079 done in 00:00:03 | loss 0.0407
19:54:29 | ssl[byol/resnet50] | INFO | epoch 080 done in 00:00:03 | loss 0.0400
19:54:33 | ssl[byol/resnet50] | INFO | epoch 081 done in 00:00:04 | loss 0.0382
19:54:37 | ssl[byol/resnet50] | INFO | epoch 082 done in 00:00:04 | loss 0.0406
19:54:41 | ssl[byol/resnet50] | INFO | epoch 083 done in 00:00:04 | loss 0.0388
19:54:45 | ssl[byol/resnet50] | INFO | epoch 084 done in 00:00:04 | loss 0.0379
19:54:49 | ssl[byol/resnet50] | INFO | epoch 085 done in 00:00:04 | loss 0.0376
19:54:54 | ssl[byol/resnet50] | INFO | epoch 086 done in 00:00:04 | loss 0.0368
19:54:58 | ssl[byol/resnet50] | INFO | epoch 087 done in 00:00:04 | loss 0.0363
19:55:01 | ssl[byol/resnet50] | INFO | epoch 088 done in 00:00:03 | loss 0.0376
19:55:06 | ssl[byol/resnet50] | INFO | epoch 089 done in 00:00:04 | loss 0.0359
19:55:10 | ssl[byol/resnet50] | INFO | epoch 090 done in 00:00:04 | loss 0.0379
19:55:14 | ssl[byol/resnet50] | INFO | epoch 091 done in 00:00:04 | loss 0.0371
19:55:18 | ssl[byol/resnet50] | INFO | epoch 092 done in 00:00:04 | loss 0.0375
19:55:22 | ssl[byol/resnet50] | INFO | epoch 093 done in 00:00:03 | loss 0.0346
19:55:26 | ssl[byol/resnet50] | INFO | epoch 094 done in 00:00:03 | loss 0.0377
19:55:30 | ssl[byol/resnet50] | INFO | epoch 095 done in 00:00:04 | loss 0.0372
19:55:34 | ssl[byol/resnet50] | INFO | epoch 096 done in 00:00:04 | loss 0.0372
19:55:38 | ssl[byol/resnet50] | INFO | epoch 097 done in 00:00:04 | loss 0.0366
19:55:42 | ssl[byol/resnet50] | INFO | epoch 098 done in 00:00:04 | loss 0.0364
19:55:46 | ssl[byol/resnet50] | INFO | epoch 099 done in 00:00:04 | loss 0.0368
19:55:50 | ssl[byol/resnet50] | INFO | epoch 100 done in 00:00:04 | loss 0.0370
19:55:50 | ssl[byol/resnet50] | INFO | Total SSL training: 00:06:44 (best loss 0.0346)

19:56:28 | eval[byol-resnet50-seed42-frac10/resnet50] | INFO | Loaded backbone weights from runs/ssl-byol-resnet50-ep100-bs256-seed42-frac10/backbone_final.pt
19:56:29 | eval[byol-resnet50-seed42-frac10/resnet50] | INFO | Extracting features for kNN / t-SNE / UMAP...
19:56:47 | eval[byol-resnet50-seed42-frac10/resnet50] | INFO | kNN(k=20) top-1: 0.8036
/workspace/vcl_pathmnist/.venv/lib/python3.12/site-packages/umap/umap_.py:1952: UserWarning: n_jobs value 1 overridden to 1 by setting random_state. Use no seed for parallelism.
  warn(
19:57:15 | eval[byol-resnet50-seed42-frac10/resnet50] | INFO | Saved t-SNE / UMAP plots.
19:57:15 | probe[linear/resnet50] | INFO | Loaded backbone weights — missing: 0, unexpected: 0
19:57:25 | probe[linear/resnet50] | INFO | [linear] epoch 001/30 | train_loss 1.0195 train_acc 0.6420 | val_loss 0.7310 val_acc 0.7213
19:57:32 | probe[linear/resnet50] | INFO | [linear] epoch 002/30 | train_loss 0.7158 train_acc 0.7345 | val_loss 0.6719 val_acc 0.7558
19:57:40 | probe[linear/resnet50] | INFO | [linear] epoch 003/30 | train_loss 0.6920 train_acc 0.7444 | val_loss 0.6665 val_acc 0.7651
19:57:48 | probe[linear/resnet50] | INFO | [linear] epoch 004/30 | train_loss 0.6720 train_acc 0.7534 | val_loss 0.6472 val_acc 0.7672
19:57:56 | probe[linear/resnet50] | INFO | [linear] epoch 005/30 | train_loss 0.6610 train_acc 0.7567 | val_loss 0.6484 val_acc 0.7629
19:58:04 | probe[linear/resnet50] | INFO | [linear] epoch 006/30 | train_loss 0.6522 train_acc 0.7599 | val_loss 0.6381 val_acc 0.7632
19:58:11 | probe[linear/resnet50] | INFO | [linear] epoch 007/30 | train_loss 0.6430 train_acc 0.7640 | val_loss 0.6479 val_acc 0.7678
19:58:19 | probe[linear/resnet50] | INFO | [linear] epoch 008/30 | train_loss 0.6386 train_acc 0.7640 | val_loss 0.6135 val_acc 0.7760
19:58:27 | probe[linear/resnet50] | INFO | [linear] epoch 009/30 | train_loss 0.6287 train_acc 0.7671 | val_loss 0.6303 val_acc 0.7730
19:58:34 | probe[linear/resnet50] | INFO | [linear] epoch 010/30 | train_loss 0.6254 train_acc 0.7701 | val_loss 0.6096 val_acc 0.7726
19:58:42 | probe[linear/resnet50] | INFO | [linear] epoch 011/30 | train_loss 0.6219 train_acc 0.7710 | val_loss 0.6171 val_acc 0.7767
19:58:50 | probe[linear/resnet50] | INFO | [linear] epoch 012/30 | train_loss 0.6168 train_acc 0.7735 | val_loss 0.6217 val_acc 0.7716
19:58:57 | probe[linear/resnet50] | INFO | [linear] epoch 013/30 | train_loss 0.6105 train_acc 0.7759 | val_loss 0.6046 val_acc 0.7803
19:59:05 | probe[linear/resnet50] | INFO | [linear] epoch 014/30 | train_loss 0.6116 train_acc 0.7744 | val_loss 0.6010 val_acc 0.7842
19:59:13 | probe[linear/resnet50] | INFO | [linear] epoch 015/30 | train_loss 0.6043 train_acc 0.7784 | val_loss 0.5996 val_acc 0.7830
19:59:21 | probe[linear/resnet50] | INFO | [linear] epoch 016/30 | train_loss 0.5991 train_acc 0.7793 | val_loss 0.6086 val_acc 0.7816
19:59:29 | probe[linear/resnet50] | INFO | [linear] epoch 017/30 | train_loss 0.5965 train_acc 0.7792 | val_loss 0.5893 val_acc 0.7847
19:59:37 | probe[linear/resnet50] | INFO | [linear] epoch 018/30 | train_loss 0.5947 train_acc 0.7806 | val_loss 0.5906 val_acc 0.7851
19:59:44 | probe[linear/resnet50] | INFO | [linear] epoch 019/30 | train_loss 0.5921 train_acc 0.7814 | val_loss 0.5923 val_acc 0.7848
19:59:52 | probe[linear/resnet50] | INFO | [linear] epoch 020/30 | train_loss 0.5897 train_acc 0.7828 | val_loss 0.5796 val_acc 0.7891
20:00:00 | probe[linear/resnet50] | INFO | [linear] epoch 021/30 | train_loss 0.5856 train_acc 0.7840 | val_loss 0.5833 val_acc 0.7870
20:00:08 | probe[linear/resnet50] | INFO | [linear] epoch 022/30 | train_loss 0.5842 train_acc 0.7859 | val_loss 0.5807 val_acc 0.7897
20:00:15 | probe[linear/resnet50] | INFO | [linear] epoch 023/30 | train_loss 0.5825 train_acc 0.7857 | val_loss 0.5818 val_acc 0.7879
20:00:23 | probe[linear/resnet50] | INFO | [linear] epoch 024/30 | train_loss 0.5813 train_acc 0.7870 | val_loss 0.5790 val_acc 0.7886
20:00:31 | probe[linear/resnet50] | INFO | [linear] epoch 025/30 | train_loss 0.5789 train_acc 0.7872 | val_loss 0.5777 val_acc 0.7898
20:00:38 | probe[linear/resnet50] | INFO | [linear] epoch 026/30 | train_loss 0.5780 train_acc 0.7877 | val_loss 0.5805 val_acc 0.7890
20:00:46 | probe[linear/resnet50] | INFO | [linear] epoch 027/30 | train_loss 0.5769 train_acc 0.7883 | val_loss 0.5740 val_acc 0.7897
20:00:54 | probe[linear/resnet50] | INFO | [linear] epoch 028/30 | train_loss 0.5784 train_acc 0.7883 | val_loss 0.5772 val_acc 0.7887
20:01:01 | probe[linear/resnet50] | INFO | [linear] epoch 029/30 | train_loss 0.5759 train_acc 0.7893 | val_loss 0.5749 val_acc 0.7898
20:01:09 | probe[linear/resnet50] | INFO | [linear] epoch 030/30 | train_loss 0.5773 train_acc 0.7881 | val_loss 0.5765 val_acc 0.7888
20:01:09 | probe[linear/resnet50] | INFO | [linear] done in 00:03:53 | best val_acc 0.7898
20:01:10 | eval[byol-resnet50-seed42-frac10/resnet50] | INFO | Linear test acc 0.8230 | bal-acc 0.7902 | f1-macro 0.7792 | AUC 0.9769429963888255
20:01:10 | probe[finetune_10pct/resnet50] | INFO | Loaded backbone weights — missing: 0, unexpected: 0
20:01:15 | probe[finetune_10pct/resnet50] | INFO | [finetune_10pct] epoch 001/30 | train_loss 1.4506 train_acc 0.4797 | val_loss 0.7075 val_acc 0.7352
20:01:17 | probe[finetune_10pct/resnet50] | INFO | [finetune_10pct] epoch 002/30 | train_loss 0.5782 train_acc 0.7883 | val_loss 0.5240 val_acc 0.8221
20:01:20 | probe[finetune_10pct/resnet50] | INFO | [finetune_10pct] epoch 003/30 | train_loss 0.4471 train_acc 0.8406 | val_loss 0.4723 val_acc 0.8401
20:01:23 | probe[finetune_10pct/resnet50] | INFO | [finetune_10pct] epoch 004/30 | train_loss 0.3896 train_acc 0.8600 | val_loss 0.4143 val_acc 0.8610
20:01:26 | probe[finetune_10pct/resnet50] | INFO | [finetune_10pct] epoch 005/30 | train_loss 0.3423 train_acc 0.8781 | val_loss 0.3720 val_acc 0.8765
20:01:28 | probe[finetune_10pct/resnet50] | INFO | [finetune_10pct] epoch 006/30 | train_loss 0.3083 train_acc 0.8940 | val_loss 0.2906 val_acc 0.9042
20:01:31 | probe[finetune_10pct/resnet50] | INFO | [finetune_10pct] epoch 007/30 | train_loss 0.2852 train_acc 0.8990 | val_loss 0.2986 val_acc 0.8965
20:01:34 | probe[finetune_10pct/resnet50] | INFO | [finetune_10pct] epoch 008/30 | train_loss 0.2654 train_acc 0.9086 | val_loss 0.2629 val_acc 0.9042
20:01:36 | probe[finetune_10pct/resnet50] | INFO | [finetune_10pct] epoch 009/30 | train_loss 0.2314 train_acc 0.9228 | val_loss 0.2465 val_acc 0.9133
20:01:39 | probe[finetune_10pct/resnet50] | INFO | [finetune_10pct] epoch 010/30 | train_loss 0.2140 train_acc 0.9278 | val_loss 0.2555 val_acc 0.9091
20:01:41 | probe[finetune_10pct/resnet50] | INFO | [finetune_10pct] epoch 011/30 | train_loss 0.2115 train_acc 0.9266 | val_loss 0.2053 val_acc 0.9328
20:01:44 | probe[finetune_10pct/resnet50] | INFO | [finetune_10pct] epoch 012/30 | train_loss 0.1892 train_acc 0.9341 | val_loss 0.2168 val_acc 0.9285
20:01:47 | probe[finetune_10pct/resnet50] | INFO | [finetune_10pct] epoch 013/30 | train_loss 0.1801 train_acc 0.9398 | val_loss 0.2250 val_acc 0.9274
20:01:49 | probe[finetune_10pct/resnet50] | INFO | [finetune_10pct] epoch 014/30 | train_loss 0.1690 train_acc 0.9451 | val_loss 0.2084 val_acc 0.9304
20:01:52 | probe[finetune_10pct/resnet50] | INFO | [finetune_10pct] epoch 015/30 | train_loss 0.1604 train_acc 0.9460 | val_loss 0.2381 val_acc 0.9244
20:01:54 | probe[finetune_10pct/resnet50] | INFO | [finetune_10pct] epoch 016/30 | train_loss 0.1522 train_acc 0.9469 | val_loss 0.1556 val_acc 0.9460
20:01:57 | probe[finetune_10pct/resnet50] | INFO | [finetune_10pct] epoch 017/30 | train_loss 0.1330 train_acc 0.9531 | val_loss 0.1894 val_acc 0.9362
20:02:00 | probe[finetune_10pct/resnet50] | INFO | [finetune_10pct] epoch 018/30 | train_loss 0.1311 train_acc 0.9553 | val_loss 0.2064 val_acc 0.9357
20:02:02 | probe[finetune_10pct/resnet50] | INFO | [finetune_10pct] epoch 019/30 | train_loss 0.1239 train_acc 0.9564 | val_loss 0.1655 val_acc 0.9458
20:02:05 | probe[finetune_10pct/resnet50] | INFO | [finetune_10pct] epoch 020/30 | train_loss 0.1174 train_acc 0.9591 | val_loss 0.1423 val_acc 0.9529
20:02:07 | probe[finetune_10pct/resnet50] | INFO | [finetune_10pct] epoch 021/30 | train_loss 0.1042 train_acc 0.9658 | val_loss 0.1881 val_acc 0.9380
20:02:10 | probe[finetune_10pct/resnet50] | INFO | [finetune_10pct] epoch 022/30 | train_loss 0.1057 train_acc 0.9663 | val_loss 0.1622 val_acc 0.9445
20:02:12 | probe[finetune_10pct/resnet50] | INFO | [finetune_10pct] epoch 023/30 | train_loss 0.1020 train_acc 0.9653 | val_loss 0.1358 val_acc 0.9578
20:02:15 | probe[finetune_10pct/resnet50] | INFO | [finetune_10pct] epoch 024/30 | train_loss 0.0898 train_acc 0.9707 | val_loss 0.1522 val_acc 0.9514
20:02:18 | probe[finetune_10pct/resnet50] | INFO | [finetune_10pct] epoch 025/30 | train_loss 0.0887 train_acc 0.9690 | val_loss 0.1369 val_acc 0.9545
20:02:20 | probe[finetune_10pct/resnet50] | INFO | [finetune_10pct] epoch 026/30 | train_loss 0.0868 train_acc 0.9731 | val_loss 0.1316 val_acc 0.9566
20:02:23 | probe[finetune_10pct/resnet50] | INFO | [finetune_10pct] epoch 027/30 | train_loss 0.0820 train_acc 0.9709 | val_loss 0.1356 val_acc 0.9559
20:02:25 | probe[finetune_10pct/resnet50] | INFO | [finetune_10pct] epoch 028/30 | train_loss 0.0789 train_acc 0.9740 | val_loss 0.1360 val_acc 0.9561
20:02:28 | probe[finetune_10pct/resnet50] | INFO | [finetune_10pct] epoch 029/30 | train_loss 0.0802 train_acc 0.9727 | val_loss 0.1380 val_acc 0.9547
20:02:30 | probe[finetune_10pct/resnet50] | INFO | [finetune_10pct] epoch 030/30 | train_loss 0.0750 train_acc 0.9732 | val_loss 0.1428 val_acc 0.9540
20:02:30 | probe[finetune_10pct/resnet50] | INFO | [finetune_10pct] done in 00:01:19 | best val_acc 0.9578
20:02:31 | eval[byol-resnet50-seed42-frac10/resnet50] | INFO | Low-shot 10.0% (n=9000) -> test acc 0.8623 | bal-acc 0.8548 | f1-macro 0.8422
20:02:31 | probe[finetune_1pct/resnet50] | INFO | Loaded backbone weights — missing: 0, unexpected: 0
20:02:34 | probe[finetune_1pct/resnet50] | INFO | [finetune_1pct] epoch 001/30 | train_loss 2.4245 train_acc 0.1032 | val_loss 1.8309 val_acc 0.3358
20:02:35 | probe[finetune_1pct/resnet50] | INFO | [finetune_1pct] epoch 002/30 | train_loss 1.5473 train_acc 0.5372 | val_loss 1.2679 val_acc 0.5678
20:02:37 | probe[finetune_1pct/resnet50] | INFO | [finetune_1pct] epoch 003/30 | train_loss 0.9828 train_acc 0.6349 | val_loss 0.9057 val_acc 0.6702
20:02:38 | probe[finetune_1pct/resnet50] | INFO | [finetune_1pct] epoch 004/30 | train_loss 0.7664 train_acc 0.7081 | val_loss 0.8560 val_acc 0.6806
20:02:40 | probe[finetune_1pct/resnet50] | INFO | [finetune_1pct] epoch 005/30 | train_loss 0.7105 train_acc 0.7303 | val_loss 0.7934 val_acc 0.6869
20:02:41 | probe[finetune_1pct/resnet50] | INFO | [finetune_1pct] epoch 006/30 | train_loss 0.6802 train_acc 0.7325 | val_loss 0.6701 val_acc 0.7621
20:02:43 | probe[finetune_1pct/resnet50] | INFO | [finetune_1pct] epoch 007/30 | train_loss 0.5866 train_acc 0.7836 | val_loss 0.7259 val_acc 0.7424
20:02:44 | probe[finetune_1pct/resnet50] | INFO | [finetune_1pct] epoch 008/30 | train_loss 0.5622 train_acc 0.7880 | val_loss 0.7109 val_acc 0.7340
20:02:46 | probe[finetune_1pct/resnet50] | INFO | [finetune_1pct] epoch 009/30 | train_loss 0.5314 train_acc 0.7791 | val_loss 0.8394 val_acc 0.7058
20:02:47 | probe[finetune_1pct/resnet50] | INFO | [finetune_1pct] epoch 010/30 | train_loss 0.4942 train_acc 0.8047 | val_loss 0.6965 val_acc 0.7610
20:02:48 | probe[finetune_1pct/resnet50] | INFO | [finetune_1pct] epoch 011/30 | train_loss 0.4549 train_acc 0.8169 | val_loss 0.6012 val_acc 0.7906
20:02:50 | probe[finetune_1pct/resnet50] | INFO | [finetune_1pct] epoch 012/30 | train_loss 0.4468 train_acc 0.8302 | val_loss 0.6433 val_acc 0.7662
20:02:51 | probe[finetune_1pct/resnet50] | INFO | [finetune_1pct] epoch 013/30 | train_loss 0.4113 train_acc 0.8380 | val_loss 0.7114 val_acc 0.7701
20:02:52 | probe[finetune_1pct/resnet50] | INFO | [finetune_1pct] epoch 014/30 | train_loss 0.4124 train_acc 0.8391 | val_loss 0.6498 val_acc 0.7964
20:02:54 | probe[finetune_1pct/resnet50] | INFO | [finetune_1pct] epoch 015/30 | train_loss 0.3809 train_acc 0.8535 | val_loss 0.6127 val_acc 0.7855
20:02:55 | probe[finetune_1pct/resnet50] | INFO | [finetune_1pct] epoch 016/30 | train_loss 0.3692 train_acc 0.8701 | val_loss 0.5772 val_acc 0.8089
20:02:57 | probe[finetune_1pct/resnet50] | INFO | [finetune_1pct] epoch 017/30 | train_loss 0.3383 train_acc 0.8735 | val_loss 0.5022 val_acc 0.8311
20:02:58 | probe[finetune_1pct/resnet50] | INFO | [finetune_1pct] epoch 018/30 | train_loss 0.3579 train_acc 0.8679 | val_loss 0.4889 val_acc 0.8379
20:03:00 | probe[finetune_1pct/resnet50] | INFO | [finetune_1pct] epoch 019/30 | train_loss 0.2957 train_acc 0.8857 | val_loss 0.5420 val_acc 0.8340
20:03:01 | probe[finetune_1pct/resnet50] | INFO | [finetune_1pct] epoch 020/30 | train_loss 0.3461 train_acc 0.8701 | val_loss 0.5724 val_acc 0.8290
20:03:02 | probe[finetune_1pct/resnet50] | INFO | [finetune_1pct] epoch 021/30 | train_loss 0.3391 train_acc 0.8668 | val_loss 0.5054 val_acc 0.8401
20:03:04 | probe[finetune_1pct/resnet50] | INFO | [finetune_1pct] epoch 022/30 | train_loss 0.2960 train_acc 0.8790 | val_loss 0.4640 val_acc 0.8484
20:03:05 | probe[finetune_1pct/resnet50] | INFO | [finetune_1pct] epoch 023/30 | train_loss 0.2807 train_acc 0.8935 | val_loss 0.4691 val_acc 0.8464
20:03:06 | probe[finetune_1pct/resnet50] | INFO | [finetune_1pct] epoch 024/30 | train_loss 0.2805 train_acc 0.9034 | val_loss 0.4792 val_acc 0.8451
20:03:08 | probe[finetune_1pct/resnet50] | INFO | [finetune_1pct] epoch 025/30 | train_loss 0.2650 train_acc 0.8990 | val_loss 0.5046 val_acc 0.8392
20:03:09 | probe[finetune_1pct/resnet50] | INFO | [finetune_1pct] epoch 026/30 | train_loss 0.2631 train_acc 0.8935 | val_loss 0.5076 val_acc 0.8402
20:03:10 | probe[finetune_1pct/resnet50] | INFO | [finetune_1pct] epoch 027/30 | train_loss 0.2495 train_acc 0.9068 | val_loss 0.5004 val_acc 0.8421
20:03:12 | probe[finetune_1pct/resnet50] | INFO | [finetune_1pct] epoch 028/30 | train_loss 0.2460 train_acc 0.9023 | val_loss 0.4939 val_acc 0.8436
20:03:13 | probe[finetune_1pct/resnet50] | INFO | [finetune_1pct] epoch 029/30 | train_loss 0.2277 train_acc 0.9156 | val_loss 0.4922 val_acc 0.8446
20:03:14 | probe[finetune_1pct/resnet50] | INFO | [finetune_1pct] epoch 030/30 | train_loss 0.2507 train_acc 0.9112 | val_loss 0.4954 val_acc 0.8444
20:03:14 | probe[finetune_1pct/resnet50] | INFO | [finetune_1pct] done in 00:00:42 | best val_acc 0.8484
20:03:15 | eval[byol-resnet50-seed42-frac10/resnet50] | INFO | Low-shot 1.0% (n=901) -> test acc 0.8819 | bal-acc 0.8579 | f1-macro 0.8466
20:03:15 | eval[byol-resnet50-seed42-frac10/resnet50] | INFO | Downstream evaluation complete.
