
================================================================
[2026-05-11T23:54:39+00:00] Task 4/7 -- BYOL RN50 frac10 seed=2 bs=256
================================================================
[pretrain] Using 9000/89996 samples (10% stratified)
23:56:02 | ssl[byol/resnet50] | INFO | Model: byol / resnet50 -- params: 35.07M
23:56:09 | ssl[byol/resnet50] | INFO | epoch 001 done in 00:00:07 | loss 1.0276
23:56:13 | ssl[byol/resnet50] | INFO | epoch 002 done in 00:00:03 | loss 0.7826
23:56:17 | ssl[byol/resnet50] | INFO | epoch 003 done in 00:00:03 | loss 0.6693
23:56:21 | ssl[byol/resnet50] | INFO | epoch 004 done in 00:00:03 | loss 0.4872
23:56:25 | ssl[byol/resnet50] | INFO | epoch 005 done in 00:00:03 | loss 0.3599
23:56:29 | ssl[byol/resnet50] | INFO | epoch 006 done in 00:00:03 | loss 0.2724
23:56:33 | ssl[byol/resnet50] | INFO | epoch 007 done in 00:00:04 | loss 0.2157
23:56:37 | ssl[byol/resnet50] | INFO | epoch 008 done in 00:00:03 | loss 0.1956
23:56:41 | ssl[byol/resnet50] | INFO | epoch 009 done in 00:00:03 | loss 0.1674
23:56:45 | ssl[byol/resnet50] | INFO | epoch 010 done in 00:00:03 | loss 0.1481
23:56:49 | ssl[byol/resnet50] | INFO | epoch 011 done in 00:00:03 | loss 0.1416
23:56:53 | ssl[byol/resnet50] | INFO | epoch 012 done in 00:00:04 | loss 0.1258
23:56:57 | ssl[byol/resnet50] | INFO | epoch 013 done in 00:00:04 | loss 0.1128
23:57:01 | ssl[byol/resnet50] | INFO | epoch 014 done in 00:00:03 | loss 0.1061
23:57:05 | ssl[byol/resnet50] | INFO | epoch 015 done in 00:00:03 | loss 0.0979
23:57:08 | ssl[byol/resnet50] | INFO | epoch 016 done in 00:00:03 | loss 0.0930
23:57:12 | ssl[byol/resnet50] | INFO | epoch 017 done in 00:00:03 | loss 0.0873
23:57:16 | ssl[byol/resnet50] | INFO | epoch 018 done in 00:00:03 | loss 0.0851
23:57:20 | ssl[byol/resnet50] | INFO | epoch 019 done in 00:00:03 | loss 0.0846
23:57:25 | ssl[byol/resnet50] | INFO | epoch 020 done in 00:00:04 | loss 0.0838
23:57:29 | ssl[byol/resnet50] | INFO | epoch 021 done in 00:00:04 | loss 0.0793
23:57:33 | ssl[byol/resnet50] | INFO | epoch 022 done in 00:00:04 | loss 0.0755
23:57:37 | ssl[byol/resnet50] | INFO | epoch 023 done in 00:00:04 | loss 0.0765
23:57:41 | ssl[byol/resnet50] | INFO | epoch 024 done in 00:00:04 | loss 0.0772
23:57:45 | ssl[byol/resnet50] | INFO | epoch 025 done in 00:00:03 | loss 0.0740
23:57:49 | ssl[byol/resnet50] | INFO | epoch 026 done in 00:00:03 | loss 0.0738
23:57:53 | ssl[byol/resnet50] | INFO | epoch 027 done in 00:00:04 | loss 0.0661
23:57:57 | ssl[byol/resnet50] | INFO | epoch 028 done in 00:00:03 | loss 0.0691
23:58:01 | ssl[byol/resnet50] | INFO | epoch 029 done in 00:00:03 | loss 0.0676
23:58:05 | ssl[byol/resnet50] | INFO | epoch 030 done in 00:00:03 | loss 0.0634
23:58:09 | ssl[byol/resnet50] | INFO | epoch 031 done in 00:00:03 | loss 0.0620
23:58:13 | ssl[byol/resnet50] | INFO | epoch 032 done in 00:00:03 | loss 0.0607
23:58:17 | ssl[byol/resnet50] | INFO | epoch 033 done in 00:00:04 | loss 0.0626
23:58:21 | ssl[byol/resnet50] | INFO | epoch 034 done in 00:00:04 | loss 0.0609
23:58:25 | ssl[byol/resnet50] | INFO | epoch 035 done in 00:00:03 | loss 0.0616
23:58:28 | ssl[byol/resnet50] | INFO | epoch 036 done in 00:00:03 | loss 0.0664
23:58:32 | ssl[byol/resnet50] | INFO | epoch 037 done in 00:00:03 | loss 0.0660
23:58:36 | ssl[byol/resnet50] | INFO | epoch 038 done in 00:00:03 | loss 0.0608
23:58:40 | ssl[byol/resnet50] | INFO | epoch 039 done in 00:00:03 | loss 0.0627
23:58:44 | ssl[byol/resnet50] | INFO | epoch 040 done in 00:00:04 | loss 0.0675
23:58:48 | ssl[byol/resnet50] | INFO | epoch 041 done in 00:00:04 | loss 0.0620
23:58:52 | ssl[byol/resnet50] | INFO | epoch 042 done in 00:00:04 | loss 0.0590
23:58:56 | ssl[byol/resnet50] | INFO | epoch 043 done in 00:00:04 | loss 0.0615
23:59:00 | ssl[byol/resnet50] | INFO | epoch 044 done in 00:00:04 | loss 0.0596
23:59:04 | ssl[byol/resnet50] | INFO | epoch 045 done in 00:00:03 | loss 0.0588
23:59:08 | ssl[byol/resnet50] | INFO | epoch 046 done in 00:00:04 | loss 0.0612
23:59:12 | ssl[byol/resnet50] | INFO | epoch 047 done in 00:00:03 | loss 0.0579
23:59:16 | ssl[byol/resnet50] | INFO | epoch 048 done in 00:00:03 | loss 0.0616
23:59:20 | ssl[byol/resnet50] | INFO | epoch 049 done in 00:00:03 | loss 0.0584
23:59:24 | ssl[byol/resnet50] | INFO | epoch 050 done in 00:00:04 | loss 0.0619
23:59:28 | ssl[byol/resnet50] | INFO | epoch 051 done in 00:00:04 | loss 0.0616
23:59:32 | ssl[byol/resnet50] | INFO | epoch 052 done in 00:00:03 | loss 0.0619
23:59:36 | ssl[byol/resnet50] | INFO | epoch 053 done in 00:00:03 | loss 0.0598
23:59:40 | ssl[byol/resnet50] | INFO | epoch 054 done in 00:00:03 | loss 0.0621
23:59:44 | ssl[byol/resnet50] | INFO | epoch 055 done in 00:00:03 | loss 0.0612
23:59:48 | ssl[byol/resnet50] | INFO | epoch 056 done in 00:00:03 | loss 0.0602
23:59:52 | ssl[byol/resnet50] | INFO | epoch 057 done in 00:00:03 | loss 0.0580
23:59:56 | ssl[byol/resnet50] | INFO | epoch 058 done in 00:00:03 | loss 0.0610
00:00:04 | ssl[byol/resnet50] | INFO | epoch 059 done in 00:00:04 | loss 0.0587
00:00:08 | ssl[byol/resnet50] | INFO | epoch 060 done in 00:00:03 | loss 0.0581
00:00:12 | ssl[byol/resnet50] | INFO | epoch 061 done in 00:00:03 | loss 0.0576
00:00:16 | ssl[byol/resnet50] | INFO | epoch 062 done in 00:00:03 | loss 0.0565
00:00:20 | ssl[byol/resnet50] | INFO | epoch 063 done in 00:00:03 | loss 0.0561
00:00:24 | ssl[byol/resnet50] | INFO | epoch 064 done in 00:00:04 | loss 0.0563
00:00:28 | ssl[byol/resnet50] | INFO | epoch 065 done in 00:00:04 | loss 0.0555
00:00:32 | ssl[byol/resnet50] | INFO | epoch 066 done in 00:00:03 | loss 0.0527
00:00:36 | ssl[byol/resnet50] | INFO | epoch 067 done in 00:00:03 | loss 0.0551
00:00:40 | ssl[byol/resnet50] | INFO | epoch 068 done in 00:00:03 | loss 0.0535
00:00:44 | ssl[byol/resnet50] | INFO | epoch 069 done in 00:00:03 | loss 0.0524
00:00:48 | ssl[byol/resnet50] | INFO | epoch 070 done in 00:00:03 | loss 0.0550
00:00:52 | ssl[byol/resnet50] | INFO | epoch 071 done in 00:00:04 | loss 0.0509
00:00:56 | ssl[byol/resnet50] | INFO | epoch 072 done in 00:00:04 | loss 0.0498
00:01:00 | ssl[byol/resnet50] | INFO | epoch 073 done in 00:00:03 | loss 0.0512
00:01:04 | ssl[byol/resnet50] | INFO | epoch 074 done in 00:00:04 | loss 0.0514
00:01:08 | ssl[byol/resnet50] | INFO | epoch 075 done in 00:00:04 | loss 0.0490
00:01:12 | ssl[byol/resnet50] | INFO | epoch 076 done in 00:00:03 | loss 0.0472
00:01:16 | ssl[byol/resnet50] | INFO | epoch 077 done in 00:00:03 | loss 0.0476
00:01:20 | ssl[byol/resnet50] | INFO | epoch 078 done in 00:00:04 | loss 0.0479
00:01:24 | ssl[byol/resnet50] | INFO | epoch 079 done in 00:00:04 | loss 0.0470
00:01:28 | ssl[byol/resnet50] | INFO | epoch 080 done in 00:00:03 | loss 0.0466
00:01:32 | ssl[byol/resnet50] | INFO | epoch 081 done in 00:00:04 | loss 0.0487
00:01:36 | ssl[byol/resnet50] | INFO | epoch 082 done in 00:00:04 | loss 0.0463
00:01:40 | ssl[byol/resnet50] | INFO | epoch 083 done in 00:00:04 | loss 0.0464
00:01:44 | ssl[byol/resnet50] | INFO | epoch 084 done in 00:00:04 | loss 0.0465
00:01:48 | ssl[byol/resnet50] | INFO | epoch 085 done in 00:00:03 | loss 0.0467
00:01:52 | ssl[byol/resnet50] | INFO | epoch 086 done in 00:00:04 | loss 0.0452
00:01:56 | ssl[byol/resnet50] | INFO | epoch 087 done in 00:00:04 | loss 0.0455
00:02:00 | ssl[byol/resnet50] | INFO | epoch 088 done in 00:00:03 | loss 0.0448
00:02:04 | ssl[byol/resnet50] | INFO | epoch 089 done in 00:00:03 | loss 0.0455
00:02:08 | ssl[byol/resnet50] | INFO | epoch 090 done in 00:00:04 | loss 0.0457
00:02:12 | ssl[byol/resnet50] | INFO | epoch 091 done in 00:00:03 | loss 0.0429
00:02:16 | ssl[byol/resnet50] | INFO | epoch 092 done in 00:00:03 | loss 0.0447
00:02:20 | ssl[byol/resnet50] | INFO | epoch 093 done in 00:00:03 | loss 0.0441
00:02:24 | ssl[byol/resnet50] | INFO | epoch 094 done in 00:00:03 | loss 0.0438
00:02:28 | ssl[byol/resnet50] | INFO | epoch 095 done in 00:00:03 | loss 0.0442
00:02:32 | ssl[byol/resnet50] | INFO | epoch 096 done in 00:00:03 | loss 0.0426
00:02:36 | ssl[byol/resnet50] | INFO | epoch 097 done in 00:00:04 | loss 0.0450
00:02:40 | ssl[byol/resnet50] | INFO | epoch 098 done in 00:00:03 | loss 0.0449
00:02:44 | ssl[byol/resnet50] | INFO | epoch 099 done in 00:00:03 | loss 0.0431
00:02:48 | ssl[byol/resnet50] | INFO | epoch 100 done in 00:00:03 | loss 0.0418
00:02:48 | ssl[byol/resnet50] | INFO | Total SSL training: 00:06:46 (best loss 0.0418)
00:03:11 | eval[byol-resnet50-seed2-frac10/resnet50] | INFO | Loaded backbone weights from /workspace/vcl_pathmnist/runs/ssl-byol-resnet50-ep100-bs256-seed2-frac10/backbone_final.pt
00:04:31 | eval[byol-resnet50-seed2-frac10/resnet50] | INFO | Extracting features for kNN / t-SNE / UMAP...
00:05:05 | eval[byol-resnet50-seed2-frac10/resnet50] | INFO | kNN(k=20) top-1: 0.8164
/workspace/vcl_pathmnist/.venv/lib/python3.12/site-packages/umap/umap_.py:1952: UserWarning: n_jobs value 1 overridden to 1 by setting random_state. Use no seed for parallelism.
  warn(
00:05:37 | eval[byol-resnet50-seed2-frac10/resnet50] | INFO | Saved t-SNE / UMAP plots.
00:05:37 | probe[linear/resnet50] | INFO | Loaded backbone weights — missing: 0, unexpected: 0
00:05:52 | probe[linear/resnet50] | INFO | [linear] epoch 001/30 | train_loss 1.0017 train_acc 0.6445 | val_loss 0.7405 val_acc 0.7175
00:06:06 | probe[linear/resnet50] | INFO | [linear] epoch 002/30 | train_loss 0.7278 train_acc 0.7236 | val_loss 0.7399 val_acc 0.7076
00:06:20 | probe[linear/resnet50] | INFO | [linear] epoch 003/30 | train_loss 0.6937 train_acc 0.7383 | val_loss 0.7065 val_acc 0.7281
00:06:34 | probe[linear/resnet50] | INFO | [linear] epoch 004/30 | train_loss 0.6786 train_acc 0.7461 | val_loss 0.6674 val_acc 0.7578
00:06:47 | probe[linear/resnet50] | INFO | [linear] epoch 005/30 | train_loss 0.6645 train_acc 0.7514 | val_loss 0.6504 val_acc 0.7642
00:07:01 | probe[linear/resnet50] | INFO | [linear] epoch 006/30 | train_loss 0.6486 train_acc 0.7597 | val_loss 0.6924 val_acc 0.7415
00:07:16 | probe[linear/resnet50] | INFO | [linear] epoch 007/30 | train_loss 0.6453 train_acc 0.7601 | val_loss 0.6437 val_acc 0.7624
00:07:29 | probe[linear/resnet50] | INFO | [linear] epoch 008/30 | train_loss 0.6357 train_acc 0.7643 | val_loss 0.6189 val_acc 0.7742
00:07:44 | probe[linear/resnet50] | INFO | [linear] epoch 009/30 | train_loss 0.6271 train_acc 0.7657 | val_loss 0.6271 val_acc 0.7630
00:07:58 | probe[linear/resnet50] | INFO | [linear] epoch 010/30 | train_loss 0.6208 train_acc 0.7704 | val_loss 0.6362 val_acc 0.7639
00:08:12 | probe[linear/resnet50] | INFO | [linear] epoch 011/30 | train_loss 0.6169 train_acc 0.7714 | val_loss 0.6227 val_acc 0.7727
00:08:26 | probe[linear/resnet50] | INFO | [linear] epoch 012/30 | train_loss 0.6104 train_acc 0.7732 | val_loss 0.6589 val_acc 0.7581
00:08:40 | probe[linear/resnet50] | INFO | [linear] epoch 013/30 | train_loss 0.6069 train_acc 0.7743 | val_loss 0.6391 val_acc 0.7547
00:08:55 | probe[linear/resnet50] | INFO | [linear] epoch 014/30 | train_loss 0.6048 train_acc 0.7747 | val_loss 0.6105 val_acc 0.7759
00:09:08 | probe[linear/resnet50] | INFO | [linear] epoch 015/30 | train_loss 0.6008 train_acc 0.7777 | val_loss 0.6146 val_acc 0.7778
00:09:22 | probe[linear/resnet50] | INFO | [linear] epoch 016/30 | train_loss 0.5950 train_acc 0.7812 | val_loss 0.5932 val_acc 0.7829
00:09:36 | probe[linear/resnet50] | INFO | [linear] epoch 017/30 | train_loss 0.5931 train_acc 0.7813 | val_loss 0.5845 val_acc 0.7873
00:09:51 | probe[linear/resnet50] | INFO | [linear] epoch 018/30 | train_loss 0.5876 train_acc 0.7826 | val_loss 0.5962 val_acc 0.7808
00:10:04 | probe[linear/resnet50] | INFO | [linear] epoch 019/30 | train_loss 0.5845 train_acc 0.7834 | val_loss 0.6117 val_acc 0.7670
00:10:18 | probe[linear/resnet50] | INFO | [linear] epoch 020/30 | train_loss 0.5832 train_acc 0.7836 | val_loss 0.5900 val_acc 0.7838
00:10:32 | probe[linear/resnet50] | INFO | [linear] epoch 021/30 | train_loss 0.5775 train_acc 0.7857 | val_loss 0.5920 val_acc 0.7838
00:10:45 | probe[linear/resnet50] | INFO | [linear] epoch 022/30 | train_loss 0.5769 train_acc 0.7857 | val_loss 0.5921 val_acc 0.7834
00:10:59 | probe[linear/resnet50] | INFO | [linear] epoch 023/30 | train_loss 0.5769 train_acc 0.7866 | val_loss 0.5935 val_acc 0.7828
00:11:13 | probe[linear/resnet50] | INFO | [linear] epoch 024/30 | train_loss 0.5743 train_acc 0.7874 | val_loss 0.5885 val_acc 0.7840
00:11:27 | probe[linear/resnet50] | INFO | [linear] epoch 025/30 | train_loss 0.5717 train_acc 0.7882 | val_loss 0.5769 val_acc 0.7902
00:11:41 | probe[linear/resnet50] | INFO | [linear] epoch 026/30 | train_loss 0.5687 train_acc 0.7908 | val_loss 0.5817 val_acc 0.7911
00:11:56 | probe[linear/resnet50] | INFO | [linear] epoch 027/30 | train_loss 0.5695 train_acc 0.7896 | val_loss 0.5782 val_acc 0.7891
00:12:10 | probe[linear/resnet50] | INFO | [linear] epoch 028/30 | train_loss 0.5682 train_acc 0.7905 | val_loss 0.5778 val_acc 0.7881
00:12:23 | probe[linear/resnet50] | INFO | [linear] epoch 029/30 | train_loss 0.5688 train_acc 0.7898 | val_loss 0.5819 val_acc 0.7892
00:12:37 | probe[linear/resnet50] | INFO | [linear] epoch 030/30 | train_loss 0.5679 train_acc 0.7894 | val_loss 0.5802 val_acc 0.7890
00:12:37 | probe[linear/resnet50] | INFO | [linear] done in 00:07:00 | best val_acc 0.7911
00:12:38 | eval[byol-resnet50-seed2-frac10/resnet50] | INFO | Linear test acc 0.8447 | bal-acc 0.7972 | f1-macro 0.7925 | AUC 0.9791342818720765
00:13:18 | probe[finetune_10pct/resnet50] | INFO | Loaded backbone weights — missing: 0, unexpected: 0
00:13:22 | probe[finetune_10pct/resnet50] | INFO | [finetune_10pct] epoch 001/30 | train_loss 1.3870 train_acc 0.5354 | val_loss 0.8601 val_acc 0.6832
00:13:25 | probe[finetune_10pct/resnet50] | INFO | [finetune_10pct] epoch 002/30 | train_loss 0.5770 train_acc 0.7877 | val_loss 0.6412 val_acc 0.7980
00:13:27 | probe[finetune_10pct/resnet50] | INFO | [finetune_10pct] epoch 003/30 | train_loss 0.4631 train_acc 0.8351 | val_loss 0.5450 val_acc 0.8217
00:13:30 | probe[finetune_10pct/resnet50] | INFO | [finetune_10pct] epoch 004/30 | train_loss 0.3902 train_acc 0.8630 | val_loss 0.3364 val_acc 0.8852
00:13:32 | probe[finetune_10pct/resnet50] | INFO | [finetune_10pct] epoch 005/30 | train_loss 0.3244 train_acc 0.8879 | val_loss 0.3594 val_acc 0.8704
00:13:35 | probe[finetune_10pct/resnet50] | INFO | [finetune_10pct] epoch 006/30 | train_loss 0.2821 train_acc 0.9019 | val_loss 0.6037 val_acc 0.8203
00:13:37 | probe[finetune_10pct/resnet50] | INFO | [finetune_10pct] epoch 007/30 | train_loss 0.2757 train_acc 0.9058 | val_loss 0.3546 val_acc 0.8825
00:13:39 | probe[finetune_10pct/resnet50] | INFO | [finetune_10pct] epoch 008/30 | train_loss 0.2565 train_acc 0.9092 | val_loss 0.3299 val_acc 0.8904
00:13:42 | probe[finetune_10pct/resnet50] | INFO | [finetune_10pct] epoch 009/30 | train_loss 0.2377 train_acc 0.9160 | val_loss 0.3299 val_acc 0.8805
00:13:44 | probe[finetune_10pct/resnet50] | INFO | [finetune_10pct] epoch 010/30 | train_loss 0.2158 train_acc 0.9244 | val_loss 0.2067 val_acc 0.9339
00:13:47 | probe[finetune_10pct/resnet50] | INFO | [finetune_10pct] epoch 011/30 | train_loss 0.2001 train_acc 0.9304 | val_loss 0.2489 val_acc 0.9228
00:13:49 | probe[finetune_10pct/resnet50] | INFO | [finetune_10pct] epoch 012/30 | train_loss 0.1924 train_acc 0.9320 | val_loss 0.2112 val_acc 0.9258
00:13:51 | probe[finetune_10pct/resnet50] | INFO | [finetune_10pct] epoch 013/30 | train_loss 0.1766 train_acc 0.9368 | val_loss 0.2773 val_acc 0.9044
00:13:53 | probe[finetune_10pct/resnet50] | INFO | [finetune_10pct] epoch 014/30 | train_loss 0.1722 train_acc 0.9419 | val_loss 0.1745 val_acc 0.9422
00:13:56 | probe[finetune_10pct/resnet50] | INFO | [finetune_10pct] epoch 015/30 | train_loss 0.1504 train_acc 0.9477 | val_loss 0.1831 val_acc 0.9415
00:13:58 | probe[finetune_10pct/resnet50] | INFO | [finetune_10pct] epoch 016/30 | train_loss 0.1477 train_acc 0.9499 | val_loss 0.2150 val_acc 0.9348
00:14:01 | probe[finetune_10pct/resnet50] | INFO | [finetune_10pct] epoch 017/30 | train_loss 0.1403 train_acc 0.9507 | val_loss 0.1666 val_acc 0.9450
00:14:03 | probe[finetune_10pct/resnet50] | INFO | [finetune_10pct] epoch 018/30 | train_loss 0.1281 train_acc 0.9577 | val_loss 0.1833 val_acc 0.9418
00:14:05 | probe[finetune_10pct/resnet50] | INFO | [finetune_10pct] epoch 019/30 | train_loss 0.1136 train_acc 0.9599 | val_loss 0.1778 val_acc 0.9417
00:14:08 | probe[finetune_10pct/resnet50] | INFO | [finetune_10pct] epoch 020/30 | train_loss 0.1118 train_acc 0.9588 | val_loss 0.1905 val_acc 0.9425
00:14:10 | probe[finetune_10pct/resnet50] | INFO | [finetune_10pct] epoch 021/30 | train_loss 0.1110 train_acc 0.9600 | val_loss 0.1165 val_acc 0.9606
00:14:13 | probe[finetune_10pct/resnet50] | INFO | [finetune_10pct] epoch 022/30 | train_loss 0.0995 train_acc 0.9660 | val_loss 0.1164 val_acc 0.9619
00:14:15 | probe[finetune_10pct/resnet50] | INFO | [finetune_10pct] epoch 023/30 | train_loss 0.0933 train_acc 0.9686 | val_loss 0.1144 val_acc 0.9634
00:14:18 | probe[finetune_10pct/resnet50] | INFO | [finetune_10pct] epoch 024/30 | train_loss 0.0903 train_acc 0.9703 | val_loss 0.1428 val_acc 0.9548
00:14:20 | probe[finetune_10pct/resnet50] | INFO | [finetune_10pct] epoch 025/30 | train_loss 0.0840 train_acc 0.9714 | val_loss 0.1348 val_acc 0.9566
00:14:22 | probe[finetune_10pct/resnet50] | INFO | [finetune_10pct] epoch 026/30 | train_loss 0.0769 train_acc 0.9724 | val_loss 0.1229 val_acc 0.9607
00:14:25 | probe[finetune_10pct/resnet50] | INFO | [finetune_10pct] epoch 027/30 | train_loss 0.0746 train_acc 0.9744 | val_loss 0.1205 val_acc 0.9617
00:14:27 | probe[finetune_10pct/resnet50] | INFO | [finetune_10pct] epoch 028/30 | train_loss 0.0741 train_acc 0.9736 | val_loss 0.1204 val_acc 0.9608
00:14:29 | probe[finetune_10pct/resnet50] | INFO | [finetune_10pct] epoch 029/30 | train_loss 0.0755 train_acc 0.9726 | val_loss 0.1219 val_acc 0.9599
00:14:32 | probe[finetune_10pct/resnet50] | INFO | [finetune_10pct] epoch 030/30 | train_loss 0.0703 train_acc 0.9764 | val_loss 0.1235 val_acc 0.9616
00:14:32 | probe[finetune_10pct/resnet50] | INFO | [finetune_10pct] done in 00:01:13 | best val_acc 0.9634
00:14:32 | eval[byol-resnet50-seed2-frac10/resnet50] | INFO | Low-shot 10.0% (n=9000) -> test acc 0.8981 | bal-acc 0.8666 | f1-macro 0.8653
00:15:00 | probe[finetune_1pct/resnet50] | INFO | Loaded backbone weights — missing: 0, unexpected: 0
00:15:03 | probe[finetune_1pct/resnet50] | INFO | [finetune_1pct] epoch 001/30 | train_loss 2.2018 train_acc 0.1498 | val_loss 1.6848 val_acc 0.5208
00:15:05 | probe[finetune_1pct/resnet50] | INFO | [finetune_1pct] epoch 002/30 | train_loss 1.3460 train_acc 0.5771 | val_loss 1.0793 val_acc 0.6265
00:15:06 | probe[finetune_1pct/resnet50] | INFO | [finetune_1pct] epoch 003/30 | train_loss 0.9421 train_acc 0.6371 | val_loss 0.7978 val_acc 0.7116
00:15:08 | probe[finetune_1pct/resnet50] | INFO | [finetune_1pct] epoch 004/30 | train_loss 0.6915 train_acc 0.7403 | val_loss 0.8237 val_acc 0.7070
00:15:09 | probe[finetune_1pct/resnet50] | INFO | [finetune_1pct] epoch 005/30 | train_loss 0.5792 train_acc 0.7703 | val_loss 0.9522 val_acc 0.6749
00:15:10 | probe[finetune_1pct/resnet50] | INFO | [finetune_1pct] epoch 006/30 | train_loss 0.5348 train_acc 0.7947 | val_loss 0.7357 val_acc 0.7369
00:15:11 | probe[finetune_1pct/resnet50] | INFO | [finetune_1pct] epoch 007/30 | train_loss 0.5178 train_acc 0.7847 | val_loss 0.7486 val_acc 0.7414
00:15:13 | probe[finetune_1pct/resnet50] | INFO | [finetune_1pct] epoch 008/30 | train_loss 0.4610 train_acc 0.8135 | val_loss 0.6489 val_acc 0.7665
00:15:14 | probe[finetune_1pct/resnet50] | INFO | [finetune_1pct] epoch 009/30 | train_loss 0.4431 train_acc 0.8302 | val_loss 0.6162 val_acc 0.7850
00:15:16 | probe[finetune_1pct/resnet50] | INFO | [finetune_1pct] epoch 010/30 | train_loss 0.4289 train_acc 0.8346 | val_loss 0.6979 val_acc 0.7822
00:15:17 | probe[finetune_1pct/resnet50] | INFO | [finetune_1pct] epoch 011/30 | train_loss 0.3538 train_acc 0.8701 | val_loss 0.7961 val_acc 0.7419
00:15:18 | probe[finetune_1pct/resnet50] | INFO | [finetune_1pct] epoch 012/30 | train_loss 0.3519 train_acc 0.8502 | val_loss 0.6027 val_acc 0.7950
00:15:19 | probe[finetune_1pct/resnet50] | INFO | [finetune_1pct] epoch 013/30 | train_loss 0.3343 train_acc 0.8757 | val_loss 0.5729 val_acc 0.8075
00:15:21 | probe[finetune_1pct/resnet50] | INFO | [finetune_1pct] epoch 014/30 | train_loss 0.3460 train_acc 0.8635 | val_loss 0.5209 val_acc 0.8214
00:15:22 | probe[finetune_1pct/resnet50] | INFO | [finetune_1pct] epoch 015/30 | train_loss 0.2871 train_acc 0.8879 | val_loss 0.4719 val_acc 0.8352
00:15:24 | probe[finetune_1pct/resnet50] | INFO | [finetune_1pct] epoch 016/30 | train_loss 0.2862 train_acc 0.8957 | val_loss 0.5540 val_acc 0.8112
00:15:25 | probe[finetune_1pct/resnet50] | INFO | [finetune_1pct] epoch 017/30 | train_loss 0.2422 train_acc 0.9034 | val_loss 0.6043 val_acc 0.8081
00:15:26 | probe[finetune_1pct/resnet50] | INFO | [finetune_1pct] epoch 018/30 | train_loss 0.2822 train_acc 0.8868 | val_loss 0.5284 val_acc 0.8233
00:15:27 | probe[finetune_1pct/resnet50] | INFO | [finetune_1pct] epoch 019/30 | train_loss 0.2810 train_acc 0.9001 | val_loss 0.4820 val_acc 0.8394
00:15:29 | probe[finetune_1pct/resnet50] | INFO | [finetune_1pct] epoch 020/30 | train_loss 0.2487 train_acc 0.9046 | val_loss 0.4786 val_acc 0.8430
00:15:30 | probe[finetune_1pct/resnet50] | INFO | [finetune_1pct] epoch 021/30 | train_loss 0.2211 train_acc 0.9212 | val_loss 0.4916 val_acc 0.8397
00:15:31 | probe[finetune_1pct/resnet50] | INFO | [finetune_1pct] epoch 022/30 | train_loss 0.2213 train_acc 0.9201 | val_loss 0.4895 val_acc 0.8414
00:15:32 | probe[finetune_1pct/resnet50] | INFO | [finetune_1pct] epoch 023/30 | train_loss 0.2169 train_acc 0.9223 | val_loss 0.4811 val_acc 0.8434
00:15:34 | probe[finetune_1pct/resnet50] | INFO | [finetune_1pct] epoch 024/30 | train_loss 0.2127 train_acc 0.9345 | val_loss 0.4720 val_acc 0.8414
00:15:35 | probe[finetune_1pct/resnet50] | INFO | [finetune_1pct] epoch 025/30 | train_loss 0.1779 train_acc 0.9356 | val_loss 0.4606 val_acc 0.8449
00:15:36 | probe[finetune_1pct/resnet50] | INFO | [finetune_1pct] epoch 026/30 | train_loss 0.2096 train_acc 0.9145 | val_loss 0.4586 val_acc 0.8489
00:15:38 | probe[finetune_1pct/resnet50] | INFO | [finetune_1pct] epoch 027/30 | train_loss 0.1981 train_acc 0.9312 | val_loss 0.4623 val_acc 0.8492
00:15:39 | probe[finetune_1pct/resnet50] | INFO | [finetune_1pct] epoch 028/30 | train_loss 0.1852 train_acc 0.9312 | val_loss 0.4632 val_acc 0.8496
00:15:41 | probe[finetune_1pct/resnet50] | INFO | [finetune_1pct] epoch 029/30 | train_loss 0.1846 train_acc 0.9279 | val_loss 0.4653 val_acc 0.8492
00:15:42 | probe[finetune_1pct/resnet50] | INFO | [finetune_1pct] epoch 030/30 | train_loss 0.1819 train_acc 0.9378 | val_loss 0.4674 val_acc 0.8503
00:15:42 | probe[finetune_1pct/resnet50] | INFO | [finetune_1pct] done in 00:00:41 | best val_acc 0.8503
00:15:43 | eval[byol-resnet50-seed2-frac10/resnet50] | INFO | Low-shot 1.0% (n=901) -> test acc 0.8259 | bal-acc 0.7728 | f1-macro 0.7701
00:15:43 | eval[byol-resnet50-seed2-frac10/resnet50] | INFO | Downstream evaluation complete.
