02:21:00 | sal[resnet50] | INFO | SalSSLModel params: total=69.29M trainable=36.33M
02:21:11 | sal[resnet50] | INFO | epoch 001 done in 00:00:10 | loss 0.9940 | mae 1.1621 | byol 0.9940
02:21:18 | sal[resnet50] | INFO | epoch 002 done in 00:00:06 | loss 0.7477 | mae 1.1446 | byol 0.7477
02:21:25 | sal[resnet50] | INFO | epoch 003 done in 00:00:06 | loss 0.7447 | mae 1.1440 | byol 0.7447
02:21:32 | sal[resnet50] | INFO | epoch 004 done in 00:00:06 | loss 0.6630 | mae 1.1323 | byol 0.6630
02:21:38 | sal[resnet50] | INFO | epoch 005 done in 00:00:06 | loss 0.5240 | mae 1.1325 | byol 0.5240
02:21:45 | sal[resnet50] | INFO | epoch 006 done in 00:00:06 | loss 0.4510 | mae 1.1317 | byol 0.4510
02:21:52 | sal[resnet50] | INFO | epoch 007 done in 00:00:06 | loss 0.4109 | mae 1.1334 | byol 0.4109
02:21:59 | sal[resnet50] | INFO | epoch 008 done in 00:00:06 | loss 0.3719 | mae 1.1327 | byol 0.3719
02:22:06 | sal[resnet50] | INFO | epoch 009 done in 00:00:06 | loss 0.3337 | mae 1.1284 | byol 0.3337
02:22:12 | sal[resnet50] | INFO | epoch 010 done in 00:00:06 | loss 0.3161 | mae 1.1327 | byol 0.3161
02:22:19 | sal[resnet50] | INFO | epoch 011 done in 00:00:06 | loss 0.2957 | mae 1.1342 | byol 0.2957
02:22:26 | sal[resnet50] | INFO | epoch 012 done in 00:00:06 | loss 0.2782 | mae 1.1310 | byol 0.2782
02:22:33 | sal[resnet50] | INFO | epoch 013 done in 00:00:06 | loss 0.2561 | mae 1.1329 | byol 0.2561
02:22:40 | sal[resnet50] | INFO | epoch 014 done in 00:00:06 | loss 0.2414 | mae 1.1330 | byol 0.2414
02:22:47 | sal[resnet50] | INFO | epoch 015 done in 00:00:06 | loss 0.2170 | mae 1.1358 | byol 0.2170
02:22:53 | sal[resnet50] | INFO | epoch 016 done in 00:00:06 | loss 0.1992 | mae 1.1322 | byol 0.1992
02:23:00 | sal[resnet50] | INFO | epoch 017 done in 00:00:06 | loss 0.1807 | mae 1.1332 | byol 0.1807
02:23:07 | sal[resnet50] | INFO | epoch 018 done in 00:00:06 | loss 0.1744 | mae 1.1344 | byol 0.1744
02:23:14 | sal[resnet50] | INFO | epoch 019 done in 00:00:06 | loss 0.1622 | mae 1.1337 | byol 0.1622
02:23:21 | sal[resnet50] | INFO | epoch 020 done in 00:00:06 | loss 0.1496 | mae 1.1406 | byol 0.1496
02:23:27 | sal[resnet50] | INFO | epoch 021 done in 00:00:06 | loss 0.1437 | mae 1.1390 | byol 0.1437
02:23:34 | sal[resnet50] | INFO | epoch 022 done in 00:00:06 | loss 0.1354 | mae 1.1370 | byol 0.1354
02:23:41 | sal[resnet50] | INFO | epoch 023 done in 00:00:06 | loss 0.1279 | mae 1.1371 | byol 0.1279
02:23:48 | sal[resnet50] | INFO | epoch 024 done in 00:00:06 | loss 0.1257 | mae 1.1358 | byol 0.1257
02:23:54 | sal[resnet50] | INFO | epoch 025 done in 00:00:06 | loss 0.1231 | mae 1.1405 | byol 0.1231
02:24:01 | sal[resnet50] | INFO | epoch 026 done in 00:00:06 | loss 0.1158 | mae 1.1388 | byol 0.1158
02:24:08 | sal[resnet50] | INFO | epoch 027 done in 00:00:06 | loss 0.1139 | mae 1.1374 | byol 0.1139
02:24:15 | sal[resnet50] | INFO | epoch 028 done in 00:00:06 | loss 0.1129 | mae 1.1371 | byol 0.1129
02:24:22 | sal[resnet50] | INFO | epoch 029 done in 00:00:06 | loss 0.1066 | mae 1.1376 | byol 0.1066
02:24:28 | sal[resnet50] | INFO | epoch 030 done in 00:00:06 | loss 0.1092 | mae 1.1335 | byol 0.1092
02:24:35 | sal[resnet50] | INFO | epoch 031 done in 00:00:06 | loss 0.1048 | mae 1.1352 | byol 0.1048
02:24:42 | sal[resnet50] | INFO | epoch 032 done in 00:00:06 | loss 0.1074 | mae 1.1368 | byol 0.1074
02:24:49 | sal[resnet50] | INFO | epoch 033 done in 00:00:06 | loss 0.1049 | mae 1.1398 | byol 0.1049
02:24:56 | sal[resnet50] | INFO | epoch 034 done in 00:00:06 | loss 0.1027 | mae 1.1385 | byol 0.1027
02:25:02 | sal[resnet50] | INFO | epoch 035 done in 00:00:06 | loss 0.1032 | mae 1.1385 | byol 0.1032
02:25:09 | sal[resnet50] | INFO | epoch 036 done in 00:00:06 | loss 0.1023 | mae 1.1423 | byol 0.1023
02:25:16 | sal[resnet50] | INFO | epoch 037 done in 00:00:06 | loss 0.0962 | mae 1.1432 | byol 0.0962
02:25:23 | sal[resnet50] | INFO | epoch 038 done in 00:00:06 | loss 0.1007 | mae 1.1386 | byol 0.1007
02:25:30 | sal[resnet50] | INFO | epoch 039 done in 00:00:06 | loss 0.1030 | mae 1.1402 | byol 0.1030
02:25:36 | sal[resnet50] | INFO | epoch 040 done in 00:00:06 | loss 0.0983 | mae 1.1420 | byol 0.0983
02:25:43 | sal[resnet50] | INFO | epoch 041 done in 00:00:06 | loss 0.0967 | mae 1.1406 | byol 0.0967
02:25:50 | sal[resnet50] | INFO | epoch 042 done in 00:00:06 | loss 0.0961 | mae 1.1393 | byol 0.0961
02:25:57 | sal[resnet50] | INFO | epoch 043 done in 00:00:06 | loss 0.0943 | mae 1.1406 | byol 0.0943
02:26:04 | sal[resnet50] | INFO | epoch 044 done in 00:00:06 | loss 0.0968 | mae 1.1385 | byol 0.0968
02:26:10 | sal[resnet50] | INFO | epoch 045 done in 00:00:06 | loss 0.0903 | mae 1.1388 | byol 0.0903
02:26:17 | sal[resnet50] | INFO | epoch 046 done in 00:00:06 | loss 0.0922 | mae 1.1372 | byol 0.0922
02:26:24 | sal[resnet50] | INFO | epoch 047 done in 00:00:06 | loss 0.0902 | mae 1.1365 | byol 0.0902
02:26:31 | sal[resnet50] | INFO | epoch 048 done in 00:00:06 | loss 0.0903 | mae 1.1355 | byol 0.0903
02:26:38 | sal[resnet50] | INFO | epoch 049 done in 00:00:06 | loss 0.0922 | mae 1.1422 | byol 0.0922
02:26:45 | sal[resnet50] | INFO | epoch 050 done in 00:00:06 | loss 0.0885 | mae 1.1372 | byol 0.0885
02:26:52 | sal[resnet50] | INFO | epoch 051 done in 00:00:06 | loss 0.0863 | mae 1.1386 | byol 0.0863
02:26:59 | sal[resnet50] | INFO | epoch 052 done in 00:00:06 | loss 0.0858 | mae 1.1407 | byol 0.0858
02:27:06 | sal[resnet50] | INFO | epoch 053 done in 00:00:06 | loss 0.0855 | mae 1.1378 | byol 0.0855
02:27:12 | sal[resnet50] | INFO | epoch 054 done in 00:00:06 | loss 0.0889 | mae 1.1372 | byol 0.0889
02:27:19 | sal[resnet50] | INFO | epoch 055 done in 00:00:06 | loss 0.0843 | mae 1.1409 | byol 0.0843
02:27:26 | sal[resnet50] | INFO | epoch 056 done in 00:00:06 | loss 0.0843 | mae 1.1372 | byol 0.0843
02:27:33 | sal[resnet50] | INFO | epoch 057 done in 00:00:06 | loss 0.0810 | mae 1.1369 | byol 0.0810
02:27:40 | sal[resnet50] | INFO | epoch 058 done in 00:00:06 | loss 0.0818 | mae 1.1389 | byol 0.0818
02:27:46 | sal[resnet50] | INFO | epoch 059 done in 00:00:06 | loss 0.0810 | mae 1.1374 | byol 0.0810
02:27:53 | sal[resnet50] | INFO | epoch 060 done in 00:00:06 | loss 0.0810 | mae 1.1390 | byol 0.0810
02:28:00 | sal[resnet50] | INFO | epoch 061 done in 00:00:06 | loss 0.0779 | mae 1.1420 | byol 0.0779
02:28:07 | sal[resnet50] | INFO | epoch 062 done in 00:00:06 | loss 0.0792 | mae 1.1358 | byol 0.0792
02:28:14 | sal[resnet50] | INFO | epoch 063 done in 00:00:06 | loss 0.0797 | mae 1.1391 | byol 0.0797
02:28:21 | sal[resnet50] | INFO | epoch 064 done in 00:00:06 | loss 0.0759 | mae 1.1399 | byol 0.0759
02:28:27 | sal[resnet50] | INFO | epoch 065 done in 00:00:06 | loss 0.0759 | mae 1.1409 | byol 0.0759
02:28:34 | sal[resnet50] | INFO | epoch 066 done in 00:00:06 | loss 0.0781 | mae 1.1391 | byol 0.0781
02:28:41 | sal[resnet50] | INFO | epoch 067 done in 00:00:06 | loss 0.0767 | mae 1.1397 | byol 0.0767
02:28:48 | sal[resnet50] | INFO | epoch 068 done in 00:00:06 | loss 0.0768 | mae 1.1416 | byol 0.0768
02:28:55 | sal[resnet50] | INFO | epoch 069 done in 00:00:06 | loss 0.0772 | mae 1.1394 | byol 0.0772
02:29:01 | sal[resnet50] | INFO | epoch 070 done in 00:00:06 | loss 0.0754 | mae 1.1399 | byol 0.0754
02:29:08 | sal[resnet50] | INFO | epoch 071 done in 00:00:06 | loss 0.0745 | mae 1.1380 | byol 0.0745
02:29:15 | sal[resnet50] | INFO | epoch 072 done in 00:00:06 | loss 0.0733 | mae 1.1386 | byol 0.0733
02:29:22 | sal[resnet50] | INFO | epoch 073 done in 00:00:06 | loss 0.0730 | mae 1.1399 | byol 0.0730
02:29:29 | sal[resnet50] | INFO | epoch 074 done in 00:00:06 | loss 0.0723 | mae 1.1377 | byol 0.0723
02:29:36 | sal[resnet50] | INFO | epoch 075 done in 00:00:06 | loss 0.0737 | mae 1.1357 | byol 0.0737
02:29:43 | sal[resnet50] | INFO | epoch 076 done in 00:00:06 | loss 0.0740 | mae 1.1372 | byol 0.0740
02:29:49 | sal[resnet50] | INFO | epoch 077 done in 00:00:06 | loss 0.0743 | mae 1.1354 | byol 0.0743
02:29:56 | sal[resnet50] | INFO | epoch 078 done in 00:00:06 | loss 0.0725 | mae 1.1392 | byol 0.0725
02:30:03 | sal[resnet50] | INFO | epoch 079 done in 00:00:06 | loss 0.0734 | mae 1.1394 | byol 0.0734
02:30:10 | sal[resnet50] | INFO | epoch 080 done in 00:00:06 | loss 0.0705 | mae 1.1358 | byol 0.0705
02:30:17 | sal[resnet50] | INFO | epoch 081 done in 00:00:06 | loss 0.0722 | mae 1.1378 | byol 0.0722
02:30:23 | sal[resnet50] | INFO | epoch 082 done in 00:00:06 | loss 0.0730 | mae 1.1383 | byol 0.0730
02:30:30 | sal[resnet50] | INFO | epoch 083 done in 00:00:06 | loss 0.0715 | mae 1.1402 | byol 0.0715
02:30:37 | sal[resnet50] | INFO | epoch 084 done in 00:00:06 | loss 0.0712 | mae 1.1348 | byol 0.0712
02:30:44 | sal[resnet50] | INFO | epoch 085 done in 00:00:06 | loss 0.0703 | mae 1.1363 | byol 0.0703
02:30:51 | sal[resnet50] | INFO | epoch 086 done in 00:00:06 | loss 0.0698 | mae 1.1392 | byol 0.0698
02:30:57 | sal[resnet50] | INFO | epoch 087 done in 00:00:06 | loss 0.0692 | mae 1.1364 | byol 0.0692
02:31:04 | sal[resnet50] | INFO | epoch 088 done in 00:00:06 | loss 0.0691 | mae 1.1376 | byol 0.0691
02:31:11 | sal[resnet50] | INFO | epoch 089 done in 00:00:06 | loss 0.0681 | mae 1.1376 | byol 0.0681
02:31:18 | sal[resnet50] | INFO | epoch 090 done in 00:00:06 | loss 0.0688 | mae 1.1376 | byol 0.0688
02:31:25 | sal[resnet50] | INFO | epoch 091 done in 00:00:06 | loss 0.0684 | mae 1.1378 | byol 0.0684
02:31:32 | sal[resnet50] | INFO | epoch 092 done in 00:00:06 | loss 0.0665 | mae 1.1369 | byol 0.0665
02:31:38 | sal[resnet50] | INFO | epoch 093 done in 00:00:06 | loss 0.0666 | mae 1.1357 | byol 0.0666
02:31:45 | sal[resnet50] | INFO | epoch 094 done in 00:00:06 | loss 0.0670 | mae 1.1361 | byol 0.0670
02:31:52 | sal[resnet50] | INFO | epoch 095 done in 00:00:06 | loss 0.0668 | mae 1.1379 | byol 0.0668
02:31:59 | sal[resnet50] | INFO | epoch 096 done in 00:00:06 | loss 0.0667 | mae 1.1376 | byol 0.0667
02:32:06 | sal[resnet50] | INFO | epoch 097 done in 00:00:06 | loss 0.0662 | mae 1.1361 | byol 0.0662
02:32:13 | sal[resnet50] | INFO | epoch 098 done in 00:00:06 | loss 0.0667 | mae 1.1381 | byol 0.0667
02:32:19 | sal[resnet50] | INFO | epoch 099 done in 00:00:06 | loss 0.0666 | mae 1.1371 | byol 0.0666
02:32:26 | sal[resnet50] | INFO | epoch 100 done in 00:00:06 | loss 0.0677 | mae 1.1385 | byol 0.0677
02:32:27 | sal[resnet50] | INFO | SalSSL training done in 00:11:26 | best loss 0.0662


----------------------------------------------------------------
[#4] RN50 BYOL-only (lam_mae=0.0, lam_byol=1.0)
----------------------------------------------------------------
02:32:51 | eval[sal-resnet50-frac10-ablBYOLonly/resnet50] | INFO | Loaded backbone weights from /workspace/vcl_pathmnist/runs/sal-pathmnist-resnet50-ep100-bs256-seed42-frac10-ablBYOLonly/backbone_final.pt
02:34:15 | eval[sal-resnet50-frac10-ablBYOLonly/resnet50] | INFO | Extracting features for kNN / t-SNE / UMAP...
02:34:38 | eval[sal-resnet50-frac10-ablBYOLonly/resnet50] | INFO | kNN(k=20) top-1: 0.8508
/workspace/vcl_pathmnist/.venv/lib/python3.12/site-packages/umap/umap_.py:1952: UserWarning: n_jobs value 1 overridden to 1 by setting random_state. Use no seed for parallelism.
  warn(
02:35:10 | eval[sal-resnet50-frac10-ablBYOLonly/resnet50] | INFO | Saved t-SNE / UMAP plots.
02:35:10 | probe[linear/resnet50] | INFO | Loaded backbone weights — missing: 0, unexpected: 0
02:35:27 | probe[linear/resnet50] | INFO | [linear] epoch 001/30 | train_loss 0.9937 train_acc 0.6648 | val_loss 0.7523 val_acc 0.7135
02:35:41 | probe[linear/resnet50] | INFO | [linear] epoch 002/30 | train_loss 0.6849 train_acc 0.7432 | val_loss 0.6563 val_acc 0.7509
02:35:55 | probe[linear/resnet50] | INFO | [linear] epoch 003/30 | train_loss 0.6609 train_acc 0.7563 | val_loss 0.6078 val_acc 0.7688
02:36:09 | probe[linear/resnet50] | INFO | [linear] epoch 004/30 | train_loss 0.6254 train_acc 0.7687 | val_loss 0.5741 val_acc 0.7787
02:36:23 | probe[linear/resnet50] | INFO | [linear] epoch 005/30 | train_loss 0.6350 train_acc 0.7680 | val_loss 0.6050 val_acc 0.7676
02:36:37 | probe[linear/resnet50] | INFO | [linear] epoch 006/30 | train_loss 0.6128 train_acc 0.7754 | val_loss 0.6116 val_acc 0.7711
02:36:50 | probe[linear/resnet50] | INFO | [linear] epoch 007/30 | train_loss 0.6156 train_acc 0.7779 | val_loss 0.5787 val_acc 0.7869
02:37:04 | probe[linear/resnet50] | INFO | [linear] epoch 008/30 | train_loss 0.5905 train_acc 0.7825 | val_loss 0.5602 val_acc 0.7857
02:37:18 | probe[linear/resnet50] | INFO | [linear] epoch 009/30 | train_loss 0.5750 train_acc 0.7893 | val_loss 0.5505 val_acc 0.7952
02:37:32 | probe[linear/resnet50] | INFO | [linear] epoch 010/30 | train_loss 0.5678 train_acc 0.7906 | val_loss 0.5297 val_acc 0.8011
02:37:46 | probe[linear/resnet50] | INFO | [linear] epoch 011/30 | train_loss 0.5760 train_acc 0.7890 | val_loss 0.5314 val_acc 0.8025
02:38:00 | probe[linear/resnet50] | INFO | [linear] epoch 012/30 | train_loss 0.5576 train_acc 0.7942 | val_loss 0.5214 val_acc 0.8051
02:38:13 | probe[linear/resnet50] | INFO | [linear] epoch 013/30 | train_loss 0.5517 train_acc 0.7978 | val_loss 0.5101 val_acc 0.8115
02:38:27 | probe[linear/resnet50] | INFO | [linear] epoch 014/30 | train_loss 0.5774 train_acc 0.7921 | val_loss 0.5153 val_acc 0.8069
02:38:41 | probe[linear/resnet50] | INFO | [linear] epoch 015/30 | train_loss 0.5446 train_acc 0.7996 | val_loss 0.5109 val_acc 0.8092
02:38:55 | probe[linear/resnet50] | INFO | [linear] epoch 016/30 | train_loss 0.5365 train_acc 0.8024 | val_loss 0.5167 val_acc 0.8112
02:39:08 | probe[linear/resnet50] | INFO | [linear] epoch 017/30 | train_loss 0.5417 train_acc 0.8005 | val_loss 0.5066 val_acc 0.8137
02:39:22 | probe[linear/resnet50] | INFO | [linear] epoch 018/30 | train_loss 0.5318 train_acc 0.8028 | val_loss 0.5204 val_acc 0.8034
02:39:36 | probe[linear/resnet50] | INFO | [linear] epoch 019/30 | train_loss 0.5271 train_acc 0.8058 | val_loss 0.5075 val_acc 0.8113
02:39:49 | probe[linear/resnet50] | INFO | [linear] epoch 020/30 | train_loss 0.5203 train_acc 0.8076 | val_loss 0.5058 val_acc 0.8158
02:40:03 | probe[linear/resnet50] | INFO | [linear] epoch 021/30 | train_loss 0.5162 train_acc 0.8081 | val_loss 0.5055 val_acc 0.8148
02:40:16 | probe[linear/resnet50] | INFO | [linear] epoch 022/30 | train_loss 0.5157 train_acc 0.8092 | val_loss 0.4914 val_acc 0.8174
02:40:30 | probe[linear/resnet50] | INFO | [linear] epoch 023/30 | train_loss 0.5121 train_acc 0.8098 | val_loss 0.4942 val_acc 0.8164
02:40:43 | probe[linear/resnet50] | INFO | [linear] epoch 024/30 | train_loss 0.5077 train_acc 0.8116 | val_loss 0.4908 val_acc 0.8154
02:40:57 | probe[linear/resnet50] | INFO | [linear] epoch 025/30 | train_loss 0.5066 train_acc 0.8120 | val_loss 0.4859 val_acc 0.8182
02:41:11 | probe[linear/resnet50] | INFO | [linear] epoch 026/30 | train_loss 0.5052 train_acc 0.8136 | val_loss 0.4864 val_acc 0.8203
02:41:24 | probe[linear/resnet50] | INFO | [linear] epoch 027/30 | train_loss 0.5025 train_acc 0.8133 | val_loss 0.4849 val_acc 0.8192
02:41:38 | probe[linear/resnet50] | INFO | [linear] epoch 028/30 | train_loss 0.5012 train_acc 0.8144 | val_loss 0.4874 val_acc 0.8208
02:41:52 | probe[linear/resnet50] | INFO | [linear] epoch 029/30 | train_loss 0.5025 train_acc 0.8129 | val_loss 0.4866 val_acc 0.8199
02:42:05 | probe[linear/resnet50] | INFO | [linear] epoch 030/30 | train_loss 0.5024 train_acc 0.8141 | val_loss 0.4846 val_acc 0.8204
02:42:05 | probe[linear/resnet50] | INFO | [linear] done in 00:06:54 | best val_acc 0.8208
02:42:06 | eval[sal-resnet50-frac10-ablBYOLonly/resnet50] | INFO | Linear test acc 0.8689 | bal-acc 0.8260 | f1-macro 0.8134 | AUC 0.9820689909673271
02:42:37 | probe[finetune_10pct/resnet50] | INFO | Loaded backbone weights — missing: 0, unexpected: 0
02:42:40 | probe[finetune_10pct/resnet50] | INFO | [finetune_10pct] epoch 001/30 | train_loss 1.3829 train_acc 0.5268 | val_loss 0.6341 val_acc 0.7620
02:42:43 | probe[finetune_10pct/resnet50] | INFO | [finetune_10pct] epoch 002/30 | train_loss 0.4829 train_acc 0.8160 | val_loss 0.4633 val_acc 0.8355
02:42:46 | probe[finetune_10pct/resnet50] | INFO | [finetune_10pct] epoch 003/30 | train_loss 0.4013 train_acc 0.8538 | val_loss 0.3992 val_acc 0.8635
02:42:48 | probe[finetune_10pct/resnet50] | INFO | [finetune_10pct] epoch 004/30 | train_loss 0.3468 train_acc 0.8740 | val_loss 0.3582 val_acc 0.8709
02:42:51 | probe[finetune_10pct/resnet50] | INFO | [finetune_10pct] epoch 005/30 | train_loss 0.2969 train_acc 0.8944 | val_loss 0.3060 val_acc 0.8923
02:42:53 | probe[finetune_10pct/resnet50] | INFO | [finetune_10pct] epoch 006/30 | train_loss 0.2761 train_acc 0.9022 | val_loss 0.2565 val_acc 0.9117
02:42:56 | probe[finetune_10pct/resnet50] | INFO | [finetune_10pct] epoch 007/30 | train_loss 0.2513 train_acc 0.9138 | val_loss 0.3204 val_acc 0.9008
02:42:58 | probe[finetune_10pct/resnet50] | INFO | [finetune_10pct] epoch 008/30 | train_loss 0.2428 train_acc 0.9146 | val_loss 0.2661 val_acc 0.9125
02:43:01 | probe[finetune_10pct/resnet50] | INFO | [finetune_10pct] epoch 009/30 | train_loss 0.2148 train_acc 0.9279 | val_loss 0.3044 val_acc 0.8965
02:43:03 | probe[finetune_10pct/resnet50] | INFO | [finetune_10pct] epoch 010/30 | train_loss 0.2000 train_acc 0.9329 | val_loss 0.1853 val_acc 0.9371
02:43:06 | probe[finetune_10pct/resnet50] | INFO | [finetune_10pct] epoch 011/30 | train_loss 0.1780 train_acc 0.9401 | val_loss 0.1803 val_acc 0.9370
02:43:08 | probe[finetune_10pct/resnet50] | INFO | [finetune_10pct] epoch 012/30 | train_loss 0.1760 train_acc 0.9422 | val_loss 0.1860 val_acc 0.9406
02:43:11 | probe[finetune_10pct/resnet50] | INFO | [finetune_10pct] epoch 013/30 | train_loss 0.1632 train_acc 0.9447 | val_loss 0.1619 val_acc 0.9432
02:43:13 | probe[finetune_10pct/resnet50] | INFO | [finetune_10pct] epoch 014/30 | train_loss 0.1498 train_acc 0.9462 | val_loss 0.1843 val_acc 0.9402
02:43:16 | probe[finetune_10pct/resnet50] | INFO | [finetune_10pct] epoch 015/30 | train_loss 0.1404 train_acc 0.9528 | val_loss 0.3093 val_acc 0.9084
02:43:18 | probe[finetune_10pct/resnet50] | INFO | [finetune_10pct] epoch 016/30 | train_loss 0.1325 train_acc 0.9532 | val_loss 0.1432 val_acc 0.9536
02:43:21 | probe[finetune_10pct/resnet50] | INFO | [finetune_10pct] epoch 017/30 | train_loss 0.1281 train_acc 0.9560 | val_loss 0.1597 val_acc 0.9526
02:43:23 | probe[finetune_10pct/resnet50] | INFO | [finetune_10pct] epoch 018/30 | train_loss 0.1173 train_acc 0.9607 | val_loss 0.1831 val_acc 0.9389
02:43:25 | probe[finetune_10pct/resnet50] | INFO | [finetune_10pct] epoch 019/30 | train_loss 0.1039 train_acc 0.9640 | val_loss 0.1339 val_acc 0.9561
02:43:28 | probe[finetune_10pct/resnet50] | INFO | [finetune_10pct] epoch 020/30 | train_loss 0.0944 train_acc 0.9671 | val_loss 0.1373 val_acc 0.9547
02:43:30 | probe[finetune_10pct/resnet50] | INFO | [finetune_10pct] epoch 021/30 | train_loss 0.0949 train_acc 0.9683 | val_loss 0.1592 val_acc 0.9461
02:43:33 | probe[finetune_10pct/resnet50] | INFO | [finetune_10pct] epoch 022/30 | train_loss 0.0910 train_acc 0.9696 | val_loss 0.1381 val_acc 0.9536
02:43:35 | probe[finetune_10pct/resnet50] | INFO | [finetune_10pct] epoch 023/30 | train_loss 0.0863 train_acc 0.9712 | val_loss 0.1204 val_acc 0.9615
02:43:38 | probe[finetune_10pct/resnet50] | INFO | [finetune_10pct] epoch 024/30 | train_loss 0.0745 train_acc 0.9759 | val_loss 0.1305 val_acc 0.9583
02:43:40 | probe[finetune_10pct/resnet50] | INFO | [finetune_10pct] epoch 025/30 | train_loss 0.0730 train_acc 0.9756 | val_loss 0.1356 val_acc 0.9550
02:43:42 | probe[finetune_10pct/resnet50] | INFO | [finetune_10pct] epoch 026/30 | train_loss 0.0722 train_acc 0.9767 | val_loss 0.1264 val_acc 0.9586
02:43:45 | probe[finetune_10pct/resnet50] | INFO | [finetune_10pct] epoch 027/30 | train_loss 0.0727 train_acc 0.9757 | val_loss 0.1179 val_acc 0.9613
02:43:47 | probe[finetune_10pct/resnet50] | INFO | [finetune_10pct] epoch 028/30 | train_loss 0.0634 train_acc 0.9799 | val_loss 0.1245 val_acc 0.9579
02:43:50 | probe[finetune_10pct/resnet50] | INFO | [finetune_10pct] epoch 029/30 | train_loss 0.0703 train_acc 0.9760 | val_loss 0.1168 val_acc 0.9608
02:43:52 | probe[finetune_10pct/resnet50] | INFO | [finetune_10pct] epoch 030/30 | train_loss 0.0659 train_acc 0.9786 | val_loss 0.1257 val_acc 0.9600
02:43:52 | probe[finetune_10pct/resnet50] | INFO | [finetune_10pct] done in 00:01:15 | best val_acc 0.9615
02:43:53 | eval[sal-resnet50-frac10-ablBYOLonly/resnet50] | INFO | Low-shot 10.0% (n=9000) -> test acc 0.9338 | bal-acc 0.9178 | f1-macro 0.9132
02:44:23 | probe[finetune_1pct/resnet50] | INFO | Loaded backbone weights — missing: 0, unexpected: 0
02:44:25 | probe[finetune_1pct/resnet50] | INFO | [finetune_1pct] epoch 001/30 | train_loss 2.1591 train_acc 0.1443 | val_loss 1.6512 val_acc 0.4934
02:44:27 | probe[finetune_1pct/resnet50] | INFO | [finetune_1pct] epoch 002/30 | train_loss 1.3649 train_acc 0.6226 | val_loss 1.0420 val_acc 0.6975
02:44:28 | probe[finetune_1pct/resnet50] | INFO | [finetune_1pct] epoch 003/30 | train_loss 0.8047 train_acc 0.7137 | val_loss 0.8497 val_acc 0.6890
02:44:30 | probe[finetune_1pct/resnet50] | INFO | [finetune_1pct] epoch 004/30 | train_loss 0.6339 train_acc 0.7592 | val_loss 0.6802 val_acc 0.7338
02:44:31 | probe[finetune_1pct/resnet50] | INFO | [finetune_1pct] epoch 005/30 | train_loss 0.5946 train_acc 0.7669 | val_loss 0.7096 val_acc 0.7533
02:44:33 | probe[finetune_1pct/resnet50] | INFO | [finetune_1pct] epoch 006/30 | train_loss 0.5171 train_acc 0.8002 | val_loss 0.6801 val_acc 0.7653
02:44:34 | probe[finetune_1pct/resnet50] | INFO | [finetune_1pct] epoch 007/30 | train_loss 0.4553 train_acc 0.8213 | val_loss 0.6293 val_acc 0.7813
02:44:36 | probe[finetune_1pct/resnet50] | INFO | [finetune_1pct] epoch 008/30 | train_loss 0.4262 train_acc 0.8246 | val_loss 0.5929 val_acc 0.7827
02:44:37 | probe[finetune_1pct/resnet50] | INFO | [finetune_1pct] epoch 009/30 | train_loss 0.4089 train_acc 0.8346 | val_loss 0.6140 val_acc 0.7874
02:44:39 | probe[finetune_1pct/resnet50] | INFO | [finetune_1pct] epoch 010/30 | train_loss 0.3441 train_acc 0.8679 | val_loss 0.7656 val_acc 0.7505
02:44:40 | probe[finetune_1pct/resnet50] | INFO | [finetune_1pct] epoch 011/30 | train_loss 0.3258 train_acc 0.8768 | val_loss 0.7069 val_acc 0.7599
02:44:41 | probe[finetune_1pct/resnet50] | INFO | [finetune_1pct] epoch 012/30 | train_loss 0.3474 train_acc 0.8524 | val_loss 0.5748 val_acc 0.8041
02:44:43 | probe[finetune_1pct/resnet50] | INFO | [finetune_1pct] epoch 013/30 | train_loss 0.3363 train_acc 0.8724 | val_loss 0.5347 val_acc 0.8156
02:44:44 | probe[finetune_1pct/resnet50] | INFO | [finetune_1pct] epoch 014/30 | train_loss 0.2930 train_acc 0.8757 | val_loss 0.4406 val_acc 0.8486
02:44:46 | probe[finetune_1pct/resnet50] | INFO | [finetune_1pct] epoch 015/30 | train_loss 0.2864 train_acc 0.8868 | val_loss 0.4379 val_acc 0.8518
02:44:47 | probe[finetune_1pct/resnet50] | INFO | [finetune_1pct] epoch 016/30 | train_loss 0.2467 train_acc 0.9046 | val_loss 0.4581 val_acc 0.8356
02:44:48 | probe[finetune_1pct/resnet50] | INFO | [finetune_1pct] epoch 017/30 | train_loss 0.2501 train_acc 0.9046 | val_loss 0.4534 val_acc 0.8453
02:44:50 | probe[finetune_1pct/resnet50] | INFO | [finetune_1pct] epoch 018/30 | train_loss 0.2854 train_acc 0.8923 | val_loss 0.4172 val_acc 0.8514
02:44:51 | probe[finetune_1pct/resnet50] | INFO | [finetune_1pct] epoch 019/30 | train_loss 0.2239 train_acc 0.9179 | val_loss 0.3823 val_acc 0.8646
02:44:52 | probe[finetune_1pct/resnet50] | INFO | [finetune_1pct] epoch 020/30 | train_loss 0.2290 train_acc 0.9112 | val_loss 0.3788 val_acc 0.8683
02:44:54 | probe[finetune_1pct/resnet50] | INFO | [finetune_1pct] epoch 021/30 | train_loss 0.2461 train_acc 0.9079 | val_loss 0.3890 val_acc 0.8665
02:44:55 | probe[finetune_1pct/resnet50] | INFO | [finetune_1pct] epoch 022/30 | train_loss 0.1944 train_acc 0.9212 | val_loss 0.4080 val_acc 0.8595
02:44:56 | probe[finetune_1pct/resnet50] | INFO | [finetune_1pct] epoch 023/30 | train_loss 0.1902 train_acc 0.9290 | val_loss 0.3997 val_acc 0.8626
02:44:58 | probe[finetune_1pct/resnet50] | INFO | [finetune_1pct] epoch 024/30 | train_loss 0.1973 train_acc 0.9190 | val_loss 0.3900 val_acc 0.8663
02:44:59 | probe[finetune_1pct/resnet50] | INFO | [finetune_1pct] epoch 025/30 | train_loss 0.1909 train_acc 0.9267 | val_loss 0.3845 val_acc 0.8701
02:45:00 | probe[finetune_1pct/resnet50] | INFO | [finetune_1pct] epoch 026/30 | train_loss 0.1741 train_acc 0.9367 | val_loss 0.3839 val_acc 0.8701
02:45:02 | probe[finetune_1pct/resnet50] | INFO | [finetune_1pct] epoch 027/30 | train_loss 0.1839 train_acc 0.9290 | val_loss 0.3832 val_acc 0.8714
02:45:03 | probe[finetune_1pct/resnet50] | INFO | [finetune_1pct] epoch 028/30 | train_loss 0.1829 train_acc 0.9345 | val_loss 0.3840 val_acc 0.8716
02:45:05 | probe[finetune_1pct/resnet50] | INFO | [finetune_1pct] epoch 029/30 | train_loss 0.1747 train_acc 0.9301 | val_loss 0.3851 val_acc 0.8724
02:45:06 | probe[finetune_1pct/resnet50] | INFO | [finetune_1pct] epoch 030/30 | train_loss 0.1507 train_acc 0.9445 | val_loss 0.3887 val_acc 0.8720
02:45:06 | probe[finetune_1pct/resnet50] | INFO | [finetune_1pct] done in 00:00:42 | best val_acc 0.8724
02:45:07 | eval[sal-resnet50-frac10-ablBYOLonly/resnet50] | INFO | Low-shot 1.0% (n=901) -> test acc 0.8571 | bal-acc 0.8301 | f1-macro 0.8159
02:45:07 | eval[sal-resnet50-frac10-ablBYOLonly/resnet50] | INFO | Downstream evaluation complete.
