01:31:45 | sal[resnet50] | INFO | SalSSLModel params: total=69.29M trainable=36.33M
01:31:55 | sal[resnet50] | INFO | epoch 001 done in 00:00:10 | loss 1.8605 | mae 0.9660 | byol 0.9911
01:32:02 | sal[resnet50] | INFO | epoch 002 done in 00:00:06 | loss 1.1611 | mae 0.4552 | byol 0.7514
01:32:09 | sal[resnet50] | INFO | epoch 003 done in 00:00:06 | loss 1.1699 | mae 0.4300 | byol 0.7829
01:32:15 | sal[resnet50] | INFO | epoch 004 done in 00:00:06 | loss 1.1420 | mae 0.4250 | byol 0.7595
01:32:22 | sal[resnet50] | INFO | epoch 005 done in 00:00:06 | loss 1.0734 | mae 0.4252 | byol 0.6908
01:32:29 | sal[resnet50] | INFO | epoch 006 done in 00:00:06 | loss 0.9840 | mae 0.4220 | byol 0.6043
01:32:35 | sal[resnet50] | INFO | epoch 007 done in 00:00:06 | loss 0.9036 | mae 0.4223 | byol 0.5236
01:32:42 | sal[resnet50] | INFO | epoch 008 done in 00:00:06 | loss 0.8327 | mae 0.4198 | byol 0.4549
01:32:48 | sal[resnet50] | INFO | epoch 009 done in 00:00:06 | loss 0.7787 | mae 0.4197 | byol 0.4010
01:32:55 | sal[resnet50] | INFO | epoch 010 done in 00:00:06 | loss 0.7368 | mae 0.4167 | byol 0.3617
01:33:02 | sal[resnet50] | INFO | epoch 011 done in 00:00:06 | loss 0.7038 | mae 0.4158 | byol 0.3297
01:33:08 | sal[resnet50] | INFO | epoch 012 done in 00:00:06 | loss 0.6837 | mae 0.4158 | byol 0.3095
01:33:15 | sal[resnet50] | INFO | epoch 013 done in 00:00:06 | loss 0.6585 | mae 0.4135 | byol 0.2863
01:33:22 | sal[resnet50] | INFO | epoch 014 done in 00:00:06 | loss 0.6411 | mae 0.4111 | byol 0.2711
01:33:29 | sal[resnet50] | INFO | epoch 015 done in 00:00:06 | loss 0.6226 | mae 0.4096 | byol 0.2539
01:33:35 | sal[resnet50] | INFO | epoch 016 done in 00:00:06 | loss 0.6024 | mae 0.4008 | byol 0.2417
01:33:42 | sal[resnet50] | INFO | epoch 017 done in 00:00:06 | loss 0.5782 | mae 0.3908 | byol 0.2265
01:33:49 | sal[resnet50] | INFO | epoch 018 done in 00:00:06 | loss 0.5626 | mae 0.3816 | byol 0.2191
01:33:56 | sal[resnet50] | INFO | epoch 019 done in 00:00:06 | loss 0.5496 | mae 0.3757 | byol 0.2114
01:34:02 | sal[resnet50] | INFO | epoch 020 done in 00:00:06 | loss 0.5347 | mae 0.3749 | byol 0.1973
01:34:09 | sal[resnet50] | INFO | epoch 021 done in 00:00:06 | loss 0.5289 | mae 0.3722 | byol 0.1940
01:34:16 | sal[resnet50] | INFO | epoch 022 done in 00:00:06 | loss 0.5178 | mae 0.3713 | byol 0.1836
01:34:22 | sal[resnet50] | INFO | epoch 023 done in 00:00:06 | loss 0.5124 | mae 0.3700 | byol 0.1793
01:34:29 | sal[resnet50] | INFO | epoch 024 done in 00:00:06 | loss 0.5047 | mae 0.3677 | byol 0.1738
01:34:35 | sal[resnet50] | INFO | epoch 025 done in 00:00:06 | loss 0.4946 | mae 0.3647 | byol 0.1664
01:34:42 | sal[resnet50] | INFO | epoch 026 done in 00:00:06 | loss 0.4906 | mae 0.3653 | byol 0.1618
01:34:49 | sal[resnet50] | INFO | epoch 027 done in 00:00:06 | loss 0.4877 | mae 0.3636 | byol 0.1605
01:34:55 | sal[resnet50] | INFO | epoch 028 done in 00:00:06 | loss 0.4857 | mae 0.3668 | byol 0.1556
01:35:02 | sal[resnet50] | INFO | epoch 029 done in 00:00:06 | loss 0.4815 | mae 0.3639 | byol 0.1540
01:35:09 | sal[resnet50] | INFO | epoch 030 done in 00:00:06 | loss 0.4812 | mae 0.3628 | byol 0.1547
01:35:15 | sal[resnet50] | INFO | epoch 031 done in 00:00:06 | loss 0.4755 | mae 0.3607 | byol 0.1509
01:35:22 | sal[resnet50] | INFO | epoch 032 done in 00:00:06 | loss 0.4774 | mae 0.3601 | byol 0.1534
01:35:28 | sal[resnet50] | INFO | epoch 033 done in 00:00:06 | loss 0.4703 | mae 0.3589 | byol 0.1473
01:35:35 | sal[resnet50] | INFO | epoch 034 done in 00:00:06 | loss 0.4689 | mae 0.3604 | byol 0.1445
01:35:42 | sal[resnet50] | INFO | epoch 035 done in 00:00:06 | loss 0.4648 | mae 0.3565 | byol 0.1440
01:35:48 | sal[resnet50] | INFO | epoch 036 done in 00:00:06 | loss 0.4601 | mae 0.3567 | byol 0.1391
01:35:55 | sal[resnet50] | INFO | epoch 037 done in 00:00:06 | loss 0.4532 | mae 0.3555 | byol 0.1332
01:36:01 | sal[resnet50] | INFO | epoch 038 done in 00:00:06 | loss 0.4544 | mae 0.3529 | byol 0.1368
01:36:08 | sal[resnet50] | INFO | epoch 039 done in 00:00:06 | loss 0.4551 | mae 0.3497 | byol 0.1404
01:36:15 | sal[resnet50] | INFO | epoch 040 done in 00:00:06 | loss 0.4502 | mae 0.3499 | byol 0.1354
01:36:21 | sal[resnet50] | INFO | epoch 041 done in 00:00:06 | loss 0.4453 | mae 0.3483 | byol 0.1318
01:36:28 | sal[resnet50] | INFO | epoch 042 done in 00:00:06 | loss 0.4428 | mae 0.3464 | byol 0.1311
01:36:35 | sal[resnet50] | INFO | epoch 043 done in 00:00:06 | loss 0.4367 | mae 0.3434 | byol 0.1276
01:36:41 | sal[resnet50] | INFO | epoch 044 done in 00:00:06 | loss 0.4407 | mae 0.3429 | byol 0.1321
01:36:48 | sal[resnet50] | INFO | epoch 045 done in 00:00:06 | loss 0.4309 | mae 0.3416 | byol 0.1235
01:36:55 | sal[resnet50] | INFO | epoch 046 done in 00:00:06 | loss 0.4314 | mae 0.3403 | byol 0.1252
01:37:01 | sal[resnet50] | INFO | epoch 047 done in 00:00:06 | loss 0.4308 | mae 0.3405 | byol 0.1244
01:37:08 | sal[resnet50] | INFO | epoch 048 done in 00:00:06 | loss 0.4268 | mae 0.3388 | byol 0.1219
01:37:14 | sal[resnet50] | INFO | epoch 049 done in 00:00:06 | loss 0.4310 | mae 0.3371 | byol 0.1277
01:37:21 | sal[resnet50] | INFO | epoch 050 done in 00:00:06 | loss 0.4259 | mae 0.3375 | byol 0.1221
01:37:28 | sal[resnet50] | INFO | epoch 051 done in 00:00:06 | loss 0.4209 | mae 0.3348 | byol 0.1196
01:37:34 | sal[resnet50] | INFO | epoch 052 done in 00:00:06 | loss 0.4220 | mae 0.3363 | byol 0.1193
01:37:41 | sal[resnet50] | INFO | epoch 053 done in 00:00:06 | loss 0.4225 | mae 0.3360 | byol 0.1201
01:37:47 | sal[resnet50] | INFO | epoch 054 done in 00:00:06 | loss 0.4204 | mae 0.3329 | byol 0.1208
01:37:54 | sal[resnet50] | INFO | epoch 055 done in 00:00:06 | loss 0.4174 | mae 0.3322 | byol 0.1184
01:38:01 | sal[resnet50] | INFO | epoch 056 done in 00:00:06 | loss 0.4150 | mae 0.3328 | byol 0.1154
01:38:07 | sal[resnet50] | INFO | epoch 057 done in 00:00:06 | loss 0.4115 | mae 0.3322 | byol 0.1125
01:38:14 | sal[resnet50] | INFO | epoch 058 done in 00:00:06 | loss 0.4090 | mae 0.3310 | byol 0.1111
01:38:21 | sal[resnet50] | INFO | epoch 059 done in 00:00:06 | loss 0.4112 | mae 0.3306 | byol 0.1137
01:38:27 | sal[resnet50] | INFO | epoch 060 done in 00:00:06 | loss 0.4084 | mae 0.3305 | byol 0.1110
01:38:34 | sal[resnet50] | INFO | epoch 061 done in 00:00:06 | loss 0.4029 | mae 0.3291 | byol 0.1067
01:38:41 | sal[resnet50] | INFO | epoch 062 done in 00:00:06 | loss 0.4038 | mae 0.3305 | byol 0.1063
01:38:47 | sal[resnet50] | INFO | epoch 063 done in 00:00:06 | loss 0.4044 | mae 0.3298 | byol 0.1075
01:38:54 | sal[resnet50] | INFO | epoch 064 done in 00:00:06 | loss 0.3998 | mae 0.3291 | byol 0.1036
01:39:01 | sal[resnet50] | INFO | epoch 065 done in 00:00:06 | loss 0.4022 | mae 0.3284 | byol 0.1067
01:39:07 | sal[resnet50] | INFO | epoch 066 done in 00:00:06 | loss 0.4023 | mae 0.3279 | byol 0.1072
01:39:14 | sal[resnet50] | INFO | epoch 067 done in 00:00:06 | loss 0.4002 | mae 0.3268 | byol 0.1060
01:39:20 | sal[resnet50] | INFO | epoch 068 done in 00:00:06 | loss 0.3984 | mae 0.3270 | byol 0.1041
01:39:27 | sal[resnet50] | INFO | epoch 069 done in 00:00:06 | loss 0.3993 | mae 0.3259 | byol 0.1060
01:39:34 | sal[resnet50] | INFO | epoch 070 done in 00:00:06 | loss 0.3956 | mae 0.3262 | byol 0.1020
01:39:40 | sal[resnet50] | INFO | epoch 071 done in 00:00:06 | loss 0.3941 | mae 0.3247 | byol 0.1019
01:39:47 | sal[resnet50] | INFO | epoch 072 done in 00:00:06 | loss 0.3941 | mae 0.3260 | byol 0.1008
01:39:54 | sal[resnet50] | INFO | epoch 073 done in 00:00:06 | loss 0.3926 | mae 0.3249 | byol 0.1001
01:40:01 | sal[resnet50] | INFO | epoch 074 done in 00:00:06 | loss 0.3902 | mae 0.3240 | byol 0.0986
01:40:07 | sal[resnet50] | INFO | epoch 075 done in 00:00:06 | loss 0.3909 | mae 0.3243 | byol 0.0991
01:40:14 | sal[resnet50] | INFO | epoch 076 done in 00:00:06 | loss 0.3902 | mae 0.3228 | byol 0.0997
01:40:21 | sal[resnet50] | INFO | epoch 077 done in 00:00:06 | loss 0.3890 | mae 0.3235 | byol 0.0979
01:40:27 | sal[resnet50] | INFO | epoch 078 done in 00:00:06 | loss 0.3891 | mae 0.3223 | byol 0.0990
01:40:34 | sal[resnet50] | INFO | epoch 079 done in 00:00:06 | loss 0.3877 | mae 0.3219 | byol 0.0980
01:40:41 | sal[resnet50] | INFO | epoch 080 done in 00:00:06 | loss 0.3835 | mae 0.3235 | byol 0.0924
01:40:47 | sal[resnet50] | INFO | epoch 081 done in 00:00:06 | loss 0.3872 | mae 0.3227 | byol 0.0967
01:40:54 | sal[resnet50] | INFO | epoch 082 done in 00:00:06 | loss 0.3872 | mae 0.3215 | byol 0.0979
01:41:01 | sal[resnet50] | INFO | epoch 083 done in 00:00:06 | loss 0.3844 | mae 0.3221 | byol 0.0945
01:41:07 | sal[resnet50] | INFO | epoch 084 done in 00:00:06 | loss 0.3822 | mae 0.3205 | byol 0.0938
01:41:14 | sal[resnet50] | INFO | epoch 085 done in 00:00:06 | loss 0.3801 | mae 0.3210 | byol 0.0912
01:41:21 | sal[resnet50] | INFO | epoch 086 done in 00:00:06 | loss 0.3826 | mae 0.3212 | byol 0.0935
01:41:27 | sal[resnet50] | INFO | epoch 087 done in 00:00:06 | loss 0.3785 | mae 0.3197 | byol 0.0907
01:41:34 | sal[resnet50] | INFO | epoch 088 done in 00:00:06 | loss 0.3761 | mae 0.3183 | byol 0.0896
01:41:41 | sal[resnet50] | INFO | epoch 089 done in 00:00:06 | loss 0.3778 | mae 0.3205 | byol 0.0894
01:41:47 | sal[resnet50] | INFO | epoch 090 done in 00:00:06 | loss 0.3735 | mae 0.3189 | byol 0.0865
01:41:54 | sal[resnet50] | INFO | epoch 091 done in 00:00:06 | loss 0.3781 | mae 0.3216 | byol 0.0886
01:42:01 | sal[resnet50] | INFO | epoch 092 done in 00:00:06 | loss 0.3753 | mae 0.3204 | byol 0.0869
01:42:08 | sal[resnet50] | INFO | epoch 093 done in 00:00:06 | loss 0.3735 | mae 0.3189 | byol 0.0865
01:42:14 | sal[resnet50] | INFO | epoch 094 done in 00:00:06 | loss 0.3752 | mae 0.3200 | byol 0.0872
01:42:21 | sal[resnet50] | INFO | epoch 095 done in 00:00:06 | loss 0.3763 | mae 0.3193 | byol 0.0889
01:42:28 | sal[resnet50] | INFO | epoch 096 done in 00:00:06 | loss 0.3738 | mae 0.3207 | byol 0.0852
01:42:35 | sal[resnet50] | INFO | epoch 097 done in 00:00:06 | loss 0.3726 | mae 0.3203 | byol 0.0843
01:42:41 | sal[resnet50] | INFO | epoch 098 done in 00:00:06 | loss 0.3727 | mae 0.3197 | byol 0.0850
01:42:48 | sal[resnet50] | INFO | epoch 099 done in 00:00:06 | loss 0.3733 | mae 0.3193 | byol 0.0860
01:42:55 | sal[resnet50] | INFO | epoch 100 done in 00:00:06 | loss 0.3722 | mae 0.3187 | byol 0.0854
01:42:55 | sal[resnet50] | INFO | SalSSL training done in 00:11:10 | best loss 0.3722


----------------------------------------------------------------
[#2] RN50 invert_prob=0.75
----------------------------------------------------------------
01:43:18 | eval[sal-resnet50-frac10-ablInvSal075/resnet50] | INFO | Loaded backbone weights from /workspace/vcl_pathmnist/runs/sal-pathmnist-resnet50-ep100-bs256-seed42-frac10-ablInvSal075/backbone_final.pt
01:44:39 | eval[sal-resnet50-frac10-ablInvSal075/resnet50] | INFO | Extracting features for kNN / t-SNE / UMAP...
01:45:10 | eval[sal-resnet50-frac10-ablInvSal075/resnet50] | INFO | kNN(k=20) top-1: 0.8369
/workspace/vcl_pathmnist/.venv/lib/python3.12/site-packages/umap/umap_.py:1952: UserWarning: n_jobs value 1 overridden to 1 by setting random_state. Use no seed for parallelism.
  warn(
01:45:42 | eval[sal-resnet50-frac10-ablInvSal075/resnet50] | INFO | Saved t-SNE / UMAP plots.
01:45:43 | probe[linear/resnet50] | INFO | Loaded backbone weights — missing: 0, unexpected: 0
01:45:59 | probe[linear/resnet50] | INFO | [linear] epoch 001/30 | train_loss 0.8591 train_acc 0.6968 | val_loss 0.6077 val_acc 0.7704
01:46:12 | probe[linear/resnet50] | INFO | [linear] epoch 002/30 | train_loss 0.5362 train_acc 0.8013 | val_loss 0.5218 val_acc 0.8062
01:46:26 | probe[linear/resnet50] | INFO | [linear] epoch 003/30 | train_loss 0.5032 train_acc 0.8133 | val_loss 0.5015 val_acc 0.8181
01:46:40 | probe[linear/resnet50] | INFO | [linear] epoch 004/30 | train_loss 0.4742 train_acc 0.8241 | val_loss 0.4860 val_acc 0.8258
01:46:54 | probe[linear/resnet50] | INFO | [linear] epoch 005/30 | train_loss 0.4571 train_acc 0.8312 | val_loss 0.4666 val_acc 0.8315
01:47:08 | probe[linear/resnet50] | INFO | [linear] epoch 006/30 | train_loss 0.4522 train_acc 0.8343 | val_loss 0.5130 val_acc 0.8108
01:47:22 | probe[linear/resnet50] | INFO | [linear] epoch 007/30 | train_loss 0.4356 train_acc 0.8411 | val_loss 0.5015 val_acc 0.8101
01:47:35 | probe[linear/resnet50] | INFO | [linear] epoch 008/30 | train_loss 0.4304 train_acc 0.8410 | val_loss 0.4207 val_acc 0.8468
01:47:49 | probe[linear/resnet50] | INFO | [linear] epoch 009/30 | train_loss 0.4199 train_acc 0.8465 | val_loss 0.4581 val_acc 0.8354
01:48:03 | probe[linear/resnet50] | INFO | [linear] epoch 010/30 | train_loss 0.4160 train_acc 0.8479 | val_loss 0.4424 val_acc 0.8367
01:48:16 | probe[linear/resnet50] | INFO | [linear] epoch 011/30 | train_loss 0.4125 train_acc 0.8478 | val_loss 0.4468 val_acc 0.8353
01:48:30 | probe[linear/resnet50] | INFO | [linear] epoch 012/30 | train_loss 0.4069 train_acc 0.8505 | val_loss 0.4077 val_acc 0.8515
01:48:44 | probe[linear/resnet50] | INFO | [linear] epoch 013/30 | train_loss 0.4022 train_acc 0.8537 | val_loss 0.3961 val_acc 0.8597
01:48:58 | probe[linear/resnet50] | INFO | [linear] epoch 014/30 | train_loss 0.3968 train_acc 0.8548 | val_loss 0.4058 val_acc 0.8520
01:49:12 | probe[linear/resnet50] | INFO | [linear] epoch 015/30 | train_loss 0.3936 train_acc 0.8562 | val_loss 0.4074 val_acc 0.8528
01:49:26 | probe[linear/resnet50] | INFO | [linear] epoch 016/30 | train_loss 0.3913 train_acc 0.8574 | val_loss 0.4158 val_acc 0.8499
01:49:40 | probe[linear/resnet50] | INFO | [linear] epoch 017/30 | train_loss 0.3886 train_acc 0.8576 | val_loss 0.4133 val_acc 0.8462
01:49:53 | probe[linear/resnet50] | INFO | [linear] epoch 018/30 | train_loss 0.3812 train_acc 0.8603 | val_loss 0.4071 val_acc 0.8518
01:50:07 | probe[linear/resnet50] | INFO | [linear] epoch 019/30 | train_loss 0.3829 train_acc 0.8595 | val_loss 0.4102 val_acc 0.8527
01:50:20 | probe[linear/resnet50] | INFO | [linear] epoch 020/30 | train_loss 0.3783 train_acc 0.8624 | val_loss 0.3970 val_acc 0.8552
01:50:34 | probe[linear/resnet50] | INFO | [linear] epoch 021/30 | train_loss 0.3761 train_acc 0.8622 | val_loss 0.4072 val_acc 0.8494
01:50:48 | probe[linear/resnet50] | INFO | [linear] epoch 022/30 | train_loss 0.3745 train_acc 0.8640 | val_loss 0.3953 val_acc 0.8563
01:51:01 | probe[linear/resnet50] | INFO | [linear] epoch 023/30 | train_loss 0.3710 train_acc 0.8660 | val_loss 0.3946 val_acc 0.8583
01:51:15 | probe[linear/resnet50] | INFO | [linear] epoch 024/30 | train_loss 0.3689 train_acc 0.8658 | val_loss 0.3956 val_acc 0.8562
01:51:29 | probe[linear/resnet50] | INFO | [linear] epoch 025/30 | train_loss 0.3683 train_acc 0.8667 | val_loss 0.3881 val_acc 0.8586
01:51:42 | probe[linear/resnet50] | INFO | [linear] epoch 026/30 | train_loss 0.3689 train_acc 0.8656 | val_loss 0.3858 val_acc 0.8616
01:51:57 | probe[linear/resnet50] | INFO | [linear] epoch 027/30 | train_loss 0.3665 train_acc 0.8674 | val_loss 0.3947 val_acc 0.8569
01:52:10 | probe[linear/resnet50] | INFO | [linear] epoch 028/30 | train_loss 0.3638 train_acc 0.8687 | val_loss 0.3880 val_acc 0.8599
01:52:24 | probe[linear/resnet50] | INFO | [linear] epoch 029/30 | train_loss 0.3638 train_acc 0.8694 | val_loss 0.3887 val_acc 0.8606
01:52:38 | probe[linear/resnet50] | INFO | [linear] epoch 030/30 | train_loss 0.3632 train_acc 0.8686 | val_loss 0.3895 val_acc 0.8596
01:52:38 | probe[linear/resnet50] | INFO | [linear] done in 00:06:54 | best val_acc 0.8616
01:52:38 | eval[sal-resnet50-frac10-ablInvSal075/resnet50] | INFO | Linear test acc 0.8698 | bal-acc 0.8280 | f1-macro 0.8224 | AUC 0.9834570379394802
01:53:24 | probe[finetune_10pct/resnet50] | INFO | Loaded backbone weights — missing: 0, unexpected: 0
01:53:28 | probe[finetune_10pct/resnet50] | INFO | [finetune_10pct] epoch 001/30 | train_loss 1.2784 train_acc 0.5440 | val_loss 0.5358 val_acc 0.8095
01:53:31 | probe[finetune_10pct/resnet50] | INFO | [finetune_10pct] epoch 002/30 | train_loss 0.4450 train_acc 0.8353 | val_loss 0.5357 val_acc 0.8078
01:53:33 | probe[finetune_10pct/resnet50] | INFO | [finetune_10pct] epoch 003/30 | train_loss 0.3574 train_acc 0.8761 | val_loss 0.3193 val_acc 0.8859
01:53:36 | probe[finetune_10pct/resnet50] | INFO | [finetune_10pct] epoch 004/30 | train_loss 0.3127 train_acc 0.8879 | val_loss 0.2700 val_acc 0.9064
01:53:39 | probe[finetune_10pct/resnet50] | INFO | [finetune_10pct] epoch 005/30 | train_loss 0.2763 train_acc 0.9046 | val_loss 0.2945 val_acc 0.8949
01:53:41 | probe[finetune_10pct/resnet50] | INFO | [finetune_10pct] epoch 006/30 | train_loss 0.2408 train_acc 0.9168 | val_loss 0.3013 val_acc 0.8953
01:53:43 | probe[finetune_10pct/resnet50] | INFO | [finetune_10pct] epoch 007/30 | train_loss 0.2197 train_acc 0.9239 | val_loss 0.2550 val_acc 0.9154
01:53:46 | probe[finetune_10pct/resnet50] | INFO | [finetune_10pct] epoch 008/30 | train_loss 0.2033 train_acc 0.9309 | val_loss 0.2619 val_acc 0.9115
01:53:48 | probe[finetune_10pct/resnet50] | INFO | [finetune_10pct] epoch 009/30 | train_loss 0.1709 train_acc 0.9411 | val_loss 0.2479 val_acc 0.9152
01:53:51 | probe[finetune_10pct/resnet50] | INFO | [finetune_10pct] epoch 010/30 | train_loss 0.1831 train_acc 0.9366 | val_loss 0.2263 val_acc 0.9189
01:53:54 | probe[finetune_10pct/resnet50] | INFO | [finetune_10pct] epoch 011/30 | train_loss 0.1678 train_acc 0.9404 | val_loss 0.1675 val_acc 0.9430
01:53:56 | probe[finetune_10pct/resnet50] | INFO | [finetune_10pct] epoch 012/30 | train_loss 0.1474 train_acc 0.9477 | val_loss 0.1927 val_acc 0.9339
01:53:59 | probe[finetune_10pct/resnet50] | INFO | [finetune_10pct] epoch 013/30 | train_loss 0.1518 train_acc 0.9457 | val_loss 0.1951 val_acc 0.9303
01:54:01 | probe[finetune_10pct/resnet50] | INFO | [finetune_10pct] epoch 014/30 | train_loss 0.1324 train_acc 0.9542 | val_loss 0.1655 val_acc 0.9443
01:54:04 | probe[finetune_10pct/resnet50] | INFO | [finetune_10pct] epoch 015/30 | train_loss 0.1232 train_acc 0.9572 | val_loss 0.1847 val_acc 0.9386
01:54:06 | probe[finetune_10pct/resnet50] | INFO | [finetune_10pct] epoch 016/30 | train_loss 0.1182 train_acc 0.9566 | val_loss 0.1477 val_acc 0.9495
01:54:09 | probe[finetune_10pct/resnet50] | INFO | [finetune_10pct] epoch 017/30 | train_loss 0.1123 train_acc 0.9620 | val_loss 0.1381 val_acc 0.9544
01:54:11 | probe[finetune_10pct/resnet50] | INFO | [finetune_10pct] epoch 018/30 | train_loss 0.1029 train_acc 0.9649 | val_loss 0.1834 val_acc 0.9387
01:54:14 | probe[finetune_10pct/resnet50] | INFO | [finetune_10pct] epoch 019/30 | train_loss 0.0882 train_acc 0.9688 | val_loss 0.1115 val_acc 0.9647
01:54:16 | probe[finetune_10pct/resnet50] | INFO | [finetune_10pct] epoch 020/30 | train_loss 0.0806 train_acc 0.9713 | val_loss 0.1363 val_acc 0.9562
01:54:19 | probe[finetune_10pct/resnet50] | INFO | [finetune_10pct] epoch 021/30 | train_loss 0.0807 train_acc 0.9714 | val_loss 0.1532 val_acc 0.9499
01:54:21 | probe[finetune_10pct/resnet50] | INFO | [finetune_10pct] epoch 022/30 | train_loss 0.0793 train_acc 0.9730 | val_loss 0.1285 val_acc 0.9574
01:54:24 | probe[finetune_10pct/resnet50] | INFO | [finetune_10pct] epoch 023/30 | train_loss 0.0693 train_acc 0.9770 | val_loss 0.1269 val_acc 0.9576
01:54:26 | probe[finetune_10pct/resnet50] | INFO | [finetune_10pct] epoch 024/30 | train_loss 0.0622 train_acc 0.9781 | val_loss 0.1465 val_acc 0.9551
01:54:29 | probe[finetune_10pct/resnet50] | INFO | [finetune_10pct] epoch 025/30 | train_loss 0.0543 train_acc 0.9810 | val_loss 0.1578 val_acc 0.9503
01:54:31 | probe[finetune_10pct/resnet50] | INFO | [finetune_10pct] epoch 026/30 | train_loss 0.0621 train_acc 0.9789 | val_loss 0.1440 val_acc 0.9562
01:54:34 | probe[finetune_10pct/resnet50] | INFO | [finetune_10pct] epoch 027/30 | train_loss 0.0554 train_acc 0.9806 | val_loss 0.1327 val_acc 0.9575
01:54:36 | probe[finetune_10pct/resnet50] | INFO | [finetune_10pct] epoch 028/30 | train_loss 0.0512 train_acc 0.9833 | val_loss 0.1405 val_acc 0.9553
01:54:39 | probe[finetune_10pct/resnet50] | INFO | [finetune_10pct] epoch 029/30 | train_loss 0.0581 train_acc 0.9796 | val_loss 0.1254 val_acc 0.9590
01:54:41 | probe[finetune_10pct/resnet50] | INFO | [finetune_10pct] epoch 030/30 | train_loss 0.0506 train_acc 0.9832 | val_loss 0.1355 val_acc 0.9574
01:54:41 | probe[finetune_10pct/resnet50] | INFO | [finetune_10pct] done in 00:01:16 | best val_acc 0.9647
01:54:42 | eval[sal-resnet50-frac10-ablInvSal075/resnet50] | INFO | Low-shot 10.0% (n=9000) -> test acc 0.9043 | bal-acc 0.8727 | f1-macro 0.8718
01:55:16 | probe[finetune_1pct/resnet50] | INFO | Loaded backbone weights — missing: 0, unexpected: 0
01:55:18 | probe[finetune_1pct/resnet50] | INFO | [finetune_1pct] epoch 001/30 | train_loss 2.1524 train_acc 0.2309 | val_loss 1.7345 val_acc 0.3952
01:55:19 | probe[finetune_1pct/resnet50] | INFO | [finetune_1pct] epoch 002/30 | train_loss 1.1739 train_acc 0.6559 | val_loss 1.4070 val_acc 0.5371
01:55:21 | probe[finetune_1pct/resnet50] | INFO | [finetune_1pct] epoch 003/30 | train_loss 0.6938 train_acc 0.7292 | val_loss 0.7045 val_acc 0.7460
01:55:22 | probe[finetune_1pct/resnet50] | INFO | [finetune_1pct] epoch 004/30 | train_loss 0.5857 train_acc 0.7802 | val_loss 0.7038 val_acc 0.7578
01:55:24 | probe[finetune_1pct/resnet50] | INFO | [finetune_1pct] epoch 005/30 | train_loss 0.5810 train_acc 0.7880 | val_loss 0.7072 val_acc 0.7618
01:55:25 | probe[finetune_1pct/resnet50] | INFO | [finetune_1pct] epoch 006/30 | train_loss 0.5273 train_acc 0.8102 | val_loss 0.6821 val_acc 0.7740
01:55:26 | probe[finetune_1pct/resnet50] | INFO | [finetune_1pct] epoch 007/30 | train_loss 0.4053 train_acc 0.8468 | val_loss 0.6233 val_acc 0.7832
01:55:28 | probe[finetune_1pct/resnet50] | INFO | [finetune_1pct] epoch 008/30 | train_loss 0.3988 train_acc 0.8491 | val_loss 0.5755 val_acc 0.7996
01:55:29 | probe[finetune_1pct/resnet50] | INFO | [finetune_1pct] epoch 009/30 | train_loss 0.3741 train_acc 0.8657 | val_loss 0.5390 val_acc 0.8215
01:55:31 | probe[finetune_1pct/resnet50] | INFO | [finetune_1pct] epoch 010/30 | train_loss 0.3155 train_acc 0.8835 | val_loss 0.5580 val_acc 0.8207
01:55:32 | probe[finetune_1pct/resnet50] | INFO | [finetune_1pct] epoch 011/30 | train_loss 0.2875 train_acc 0.8946 | val_loss 0.5401 val_acc 0.8162
01:55:33 | probe[finetune_1pct/resnet50] | INFO | [finetune_1pct] epoch 012/30 | train_loss 0.2894 train_acc 0.8857 | val_loss 0.5094 val_acc 0.8346
01:55:35 | probe[finetune_1pct/resnet50] | INFO | [finetune_1pct] epoch 013/30 | train_loss 0.2616 train_acc 0.9057 | val_loss 0.5983 val_acc 0.8186
01:55:36 | probe[finetune_1pct/resnet50] | INFO | [finetune_1pct] epoch 014/30 | train_loss 0.2212 train_acc 0.9090 | val_loss 0.5687 val_acc 0.8241
01:55:37 | probe[finetune_1pct/resnet50] | INFO | [finetune_1pct] epoch 015/30 | train_loss 0.2272 train_acc 0.9145 | val_loss 0.4427 val_acc 0.8561
01:55:39 | probe[finetune_1pct/resnet50] | INFO | [finetune_1pct] epoch 016/30 | train_loss 0.1957 train_acc 0.9412 | val_loss 0.4694 val_acc 0.8552
01:55:40 | probe[finetune_1pct/resnet50] | INFO | [finetune_1pct] epoch 017/30 | train_loss 0.1757 train_acc 0.9445 | val_loss 0.4462 val_acc 0.8586
01:55:42 | probe[finetune_1pct/resnet50] | INFO | [finetune_1pct] epoch 018/30 | train_loss 0.1939 train_acc 0.9290 | val_loss 0.4427 val_acc 0.8597
01:55:43 | probe[finetune_1pct/resnet50] | INFO | [finetune_1pct] epoch 019/30 | train_loss 0.1646 train_acc 0.9401 | val_loss 0.4156 val_acc 0.8699
01:55:45 | probe[finetune_1pct/resnet50] | INFO | [finetune_1pct] epoch 020/30 | train_loss 0.1803 train_acc 0.9301 | val_loss 0.4009 val_acc 0.8767
01:55:46 | probe[finetune_1pct/resnet50] | INFO | [finetune_1pct] epoch 021/30 | train_loss 0.1776 train_acc 0.9378 | val_loss 0.4035 val_acc 0.8770
01:55:47 | probe[finetune_1pct/resnet50] | INFO | [finetune_1pct] epoch 022/30 | train_loss 0.1456 train_acc 0.9412 | val_loss 0.4216 val_acc 0.8734
01:55:49 | probe[finetune_1pct/resnet50] | INFO | [finetune_1pct] epoch 023/30 | train_loss 0.1553 train_acc 0.9434 | val_loss 0.4100 val_acc 0.8764
01:55:50 | probe[finetune_1pct/resnet50] | INFO | [finetune_1pct] epoch 024/30 | train_loss 0.1487 train_acc 0.9489 | val_loss 0.4123 val_acc 0.8758
01:55:51 | probe[finetune_1pct/resnet50] | INFO | [finetune_1pct] epoch 025/30 | train_loss 0.1350 train_acc 0.9489 | val_loss 0.4283 val_acc 0.8739
01:55:53 | probe[finetune_1pct/resnet50] | INFO | [finetune_1pct] epoch 026/30 | train_loss 0.1322 train_acc 0.9501 | val_loss 0.4201 val_acc 0.8753
01:55:54 | probe[finetune_1pct/resnet50] | INFO | [finetune_1pct] epoch 027/30 | train_loss 0.1366 train_acc 0.9578 | val_loss 0.4056 val_acc 0.8797
01:55:55 | probe[finetune_1pct/resnet50] | INFO | [finetune_1pct] epoch 028/30 | train_loss 0.1241 train_acc 0.9589 | val_loss 0.4010 val_acc 0.8809
01:55:57 | probe[finetune_1pct/resnet50] | INFO | [finetune_1pct] epoch 029/30 | train_loss 0.1184 train_acc 0.9623 | val_loss 0.3987 val_acc 0.8815
01:55:58 | probe[finetune_1pct/resnet50] | INFO | [finetune_1pct] epoch 030/30 | train_loss 0.1167 train_acc 0.9556 | val_loss 0.4027 val_acc 0.8810
01:55:58 | probe[finetune_1pct/resnet50] | INFO | [finetune_1pct] done in 00:00:42 | best val_acc 0.8815
01:55:59 | eval[sal-resnet50-frac10-ablInvSal075/resnet50] | INFO | Low-shot 1.0% (n=901) -> test acc 0.8969 | bal-acc 0.8680 | f1-macro 0.8588
01:55:59 | eval[sal-resnet50-frac10-ablInvSal075/resnet50] | INFO | Downstream evaluation complete.
