00:42:04 | sal[resnet50] | INFO | SalSSLModel params: total=69.29M trainable=36.33M
00:42:13 | sal[resnet50] | INFO | epoch 001 done in 00:00:09 | loss 1.8894 | mae 0.9771 | byol 1.0100
00:42:20 | sal[resnet50] | INFO | epoch 002 done in 00:00:06 | loss 1.2025 | mae 0.4853 | byol 0.7657
00:42:27 | sal[resnet50] | INFO | epoch 003 done in 00:00:06 | loss 1.2148 | mae 0.4633 | byol 0.7978
00:42:34 | sal[resnet50] | INFO | epoch 004 done in 00:00:06 | loss 1.2214 | mae 0.4586 | byol 0.8087
00:42:41 | sal[resnet50] | INFO | epoch 005 done in 00:00:06 | loss 1.1765 | mae 0.4566 | byol 0.7656
00:42:48 | sal[resnet50] | INFO | epoch 006 done in 00:00:06 | loss 1.0934 | mae 0.4548 | byol 0.6841
00:42:55 | sal[resnet50] | INFO | epoch 007 done in 00:00:06 | loss 1.0177 | mae 0.4544 | byol 0.6088
00:43:01 | sal[resnet50] | INFO | epoch 008 done in 00:00:06 | loss 0.9486 | mae 0.4510 | byol 0.5426
00:43:08 | sal[resnet50] | INFO | epoch 009 done in 00:00:06 | loss 0.8925 | mae 0.4505 | byol 0.4870
00:43:15 | sal[resnet50] | INFO | epoch 010 done in 00:00:06 | loss 0.8412 | mae 0.4488 | byol 0.4372
00:43:22 | sal[resnet50] | INFO | epoch 011 done in 00:00:06 | loss 0.7835 | mae 0.4464 | byol 0.3817
00:43:28 | sal[resnet50] | INFO | epoch 012 done in 00:00:06 | loss 0.7426 | mae 0.4466 | byol 0.3407
00:43:35 | sal[resnet50] | INFO | epoch 013 done in 00:00:06 | loss 0.7166 | mae 0.4436 | byol 0.3173
00:43:42 | sal[resnet50] | INFO | epoch 014 done in 00:00:06 | loss 0.6984 | mae 0.4412 | byol 0.3013
00:43:49 | sal[resnet50] | INFO | epoch 015 done in 00:00:06 | loss 0.6617 | mae 0.4402 | byol 0.2655
00:43:56 | sal[resnet50] | INFO | epoch 016 done in 00:00:06 | loss 0.6460 | mae 0.4348 | byol 0.2546
00:44:03 | sal[resnet50] | INFO | epoch 017 done in 00:00:06 | loss 0.6252 | mae 0.4318 | byol 0.2365
00:44:10 | sal[resnet50] | INFO | epoch 018 done in 00:00:06 | loss 0.6135 | mae 0.4218 | byol 0.2338
00:44:16 | sal[resnet50] | INFO | epoch 019 done in 00:00:06 | loss 0.5997 | mae 0.4141 | byol 0.2270
00:44:23 | sal[resnet50] | INFO | epoch 020 done in 00:00:06 | loss 0.5888 | mae 0.4138 | byol 0.2164
00:44:30 | sal[resnet50] | INFO | epoch 021 done in 00:00:06 | loss 0.5827 | mae 0.4100 | byol 0.2137
00:44:36 | sal[resnet50] | INFO | epoch 022 done in 00:00:06 | loss 0.5666 | mae 0.4083 | byol 0.1991
00:44:43 | sal[resnet50] | INFO | epoch 023 done in 00:00:06 | loss 0.5659 | mae 0.4068 | byol 0.1998
00:44:50 | sal[resnet50] | INFO | epoch 024 done in 00:00:06 | loss 0.5614 | mae 0.4061 | byol 0.1959
00:44:56 | sal[resnet50] | INFO | epoch 025 done in 00:00:06 | loss 0.5494 | mae 0.4028 | byol 0.1869
00:45:03 | sal[resnet50] | INFO | epoch 026 done in 00:00:06 | loss 0.5505 | mae 0.4041 | byol 0.1868
00:45:10 | sal[resnet50] | INFO | epoch 027 done in 00:00:06 | loss 0.5425 | mae 0.4020 | byol 0.1807
00:45:17 | sal[resnet50] | INFO | epoch 028 done in 00:00:06 | loss 0.5389 | mae 0.4046 | byol 0.1748
00:45:24 | sal[resnet50] | INFO | epoch 029 done in 00:00:06 | loss 0.5356 | mae 0.4014 | byol 0.1743
00:45:30 | sal[resnet50] | INFO | epoch 030 done in 00:00:06 | loss 0.5320 | mae 0.4003 | byol 0.1717
00:45:37 | sal[resnet50] | INFO | epoch 031 done in 00:00:06 | loss 0.5299 | mae 0.3993 | byol 0.1706
00:45:44 | sal[resnet50] | INFO | epoch 032 done in 00:00:06 | loss 0.5292 | mae 0.3982 | byol 0.1708
00:45:51 | sal[resnet50] | INFO | epoch 033 done in 00:00:06 | loss 0.5229 | mae 0.3979 | byol 0.1647
00:45:58 | sal[resnet50] | INFO | epoch 034 done in 00:00:06 | loss 0.5235 | mae 0.3991 | byol 0.1643
00:46:04 | sal[resnet50] | INFO | epoch 035 done in 00:00:06 | loss 0.5193 | mae 0.3975 | byol 0.1615
00:46:11 | sal[resnet50] | INFO | epoch 036 done in 00:00:06 | loss 0.5163 | mae 0.3975 | byol 0.1585
00:46:17 | sal[resnet50] | INFO | epoch 037 done in 00:00:06 | loss 0.5139 | mae 0.3973 | byol 0.1563
00:46:24 | sal[resnet50] | INFO | epoch 038 done in 00:00:06 | loss 0.5107 | mae 0.3962 | byol 0.1541
00:46:31 | sal[resnet50] | INFO | epoch 039 done in 00:00:06 | loss 0.5134 | mae 0.3946 | byol 0.1583
00:46:37 | sal[resnet50] | INFO | epoch 040 done in 00:00:06 | loss 0.5091 | mae 0.3959 | byol 0.1528
00:46:44 | sal[resnet50] | INFO | epoch 041 done in 00:00:06 | loss 0.5038 | mae 0.3942 | byol 0.1491
00:46:50 | sal[resnet50] | INFO | epoch 042 done in 00:00:06 | loss 0.5047 | mae 0.3946 | byol 0.1495
00:46:57 | sal[resnet50] | INFO | epoch 043 done in 00:00:06 | loss 0.4980 | mae 0.3922 | byol 0.1450
00:47:04 | sal[resnet50] | INFO | epoch 044 done in 00:00:06 | loss 0.4987 | mae 0.3918 | byol 0.1461
00:47:10 | sal[resnet50] | INFO | epoch 045 done in 00:00:06 | loss 0.4964 | mae 0.3914 | byol 0.1442
00:47:17 | sal[resnet50] | INFO | epoch 046 done in 00:00:06 | loss 0.4939 | mae 0.3897 | byol 0.1432
00:47:24 | sal[resnet50] | INFO | epoch 047 done in 00:00:06 | loss 0.4936 | mae 0.3891 | byol 0.1434
00:47:31 | sal[resnet50] | INFO | epoch 048 done in 00:00:06 | loss 0.4902 | mae 0.3876 | byol 0.1413
00:47:38 | sal[resnet50] | INFO | epoch 049 done in 00:00:06 | loss 0.4969 | mae 0.3871 | byol 0.1485
00:47:44 | sal[resnet50] | INFO | epoch 050 done in 00:00:06 | loss 0.4883 | mae 0.3864 | byol 0.1406
00:47:51 | sal[resnet50] | INFO | epoch 051 done in 00:00:06 | loss 0.4856 | mae 0.3831 | byol 0.1408
00:47:58 | sal[resnet50] | INFO | epoch 052 done in 00:00:06 | loss 0.4884 | mae 0.3855 | byol 0.1415
00:48:04 | sal[resnet50] | INFO | epoch 053 done in 00:00:06 | loss 0.4874 | mae 0.3833 | byol 0.1424
00:48:11 | sal[resnet50] | INFO | epoch 054 done in 00:00:06 | loss 0.4862 | mae 0.3802 | byol 0.1440
00:48:18 | sal[resnet50] | INFO | epoch 055 done in 00:00:06 | loss 0.4819 | mae 0.3802 | byol 0.1398
00:48:25 | sal[resnet50] | INFO | epoch 056 done in 00:00:06 | loss 0.4804 | mae 0.3792 | byol 0.1392
00:48:31 | sal[resnet50] | INFO | epoch 057 done in 00:00:06 | loss 0.4776 | mae 0.3789 | byol 0.1366
00:48:38 | sal[resnet50] | INFO | epoch 058 done in 00:00:06 | loss 0.4741 | mae 0.3768 | byol 0.1350
00:48:45 | sal[resnet50] | INFO | epoch 059 done in 00:00:06 | loss 0.4761 | mae 0.3767 | byol 0.1371
00:48:51 | sal[resnet50] | INFO | epoch 060 done in 00:00:06 | loss 0.4700 | mae 0.3762 | byol 0.1314
00:48:58 | sal[resnet50] | INFO | epoch 061 done in 00:00:06 | loss 0.4665 | mae 0.3751 | byol 0.1288
00:49:05 | sal[resnet50] | INFO | epoch 062 done in 00:00:06 | loss 0.4704 | mae 0.3765 | byol 0.1316
00:49:12 | sal[resnet50] | INFO | epoch 063 done in 00:00:06 | loss 0.4689 | mae 0.3756 | byol 0.1308
00:49:18 | sal[resnet50] | INFO | epoch 064 done in 00:00:06 | loss 0.4598 | mae 0.3739 | byol 0.1233
00:49:25 | sal[resnet50] | INFO | epoch 065 done in 00:00:06 | loss 0.4612 | mae 0.3742 | byol 0.1245
00:49:32 | sal[resnet50] | INFO | epoch 066 done in 00:00:06 | loss 0.4653 | mae 0.3740 | byol 0.1287
00:49:39 | sal[resnet50] | INFO | epoch 067 done in 00:00:06 | loss 0.4606 | mae 0.3722 | byol 0.1256
00:49:45 | sal[resnet50] | INFO | epoch 068 done in 00:00:06 | loss 0.4558 | mae 0.3710 | byol 0.1219
00:49:52 | sal[resnet50] | INFO | epoch 069 done in 00:00:06 | loss 0.4608 | mae 0.3720 | byol 0.1261
00:49:59 | sal[resnet50] | INFO | epoch 070 done in 00:00:06 | loss 0.4574 | mae 0.3718 | byol 0.1228
00:50:05 | sal[resnet50] | INFO | epoch 071 done in 00:00:06 | loss 0.4532 | mae 0.3698 | byol 0.1204
00:50:12 | sal[resnet50] | INFO | epoch 072 done in 00:00:06 | loss 0.4537 | mae 0.3696 | byol 0.1210
00:50:19 | sal[resnet50] | INFO | epoch 073 done in 00:00:06 | loss 0.4525 | mae 0.3707 | byol 0.1188
00:50:26 | sal[resnet50] | INFO | epoch 074 done in 00:00:06 | loss 0.4482 | mae 0.3692 | byol 0.1159
00:50:32 | sal[resnet50] | INFO | epoch 075 done in 00:00:06 | loss 0.4475 | mae 0.3694 | byol 0.1150
00:50:39 | sal[resnet50] | INFO | epoch 076 done in 00:00:06 | loss 0.4478 | mae 0.3681 | byol 0.1165
00:50:46 | sal[resnet50] | INFO | epoch 077 done in 00:00:06 | loss 0.4463 | mae 0.3681 | byol 0.1150
00:50:53 | sal[resnet50] | INFO | epoch 078 done in 00:00:06 | loss 0.4464 | mae 0.3679 | byol 0.1153
00:50:59 | sal[resnet50] | INFO | epoch 079 done in 00:00:06 | loss 0.4445 | mae 0.3670 | byol 0.1142
00:51:06 | sal[resnet50] | INFO | epoch 080 done in 00:00:06 | loss 0.4410 | mae 0.3687 | byol 0.1093
00:51:13 | sal[resnet50] | INFO | epoch 081 done in 00:00:06 | loss 0.4427 | mae 0.3675 | byol 0.1119
00:51:20 | sal[resnet50] | INFO | epoch 082 done in 00:00:06 | loss 0.4445 | mae 0.3660 | byol 0.1151
00:51:26 | sal[resnet50] | INFO | epoch 083 done in 00:00:06 | loss 0.4413 | mae 0.3683 | byol 0.1098
00:51:33 | sal[resnet50] | INFO | epoch 084 done in 00:00:06 | loss 0.4415 | mae 0.3660 | byol 0.1120
00:51:40 | sal[resnet50] | INFO | epoch 085 done in 00:00:06 | loss 0.4382 | mae 0.3679 | byol 0.1071
00:51:46 | sal[resnet50] | INFO | epoch 086 done in 00:00:06 | loss 0.4354 | mae 0.3657 | byol 0.1062
00:51:53 | sal[resnet50] | INFO | epoch 087 done in 00:00:06 | loss 0.4379 | mae 0.3655 | byol 0.1090
00:52:00 | sal[resnet50] | INFO | epoch 088 done in 00:00:06 | loss 0.4339 | mae 0.3638 | byol 0.1065
00:52:06 | sal[resnet50] | INFO | epoch 089 done in 00:00:06 | loss 0.4355 | mae 0.3657 | byol 0.1064
00:52:13 | sal[resnet50] | INFO | epoch 090 done in 00:00:06 | loss 0.4290 | mae 0.3643 | byol 0.1012
00:52:20 | sal[resnet50] | INFO | epoch 091 done in 00:00:06 | loss 0.4348 | mae 0.3667 | byol 0.1048
00:52:27 | sal[resnet50] | INFO | epoch 092 done in 00:00:06 | loss 0.4326 | mae 0.3656 | byol 0.1036
00:52:34 | sal[resnet50] | INFO | epoch 093 done in 00:00:06 | loss 0.4330 | mae 0.3651 | byol 0.1045
00:52:40 | sal[resnet50] | INFO | epoch 094 done in 00:00:06 | loss 0.4316 | mae 0.3652 | byol 0.1029
00:52:47 | sal[resnet50] | INFO | epoch 095 done in 00:00:06 | loss 0.4342 | mae 0.3649 | byol 0.1058
00:52:54 | sal[resnet50] | INFO | epoch 096 done in 00:00:06 | loss 0.4319 | mae 0.3669 | byol 0.1017
00:53:01 | sal[resnet50] | INFO | epoch 097 done in 00:00:06 | loss 0.4300 | mae 0.3668 | byol 0.0998
00:53:07 | sal[resnet50] | INFO | epoch 098 done in 00:00:06 | loss 0.4314 | mae 0.3654 | byol 0.1026
00:53:14 | sal[resnet50] | INFO | epoch 099 done in 00:00:06 | loss 0.4296 | mae 0.3646 | byol 0.1015
00:53:21 | sal[resnet50] | INFO | epoch 100 done in 00:00:06 | loss 0.4297 | mae 0.3645 | byol 0.1016
00:53:21 | sal[resnet50] | INFO | SalSSL training done in 00:11:17 | best loss 0.4290

================================================================

----------------------------------------------------------------
[#0a] SAL-RN50 baseline @ frac10 seed=42 (defaults: lam_mae=0.9 lam_byol=1.0 invert=0.25)
----------------------------------------------------------------
00:53:46 | eval[sal-resnet50-frac10-baseline/resnet50] | INFO | Loaded backbone weights from /workspace/vcl_pathmnist/runs/sal-pathmnist-resnet50-ep100-bs256-seed42-frac10-baseline/backbone_final.pt
00:55:07 | eval[sal-resnet50-frac10-baseline/resnet50] | INFO | Extracting features for kNN / t-SNE / UMAP...
00:55:42 | eval[sal-resnet50-frac10-baseline/resnet50] | INFO | kNN(k=20) top-1: 0.8252
/workspace/vcl_pathmnist/.venv/lib/python3.12/site-packages/umap/umap_.py:1952: UserWarning: n_jobs value 1 overridden to 1 by setting random_state. Use no seed for parallelism.
  warn(
00:56:14 | eval[sal-resnet50-frac10-baseline/resnet50] | INFO | Saved t-SNE / UMAP plots.
00:56:14 | probe[linear/resnet50] | INFO | Loaded backbone weights — missing: 0, unexpected: 0
00:56:29 | probe[linear/resnet50] | INFO | [linear] epoch 001/30 | train_loss 0.8948 train_acc 0.6748 | val_loss 0.6158 val_acc 0.7640
00:56:43 | probe[linear/resnet50] | INFO | [linear] epoch 002/30 | train_loss 0.5798 train_acc 0.7853 | val_loss 0.5419 val_acc 0.8022
00:56:58 | probe[linear/resnet50] | INFO | [linear] epoch 003/30 | train_loss 0.5437 train_acc 0.7998 | val_loss 0.5096 val_acc 0.8171
00:57:11 | probe[linear/resnet50] | INFO | [linear] epoch 004/30 | train_loss 0.5183 train_acc 0.8115 | val_loss 0.5175 val_acc 0.8142
00:57:25 | probe[linear/resnet50] | INFO | [linear] epoch 005/30 | train_loss 0.5016 train_acc 0.8165 | val_loss 0.4883 val_acc 0.8280
00:57:39 | probe[linear/resnet50] | INFO | [linear] epoch 006/30 | train_loss 0.4947 train_acc 0.8178 | val_loss 0.5292 val_acc 0.8029
00:57:52 | probe[linear/resnet50] | INFO | [linear] epoch 007/30 | train_loss 0.4814 train_acc 0.8249 | val_loss 0.5485 val_acc 0.7898
00:58:06 | probe[linear/resnet50] | INFO | [linear] epoch 008/30 | train_loss 0.4716 train_acc 0.8277 | val_loss 0.4611 val_acc 0.8344
00:58:19 | probe[linear/resnet50] | INFO | [linear] epoch 009/30 | train_loss 0.4621 train_acc 0.8316 | val_loss 0.5022 val_acc 0.8179
00:58:33 | probe[linear/resnet50] | INFO | [linear] epoch 010/30 | train_loss 0.4569 train_acc 0.8339 | val_loss 0.4923 val_acc 0.8166
00:58:46 | probe[linear/resnet50] | INFO | [linear] epoch 011/30 | train_loss 0.4552 train_acc 0.8345 | val_loss 0.4640 val_acc 0.8331
00:59:00 | probe[linear/resnet50] | INFO | [linear] epoch 012/30 | train_loss 0.4501 train_acc 0.8367 | val_loss 0.4420 val_acc 0.8409
00:59:14 | probe[linear/resnet50] | INFO | [linear] epoch 013/30 | train_loss 0.4423 train_acc 0.8381 | val_loss 0.4217 val_acc 0.8519
00:59:27 | probe[linear/resnet50] | INFO | [linear] epoch 014/30 | train_loss 0.4399 train_acc 0.8401 | val_loss 0.4312 val_acc 0.8468
00:59:41 | probe[linear/resnet50] | INFO | [linear] epoch 015/30 | train_loss 0.4364 train_acc 0.8409 | val_loss 0.4478 val_acc 0.8402
00:59:54 | probe[linear/resnet50] | INFO | [linear] epoch 016/30 | train_loss 0.4291 train_acc 0.8446 | val_loss 0.4296 val_acc 0.8489
01:00:08 | probe[linear/resnet50] | INFO | [linear] epoch 017/30 | train_loss 0.4271 train_acc 0.8444 | val_loss 0.4392 val_acc 0.8401
01:00:22 | probe[linear/resnet50] | INFO | [linear] epoch 018/30 | train_loss 0.4209 train_acc 0.8477 | val_loss 0.4258 val_acc 0.8500
01:00:35 | probe[linear/resnet50] | INFO | [linear] epoch 019/30 | train_loss 0.4227 train_acc 0.8471 | val_loss 0.4365 val_acc 0.8442
01:00:48 | probe[linear/resnet50] | INFO | [linear] epoch 020/30 | train_loss 0.4173 train_acc 0.8487 | val_loss 0.4214 val_acc 0.8503
01:01:02 | probe[linear/resnet50] | INFO | [linear] epoch 021/30 | train_loss 0.4145 train_acc 0.8498 | val_loss 0.4234 val_acc 0.8472
01:01:16 | probe[linear/resnet50] | INFO | [linear] epoch 022/30 | train_loss 0.4139 train_acc 0.8507 | val_loss 0.4133 val_acc 0.8553
01:01:30 | probe[linear/resnet50] | INFO | [linear] epoch 023/30 | train_loss 0.4091 train_acc 0.8527 | val_loss 0.4140 val_acc 0.8518
01:01:43 | probe[linear/resnet50] | INFO | [linear] epoch 024/30 | train_loss 0.4063 train_acc 0.8533 | val_loss 0.4112 val_acc 0.8534
01:01:57 | probe[linear/resnet50] | INFO | [linear] epoch 025/30 | train_loss 0.4052 train_acc 0.8543 | val_loss 0.4146 val_acc 0.8516
01:02:10 | probe[linear/resnet50] | INFO | [linear] epoch 026/30 | train_loss 0.4060 train_acc 0.8534 | val_loss 0.4087 val_acc 0.8553
01:02:24 | probe[linear/resnet50] | INFO | [linear] epoch 027/30 | train_loss 0.4022 train_acc 0.8555 | val_loss 0.4098 val_acc 0.8542
01:02:37 | probe[linear/resnet50] | INFO | [linear] epoch 028/30 | train_loss 0.4012 train_acc 0.8545 | val_loss 0.4091 val_acc 0.8542
01:02:51 | probe[linear/resnet50] | INFO | [linear] epoch 029/30 | train_loss 0.4007 train_acc 0.8557 | val_loss 0.4098 val_acc 0.8543
01:03:04 | probe[linear/resnet50] | INFO | [linear] epoch 030/30 | train_loss 0.4023 train_acc 0.8551 | val_loss 0.4088 val_acc 0.8547
01:03:04 | probe[linear/resnet50] | INFO | [linear] done in 00:06:50 | best val_acc 0.8553
01:03:05 | eval[sal-resnet50-frac10-baseline/resnet50] | INFO | Linear test acc 0.8416 | bal-acc 0.8016 | f1-macro 0.7902 | AUC 0.9775582025711456
01:03:45 | probe[finetune_10pct/resnet50] | INFO | Loaded backbone weights — missing: 0, unexpected: 0
01:03:49 | probe[finetune_10pct/resnet50] | INFO | [finetune_10pct] epoch 001/30 | train_loss 1.1998 train_acc 0.5690 | val_loss 0.4999 val_acc 0.8195
01:03:51 | probe[finetune_10pct/resnet50] | INFO | [finetune_10pct] epoch 002/30 | train_loss 0.4634 train_acc 0.8304 | val_loss 0.4351 val_acc 0.8414
01:03:54 | probe[finetune_10pct/resnet50] | INFO | [finetune_10pct] epoch 003/30 | train_loss 0.3753 train_acc 0.8647 | val_loss 0.4287 val_acc 0.8514
01:03:57 | probe[finetune_10pct/resnet50] | INFO | [finetune_10pct] epoch 004/30 | train_loss 0.3401 train_acc 0.8799 | val_loss 0.3530 val_acc 0.8774
01:03:59 | probe[finetune_10pct/resnet50] | INFO | [finetune_10pct] epoch 005/30 | train_loss 0.2816 train_acc 0.8993 | val_loss 0.2929 val_acc 0.8967
01:04:02 | probe[finetune_10pct/resnet50] | INFO | [finetune_10pct] epoch 006/30 | train_loss 0.2558 train_acc 0.9084 | val_loss 0.2771 val_acc 0.9007
01:04:05 | probe[finetune_10pct/resnet50] | INFO | [finetune_10pct] epoch 007/30 | train_loss 0.2378 train_acc 0.9197 | val_loss 0.3291 val_acc 0.8912
01:04:07 | probe[finetune_10pct/resnet50] | INFO | [finetune_10pct] epoch 008/30 | train_loss 0.2189 train_acc 0.9241 | val_loss 0.2359 val_acc 0.9199
01:04:10 | probe[finetune_10pct/resnet50] | INFO | [finetune_10pct] epoch 009/30 | train_loss 0.2004 train_acc 0.9294 | val_loss 0.1866 val_acc 0.9372
01:04:12 | probe[finetune_10pct/resnet50] | INFO | [finetune_10pct] epoch 010/30 | train_loss 0.1673 train_acc 0.9418 | val_loss 0.2653 val_acc 0.9056
01:04:15 | probe[finetune_10pct/resnet50] | INFO | [finetune_10pct] epoch 011/30 | train_loss 0.1736 train_acc 0.9370 | val_loss 0.1973 val_acc 0.9332
01:04:17 | probe[finetune_10pct/resnet50] | INFO | [finetune_10pct] epoch 012/30 | train_loss 0.1586 train_acc 0.9429 | val_loss 0.2527 val_acc 0.9110
01:04:19 | probe[finetune_10pct/resnet50] | INFO | [finetune_10pct] epoch 013/30 | train_loss 0.1495 train_acc 0.9496 | val_loss 0.1704 val_acc 0.9463
01:04:22 | probe[finetune_10pct/resnet50] | INFO | [finetune_10pct] epoch 014/30 | train_loss 0.1398 train_acc 0.9529 | val_loss 0.1503 val_acc 0.9504
01:04:25 | probe[finetune_10pct/resnet50] | INFO | [finetune_10pct] epoch 015/30 | train_loss 0.1253 train_acc 0.9560 | val_loss 0.1719 val_acc 0.9426
01:04:27 | probe[finetune_10pct/resnet50] | INFO | [finetune_10pct] epoch 016/30 | train_loss 0.1145 train_acc 0.9596 | val_loss 0.1589 val_acc 0.9450
01:04:29 | probe[finetune_10pct/resnet50] | INFO | [finetune_10pct] epoch 017/30 | train_loss 0.1125 train_acc 0.9614 | val_loss 0.1247 val_acc 0.9614
01:04:32 | probe[finetune_10pct/resnet50] | INFO | [finetune_10pct] epoch 018/30 | train_loss 0.1057 train_acc 0.9651 | val_loss 0.1485 val_acc 0.9511
01:04:34 | probe[finetune_10pct/resnet50] | INFO | [finetune_10pct] epoch 019/30 | train_loss 0.0910 train_acc 0.9690 | val_loss 0.1251 val_acc 0.9588
01:04:37 | probe[finetune_10pct/resnet50] | INFO | [finetune_10pct] epoch 020/30 | train_loss 0.0826 train_acc 0.9702 | val_loss 0.1412 val_acc 0.9553
01:04:39 | probe[finetune_10pct/resnet50] | INFO | [finetune_10pct] epoch 021/30 | train_loss 0.0825 train_acc 0.9729 | val_loss 0.1576 val_acc 0.9471
01:04:42 | probe[finetune_10pct/resnet50] | INFO | [finetune_10pct] epoch 022/30 | train_loss 0.0747 train_acc 0.9754 | val_loss 0.1542 val_acc 0.9501
01:04:44 | probe[finetune_10pct/resnet50] | INFO | [finetune_10pct] epoch 023/30 | train_loss 0.0721 train_acc 0.9748 | val_loss 0.1204 val_acc 0.9588
01:04:47 | probe[finetune_10pct/resnet50] | INFO | [finetune_10pct] epoch 024/30 | train_loss 0.0653 train_acc 0.9761 | val_loss 0.1295 val_acc 0.9605
01:04:49 | probe[finetune_10pct/resnet50] | INFO | [finetune_10pct] epoch 025/30 | train_loss 0.0551 train_acc 0.9817 | val_loss 0.1296 val_acc 0.9580
01:04:52 | probe[finetune_10pct/resnet50] | INFO | [finetune_10pct] epoch 026/30 | train_loss 0.0649 train_acc 0.9786 | val_loss 0.1405 val_acc 0.9561
01:04:54 | probe[finetune_10pct/resnet50] | INFO | [finetune_10pct] epoch 027/30 | train_loss 0.0562 train_acc 0.9811 | val_loss 0.1225 val_acc 0.9596
01:04:56 | probe[finetune_10pct/resnet50] | INFO | [finetune_10pct] epoch 028/30 | train_loss 0.0543 train_acc 0.9826 | val_loss 0.1320 val_acc 0.9578
01:04:59 | probe[finetune_10pct/resnet50] | INFO | [finetune_10pct] epoch 029/30 | train_loss 0.0583 train_acc 0.9788 | val_loss 0.1216 val_acc 0.9617
01:05:01 | probe[finetune_10pct/resnet50] | INFO | [finetune_10pct] epoch 030/30 | train_loss 0.0490 train_acc 0.9833 | val_loss 0.1301 val_acc 0.9581
01:05:01 | probe[finetune_10pct/resnet50] | INFO | [finetune_10pct] done in 00:01:16 | best val_acc 0.9617
01:05:02 | eval[sal-resnet50-frac10-baseline/resnet50] | INFO | Low-shot 10.0% (n=9000) -> test acc 0.9095 | bal-acc 0.8879 | f1-macro 0.8857
01:05:30 | probe[finetune_1pct/resnet50] | INFO | Loaded backbone weights — missing: 0, unexpected: 0
01:05:32 | probe[finetune_1pct/resnet50] | INFO | [finetune_1pct] epoch 001/30 | train_loss 2.2153 train_acc 0.1465 | val_loss 1.5851 val_acc 0.5011
01:05:34 | probe[finetune_1pct/resnet50] | INFO | [finetune_1pct] epoch 002/30 | train_loss 1.1454 train_acc 0.6459 | val_loss 1.0966 val_acc 0.5903
01:05:35 | probe[finetune_1pct/resnet50] | INFO | [finetune_1pct] epoch 003/30 | train_loss 0.6852 train_acc 0.7403 | val_loss 0.7421 val_acc 0.7237
01:05:37 | probe[finetune_1pct/resnet50] | INFO | [finetune_1pct] epoch 004/30 | train_loss 0.6212 train_acc 0.7636 | val_loss 0.7603 val_acc 0.7206
01:05:38 | probe[finetune_1pct/resnet50] | INFO | [finetune_1pct] epoch 005/30 | train_loss 0.5815 train_acc 0.7769 | val_loss 0.6860 val_acc 0.7678
01:05:40 | probe[finetune_1pct/resnet50] | INFO | [finetune_1pct] epoch 006/30 | train_loss 0.5129 train_acc 0.8158 | val_loss 0.5892 val_acc 0.7883
01:05:41 | probe[finetune_1pct/resnet50] | INFO | [finetune_1pct] epoch 007/30 | train_loss 0.4179 train_acc 0.8324 | val_loss 0.5246 val_acc 0.8140
01:05:43 | probe[finetune_1pct/resnet50] | INFO | [finetune_1pct] epoch 008/30 | train_loss 0.3972 train_acc 0.8479 | val_loss 0.5794 val_acc 0.7846
01:05:44 | probe[finetune_1pct/resnet50] | INFO | [finetune_1pct] epoch 009/30 | train_loss 0.3662 train_acc 0.8668 | val_loss 0.5373 val_acc 0.8153
01:05:45 | probe[finetune_1pct/resnet50] | INFO | [finetune_1pct] epoch 010/30 | train_loss 0.3297 train_acc 0.8646 | val_loss 0.5229 val_acc 0.8209
01:05:47 | probe[finetune_1pct/resnet50] | INFO | [finetune_1pct] epoch 011/30 | train_loss 0.2929 train_acc 0.8790 | val_loss 0.5329 val_acc 0.8077
01:05:48 | probe[finetune_1pct/resnet50] | INFO | [finetune_1pct] epoch 012/30 | train_loss 0.3117 train_acc 0.8679 | val_loss 0.5159 val_acc 0.8281
01:05:50 | probe[finetune_1pct/resnet50] | INFO | [finetune_1pct] epoch 013/30 | train_loss 0.2636 train_acc 0.9046 | val_loss 0.5083 val_acc 0.8335
01:05:51 | probe[finetune_1pct/resnet50] | INFO | [finetune_1pct] epoch 014/30 | train_loss 0.2554 train_acc 0.9090 | val_loss 0.5093 val_acc 0.8364
01:05:53 | probe[finetune_1pct/resnet50] | INFO | [finetune_1pct] epoch 015/30 | train_loss 0.2568 train_acc 0.9012 | val_loss 0.5194 val_acc 0.8218
01:05:54 | probe[finetune_1pct/resnet50] | INFO | [finetune_1pct] epoch 016/30 | train_loss 0.2040 train_acc 0.9256 | val_loss 0.5439 val_acc 0.8317
01:05:55 | probe[finetune_1pct/resnet50] | INFO | [finetune_1pct] epoch 017/30 | train_loss 0.1898 train_acc 0.9245 | val_loss 0.4974 val_acc 0.8471
01:05:57 | probe[finetune_1pct/resnet50] | INFO | [finetune_1pct] epoch 018/30 | train_loss 0.2377 train_acc 0.9168 | val_loss 0.4617 val_acc 0.8583
01:05:58 | probe[finetune_1pct/resnet50] | INFO | [finetune_1pct] epoch 019/30 | train_loss 0.1946 train_acc 0.9279 | val_loss 0.4452 val_acc 0.8610
01:06:00 | probe[finetune_1pct/resnet50] | INFO | [finetune_1pct] epoch 020/30 | train_loss 0.1841 train_acc 0.9412 | val_loss 0.5055 val_acc 0.8404
01:06:01 | probe[finetune_1pct/resnet50] | INFO | [finetune_1pct] epoch 021/30 | train_loss 0.1918 train_acc 0.9145 | val_loss 0.4838 val_acc 0.8480
01:06:02 | probe[finetune_1pct/resnet50] | INFO | [finetune_1pct] epoch 022/30 | train_loss 0.1593 train_acc 0.9434 | val_loss 0.4980 val_acc 0.8517
01:06:04 | probe[finetune_1pct/resnet50] | INFO | [finetune_1pct] epoch 023/30 | train_loss 0.1521 train_acc 0.9434 | val_loss 0.4810 val_acc 0.8570
01:06:05 | probe[finetune_1pct/resnet50] | INFO | [finetune_1pct] epoch 024/30 | train_loss 0.1488 train_acc 0.9523 | val_loss 0.4493 val_acc 0.8629
01:06:06 | probe[finetune_1pct/resnet50] | INFO | [finetune_1pct] epoch 025/30 | train_loss 0.1461 train_acc 0.9523 | val_loss 0.4518 val_acc 0.8616
01:06:08 | probe[finetune_1pct/resnet50] | INFO | [finetune_1pct] epoch 026/30 | train_loss 0.1188 train_acc 0.9612 | val_loss 0.4533 val_acc 0.8608
01:06:09 | probe[finetune_1pct/resnet50] | INFO | [finetune_1pct] epoch 027/30 | train_loss 0.1512 train_acc 0.9467 | val_loss 0.4460 val_acc 0.8628
01:06:10 | probe[finetune_1pct/resnet50] | INFO | [finetune_1pct] epoch 028/30 | train_loss 0.1274 train_acc 0.9578 | val_loss 0.4424 val_acc 0.8634
01:06:12 | probe[finetune_1pct/resnet50] | INFO | [finetune_1pct] epoch 029/30 | train_loss 0.1424 train_acc 0.9545 | val_loss 0.4391 val_acc 0.8643
01:06:13 | probe[finetune_1pct/resnet50] | INFO | [finetune_1pct] epoch 030/30 | train_loss 0.1194 train_acc 0.9567 | val_loss 0.4418 val_acc 0.8641
01:06:13 | probe[finetune_1pct/resnet50] | INFO | [finetune_1pct] done in 00:00:42 | best val_acc 0.8643
01:06:14 | eval[sal-resnet50-frac10-baseline/resnet50] | INFO | Low-shot 1.0% (n=901) -> test acc 0.8776 | bal-acc 0.8420 | f1-macro 0.8298
01:06:14 | eval[sal-resnet50-frac10-baseline/resnet50] | INFO | Downstream evaluation complete.
