02:32:51 | sal[vit_small] | INFO | SalSSLModel params: total=51.43M trainable=27.18M
02:32:59 | sal[vit_small] | INFO | epoch 001 done in 00:00:08 | loss 1.7678 | mae 0.7707 | byol 0.9971
02:33:03 | sal[vit_small] | INFO | epoch 002 done in 00:00:04 | loss 1.2444 | mae 0.4897 | byol 0.7547
02:33:08 | sal[vit_small] | INFO | epoch 003 done in 00:00:04 | loss 1.2972 | mae 0.4783 | byol 0.8188
02:33:12 | sal[vit_small] | INFO | epoch 004 done in 00:00:04 | loss 1.3348 | mae 0.4669 | byol 0.8679
02:33:17 | sal[vit_small] | INFO | epoch 005 done in 00:00:04 | loss 1.3390 | mae 0.4538 | byol 0.8851
02:33:21 | sal[vit_small] | INFO | epoch 006 done in 00:00:04 | loss 1.2825 | mae 0.4456 | byol 0.8369
02:33:26 | sal[vit_small] | INFO | epoch 007 done in 00:00:04 | loss 1.1625 | mae 0.4392 | byol 0.7233
02:33:30 | sal[vit_small] | INFO | epoch 008 done in 00:00:04 | loss 1.0353 | mae 0.4345 | byol 0.6007
02:33:35 | sal[vit_small] | INFO | epoch 009 done in 00:00:04 | loss 0.9267 | mae 0.4311 | byol 0.4956
02:33:39 | sal[vit_small] | INFO | epoch 010 done in 00:00:04 | loss 0.8474 | mae 0.4279 | byol 0.4195
02:33:44 | sal[vit_small] | INFO | epoch 011 done in 00:00:04 | loss 0.7890 | mae 0.4247 | byol 0.3643
02:33:49 | sal[vit_small] | INFO | epoch 012 done in 00:00:04 | loss 0.7494 | mae 0.4237 | byol 0.3257
02:33:53 | sal[vit_small] | INFO | epoch 013 done in 00:00:04 | loss 0.7159 | mae 0.4225 | byol 0.2934
02:33:58 | sal[vit_small] | INFO | epoch 014 done in 00:00:04 | loss 0.6936 | mae 0.4204 | byol 0.2732
02:34:02 | sal[vit_small] | INFO | epoch 015 done in 00:00:04 | loss 0.6694 | mae 0.4180 | byol 0.2514
02:34:07 | sal[vit_small] | INFO | epoch 016 done in 00:00:04 | loss 0.6569 | mae 0.4190 | byol 0.2379
02:34:11 | sal[vit_small] | INFO | epoch 017 done in 00:00:04 | loss 0.6414 | mae 0.4159 | byol 0.2255
02:34:16 | sal[vit_small] | INFO | epoch 018 done in 00:00:04 | loss 0.6349 | mae 0.4143 | byol 0.2206
02:34:20 | sal[vit_small] | INFO | epoch 019 done in 00:00:04 | loss 0.6233 | mae 0.4135 | byol 0.2099
02:34:25 | sal[vit_small] | INFO | epoch 020 done in 00:00:04 | loss 0.6164 | mae 0.4133 | byol 0.2031
02:34:29 | sal[vit_small] | INFO | epoch 021 done in 00:00:04 | loss 0.6103 | mae 0.4123 | byol 0.1980
02:34:34 | sal[vit_small] | INFO | epoch 022 done in 00:00:04 | loss 0.6046 | mae 0.4111 | byol 0.1936
02:34:38 | sal[vit_small] | INFO | epoch 023 done in 00:00:04 | loss 0.5977 | mae 0.4100 | byol 0.1877
02:34:43 | sal[vit_small] | INFO | epoch 024 done in 00:00:04 | loss 0.5887 | mae 0.4084 | byol 0.1803
02:34:47 | sal[vit_small] | INFO | epoch 025 done in 00:00:04 | loss 0.5868 | mae 0.4081 | byol 0.1787
02:34:52 | sal[vit_small] | INFO | epoch 026 done in 00:00:04 | loss 0.5836 | mae 0.4079 | byol 0.1758
02:34:56 | sal[vit_small] | INFO | epoch 027 done in 00:00:04 | loss 0.5773 | mae 0.4055 | byol 0.1718
02:35:01 | sal[vit_small] | INFO | epoch 028 done in 00:00:04 | loss 0.5805 | mae 0.4075 | byol 0.1730
02:35:06 | sal[vit_small] | INFO | epoch 029 done in 00:00:04 | loss 0.5737 | mae 0.4059 | byol 0.1678
02:35:10 | sal[vit_small] | INFO | epoch 030 done in 00:00:04 | loss 0.5715 | mae 0.4061 | byol 0.1654
02:35:15 | sal[vit_small] | INFO | epoch 031 done in 00:00:04 | loss 0.5672 | mae 0.4058 | byol 0.1614
02:35:19 | sal[vit_small] | INFO | epoch 032 done in 00:00:04 | loss 0.5643 | mae 0.4040 | byol 0.1603
02:35:24 | sal[vit_small] | INFO | epoch 033 done in 00:00:04 | loss 0.5628 | mae 0.4035 | byol 0.1593
02:35:29 | sal[vit_small] | INFO | epoch 034 done in 00:00:04 | loss 0.5601 | mae 0.4045 | byol 0.1557
02:35:33 | sal[vit_small] | INFO | epoch 035 done in 00:00:04 | loss 0.5605 | mae 0.4038 | byol 0.1567
02:35:38 | sal[vit_small] | INFO | epoch 036 done in 00:00:04 | loss 0.5546 | mae 0.4027 | byol 0.1519
02:35:42 | sal[vit_small] | INFO | epoch 037 done in 00:00:04 | loss 0.5555 | mae 0.4022 | byol 0.1534
02:35:47 | sal[vit_small] | INFO | epoch 038 done in 00:00:04 | loss 0.5483 | mae 0.4008 | byol 0.1475
02:35:51 | sal[vit_small] | INFO | epoch 039 done in 00:00:04 | loss 0.5522 | mae 0.4012 | byol 0.1510
02:35:56 | sal[vit_small] | INFO | epoch 040 done in 00:00:04 | loss 0.5476 | mae 0.4003 | byol 0.1474
02:36:01 | sal[vit_small] | INFO | epoch 041 done in 00:00:04 | loss 0.5519 | mae 0.4011 | byol 0.1508
02:36:05 | sal[vit_small] | INFO | epoch 042 done in 00:00:04 | loss 0.5498 | mae 0.4001 | byol 0.1497
02:36:10 | sal[vit_small] | INFO | epoch 043 done in 00:00:04 | loss 0.5423 | mae 0.3985 | byol 0.1438
02:36:14 | sal[vit_small] | INFO | epoch 044 done in 00:00:04 | loss 0.5377 | mae 0.3982 | byol 0.1395
02:36:19 | sal[vit_small] | INFO | epoch 045 done in 00:00:04 | loss 0.5441 | mae 0.3986 | byol 0.1455
02:36:23 | sal[vit_small] | INFO | epoch 046 done in 00:00:04 | loss 0.5424 | mae 0.3984 | byol 0.1441
02:36:28 | sal[vit_small] | INFO | epoch 047 done in 00:00:04 | loss 0.5394 | mae 0.3988 | byol 0.1406
02:36:32 | sal[vit_small] | INFO | epoch 048 done in 00:00:04 | loss 0.5407 | mae 0.3982 | byol 0.1425
02:36:37 | sal[vit_small] | INFO | epoch 049 done in 00:00:04 | loss 0.5381 | mae 0.3978 | byol 0.1403
02:36:41 | sal[vit_small] | INFO | epoch 050 done in 00:00:04 | loss 0.5388 | mae 0.3982 | byol 0.1406
02:36:46 | sal[vit_small] | INFO | epoch 051 done in 00:00:04 | loss 0.5356 | mae 0.3965 | byol 0.1391
02:36:51 | sal[vit_small] | INFO | epoch 052 done in 00:00:04 | loss 0.5372 | mae 0.3963 | byol 0.1409
02:36:55 | sal[vit_small] | INFO | epoch 053 done in 00:00:04 | loss 0.5335 | mae 0.3964 | byol 0.1371
02:37:00 | sal[vit_small] | INFO | epoch 054 done in 00:00:04 | loss 0.5305 | mae 0.3954 | byol 0.1351
02:37:04 | sal[vit_small] | INFO | epoch 055 done in 00:00:04 | loss 0.5342 | mae 0.3964 | byol 0.1378
02:37:09 | sal[vit_small] | INFO | epoch 056 done in 00:00:04 | loss 0.5293 | mae 0.3974 | byol 0.1319
02:37:13 | sal[vit_small] | INFO | epoch 057 done in 00:00:04 | loss 0.5296 | mae 0.3947 | byol 0.1349
02:37:18 | sal[vit_small] | INFO | epoch 058 done in 00:00:04 | loss 0.5252 | mae 0.3943 | byol 0.1309
02:37:23 | sal[vit_small] | INFO | epoch 059 done in 00:00:04 | loss 0.5253 | mae 0.3953 | byol 0.1300
02:37:27 | sal[vit_small] | INFO | epoch 060 done in 00:00:04 | loss 0.5293 | mae 0.3941 | byol 0.1352
02:37:32 | sal[vit_small] | INFO | epoch 061 done in 00:00:04 | loss 0.5227 | mae 0.3939 | byol 0.1288
02:37:36 | sal[vit_small] | INFO | epoch 062 done in 00:00:04 | loss 0.5256 | mae 0.3938 | byol 0.1318
02:37:41 | sal[vit_small] | INFO | epoch 063 done in 00:00:04 | loss 0.5203 | mae 0.3930 | byol 0.1273
02:37:46 | sal[vit_small] | INFO | epoch 064 done in 00:00:04 | loss 0.5211 | mae 0.3932 | byol 0.1279
02:37:50 | sal[vit_small] | INFO | epoch 065 done in 00:00:04 | loss 0.5219 | mae 0.3935 | byol 0.1284
02:37:55 | sal[vit_small] | INFO | epoch 066 done in 00:00:04 | loss 0.5232 | mae 0.3933 | byol 0.1299
02:37:59 | sal[vit_small] | INFO | epoch 067 done in 00:00:04 | loss 0.5201 | mae 0.3919 | byol 0.1281
02:38:04 | sal[vit_small] | INFO | epoch 068 done in 00:00:04 | loss 0.5194 | mae 0.3920 | byol 0.1274
02:38:08 | sal[vit_small] | INFO | epoch 069 done in 00:00:04 | loss 0.5192 | mae 0.3924 | byol 0.1267
02:38:13 | sal[vit_small] | INFO | epoch 070 done in 00:00:04 | loss 0.5166 | mae 0.3912 | byol 0.1254
02:38:18 | sal[vit_small] | INFO | epoch 071 done in 00:00:04 | loss 0.5168 | mae 0.3922 | byol 0.1245
02:38:22 | sal[vit_small] | INFO | epoch 072 done in 00:00:04 | loss 0.5194 | mae 0.3914 | byol 0.1281
02:38:27 | sal[vit_small] | INFO | epoch 073 done in 00:00:04 | loss 0.5170 | mae 0.3912 | byol 0.1257
02:38:31 | sal[vit_small] | INFO | epoch 074 done in 00:00:04 | loss 0.5127 | mae 0.3907 | byol 0.1220
02:38:36 | sal[vit_small] | INFO | epoch 075 done in 00:00:04 | loss 0.5128 | mae 0.3902 | byol 0.1226
02:38:40 | sal[vit_small] | INFO | epoch 076 done in 00:00:04 | loss 0.5157 | mae 0.3897 | byol 0.1261
02:38:45 | sal[vit_small] | INFO | epoch 077 done in 00:00:04 | loss 0.5133 | mae 0.3905 | byol 0.1228
02:38:49 | sal[vit_small] | INFO | epoch 078 done in 00:00:04 | loss 0.5149 | mae 0.3905 | byol 0.1244
02:38:54 | sal[vit_small] | INFO | epoch 079 done in 00:00:04 | loss 0.5140 | mae 0.3903 | byol 0.1237
02:38:58 | sal[vit_small] | INFO | epoch 080 done in 00:00:04 | loss 0.5141 | mae 0.3905 | byol 0.1237
02:39:03 | sal[vit_small] | INFO | epoch 081 done in 00:00:04 | loss 0.5114 | mae 0.3898 | byol 0.1215
02:39:08 | sal[vit_small] | INFO | epoch 082 done in 00:00:04 | loss 0.5084 | mae 0.3883 | byol 0.1201
02:39:12 | sal[vit_small] | INFO | epoch 083 done in 00:00:04 | loss 0.5101 | mae 0.3887 | byol 0.1214
02:39:17 | sal[vit_small] | INFO | epoch 084 done in 00:00:04 | loss 0.5129 | mae 0.3902 | byol 0.1227
02:39:21 | sal[vit_small] | INFO | epoch 085 done in 00:00:04 | loss 0.5118 | mae 0.3894 | byol 0.1224
02:39:26 | sal[vit_small] | INFO | epoch 086 done in 00:00:04 | loss 0.5098 | mae 0.3885 | byol 0.1212
02:39:30 | sal[vit_small] | INFO | epoch 087 done in 00:00:04 | loss 0.5086 | mae 0.3894 | byol 0.1192
02:39:35 | sal[vit_small] | INFO | epoch 088 done in 00:00:04 | loss 0.5057 | mae 0.3886 | byol 0.1171
02:39:39 | sal[vit_small] | INFO | epoch 089 done in 00:00:04 | loss 0.5099 | mae 0.3889 | byol 0.1211
02:39:44 | sal[vit_small] | INFO | epoch 090 done in 00:00:04 | loss 0.5102 | mae 0.3893 | byol 0.1208
02:39:49 | sal[vit_small] | INFO | epoch 091 done in 00:00:04 | loss 0.5102 | mae 0.3886 | byol 0.1216
02:39:53 | sal[vit_small] | INFO | epoch 092 done in 00:00:04 | loss 0.5082 | mae 0.3887 | byol 0.1196
02:39:58 | sal[vit_small] | INFO | epoch 093 done in 00:00:04 | loss 0.5074 | mae 0.3882 | byol 0.1192
02:40:02 | sal[vit_small] | INFO | epoch 094 done in 00:00:04 | loss 0.5088 | mae 0.3891 | byol 0.1197
02:40:07 | sal[vit_small] | INFO | epoch 095 done in 00:00:04 | loss 0.5101 | mae 0.3884 | byol 0.1217
02:40:11 | sal[vit_small] | INFO | epoch 096 done in 00:00:04 | loss 0.5080 | mae 0.3884 | byol 0.1197
02:40:16 | sal[vit_small] | INFO | epoch 097 done in 00:00:04 | loss 0.5069 | mae 0.3887 | byol 0.1182
02:40:21 | sal[vit_small] | INFO | epoch 098 done in 00:00:04 | loss 0.5099 | mae 0.3877 | byol 0.1222
02:40:25 | sal[vit_small] | INFO | epoch 099 done in 00:00:04 | loss 0.5113 | mae 0.3891 | byol 0.1222
02:40:30 | sal[vit_small] | INFO | epoch 100 done in 00:00:04 | loss 0.5068 | mae 0.3871 | byol 0.1197
02:40:30 | sal[vit_small] | INFO | SalSSL training done in 00:07:39 | best loss 0.5057


----------------------------------------------------------------
[#1] SAL ViT-S | frac10 | topkUniform | mask=0.75 | invert=0.25
----------------------------------------------------------------
[skip pretrain frac10-topkUniform-mask75-inv025] /workspace/vcl_pathmnist/runs/sal-pathmnist-vit_small-ep100-bs256-seed42-frac10-topkUniform-mask75-inv025 already complete.

----------------------------------------------------------------
[#1] downstream eval
----------------------------------------------------------------
02:42:51 | eval[sal-vit_small-frac10-topkUniform-mask75-inv025/vit_small] | INFO | Loaded backbone weights from /workspace/vcl_pathmnist/runs/sal-pathmnist-vit_small-ep100-bs256-seed42-frac10-topkUniform-mask75-inv025/backbone_final.pt
02:42:52 | eval[sal-vit_small-frac10-topkUniform-mask75-inv025/vit_small] | INFO | Extracting features for kNN / t-SNE / UMAP...
02:44:13 | eval[sal-vit_small-frac10-topkUniform-mask75-inv025/vit_small] | INFO | kNN(k=20) top-1: 0.8525
/workspace/vcl_pathmnist/.venv/lib/python3.12/site-packages/umap/umap_.py:1952: UserWarning: n_jobs value 1 overridden to 1 by setting random_state. Use no seed for parallelism.
  warn(
02:44:45 | eval[sal-vit_small-frac10-topkUniform-mask75-inv025/vit_small] | INFO | Saved t-SNE / UMAP plots.
02:45:00 | probe[linear/vit_small] | INFO | Loaded backbone weights — missing: 0, unexpected: 0
02:45:16 | probe[linear/vit_small] | INFO | [linear] epoch 001/30 | train_loss 1.5559 train_acc 0.5314 | val_loss 0.9646 val_acc 0.7459
02:45:31 | probe[linear/vit_small] | INFO | [linear] epoch 002/30 | train_loss 0.7898 train_acc 0.7639 | val_loss 0.6897 val_acc 0.7819
02:45:46 | probe[linear/vit_small] | INFO | [linear] epoch 003/30 | train_loss 0.6443 train_acc 0.7897 | val_loss 0.6103 val_acc 0.8023
02:46:02 | probe[linear/vit_small] | INFO | [linear] epoch 004/30 | train_loss 0.5950 train_acc 0.8028 | val_loss 0.5759 val_acc 0.8075
02:46:17 | probe[linear/vit_small] | INFO | [linear] epoch 005/30 | train_loss 0.5671 train_acc 0.8084 | val_loss 0.5517 val_acc 0.8143
02:46:32 | probe[linear/vit_small] | INFO | [linear] epoch 006/30 | train_loss 0.5509 train_acc 0.8138 | val_loss 0.5485 val_acc 0.8116
02:46:47 | probe[linear/vit_small] | INFO | [linear] epoch 007/30 | train_loss 0.5389 train_acc 0.8172 | val_loss 0.5234 val_acc 0.8226
02:47:02 | probe[linear/vit_small] | INFO | [linear] epoch 008/30 | train_loss 0.5297 train_acc 0.8188 | val_loss 0.5218 val_acc 0.8196
02:47:17 | probe[linear/vit_small] | INFO | [linear] epoch 009/30 | train_loss 0.5222 train_acc 0.8226 | val_loss 0.5083 val_acc 0.8234
02:47:33 | probe[linear/vit_small] | INFO | [linear] epoch 010/30 | train_loss 0.5173 train_acc 0.8233 | val_loss 0.5020 val_acc 0.8270
02:47:48 | probe[linear/vit_small] | INFO | [linear] epoch 011/30 | train_loss 0.5118 train_acc 0.8252 | val_loss 0.4981 val_acc 0.8292
02:48:04 | probe[linear/vit_small] | INFO | [linear] epoch 012/30 | train_loss 0.5085 train_acc 0.8249 | val_loss 0.4928 val_acc 0.8310
02:48:20 | probe[linear/vit_small] | INFO | [linear] epoch 013/30 | train_loss 0.5035 train_acc 0.8279 | val_loss 0.4895 val_acc 0.8309
02:48:36 | probe[linear/vit_small] | INFO | [linear] epoch 014/30 | train_loss 0.5014 train_acc 0.8278 | val_loss 0.4877 val_acc 0.8305
02:48:52 | probe[linear/vit_small] | INFO | [linear] epoch 015/30 | train_loss 0.4990 train_acc 0.8274 | val_loss 0.4829 val_acc 0.8353
02:49:08 | probe[linear/vit_small] | INFO | [linear] epoch 016/30 | train_loss 0.4971 train_acc 0.8281 | val_loss 0.4787 val_acc 0.8367
02:49:24 | probe[linear/vit_small] | INFO | [linear] epoch 017/30 | train_loss 0.4948 train_acc 0.8304 | val_loss 0.4794 val_acc 0.8368
02:49:39 | probe[linear/vit_small] | INFO | [linear] epoch 018/30 | train_loss 0.4941 train_acc 0.8298 | val_loss 0.4754 val_acc 0.8365
02:49:55 | probe[linear/vit_small] | INFO | [linear] epoch 019/30 | train_loss 0.4927 train_acc 0.8309 | val_loss 0.4766 val_acc 0.8357
02:50:10 | probe[linear/vit_small] | INFO | [linear] epoch 020/30 | train_loss 0.4922 train_acc 0.8309 | val_loss 0.4743 val_acc 0.8371
02:50:26 | probe[linear/vit_small] | INFO | [linear] epoch 021/30 | train_loss 0.4891 train_acc 0.8322 | val_loss 0.4775 val_acc 0.8339
02:50:41 | probe[linear/vit_small] | INFO | [linear] epoch 022/30 | train_loss 0.4870 train_acc 0.8324 | val_loss 0.4742 val_acc 0.8355
02:50:56 | probe[linear/vit_small] | INFO | [linear] epoch 023/30 | train_loss 0.4871 train_acc 0.8326 | val_loss 0.4724 val_acc 0.8374
02:51:12 | probe[linear/vit_small] | INFO | [linear] epoch 024/30 | train_loss 0.4886 train_acc 0.8341 | val_loss 0.4731 val_acc 0.8366
02:51:27 | probe[linear/vit_small] | INFO | [linear] epoch 025/30 | train_loss 0.4880 train_acc 0.8309 | val_loss 0.4715 val_acc 0.8380
02:51:42 | probe[linear/vit_small] | INFO | [linear] epoch 026/30 | train_loss 0.4873 train_acc 0.8322 | val_loss 0.4718 val_acc 0.8367
02:51:58 | probe[linear/vit_small] | INFO | [linear] epoch 027/30 | train_loss 0.4881 train_acc 0.8322 | val_loss 0.4720 val_acc 0.8364
02:52:12 | probe[linear/vit_small] | INFO | [linear] epoch 028/30 | train_loss 0.4861 train_acc 0.8321 | val_loss 0.4709 val_acc 0.8378
02:52:28 | probe[linear/vit_small] | INFO | [linear] epoch 029/30 | train_loss 0.4868 train_acc 0.8336 | val_loss 0.4714 val_acc 0.8375
02:52:42 | probe[linear/vit_small] | INFO | [linear] epoch 030/30 | train_loss 0.4876 train_acc 0.8330 | val_loss 0.4714 val_acc 0.8371
02:52:42 | probe[linear/vit_small] | INFO | [linear] done in 00:07:42 | best val_acc 0.8380
02:52:44 | eval[sal-vit_small-frac10-topkUniform-mask75-inv025/vit_small] | INFO | Linear test acc 0.8394 | bal-acc 0.7906 | f1-macro 0.7758 | AUC 0.9820248482559114
02:53:00 | probe[finetune_10pct/vit_small] | INFO | Loaded backbone weights — missing: 0, unexpected: 0
02:53:05 | probe[finetune_10pct/vit_small] | INFO | [finetune_10pct] epoch 001/30 | train_loss 1.8450 train_acc 0.3572 | val_loss 0.8738 val_acc 0.6652
02:53:09 | probe[finetune_10pct/vit_small] | INFO | [finetune_10pct] epoch 002/30 | train_loss 0.6338 train_acc 0.7768 | val_loss 0.4713 val_acc 0.8349
02:53:13 | probe[finetune_10pct/vit_small] | INFO | [finetune_10pct] epoch 003/30 | train_loss 0.4928 train_acc 0.8199 | val_loss 0.4842 val_acc 0.8171
02:53:17 | probe[finetune_10pct/vit_small] | INFO | [finetune_10pct] epoch 004/30 | train_loss 0.4288 train_acc 0.8478 | val_loss 0.3719 val_acc 0.8591
02:53:22 | probe[finetune_10pct/vit_small] | INFO | [finetune_10pct] epoch 005/30 | train_loss 0.3870 train_acc 0.8613 | val_loss 0.3424 val_acc 0.8833
02:53:26 | probe[finetune_10pct/vit_small] | INFO | [finetune_10pct] epoch 006/30 | train_loss 0.3536 train_acc 0.8742 | val_loss 0.3471 val_acc 0.8760
02:53:30 | probe[finetune_10pct/vit_small] | INFO | [finetune_10pct] epoch 007/30 | train_loss 0.3546 train_acc 0.8733 | val_loss 0.3082 val_acc 0.8926
02:53:34 | probe[finetune_10pct/vit_small] | INFO | [finetune_10pct] epoch 008/30 | train_loss 0.3102 train_acc 0.8950 | val_loss 0.2953 val_acc 0.8971
02:53:39 | probe[finetune_10pct/vit_small] | INFO | [finetune_10pct] epoch 009/30 | train_loss 0.3119 train_acc 0.8888 | val_loss 0.2929 val_acc 0.8989
02:53:43 | probe[finetune_10pct/vit_small] | INFO | [finetune_10pct] epoch 010/30 | train_loss 0.3044 train_acc 0.8908 | val_loss 0.3251 val_acc 0.8820
02:53:47 | probe[finetune_10pct/vit_small] | INFO | [finetune_10pct] epoch 011/30 | train_loss 0.2714 train_acc 0.9047 | val_loss 0.3100 val_acc 0.8921
02:53:51 | probe[finetune_10pct/vit_small] | INFO | [finetune_10pct] epoch 012/30 | train_loss 0.2559 train_acc 0.9092 | val_loss 0.2547 val_acc 0.9130
02:53:55 | probe[finetune_10pct/vit_small] | INFO | [finetune_10pct] epoch 013/30 | train_loss 0.2431 train_acc 0.9131 | val_loss 0.2282 val_acc 0.9227
02:54:00 | probe[finetune_10pct/vit_small] | INFO | [finetune_10pct] epoch 014/30 | train_loss 0.2238 train_acc 0.9237 | val_loss 0.2232 val_acc 0.9260
02:54:04 | probe[finetune_10pct/vit_small] | INFO | [finetune_10pct] epoch 015/30 | train_loss 0.2147 train_acc 0.9241 | val_loss 0.2101 val_acc 0.9305
02:54:08 | probe[finetune_10pct/vit_small] | INFO | [finetune_10pct] epoch 016/30 | train_loss 0.2091 train_acc 0.9281 | val_loss 0.2058 val_acc 0.9325
02:54:12 | probe[finetune_10pct/vit_small] | INFO | [finetune_10pct] epoch 017/30 | train_loss 0.2032 train_acc 0.9297 | val_loss 0.2127 val_acc 0.9270
02:54:16 | probe[finetune_10pct/vit_small] | INFO | [finetune_10pct] epoch 018/30 | train_loss 0.1831 train_acc 0.9369 | val_loss 0.1952 val_acc 0.9360
02:54:21 | probe[finetune_10pct/vit_small] | INFO | [finetune_10pct] epoch 019/30 | train_loss 0.1749 train_acc 0.9360 | val_loss 0.1761 val_acc 0.9420
02:54:24 | probe[finetune_10pct/vit_small] | INFO | [finetune_10pct] epoch 020/30 | train_loss 0.1647 train_acc 0.9397 | val_loss 0.1998 val_acc 0.9314
02:54:28 | probe[finetune_10pct/vit_small] | INFO | [finetune_10pct] epoch 021/30 | train_loss 0.1643 train_acc 0.9439 | val_loss 0.1815 val_acc 0.9396
02:54:33 | probe[finetune_10pct/vit_small] | INFO | [finetune_10pct] epoch 022/30 | train_loss 0.1529 train_acc 0.9477 | val_loss 0.1628 val_acc 0.9474
02:54:37 | probe[finetune_10pct/vit_small] | INFO | [finetune_10pct] epoch 023/30 | train_loss 0.1513 train_acc 0.9470 | val_loss 0.1616 val_acc 0.9479
02:54:41 | probe[finetune_10pct/vit_small] | INFO | [finetune_10pct] epoch 024/30 | train_loss 0.1396 train_acc 0.9488 | val_loss 0.1671 val_acc 0.9460
02:54:45 | probe[finetune_10pct/vit_small] | INFO | [finetune_10pct] epoch 025/30 | train_loss 0.1335 train_acc 0.9530 | val_loss 0.1628 val_acc 0.9484
02:54:50 | probe[finetune_10pct/vit_small] | INFO | [finetune_10pct] epoch 026/30 | train_loss 0.1297 train_acc 0.9546 | val_loss 0.1566 val_acc 0.9503
02:54:54 | probe[finetune_10pct/vit_small] | INFO | [finetune_10pct] epoch 027/30 | train_loss 0.1295 train_acc 0.9538 | val_loss 0.1557 val_acc 0.9503
02:54:58 | probe[finetune_10pct/vit_small] | INFO | [finetune_10pct] epoch 028/30 | train_loss 0.1258 train_acc 0.9573 | val_loss 0.1571 val_acc 0.9492
02:55:02 | probe[finetune_10pct/vit_small] | INFO | [finetune_10pct] epoch 029/30 | train_loss 0.1163 train_acc 0.9631 | val_loss 0.1582 val_acc 0.9487
02:55:07 | probe[finetune_10pct/vit_small] | INFO | [finetune_10pct] epoch 030/30 | train_loss 0.1255 train_acc 0.9551 | val_loss 0.1557 val_acc 0.9501
02:55:07 | probe[finetune_10pct/vit_small] | INFO | [finetune_10pct] done in 00:02:06 | best val_acc 0.9503
02:55:08 | eval[sal-vit_small-frac10-topkUniform-mask75-inv025/vit_small] | INFO | Low-shot 10.0% (n=9000) -> test acc 0.8947 | bal-acc 0.8643 | f1-macro 0.8591
02:55:24 | probe[finetune_1pct/vit_small] | INFO | Loaded backbone weights — missing: 0, unexpected: 0
02:55:27 | probe[finetune_1pct/vit_small] | INFO | [finetune_1pct] epoch 001/30 | train_loss 2.2147 train_acc 0.1343 | val_loss 2.0182 val_acc 0.3637
02:55:30 | probe[finetune_1pct/vit_small] | INFO | [finetune_1pct] epoch 002/30 | train_loss 1.8962 train_acc 0.3940 | val_loss 1.5571 val_acc 0.4762
02:55:33 | probe[finetune_1pct/vit_small] | INFO | [finetune_1pct] epoch 003/30 | train_loss 1.3401 train_acc 0.5461 | val_loss 0.9572 val_acc 0.6853
02:55:36 | probe[finetune_1pct/vit_small] | INFO | [finetune_1pct] epoch 004/30 | train_loss 0.9135 train_acc 0.6693 | val_loss 0.8177 val_acc 0.7325
02:55:38 | probe[finetune_1pct/vit_small] | INFO | [finetune_1pct] epoch 005/30 | train_loss 0.7700 train_acc 0.7303 | val_loss 0.8231 val_acc 0.6984
02:55:41 | probe[finetune_1pct/vit_small] | INFO | [finetune_1pct] epoch 006/30 | train_loss 0.7181 train_acc 0.7358 | val_loss 0.6775 val_acc 0.7550
02:55:44 | probe[finetune_1pct/vit_small] | INFO | [finetune_1pct] epoch 007/30 | train_loss 0.6907 train_acc 0.7492 | val_loss 0.7045 val_acc 0.7505
02:55:47 | probe[finetune_1pct/vit_small] | INFO | [finetune_1pct] epoch 008/30 | train_loss 0.6227 train_acc 0.7680 | val_loss 0.5743 val_acc 0.7957
02:55:49 | probe[finetune_1pct/vit_small] | INFO | [finetune_1pct] epoch 009/30 | train_loss 0.5855 train_acc 0.7947 | val_loss 0.6102 val_acc 0.7650
02:55:52 | probe[finetune_1pct/vit_small] | INFO | [finetune_1pct] epoch 010/30 | train_loss 0.5730 train_acc 0.7847 | val_loss 0.5584 val_acc 0.7998
02:55:54 | probe[finetune_1pct/vit_small] | INFO | [finetune_1pct] epoch 011/30 | train_loss 0.5469 train_acc 0.7969 | val_loss 0.5447 val_acc 0.8006
02:55:57 | probe[finetune_1pct/vit_small] | INFO | [finetune_1pct] epoch 012/30 | train_loss 0.5225 train_acc 0.7936 | val_loss 0.5207 val_acc 0.8212
02:56:00 | probe[finetune_1pct/vit_small] | INFO | [finetune_1pct] epoch 013/30 | train_loss 0.5211 train_acc 0.8202 | val_loss 0.4951 val_acc 0.8213
02:56:03 | probe[finetune_1pct/vit_small] | INFO | [finetune_1pct] epoch 014/30 | train_loss 0.4552 train_acc 0.8357 | val_loss 0.4952 val_acc 0.8277
02:56:05 | probe[finetune_1pct/vit_small] | INFO | [finetune_1pct] epoch 015/30 | train_loss 0.4266 train_acc 0.8468 | val_loss 0.4550 val_acc 0.8428
02:56:08 | probe[finetune_1pct/vit_small] | INFO | [finetune_1pct] epoch 016/30 | train_loss 0.4157 train_acc 0.8479 | val_loss 0.4819 val_acc 0.8384
02:56:11 | probe[finetune_1pct/vit_small] | INFO | [finetune_1pct] epoch 017/30 | train_loss 0.4254 train_acc 0.8446 | val_loss 0.4576 val_acc 0.8412
02:56:13 | probe[finetune_1pct/vit_small] | INFO | [finetune_1pct] epoch 018/30 | train_loss 0.3729 train_acc 0.8690 | val_loss 0.4428 val_acc 0.8504
02:56:16 | probe[finetune_1pct/vit_small] | INFO | [finetune_1pct] epoch 019/30 | train_loss 0.3743 train_acc 0.8557 | val_loss 0.4312 val_acc 0.8543
02:56:19 | probe[finetune_1pct/vit_small] | INFO | [finetune_1pct] epoch 020/30 | train_loss 0.3583 train_acc 0.8768 | val_loss 0.4437 val_acc 0.8473
02:56:21 | probe[finetune_1pct/vit_small] | INFO | [finetune_1pct] epoch 021/30 | train_loss 0.3356 train_acc 0.8701 | val_loss 0.4817 val_acc 0.8348
02:56:24 | probe[finetune_1pct/vit_small] | INFO | [finetune_1pct] epoch 022/30 | train_loss 0.3671 train_acc 0.8602 | val_loss 0.4198 val_acc 0.8565
02:56:27 | probe[finetune_1pct/vit_small] | INFO | [finetune_1pct] epoch 023/30 | train_loss 0.3548 train_acc 0.8735 | val_loss 0.4113 val_acc 0.8594
02:56:30 | probe[finetune_1pct/vit_small] | INFO | [finetune_1pct] epoch 024/30 | train_loss 0.3445 train_acc 0.8679 | val_loss 0.4249 val_acc 0.8504
02:56:32 | probe[finetune_1pct/vit_small] | INFO | [finetune_1pct] epoch 025/30 | train_loss 0.3373 train_acc 0.8768 | val_loss 0.4278 val_acc 0.8532
02:56:35 | probe[finetune_1pct/vit_small] | INFO | [finetune_1pct] epoch 026/30 | train_loss 0.3224 train_acc 0.8746 | val_loss 0.4253 val_acc 0.8543
02:56:37 | probe[finetune_1pct/vit_small] | INFO | [finetune_1pct] epoch 027/30 | train_loss 0.3103 train_acc 0.8757 | val_loss 0.4208 val_acc 0.8554
02:56:40 | probe[finetune_1pct/vit_small] | INFO | [finetune_1pct] epoch 028/30 | train_loss 0.3360 train_acc 0.8812 | val_loss 0.4206 val_acc 0.8550
02:56:42 | probe[finetune_1pct/vit_small] | INFO | [finetune_1pct] epoch 029/30 | train_loss 0.3071 train_acc 0.8912 | val_loss 0.4202 val_acc 0.8563
02:56:45 | probe[finetune_1pct/vit_small] | INFO | [finetune_1pct] epoch 030/30 | train_loss 0.3167 train_acc 0.8868 | val_loss 0.4200 val_acc 0.8559
02:56:45 | probe[finetune_1pct/vit_small] | INFO | [finetune_1pct] done in 00:01:20 | best val_acc 0.8594
02:56:47 | eval[sal-vit_small-frac10-topkUniform-mask75-inv025/vit_small] | INFO | Low-shot 1.0% (n=901) -> test acc 0.8579 | bal-acc 0.8115 | f1-macro 0.7992
02:56:47 | eval[sal-vit_small-frac10-topkUniform-mask75-inv025/vit_small] | INFO | Downstream evaluation complete.
