================================================================
[rerun] 2026-05-12T09:03:31+00:00  PID=9033
  RUN_DIR  = /workspace/vcl_pathmnist/runs/sal-pathmnist-resnet50-ep100-bs512-seed42
  DOWN_OUT = /workspace/vcl_pathmnist/downstream_sal/sal-resnet50
  SAL      = /workspace/vcl_pathmnist/runs/vae-pathmnist-ld64-b2-ep50-seed42/saliency_train.npy
================================================================
NVIDIA H200, 143771 MiB, 570.195.03
[1/2] Stage 1 -- SalMAE + SalBYOL pretraining (bs=512)
09:05:54 | sal[resnet50] | INFO | SalSSLModel params: total=69.29M trainable=36.33M
09:06:26 | sal[resnet50] | INFO | ep 001/100 it 50/175 | lr 5.71e-05 | loss 2.0596 | loss_mae 1.0640 | loss_byol 1.1020
09:06:43 | sal[resnet50] | INFO | ep 001/100 it 100/175 | lr 1.14e-04 | loss 1.6799 | loss_mae 0.8373 | loss_byol 0.9264
09:06:59 | sal[resnet50] | INFO | ep 001/100 it 150/175 | lr 1.71e-04 | loss 1.5251 | loss_mae 0.7127 | loss_byol 0.8837
09:07:07 | sal[resnet50] | INFO | epoch 001 done in 00:01:12 | loss 1.4841 | mae 0.6765 | byol 0.8752
09:07:25 | sal[resnet50] | INFO | ep 002/100 it 50/175 | lr 2.57e-04 | loss 1.2338 | loss_mae 0.4596 | loss_byol 0.8201
09:07:41 | sal[resnet50] | INFO | ep 002/100 it 100/175 | lr 3.14e-04 | loss 1.2188 | loss_mae 0.4569 | loss_byol 0.8075
09:07:56 | sal[resnet50] | INFO | ep 002/100 it 150/175 | lr 3.71e-04 | loss 1.1981 | loss_mae 0.4553 | loss_byol 0.7883
09:08:04 | sal[resnet50] | INFO | epoch 002 done in 00:00:57 | loss 1.1857 | mae 0.4549 | byol 0.7764
09:08:23 | sal[resnet50] | INFO | ep 003/100 it 50/175 | lr 4.57e-04 | loss 1.0341 | loss_mae 0.4504 | loss_byol 0.6288
09:08:38 | sal[resnet50] | INFO | ep 003/100 it 100/175 | lr 5.14e-04 | loss 0.9950 | loss_mae 0.4498 | loss_byol 0.5902
09:08:53 | sal[resnet50] | INFO | ep 003/100 it 150/175 | lr 5.71e-04 | loss 0.9551 | loss_mae 0.4487 | loss_byol 0.5513
09:09:01 | sal[resnet50] | INFO | epoch 003 done in 00:00:57 | loss 0.9353 | mae 0.4484 | byol 0.5317
09:09:20 | sal[resnet50] | INFO | ep 004/100 it 50/175 | lr 6.57e-04 | loss 0.7651 | loss_mae 0.4438 | loss_byol 0.3657
09:09:35 | sal[resnet50] | INFO | ep 004/100 it 100/175 | lr 7.14e-04 | loss 0.7409 | loss_mae 0.4409 | loss_byol 0.3441
09:09:51 | sal[resnet50] | INFO | ep 004/100 it 150/175 | lr 7.71e-04 | loss 0.7215 | loss_mae 0.4375 | loss_byol 0.3278
09:09:59 | sal[resnet50] | INFO | epoch 004 done in 00:00:57 | loss 0.7101 | mae 0.4346 | byol 0.3190
09:10:17 | sal[resnet50] | INFO | ep 005/100 it 50/175 | lr 8.57e-04 | loss 0.6204 | loss_mae 0.4133 | loss_byol 0.2484
09:10:33 | sal[resnet50] | INFO | ep 005/100 it 100/175 | lr 9.14e-04 | loss 0.6067 | loss_mae 0.4115 | loss_byol 0.2364
09:10:48 | sal[resnet50] | INFO | ep 005/100 it 150/175 | lr 9.71e-04 | loss 0.5976 | loss_mae 0.4098 | loss_byol 0.2288
09:10:56 | sal[resnet50] | INFO | epoch 005 done in 00:00:57 | loss 0.5928 | mae 0.4094 | byol 0.2244
09:11:15 | sal[resnet50] | INFO | ep 006/100 it 50/175 | lr 1.00e-03 | loss 0.5562 | loss_mae 0.4040 | loss_byol 0.1926
09:11:30 | sal[resnet50] | INFO | ep 006/100 it 100/175 | lr 1.00e-03 | loss 0.5494 | loss_mae 0.4039 | loss_byol 0.1859
09:11:46 | sal[resnet50] | INFO | ep 006/100 it 150/175 | lr 1.00e-03 | loss 0.5427 | loss_mae 0.4025 | loss_byol 0.1804
09:11:53 | sal[resnet50] | INFO | epoch 006 done in 00:00:57 | loss 0.5393 | mae 0.4017 | byol 0.1777
09:12:12 | sal[resnet50] | INFO | ep 007/100 it 50/175 | lr 1.00e-03 | loss 0.5171 | loss_mae 0.3980 | loss_byol 0.1589
09:12:28 | sal[resnet50] | INFO | ep 007/100 it 100/175 | lr 9.99e-04 | loss 0.5147 | loss_mae 0.3978 | loss_byol 0.1567
09:12:43 | sal[resnet50] | INFO | ep 007/100 it 150/175 | lr 9.99e-04 | loss 0.5122 | loss_mae 0.3976 | loss_byol 0.1543
09:12:51 | sal[resnet50] | INFO | epoch 007 done in 00:00:57 | loss 0.5099 | mae 0.3968 | byol 0.1528
09:13:10 | sal[resnet50] | INFO | ep 008/100 it 50/175 | lr 9.99e-04 | loss 0.4956 | loss_mae 0.3928 | loss_byol 0.1421
09:13:26 | sal[resnet50] | INFO | ep 008/100 it 100/175 | lr 9.98e-04 | loss 0.4958 | loss_mae 0.3916 | loss_byol 0.1434
09:13:41 | sal[resnet50] | INFO | ep 008/100 it 150/175 | lr 9.98e-04 | loss 0.4925 | loss_mae 0.3897 | loss_byol 0.1418
09:13:49 | sal[resnet50] | INFO | epoch 008 done in 00:00:58 | loss 0.4913 | mae 0.3892 | byol 0.1410
09:14:08 | sal[resnet50] | INFO | ep 009/100 it 50/175 | lr 9.97e-04 | loss 0.4785 | loss_mae 0.3822 | loss_byol 0.1346
09:14:24 | sal[resnet50] | INFO | ep 009/100 it 100/175 | lr 9.97e-04 | loss 0.4774 | loss_mae 0.3809 | loss_byol 0.1346
09:14:41 | sal[resnet50] | INFO | ep 009/100 it 150/175 | lr 9.96e-04 | loss 0.4761 | loss_mae 0.3810 | loss_byol 0.1331
09:14:49 | sal[resnet50] | INFO | epoch 009 done in 00:00:59 | loss 0.4748 | mae 0.3806 | byol 0.1322
09:15:07 | sal[resnet50] | INFO | ep 010/100 it 50/175 | lr 9.95e-04 | loss 0.4649 | loss_mae 0.3768 | loss_byol 0.1258
09:15:23 | sal[resnet50] | INFO | ep 010/100 it 100/175 | lr 9.94e-04 | loss 0.4657 | loss_mae 0.3770 | loss_byol 0.1264
09:15:39 | sal[resnet50] | INFO | ep 010/100 it 150/175 | lr 9.94e-04 | loss 0.4637 | loss_mae 0.3765 | loss_byol 0.1248
09:15:46 | sal[resnet50] | INFO | epoch 010 done in 00:00:57 | loss 0.4628 | mae 0.3759 | byol 0.1245
09:16:06 | sal[resnet50] | INFO | ep 011/100 it 50/175 | lr 9.92e-04 | loss 0.4560 | loss_mae 0.3732 | loss_byol 0.1201
09:16:22 | sal[resnet50] | INFO | ep 011/100 it 100/175 | lr 9.92e-04 | loss 0.4541 | loss_mae 0.3716 | loss_byol 0.1196
09:16:38 | sal[resnet50] | INFO | ep 011/100 it 150/175 | lr 9.91e-04 | loss 0.4548 | loss_mae 0.3716 | loss_byol 0.1204
09:16:46 | sal[resnet50] | INFO | epoch 011 done in 00:00:59 | loss 0.4548 | mae 0.3718 | byol 0.1202
09:17:05 | sal[resnet50] | INFO | ep 012/100 it 50/175 | lr 9.89e-04 | loss 0.4527 | loss_mae 0.3701 | loss_byol 0.1196
09:17:21 | sal[resnet50] | INFO | ep 012/100 it 100/175 | lr 9.88e-04 | loss 0.4505 | loss_mae 0.3690 | loss_byol 0.1184
09:17:38 | sal[resnet50] | INFO | ep 012/100 it 150/175 | lr 9.87e-04 | loss 0.4500 | loss_mae 0.3684 | loss_byol 0.1185
09:17:46 | sal[resnet50] | INFO | epoch 012 done in 00:01:00 | loss 0.4496 | mae 0.3683 | byol 0.1181
09:18:05 | sal[resnet50] | INFO | ep 013/100 it 50/175 | lr 9.86e-04 | loss 0.4443 | loss_mae 0.3648 | loss_byol 0.1159
09:18:22 | sal[resnet50] | INFO | ep 013/100 it 100/175 | lr 9.85e-04 | loss 0.4443 | loss_mae 0.3646 | loss_byol 0.1161
09:18:38 | sal[resnet50] | INFO | ep 013/100 it 150/175 | lr 9.83e-04 | loss 0.4448 | loss_mae 0.3648 | loss_byol 0.1165
09:18:46 | sal[resnet50] | INFO | epoch 013 done in 00:00:59 | loss 0.4452 | mae 0.3648 | byol 0.1168
09:19:05 | sal[resnet50] | INFO | ep 014/100 it 50/175 | lr 9.82e-04 | loss 0.4459 | loss_mae 0.3645 | loss_byol 0.1178
09:19:22 | sal[resnet50] | INFO | ep 014/100 it 100/175 | lr 9.80e-04 | loss 0.4454 | loss_mae 0.3629 | loss_byol 0.1187
09:19:38 | sal[resnet50] | INFO | ep 014/100 it 150/175 | lr 9.79e-04 | loss 0.4450 | loss_mae 0.3623 | loss_byol 0.1190
09:19:46 | sal[resnet50] | INFO | epoch 014 done in 00:01:00 | loss 0.4450 | mae 0.3623 | byol 0.1189
09:20:05 | sal[resnet50] | INFO | ep 015/100 it 50/175 | lr 9.77e-04 | loss 0.4462 | loss_mae 0.3605 | loss_byol 0.1218
09:20:21 | sal[resnet50] | INFO | ep 015/100 it 100/175 | lr 9.75e-04 | loss 0.4457 | loss_mae 0.3606 | loss_byol 0.1212
09:20:37 | sal[resnet50] | INFO | ep 015/100 it 150/175 | lr 9.74e-04 | loss 0.4463 | loss_mae 0.3600 | loss_byol 0.1223
09:20:45 | sal[resnet50] | INFO | epoch 015 done in 00:00:58 | loss 0.4458 | mae 0.3594 | byol 0.1223
09:21:04 | sal[resnet50] | INFO | ep 016/100 it 50/175 | lr 9.72e-04 | loss 0.4466 | loss_mae 0.3592 | loss_byol 0.1233
09:21:19 | sal[resnet50] | INFO | ep 016/100 it 100/175 | lr 9.70e-04 | loss 0.4470 | loss_mae 0.3584 | loss_byol 0.1245
09:21:34 | sal[resnet50] | INFO | ep 016/100 it 150/175 | lr 9.68e-04 | loss 0.4470 | loss_mae 0.3580 | loss_byol 0.1249
09:21:42 | sal[resnet50] | INFO | epoch 016 done in 00:00:57 | loss 0.4472 | mae 0.3580 | byol 0.1250
09:22:01 | sal[resnet50] | INFO | ep 017/100 it 50/175 | lr 9.66e-04 | loss 0.4457 | loss_mae 0.3562 | loss_byol 0.1251
09:22:16 | sal[resnet50] | INFO | ep 017/100 it 100/175 | lr 9.64e-04 | loss 0.4476 | loss_mae 0.3570 | loss_byol 0.1263
09:22:31 | sal[resnet50] | INFO | ep 017/100 it 150/175 | lr 9.62e-04 | loss 0.4477 | loss_mae 0.3570 | loss_byol 0.1265
09:22:39 | sal[resnet50] | INFO | epoch 017 done in 00:00:57 | loss 0.4478 | mae 0.3570 | byol 0.1265
09:22:57 | sal[resnet50] | INFO | ep 018/100 it 50/175 | lr 9.60e-04 | loss 0.4454 | loss_mae 0.3551 | loss_byol 0.1258
09:23:13 | sal[resnet50] | INFO | ep 018/100 it 100/175 | lr 9.58e-04 | loss 0.4458 | loss_mae 0.3556 | loss_byol 0.1258
09:23:29 | sal[resnet50] | INFO | ep 018/100 it 150/175 | lr 9.56e-04 | loss 0.4463 | loss_mae 0.3552 | loss_byol 0.1266
09:23:36 | sal[resnet50] | INFO | epoch 018 done in 00:00:57 | loss 0.4463 | mae 0.3550 | byol 0.1268
09:23:55 | sal[resnet50] | INFO | ep 019/100 it 50/175 | lr 9.53e-04 | loss 0.4448 | loss_mae 0.3530 | loss_byol 0.1271
09:24:10 | sal[resnet50] | INFO | ep 019/100 it 100/175 | lr 9.51e-04 | loss 0.4450 | loss_mae 0.3532 | loss_byol 0.1271
09:24:25 | sal[resnet50] | INFO | ep 019/100 it 150/175 | lr 9.49e-04 | loss 0.4459 | loss_mae 0.3538 | loss_byol 0.1275
09:24:33 | sal[resnet50] | INFO | epoch 019 done in 00:00:56 | loss 0.4459 | mae 0.3541 | byol 0.1273
09:24:52 | sal[resnet50] | INFO | ep 020/100 it 50/175 | lr 9.46e-04 | loss 0.4409 | loss_mae 0.3535 | loss_byol 0.1227
09:25:07 | sal[resnet50] | INFO | ep 020/100 it 100/175 | lr 9.44e-04 | loss 0.4433 | loss_mae 0.3532 | loss_byol 0.1255
09:25:23 | sal[resnet50] | INFO | ep 020/100 it 150/175 | lr 9.41e-04 | loss 0.4421 | loss_mae 0.3525 | loss_byol 0.1249
09:25:31 | sal[resnet50] | INFO | epoch 020 done in 00:00:57 | loss 0.4417 | mae 0.3522 | byol 0.1248
09:25:49 | sal[resnet50] | INFO | ep 021/100 it 50/175 | lr 9.38e-04 | loss 0.4435 | loss_mae 0.3508 | loss_byol 0.1278
09:26:05 | sal[resnet50] | INFO | ep 021/100 it 100/175 | lr 9.36e-04 | loss 0.4426 | loss_mae 0.3511 | loss_byol 0.1266
09:26:20 | sal[resnet50] | INFO | ep 021/100 it 150/175 | lr 9.34e-04 | loss 0.4419 | loss_mae 0.3512 | loss_byol 0.1258
09:26:28 | sal[resnet50] | INFO | epoch 021 done in 00:00:57 | loss 0.4418 | mae 0.3513 | byol 0.1256
09:26:47 | sal[resnet50] | INFO | ep 022/100 it 50/175 | lr 9.30e-04 | loss 0.4416 | loss_mae 0.3533 | loss_byol 0.1237
09:27:03 | sal[resnet50] | INFO | ep 022/100 it 100/175 | lr 9.28e-04 | loss 0.4399 | loss_mae 0.3524 | loss_byol 0.1227
09:27:19 | sal[resnet50] | INFO | ep 022/100 it 150/175 | lr 9.25e-04 | loss 0.4387 | loss_mae 0.3515 | loss_byol 0.1223
09:27:27 | sal[resnet50] | INFO | epoch 022 done in 00:00:58 | loss 0.4379 | mae 0.3508 | byol 0.1221
09:27:45 | sal[resnet50] | INFO | ep 023/100 it 50/175 | lr 9.21e-04 | loss 0.4544 | loss_mae 0.3502 | loss_byol 0.1392
09:28:01 | sal[resnet50] | INFO | ep 023/100 it 100/175 | lr 9.19e-04 | loss 0.4529 | loss_mae 0.3503 | loss_byol 0.1376
09:28:16 | sal[resnet50] | INFO | ep 023/100 it 150/175 | lr 9.16e-04 | loss 0.4487 | loss_mae 0.3504 | loss_byol 0.1334
09:28:24 | sal[resnet50] | INFO | epoch 023 done in 00:00:56 | loss 0.4476 | mae 0.3501 | byol 0.1325
09:28:42 | sal[resnet50] | INFO | ep 024/100 it 50/175 | lr 9.12e-04 | loss 0.4387 | loss_mae 0.3497 | loss_byol 0.1239
09:28:57 | sal[resnet50] | INFO | ep 024/100 it 100/175 | lr 9.10e-04 | loss 0.4444 | loss_mae 0.3500 | loss_byol 0.1294
09:29:13 | sal[resnet50] | INFO | ep 024/100 it 150/175 | lr 9.07e-04 | loss 0.4477 | loss_mae 0.3497 | loss_byol 0.1330
09:29:20 | sal[resnet50] | INFO | epoch 024 done in 00:00:56 | loss 0.4470 | mae 0.3495 | byol 0.1325
09:29:39 | sal[resnet50] | INFO | ep 025/100 it 50/175 | lr 9.03e-04 | loss 0.4427 | loss_mae 0.3473 | loss_byol 0.1301
09:29:54 | sal[resnet50] | INFO | ep 025/100 it 100/175 | lr 9.00e-04 | loss 0.4433 | loss_mae 0.3490 | loss_byol 0.1292
09:30:10 | sal[resnet50] | INFO | ep 025/100 it 150/175 | lr 8.97e-04 | loss 0.4412 | loss_mae 0.3480 | loss_byol 0.1280
09:30:18 | sal[resnet50] | INFO | epoch 025 done in 00:00:57 | loss 0.4408 | mae 0.3480 | byol 0.1276
09:30:37 | sal[resnet50] | INFO | ep 026/100 it 50/175 | lr 8.93e-04 | loss 0.4352 | loss_mae 0.3477 | loss_byol 0.1223
09:30:53 | sal[resnet50] | INFO | ep 026/100 it 100/175 | lr 8.90e-04 | loss 0.4347 | loss_mae 0.3473 | loss_byol 0.1221
09:31:09 | sal[resnet50] | INFO | ep 026/100 it 150/175 | lr 8.87e-04 | loss 0.4334 | loss_mae 0.3469 | loss_byol 0.1212
09:31:17 | sal[resnet50] | INFO | epoch 026 done in 00:00:58 | loss 0.4331 | mae 0.3472 | byol 0.1206
09:31:35 | sal[resnet50] | INFO | ep 027/100 it 50/175 | lr 8.82e-04 | loss 0.4254 | loss_mae 0.3450 | loss_byol 0.1149
09:31:51 | sal[resnet50] | INFO | ep 027/100 it 100/175 | lr 8.79e-04 | loss 0.4273 | loss_mae 0.3470 | loss_byol 0.1150
09:32:06 | sal[resnet50] | INFO | ep 027/100 it 150/175 | lr 8.76e-04 | loss 0.4276 | loss_mae 0.3466 | loss_byol 0.1156
09:32:14 | sal[resnet50] | INFO | epoch 027 done in 00:00:57 | loss 0.4275 | mae 0.3465 | byol 0.1156
09:32:32 | sal[resnet50] | INFO | ep 028/100 it 50/175 | lr 8.72e-04 | loss 0.4254 | loss_mae 0.3457 | loss_byol 0.1143
09:32:48 | sal[resnet50] | INFO | ep 028/100 it 100/175 | lr 8.68e-04 | loss 0.4244 | loss_mae 0.3454 | loss_byol 0.1135
09:33:03 | sal[resnet50] | INFO | ep 028/100 it 150/175 | lr 8.65e-04 | loss 0.4248 | loss_mae 0.3458 | loss_byol 0.1136
09:33:10 | sal[resnet50] | INFO | epoch 028 done in 00:00:56 | loss 0.4250 | mae 0.3458 | byol 0.1138
09:33:28 | sal[resnet50] | INFO | ep 029/100 it 50/175 | lr 8.60e-04 | loss 0.4219 | loss_mae 0.3453 | loss_byol 0.1111
09:33:44 | sal[resnet50] | INFO | ep 029/100 it 100/175 | lr 8.57e-04 | loss 0.4213 | loss_mae 0.3449 | loss_byol 0.1109
09:33:59 | sal[resnet50] | INFO | ep 029/100 it 150/175 | lr 8.54e-04 | loss 0.4210 | loss_mae 0.3451 | loss_byol 0.1104
09:34:07 | sal[resnet50] | INFO | epoch 029 done in 00:00:56 | loss 0.4214 | mae 0.3452 | byol 0.1107
09:34:25 | sal[resnet50] | INFO | ep 030/100 it 50/175 | lr 8.49e-04 | loss 0.4224 | loss_mae 0.3453 | loss_byol 0.1116
09:34:41 | sal[resnet50] | INFO | ep 030/100 it 100/175 | lr 8.45e-04 | loss 0.4214 | loss_mae 0.3444 | loss_byol 0.1114
09:34:56 | sal[resnet50] | INFO | ep 030/100 it 150/175 | lr 8.42e-04 | loss 0.4214 | loss_mae 0.3444 | loss_byol 0.1114
09:35:04 | sal[resnet50] | INFO | epoch 030 done in 00:00:57 | loss 0.4218 | mae 0.3445 | byol 0.1117
09:35:22 | sal[resnet50] | INFO | ep 031/100 it 50/175 | lr 8.37e-04 | loss 0.4200 | loss_mae 0.3443 | loss_byol 0.1101
09:35:38 | sal[resnet50] | INFO | ep 031/100 it 100/175 | lr 8.33e-04 | loss 0.4200 | loss_mae 0.3442 | loss_byol 0.1102
09:35:54 | sal[resnet50] | INFO | ep 031/100 it 150/175 | lr 8.30e-04 | loss 0.4192 | loss_mae 0.3438 | loss_byol 0.1097
09:36:02 | sal[resnet50] | INFO | epoch 031 done in 00:00:57 | loss 0.4194 | mae 0.3441 | byol 0.1097
09:36:20 | sal[resnet50] | INFO | ep 032/100 it 50/175 | lr 8.25e-04 | loss 0.4195 | loss_mae 0.3440 | loss_byol 0.1099
09:36:36 | sal[resnet50] | INFO | ep 032/100 it 100/175 | lr 8.21e-04 | loss 0.4190 | loss_mae 0.3442 | loss_byol 0.1092
09:36:51 | sal[resnet50] | INFO | ep 032/100 it 150/175 | lr 8.17e-04 | loss 0.4194 | loss_mae 0.3440 | loss_byol 0.1098
09:36:58 | sal[resnet50] | INFO | epoch 032 done in 00:00:56 | loss 0.4189 | mae 0.3439 | byol 0.1094
09:37:17 | sal[resnet50] | INFO | ep 033/100 it 50/175 | lr 8.12e-04 | loss 0.4173 | loss_mae 0.3433 | loss_byol 0.1083
09:37:33 | sal[resnet50] | INFO | ep 033/100 it 100/175 | lr 8.08e-04 | loss 0.4167 | loss_mae 0.3431 | loss_byol 0.1078
09:37:49 | sal[resnet50] | INFO | ep 033/100 it 150/175 | lr 8.04e-04 | loss 0.4167 | loss_mae 0.3433 | loss_byol 0.1077
09:37:57 | sal[resnet50] | INFO | epoch 033 done in 00:00:58 | loss 0.4173 | mae 0.3435 | byol 0.1081
09:38:15 | sal[resnet50] | INFO | ep 034/100 it 50/175 | lr 7.99e-04 | loss 0.4175 | loss_mae 0.3433 | loss_byol 0.1085
09:38:31 | sal[resnet50] | INFO | ep 034/100 it 100/175 | lr 7.95e-04 | loss 0.4185 | loss_mae 0.3436 | loss_byol 0.1093
09:38:46 | sal[resnet50] | INFO | ep 034/100 it 150/175 | lr 7.91e-04 | loss 0.4175 | loss_mae 0.3433 | loss_byol 0.1085
09:38:53 | sal[resnet50] | INFO | epoch 034 done in 00:00:56 | loss 0.4177 | mae 0.3433 | byol 0.1087
09:39:12 | sal[resnet50] | INFO | ep 035/100 it 50/175 | lr 7.86e-04 | loss 0.4130 | loss_mae 0.3424 | loss_byol 0.1049
09:39:28 | sal[resnet50] | INFO | ep 035/100 it 100/175 | lr 7.82e-04 | loss 0.4140 | loss_mae 0.3426 | loss_byol 0.1057
09:39:44 | sal[resnet50] | INFO | ep 035/100 it 150/175 | lr 7.78e-04 | loss 0.4144 | loss_mae 0.3421 | loss_byol 0.1065
09:39:52 | sal[resnet50] | INFO | epoch 035 done in 00:00:58 | loss 0.4148 | mae 0.3423 | byol 0.1067
09:40:10 | sal[resnet50] | INFO | ep 036/100 it 50/175 | lr 7.72e-04 | loss 0.4132 | loss_mae 0.3417 | loss_byol 0.1057
09:40:26 | sal[resnet50] | INFO | ep 036/100 it 100/175 | lr 7.68e-04 | loss 0.4137 | loss_mae 0.3408 | loss_byol 0.1070
09:40:42 | sal[resnet50] | INFO | ep 036/100 it 150/175 | lr 7.64e-04 | loss 0.4147 | loss_mae 0.3410 | loss_byol 0.1078
09:40:50 | sal[resnet50] | INFO | epoch 036 done in 00:00:57 | loss 0.4146 | mae 0.3412 | byol 0.1074
09:41:08 | sal[resnet50] | INFO | ep 037/100 it 50/175 | lr 7.58e-04 | loss 0.4110 | loss_mae 0.3405 | loss_byol 0.1046
09:41:23 | sal[resnet50] | INFO | ep 037/100 it 100/175 | lr 7.54e-04 | loss 0.4124 | loss_mae 0.3406 | loss_byol 0.1059
09:41:39 | sal[resnet50] | INFO | ep 037/100 it 150/175 | lr 7.50e-04 | loss 0.4126 | loss_mae 0.3406 | loss_byol 0.1060
09:41:46 | sal[resnet50] | INFO | epoch 037 done in 00:00:56 | loss 0.4126 | mae 0.3406 | byol 0.1061
09:42:05 | sal[resnet50] | INFO | ep 038/100 it 50/175 | lr 7.44e-04 | loss 0.4134 | loss_mae 0.3410 | loss_byol 0.1064
09:42:21 | sal[resnet50] | INFO | ep 038/100 it 100/175 | lr 7.40e-04 | loss 0.4131 | loss_mae 0.3406 | loss_byol 0.1066
09:42:37 | sal[resnet50] | INFO | ep 038/100 it 150/175 | lr 7.36e-04 | loss 0.4130 | loss_mae 0.3407 | loss_byol 0.1064
09:42:45 | sal[resnet50] | INFO | epoch 038 done in 00:00:58 | loss 0.4128 | mae 0.3409 | byol 0.1060
09:43:04 | sal[resnet50] | INFO | ep 039/100 it 50/175 | lr 7.29e-04 | loss 0.4112 | loss_mae 0.3406 | loss_byol 0.1047
09:43:19 | sal[resnet50] | INFO | ep 039/100 it 100/175 | lr 7.25e-04 | loss 0.4114 | loss_mae 0.3403 | loss_byol 0.1052
09:43:35 | sal[resnet50] | INFO | ep 039/100 it 150/175 | lr 7.21e-04 | loss 0.4117 | loss_mae 0.3407 | loss_byol 0.1051
09:43:43 | sal[resnet50] | INFO | epoch 039 done in 00:00:58 | loss 0.4117 | mae 0.3406 | byol 0.1052
09:44:02 | sal[resnet50] | INFO | ep 040/100 it 50/175 | lr 7.15e-04 | loss 0.4091 | loss_mae 0.3394 | loss_byol 0.1036
09:44:17 | sal[resnet50] | INFO | ep 040/100 it 100/175 | lr 7.10e-04 | loss 0.4092 | loss_mae 0.3397 | loss_byol 0.1034
09:44:33 | sal[resnet50] | INFO | ep 040/100 it 150/175 | lr 7.06e-04 | loss 0.4099 | loss_mae 0.3399 | loss_byol 0.1040
09:44:41 | sal[resnet50] | INFO | epoch 040 done in 00:00:58 | loss 0.4100 | mae 0.3401 | byol 0.1039
09:45:00 | sal[resnet50] | INFO | ep 041/100 it 50/175 | lr 7.00e-04 | loss 0.4094 | loss_mae 0.3398 | loss_byol 0.1036
09:45:15 | sal[resnet50] | INFO | ep 041/100 it 100/175 | lr 6.95e-04 | loss 0.4098 | loss_mae 0.3400 | loss_byol 0.1038
09:45:30 | sal[resnet50] | INFO | ep 041/100 it 150/175 | lr 6.91e-04 | loss 0.4106 | loss_mae 0.3402 | loss_byol 0.1044
09:45:38 | sal[resnet50] | INFO | epoch 041 done in 00:00:56 | loss 0.4103 | mae 0.3397 | byol 0.1046
09:45:57 | sal[resnet50] | INFO | ep 042/100 it 50/175 | lr 6.84e-04 | loss 0.4075 | loss_mae 0.3396 | loss_byol 0.1019
09:46:12 | sal[resnet50] | INFO | ep 042/100 it 100/175 | lr 6.80e-04 | loss 0.4088 | loss_mae 0.3399 | loss_byol 0.1029
09:46:27 | sal[resnet50] | INFO | ep 042/100 it 150/175 | lr 6.76e-04 | loss 0.4096 | loss_mae 0.3395 | loss_byol 0.1041
09:46:35 | sal[resnet50] | INFO | epoch 042 done in 00:00:56 | loss 0.4096 | mae 0.3395 | byol 0.1041
09:46:53 | sal[resnet50] | INFO | ep 043/100 it 50/175 | lr 6.69e-04 | loss 0.4109 | loss_mae 0.3397 | loss_byol 0.1052
09:47:09 | sal[resnet50] | INFO | ep 043/100 it 100/175 | lr 6.65e-04 | loss 0.4096 | loss_mae 0.3398 | loss_byol 0.1038
09:47:25 | sal[resnet50] | INFO | ep 043/100 it 150/175 | lr 6.60e-04 | loss 0.4090 | loss_mae 0.3396 | loss_byol 0.1034
09:47:33 | sal[resnet50] | INFO | epoch 043 done in 00:00:58 | loss 0.4090 | mae 0.3393 | byol 0.1036
09:47:52 | sal[resnet50] | INFO | ep 044/100 it 50/175 | lr 6.54e-04 | loss 0.4086 | loss_mae 0.3410 | loss_byol 0.1017
09:48:07 | sal[resnet50] | INFO | ep 044/100 it 100/175 | lr 6.49e-04 | loss 0.4093 | loss_mae 0.3401 | loss_byol 0.1032
09:48:22 | sal[resnet50] | INFO | ep 044/100 it 150/175 | lr 6.45e-04 | loss 0.4090 | loss_mae 0.3396 | loss_byol 0.1033
09:48:30 | sal[resnet50] | INFO | epoch 044 done in 00:00:56 | loss 0.4088 | mae 0.3395 | byol 0.1033
09:48:48 | sal[resnet50] | INFO | ep 045/100 it 50/175 | lr 6.38e-04 | loss 0.4070 | loss_mae 0.3364 | loss_byol 0.1043
09:49:03 | sal[resnet50] | INFO | ep 045/100 it 100/175 | lr 6.33e-04 | loss 0.4083 | loss_mae 0.3370 | loss_byol 0.1050
09:49:19 | sal[resnet50] | INFO | ep 045/100 it 150/175 | lr 6.29e-04 | loss 0.4090 | loss_mae 0.3381 | loss_byol 0.1048
09:49:27 | sal[resnet50] | INFO | epoch 045 done in 00:00:57 | loss 0.4089 | mae 0.3382 | byol 0.1045
09:49:46 | sal[resnet50] | INFO | ep 046/100 it 50/175 | lr 6.22e-04 | loss 0.4062 | loss_mae 0.3383 | loss_byol 0.1017
09:50:02 | sal[resnet50] | INFO | ep 046/100 it 100/175 | lr 6.18e-04 | loss 0.4062 | loss_mae 0.3379 | loss_byol 0.1021
09:50:17 | sal[resnet50] | INFO | ep 046/100 it 150/175 | lr 6.13e-04 | loss 0.4059 | loss_mae 0.3380 | loss_byol 0.1017
09:50:25 | sal[resnet50] | INFO | epoch 046 done in 00:00:58 | loss 0.4060 | mae 0.3379 | byol 0.1018
09:50:44 | sal[resnet50] | INFO | ep 047/100 it 50/175 | lr 6.06e-04 | loss 0.4049 | loss_mae 0.3374 | loss_byol 0.1012
09:50:59 | sal[resnet50] | INFO | ep 047/100 it 100/175 | lr 6.02e-04 | loss 0.4048 | loss_mae 0.3374 | loss_byol 0.1012
09:51:15 | sal[resnet50] | INFO | ep 047/100 it 150/175 | lr 5.97e-04 | loss 0.4057 | loss_mae 0.3379 | loss_byol 0.1016
09:51:23 | sal[resnet50] | INFO | epoch 047 done in 00:00:57 | loss 0.4052 | mae 0.3377 | byol 0.1013
09:51:41 | sal[resnet50] | INFO | ep 048/100 it 50/175 | lr 5.90e-04 | loss 0.4031 | loss_mae 0.3376 | loss_byol 0.0993
09:51:57 | sal[resnet50] | INFO | ep 048/100 it 100/175 | lr 5.85e-04 | loss 0.4047 | loss_mae 0.3379 | loss_byol 0.1007
09:52:12 | sal[resnet50] | INFO | ep 048/100 it 150/175 | lr 5.81e-04 | loss 0.4047 | loss_mae 0.3378 | loss_byol 0.1007
09:52:20 | sal[resnet50] | INFO | epoch 048 done in 00:00:56 | loss 0.4047 | mae 0.3376 | byol 0.1009
09:52:38 | sal[resnet50] | INFO | ep 049/100 it 50/175 | lr 5.74e-04 | loss 0.4057 | loss_mae 0.3376 | loss_byol 0.1018
09:52:54 | sal[resnet50] | INFO | ep 049/100 it 100/175 | lr 5.69e-04 | loss 0.4049 | loss_mae 0.3373 | loss_byol 0.1013
09:53:09 | sal[resnet50] | INFO | ep 049/100 it 150/175 | lr 5.65e-04 | loss 0.4051 | loss_mae 0.3372 | loss_byol 0.1017
09:53:17 | sal[resnet50] | INFO | epoch 049 done in 00:00:57 | loss 0.4053 | mae 0.3374 | byol 0.1016
09:53:36 | sal[resnet50] | INFO | ep 050/100 it 50/175 | lr 5.58e-04 | loss 0.4038 | loss_mae 0.3377 | loss_byol 0.0999
09:53:51 | sal[resnet50] | INFO | ep 050/100 it 100/175 | lr 5.53e-04 | loss 0.4046 | loss_mae 0.3373 | loss_byol 0.1010
09:54:06 | sal[resnet50] | INFO | ep 050/100 it 150/175 | lr 5.48e-04 | loss 0.4053 | loss_mae 0.3373 | loss_byol 0.1018
09:54:14 | sal[resnet50] | INFO | epoch 050 done in 00:00:56 | loss 0.4054 | mae 0.3372 | byol 0.1020
09:54:32 | sal[resnet50] | INFO | ep 051/100 it 50/175 | lr 5.41e-04 | loss 0.4042 | loss_mae 0.3360 | loss_byol 0.1018
09:54:48 | sal[resnet50] | INFO | ep 051/100 it 100/175 | lr 5.37e-04 | loss 0.4044 | loss_mae 0.3365 | loss_byol 0.1015
09:55:04 | sal[resnet50] | INFO | ep 051/100 it 150/175 | lr 5.32e-04 | loss 0.4041 | loss_mae 0.3367 | loss_byol 0.1010
09:55:12 | sal[resnet50] | INFO | epoch 051 done in 00:00:57 | loss 0.4044 | mae 0.3366 | byol 0.1014
09:55:30 | sal[resnet50] | INFO | ep 052/100 it 50/175 | lr 5.25e-04 | loss 0.4044 | loss_mae 0.3372 | loss_byol 0.1010
09:55:45 | sal[resnet50] | INFO | ep 052/100 it 100/175 | lr 5.20e-04 | loss 0.4031 | loss_mae 0.3364 | loss_byol 0.1003
09:56:00 | sal[resnet50] | INFO | ep 052/100 it 150/175 | lr 5.16e-04 | loss 0.4023 | loss_mae 0.3362 | loss_byol 0.0998
09:56:08 | sal[resnet50] | INFO | epoch 052 done in 00:00:56 | loss 0.4022 | mae 0.3361 | byol 0.0997
09:56:27 | sal[resnet50] | INFO | ep 053/100 it 50/175 | lr 5.09e-04 | loss 0.4022 | loss_mae 0.3362 | loss_byol 0.0996
09:56:43 | sal[resnet50] | INFO | ep 053/100 it 100/175 | lr 5.04e-04 | loss 0.4037 | loss_mae 0.3366 | loss_byol 0.1008
09:56:59 | sal[resnet50] | INFO | ep 053/100 it 150/175 | lr 4.99e-04 | loss 0.4026 | loss_mae 0.3362 | loss_byol 0.1000
09:57:07 | sal[resnet50] | INFO | epoch 053 done in 00:00:58 | loss 0.4028 | mae 0.3365 | byol 0.1000
09:57:25 | sal[resnet50] | INFO | ep 054/100 it 50/175 | lr 4.92e-04 | loss 0.4034 | loss_mae 0.3366 | loss_byol 0.1005
09:57:41 | sal[resnet50] | INFO | ep 054/100 it 100/175 | lr 4.88e-04 | loss 0.4029 | loss_mae 0.3363 | loss_byol 0.1002
09:57:56 | sal[resnet50] | INFO | ep 054/100 it 150/175 | lr 4.83e-04 | loss 0.4016 | loss_mae 0.3360 | loss_byol 0.0992
09:58:04 | sal[resnet50] | INFO | epoch 054 done in 00:00:56 | loss 0.4014 | mae 0.3362 | byol 0.0988
09:58:22 | sal[resnet50] | INFO | ep 055/100 it 50/175 | lr 4.76e-04 | loss 0.3988 | loss_mae 0.3346 | loss_byol 0.0976
09:58:37 | sal[resnet50] | INFO | ep 055/100 it 100/175 | lr 4.71e-04 | loss 0.3995 | loss_mae 0.3353 | loss_byol 0.0978
09:58:52 | sal[resnet50] | INFO | ep 055/100 it 150/175 | lr 4.67e-04 | loss 0.3996 | loss_mae 0.3350 | loss_byol 0.0981
09:59:00 | sal[resnet50] | INFO | epoch 055 done in 00:00:56 | loss 0.4000 | mae 0.3354 | byol 0.0982
09:59:19 | sal[resnet50] | INFO | ep 056/100 it 50/175 | lr 4.60e-04 | loss 0.3998 | loss_mae 0.3351 | loss_byol 0.0982
09:59:34 | sal[resnet50] | INFO | ep 056/100 it 100/175 | lr 4.55e-04 | loss 0.3995 | loss_mae 0.3348 | loss_byol 0.0982
09:59:49 | sal[resnet50] | INFO | ep 056/100 it 150/175 | lr 4.50e-04 | loss 0.4002 | loss_mae 0.3353 | loss_byol 0.0984
09:59:57 | sal[resnet50] | INFO | epoch 056 done in 00:00:56 | loss 0.3998 | mae 0.3349 | byol 0.0984
10:00:16 | sal[resnet50] | INFO | ep 057/100 it 50/175 | lr 4.43e-04 | loss 0.3999 | loss_mae 0.3354 | loss_byol 0.0981
10:00:31 | sal[resnet50] | INFO | ep 057/100 it 100/175 | lr 4.39e-04 | loss 0.3989 | loss_mae 0.3347 | loss_byol 0.0977
10:00:47 | sal[resnet50] | INFO | ep 057/100 it 150/175 | lr 4.34e-04 | loss 0.3995 | loss_mae 0.3351 | loss_byol 0.0979
10:00:55 | sal[resnet50] | INFO | epoch 057 done in 00:00:58 | loss 0.3991 | mae 0.3350 | byol 0.0976
10:01:13 | sal[resnet50] | INFO | ep 058/100 it 50/175 | lr 4.27e-04 | loss 0.4006 | loss_mae 0.3365 | loss_byol 0.0977
10:01:29 | sal[resnet50] | INFO | ep 058/100 it 100/175 | lr 4.22e-04 | loss 0.3998 | loss_mae 0.3358 | loss_byol 0.0976
10:01:45 | sal[resnet50] | INFO | ep 058/100 it 150/175 | lr 4.18e-04 | loss 0.3989 | loss_mae 0.3353 | loss_byol 0.0971
10:01:53 | sal[resnet50] | INFO | epoch 058 done in 00:00:57 | loss 0.3989 | mae 0.3354 | byol 0.0971
10:02:12 | sal[resnet50] | INFO | ep 059/100 it 50/175 | lr 4.11e-04 | loss 0.3982 | loss_mae 0.3356 | loss_byol 0.0961
10:02:27 | sal[resnet50] | INFO | ep 059/100 it 100/175 | lr 4.06e-04 | loss 0.3973 | loss_mae 0.3351 | loss_byol 0.0958
10:02:43 | sal[resnet50] | INFO | ep 059/100 it 150/175 | lr 4.02e-04 | loss 0.3976 | loss_mae 0.3344 | loss_byol 0.0966
10:02:51 | sal[resnet50] | INFO | epoch 059 done in 00:00:58 | loss 0.3977 | mae 0.3345 | byol 0.0966
10:03:10 | sal[resnet50] | INFO | ep 060/100 it 50/175 | lr 3.95e-04 | loss 0.3968 | loss_mae 0.3343 | loss_byol 0.0959
10:03:25 | sal[resnet50] | INFO | ep 060/100 it 100/175 | lr 3.90e-04 | loss 0.3971 | loss_mae 0.3339 | loss_byol 0.0965
10:03:40 | sal[resnet50] | INFO | ep 060/100 it 150/175 | lr 3.86e-04 | loss 0.3973 | loss_mae 0.3343 | loss_byol 0.0964
10:03:48 | sal[resnet50] | INFO | epoch 060 done in 00:00:57 | loss 0.3974 | mae 0.3344 | byol 0.0964
10:04:07 | sal[resnet50] | INFO | ep 061/100 it 50/175 | lr 3.79e-04 | loss 0.3974 | loss_mae 0.3333 | loss_byol 0.0974
10:04:22 | sal[resnet50] | INFO | ep 061/100 it 100/175 | lr 3.75e-04 | loss 0.3966 | loss_mae 0.3332 | loss_byol 0.0967
10:04:37 | sal[resnet50] | INFO | ep 061/100 it 150/175 | lr 3.70e-04 | loss 0.3967 | loss_mae 0.3335 | loss_byol 0.0965
10:04:45 | sal[resnet50] | INFO | epoch 061 done in 00:00:56 | loss 0.3966 | mae 0.3336 | byol 0.0963
10:05:04 | sal[resnet50] | INFO | ep 062/100 it 50/175 | lr 3.63e-04 | loss 0.3955 | loss_mae 0.3339 | loss_byol 0.0950
10:05:20 | sal[resnet50] | INFO | ep 062/100 it 100/175 | lr 3.59e-04 | loss 0.3964 | loss_mae 0.3340 | loss_byol 0.0957
10:05:36 | sal[resnet50] | INFO | ep 062/100 it 150/175 | lr 3.54e-04 | loss 0.3957 | loss_mae 0.3338 | loss_byol 0.0953
10:05:44 | sal[resnet50] | INFO | epoch 062 done in 00:00:58 | loss 0.3957 | mae 0.3337 | byol 0.0954
10:06:02 | sal[resnet50] | INFO | ep 063/100 it 50/175 | lr 3.48e-04 | loss 0.3967 | loss_mae 0.3346 | loss_byol 0.0956
10:06:17 | sal[resnet50] | INFO | ep 063/100 it 100/175 | lr 3.43e-04 | loss 0.3959 | loss_mae 0.3338 | loss_byol 0.0954
10:06:33 | sal[resnet50] | INFO | ep 063/100 it 150/175 | lr 3.39e-04 | loss 0.3952 | loss_mae 0.3336 | loss_byol 0.0950
10:06:40 | sal[resnet50] | INFO | epoch 063 done in 00:00:56 | loss 0.3953 | mae 0.3334 | byol 0.0952
10:06:59 | sal[resnet50] | INFO | ep 064/100 it 50/175 | lr 3.32e-04 | loss 0.3935 | loss_mae 0.3342 | loss_byol 0.0927
10:07:14 | sal[resnet50] | INFO | ep 064/100 it 100/175 | lr 3.28e-04 | loss 0.3935 | loss_mae 0.3338 | loss_byol 0.0932
10:07:29 | sal[resnet50] | INFO | ep 064/100 it 150/175 | lr 3.24e-04 | loss 0.3932 | loss_mae 0.3334 | loss_byol 0.0932
10:07:37 | sal[resnet50] | INFO | epoch 064 done in 00:00:56 | loss 0.3934 | mae 0.3334 | byol 0.0933
10:07:55 | sal[resnet50] | INFO | ep 065/100 it 50/175 | lr 3.17e-04 | loss 0.3946 | loss_mae 0.3336 | loss_byol 0.0944
10:08:11 | sal[resnet50] | INFO | ep 065/100 it 100/175 | lr 3.13e-04 | loss 0.3930 | loss_mae 0.3330 | loss_byol 0.0933
10:08:26 | sal[resnet50] | INFO | ep 065/100 it 150/175 | lr 3.08e-04 | loss 0.3942 | loss_mae 0.3336 | loss_byol 0.0939
10:08:34 | sal[resnet50] | INFO | epoch 065 done in 00:00:56 | loss 0.3941 | mae 0.3336 | byol 0.0938
10:08:52 | sal[resnet50] | INFO | ep 066/100 it 50/175 | lr 3.02e-04 | loss 0.3940 | loss_mae 0.3324 | loss_byol 0.0949
10:09:07 | sal[resnet50] | INFO | ep 066/100 it 100/175 | lr 2.98e-04 | loss 0.3946 | loss_mae 0.3331 | loss_byol 0.0948
10:09:22 | sal[resnet50] | INFO | ep 066/100 it 150/175 | lr 2.93e-04 | loss 0.3933 | loss_mae 0.3332 | loss_byol 0.0935
10:09:30 | sal[resnet50] | INFO | epoch 066 done in 00:00:56 | loss 0.3936 | mae 0.3333 | byol 0.0936
10:09:48 | sal[resnet50] | INFO | ep 067/100 it 50/175 | lr 2.87e-04 | loss 0.3911 | loss_mae 0.3322 | loss_byol 0.0922
10:10:04 | sal[resnet50] | INFO | ep 067/100 it 100/175 | lr 2.83e-04 | loss 0.3921 | loss_mae 0.3330 | loss_byol 0.0924
10:10:19 | sal[resnet50] | INFO | ep 067/100 it 150/175 | lr 2.79e-04 | loss 0.3916 | loss_mae 0.3327 | loss_byol 0.0922
10:10:27 | sal[resnet50] | INFO | epoch 067 done in 00:00:56 | loss 0.3915 | mae 0.3327 | byol 0.0921
10:10:45 | sal[resnet50] | INFO | ep 068/100 it 50/175 | lr 2.73e-04 | loss 0.3909 | loss_mae 0.3323 | loss_byol 0.0918
10:11:00 | sal[resnet50] | INFO | ep 068/100 it 100/175 | lr 2.68e-04 | loss 0.3902 | loss_mae 0.3325 | loss_byol 0.0910
10:11:16 | sal[resnet50] | INFO | ep 068/100 it 150/175 | lr 2.64e-04 | loss 0.3909 | loss_mae 0.3329 | loss_byol 0.0913
10:11:23 | sal[resnet50] | INFO | epoch 068 done in 00:00:56 | loss 0.3911 | mae 0.3327 | byol 0.0916
10:11:41 | sal[resnet50] | INFO | ep 069/100 it 50/175 | lr 2.58e-04 | loss 0.3899 | loss_mae 0.3312 | loss_byol 0.0919
10:11:57 | sal[resnet50] | INFO | ep 069/100 it 100/175 | lr 2.54e-04 | loss 0.3902 | loss_mae 0.3320 | loss_byol 0.0915
10:12:12 | sal[resnet50] | INFO | ep 069/100 it 150/175 | lr 2.50e-04 | loss 0.3909 | loss_mae 0.3324 | loss_byol 0.0918
10:12:20 | sal[resnet50] | INFO | epoch 069 done in 00:00:56 | loss 0.3906 | mae 0.3322 | byol 0.0916
10:12:39 | sal[resnet50] | INFO | ep 070/100 it 50/175 | lr 2.44e-04 | loss 0.3892 | loss_mae 0.3309 | loss_byol 0.0914
10:12:54 | sal[resnet50] | INFO | ep 070/100 it 100/175 | lr 2.40e-04 | loss 0.3906 | loss_mae 0.3324 | loss_byol 0.0914
10:13:10 | sal[resnet50] | INFO | ep 070/100 it 150/175 | lr 2.36e-04 | loss 0.3907 | loss_mae 0.3326 | loss_byol 0.0914
10:13:18 | sal[resnet50] | INFO | epoch 070 done in 00:00:58 | loss 0.3904 | mae 0.3326 | byol 0.0911
10:13:36 | sal[resnet50] | INFO | ep 071/100 it 50/175 | lr 2.30e-04 | loss 0.3883 | loss_mae 0.3310 | loss_byol 0.0904
10:13:52 | sal[resnet50] | INFO | ep 071/100 it 100/175 | lr 2.27e-04 | loss 0.3879 | loss_mae 0.3313 | loss_byol 0.0897
10:14:07 | sal[resnet50] | INFO | ep 071/100 it 150/175 | lr 2.23e-04 | loss 0.3889 | loss_mae 0.3317 | loss_byol 0.0903
10:14:14 | sal[resnet50] | INFO | epoch 071 done in 00:00:56 | loss 0.3891 | mae 0.3319 | byol 0.0904
10:14:33 | sal[resnet50] | INFO | ep 072/100 it 50/175 | lr 2.17e-04 | loss 0.3883 | loss_mae 0.3321 | loss_byol 0.0894
10:14:48 | sal[resnet50] | INFO | ep 072/100 it 100/175 | lr 2.13e-04 | loss 0.3882 | loss_mae 0.3319 | loss_byol 0.0895
10:15:04 | sal[resnet50] | INFO | ep 072/100 it 150/175 | lr 2.09e-04 | loss 0.3883 | loss_mae 0.3318 | loss_byol 0.0897
10:15:12 | sal[resnet50] | INFO | epoch 072 done in 00:00:57 | loss 0.3881 | mae 0.3317 | byol 0.0896
10:15:30 | sal[resnet50] | INFO | ep 073/100 it 50/175 | lr 2.04e-04 | loss 0.3861 | loss_mae 0.3296 | loss_byol 0.0894
10:15:46 | sal[resnet50] | INFO | ep 073/100 it 100/175 | lr 2.00e-04 | loss 0.3868 | loss_mae 0.3304 | loss_byol 0.0894
10:16:02 | sal[resnet50] | INFO | ep 073/100 it 150/175 | lr 1.96e-04 | loss 0.3868 | loss_mae 0.3310 | loss_byol 0.0889
10:16:10 | sal[resnet50] | INFO | epoch 073 done in 00:00:58 | loss 0.3867 | mae 0.3311 | byol 0.0887
10:16:28 | sal[resnet50] | INFO | ep 074/100 it 50/175 | lr 1.91e-04 | loss 0.3874 | loss_mae 0.3324 | loss_byol 0.0882
10:16:44 | sal[resnet50] | INFO | ep 074/100 it 100/175 | lr 1.87e-04 | loss 0.3867 | loss_mae 0.3317 | loss_byol 0.0881
10:17:00 | sal[resnet50] | INFO | ep 074/100 it 150/175 | lr 1.84e-04 | loss 0.3863 | loss_mae 0.3317 | loss_byol 0.0879
10:17:08 | sal[resnet50] | INFO | epoch 074 done in 00:00:57 | loss 0.3860 | mae 0.3313 | byol 0.0878
10:17:26 | sal[resnet50] | INFO | ep 075/100 it 50/175 | lr 1.79e-04 | loss 0.3875 | loss_mae 0.3324 | loss_byol 0.0883
10:17:42 | sal[resnet50] | INFO | ep 075/100 it 100/175 | lr 1.75e-04 | loss 0.3866 | loss_mae 0.3317 | loss_byol 0.0881
10:17:58 | sal[resnet50] | INFO | ep 075/100 it 150/175 | lr 1.72e-04 | loss 0.3856 | loss_mae 0.3310 | loss_byol 0.0877
10:18:05 | sal[resnet50] | INFO | epoch 075 done in 00:00:57 | loss 0.3857 | mae 0.3310 | byol 0.0877
10:18:24 | sal[resnet50] | INFO | ep 076/100 it 50/175 | lr 1.66e-04 | loss 0.3869 | loss_mae 0.3316 | loss_byol 0.0885
10:18:39 | sal[resnet50] | INFO | ep 076/100 it 100/175 | lr 1.63e-04 | loss 0.3855 | loss_mae 0.3310 | loss_byol 0.0876
10:18:54 | sal[resnet50] | INFO | ep 076/100 it 150/175 | lr 1.60e-04 | loss 0.3846 | loss_mae 0.3307 | loss_byol 0.0870
10:19:02 | sal[resnet50] | INFO | epoch 076 done in 00:00:56 | loss 0.3850 | mae 0.3309 | byol 0.0872
10:19:20 | sal[resnet50] | INFO | ep 077/100 it 50/175 | lr 1.55e-04 | loss 0.3844 | loss_mae 0.3318 | loss_byol 0.0858
10:19:36 | sal[resnet50] | INFO | ep 077/100 it 100/175 | lr 1.51e-04 | loss 0.3843 | loss_mae 0.3312 | loss_byol 0.0862
10:19:52 | sal[resnet50] | INFO | ep 077/100 it 150/175 | lr 1.48e-04 | loss 0.3841 | loss_mae 0.3306 | loss_byol 0.0865
10:19:59 | sal[resnet50] | INFO | epoch 077 done in 00:00:57 | loss 0.3843 | mae 0.3307 | byol 0.0867
10:20:18 | sal[resnet50] | INFO | ep 078/100 it 50/175 | lr 1.43e-04 | loss 0.3836 | loss_mae 0.3300 | loss_byol 0.0866
10:20:33 | sal[resnet50] | INFO | ep 078/100 it 100/175 | lr 1.40e-04 | loss 0.3844 | loss_mae 0.3312 | loss_byol 0.0863
10:20:48 | sal[resnet50] | INFO | ep 078/100 it 150/175 | lr 1.37e-04 | loss 0.3844 | loss_mae 0.3313 | loss_byol 0.0862
10:20:56 | sal[resnet50] | INFO | epoch 078 done in 00:00:56 | loss 0.3845 | mae 0.3315 | byol 0.0861
10:21:14 | sal[resnet50] | INFO | ep 079/100 it 50/175 | lr 1.32e-04 | loss 0.3839 | loss_mae 0.3319 | loss_byol 0.0852
10:21:30 | sal[resnet50] | INFO | ep 079/100 it 100/175 | lr 1.29e-04 | loss 0.3832 | loss_mae 0.3307 | loss_byol 0.0856
10:21:46 | sal[resnet50] | INFO | ep 079/100 it 150/175 | lr 1.26e-04 | loss 0.3831 | loss_mae 0.3304 | loss_byol 0.0858
10:21:54 | sal[resnet50] | INFO | epoch 079 done in 00:00:57 | loss 0.3831 | mae 0.3303 | byol 0.0858
10:22:12 | sal[resnet50] | INFO | ep 080/100 it 50/175 | lr 1.22e-04 | loss 0.3829 | loss_mae 0.3305 | loss_byol 0.0855
10:22:27 | sal[resnet50] | INFO | ep 080/100 it 100/175 | lr 1.19e-04 | loss 0.3823 | loss_mae 0.3304 | loss_byol 0.0849
10:22:43 | sal[resnet50] | INFO | ep 080/100 it 150/175 | lr 1.16e-04 | loss 0.3827 | loss_mae 0.3305 | loss_byol 0.0853
10:22:51 | sal[resnet50] | INFO | epoch 080 done in 00:00:57 | loss 0.3827 | mae 0.3302 | byol 0.0856
10:23:09 | sal[resnet50] | INFO | ep 081/100 it 50/175 | lr 1.12e-04 | loss 0.3807 | loss_mae 0.3296 | loss_byol 0.0841
10:23:24 | sal[resnet50] | INFO | ep 081/100 it 100/175 | lr 1.09e-04 | loss 0.3807 | loss_mae 0.3294 | loss_byol 0.0842
10:23:40 | sal[resnet50] | INFO | ep 081/100 it 150/175 | lr 1.06e-04 | loss 0.3812 | loss_mae 0.3297 | loss_byol 0.0845
10:23:47 | sal[resnet50] | INFO | epoch 081 done in 00:00:56 | loss 0.3813 | mae 0.3300 | byol 0.0843
10:24:06 | sal[resnet50] | INFO | ep 082/100 it 50/175 | lr 1.02e-04 | loss 0.3817 | loss_mae 0.3305 | loss_byol 0.0843
10:24:22 | sal[resnet50] | INFO | ep 082/100 it 100/175 | lr 9.92e-05 | loss 0.3814 | loss_mae 0.3297 | loss_byol 0.0847
10:24:37 | sal[resnet50] | INFO | ep 082/100 it 150/175 | lr 9.65e-05 | loss 0.3813 | loss_mae 0.3296 | loss_byol 0.0846
10:24:45 | sal[resnet50] | INFO | epoch 082 done in 00:00:57 | loss 0.3816 | mae 0.3299 | byol 0.0847
10:25:04 | sal[resnet50] | INFO | ep 083/100 it 50/175 | lr 9.26e-05 | loss 0.3809 | loss_mae 0.3304 | loss_byol 0.0835
10:25:20 | sal[resnet50] | INFO | ep 083/100 it 100/175 | lr 9.00e-05 | loss 0.3813 | loss_mae 0.3302 | loss_byol 0.0841
10:25:36 | sal[resnet50] | INFO | ep 083/100 it 150/175 | lr 8.75e-05 | loss 0.3815 | loss_mae 0.3303 | loss_byol 0.0843
10:25:44 | sal[resnet50] | INFO | epoch 083 done in 00:00:58 | loss 0.3816 | mae 0.3305 | byol 0.0841
10:26:02 | sal[resnet50] | INFO | ep 084/100 it 50/175 | lr 8.38e-05 | loss 0.3804 | loss_mae 0.3289 | loss_byol 0.0845
10:26:17 | sal[resnet50] | INFO | ep 084/100 it 100/175 | lr 8.13e-05 | loss 0.3814 | loss_mae 0.3299 | loss_byol 0.0845
10:26:33 | sal[resnet50] | INFO | ep 084/100 it 150/175 | lr 7.89e-05 | loss 0.3808 | loss_mae 0.3299 | loss_byol 0.0839
10:26:41 | sal[resnet50] | INFO | epoch 084 done in 00:00:56 | loss 0.3804 | mae 0.3297 | byol 0.0837
10:26:59 | sal[resnet50] | INFO | ep 085/100 it 50/175 | lr 7.54e-05 | loss 0.3815 | loss_mae 0.3312 | loss_byol 0.0834
10:27:15 | sal[resnet50] | INFO | ep 085/100 it 100/175 | lr 7.31e-05 | loss 0.3804 | loss_mae 0.3303 | loss_byol 0.0831
10:27:30 | sal[resnet50] | INFO | ep 085/100 it 150/175 | lr 7.08e-05 | loss 0.3799 | loss_mae 0.3295 | loss_byol 0.0833
10:27:38 | sal[resnet50] | INFO | epoch 085 done in 00:00:57 | loss 0.3801 | mae 0.3297 | byol 0.0834
10:27:56 | sal[resnet50] | INFO | ep 086/100 it 50/175 | lr 6.75e-05 | loss 0.3782 | loss_mae 0.3292 | loss_byol 0.0820
10:28:12 | sal[resnet50] | INFO | ep 086/100 it 100/175 | lr 6.53e-05 | loss 0.3785 | loss_mae 0.3298 | loss_byol 0.0818
10:28:27 | sal[resnet50] | INFO | ep 086/100 it 150/175 | lr 6.32e-05 | loss 0.3792 | loss_mae 0.3299 | loss_byol 0.0823
10:28:35 | sal[resnet50] | INFO | epoch 086 done in 00:00:56 | loss 0.3795 | mae 0.3299 | byol 0.0826
10:28:53 | sal[resnet50] | INFO | ep 087/100 it 50/175 | lr 6.01e-05 | loss 0.3799 | loss_mae 0.3299 | loss_byol 0.0831
10:29:09 | sal[resnet50] | INFO | ep 087/100 it 100/175 | lr 5.81e-05 | loss 0.3808 | loss_mae 0.3304 | loss_byol 0.0834
10:29:24 | sal[resnet50] | INFO | ep 087/100 it 150/175 | lr 5.61e-05 | loss 0.3803 | loss_mae 0.3303 | loss_byol 0.0831
10:29:32 | sal[resnet50] | INFO | epoch 087 done in 00:00:56 | loss 0.3803 | mae 0.3302 | byol 0.0832
10:29:50 | sal[resnet50] | INFO | ep 088/100 it 50/175 | lr 5.32e-05 | loss 0.3786 | loss_mae 0.3290 | loss_byol 0.0825
10:30:06 | sal[resnet50] | INFO | ep 088/100 it 100/175 | lr 5.13e-05 | loss 0.3795 | loss_mae 0.3301 | loss_byol 0.0824
10:30:22 | sal[resnet50] | INFO | ep 088/100 it 150/175 | lr 4.94e-05 | loss 0.3795 | loss_mae 0.3298 | loss_byol 0.0826
10:30:30 | sal[resnet50] | INFO | epoch 088 done in 00:00:58 | loss 0.3797 | mae 0.3298 | byol 0.0828
10:30:49 | sal[resnet50] | INFO | ep 089/100 it 50/175 | lr 4.67e-05 | loss 0.3797 | loss_mae 0.3291 | loss_byol 0.0835
10:31:04 | sal[resnet50] | INFO | ep 089/100 it 100/175 | lr 4.50e-05 | loss 0.3789 | loss_mae 0.3289 | loss_byol 0.0829
10:31:20 | sal[resnet50] | INFO | ep 089/100 it 150/175 | lr 4.33e-05 | loss 0.3787 | loss_mae 0.3293 | loss_byol 0.0823
10:31:28 | sal[resnet50] | INFO | epoch 089 done in 00:00:57 | loss 0.3791 | mae 0.3296 | byol 0.0825
10:31:46 | sal[resnet50] | INFO | ep 090/100 it 50/175 | lr 4.08e-05 | loss 0.3801 | loss_mae 0.3301 | loss_byol 0.0830
10:32:02 | sal[resnet50] | INFO | ep 090/100 it 100/175 | lr 3.92e-05 | loss 0.3790 | loss_mae 0.3294 | loss_byol 0.0825
10:32:17 | sal[resnet50] | INFO | ep 090/100 it 150/175 | lr 3.76e-05 | loss 0.3786 | loss_mae 0.3295 | loss_byol 0.0821
10:32:25 | sal[resnet50] | INFO | epoch 090 done in 00:00:56 | loss 0.3791 | mae 0.3296 | byol 0.0824
10:32:43 | sal[resnet50] | INFO | ep 091/100 it 50/175 | lr 3.54e-05 | loss 0.3781 | loss_mae 0.3296 | loss_byol 0.0814
10:32:58 | sal[resnet50] | INFO | ep 091/100 it 100/175 | lr 3.39e-05 | loss 0.3789 | loss_mae 0.3302 | loss_byol 0.0818
10:33:14 | sal[resnet50] | INFO | ep 091/100 it 150/175 | lr 3.25e-05 | loss 0.3782 | loss_mae 0.3294 | loss_byol 0.0817
10:33:21 | sal[resnet50] | INFO | epoch 091 done in 00:00:56 | loss 0.3783 | mae 0.3296 | byol 0.0817
10:33:40 | sal[resnet50] | INFO | ep 092/100 it 50/175 | lr 3.04e-05 | loss 0.3789 | loss_mae 0.3297 | loss_byol 0.0822
10:33:55 | sal[resnet50] | INFO | ep 092/100 it 100/175 | lr 2.91e-05 | loss 0.3789 | loss_mae 0.3301 | loss_byol 0.0818
10:34:11 | sal[resnet50] | INFO | ep 092/100 it 150/175 | lr 2.79e-05 | loss 0.3787 | loss_mae 0.3299 | loss_byol 0.0818
10:34:19 | sal[resnet50] | INFO | epoch 092 done in 00:00:57 | loss 0.3784 | mae 0.3296 | byol 0.0817
10:34:37 | sal[resnet50] | INFO | ep 093/100 it 50/175 | lr 2.60e-05 | loss 0.3782 | loss_mae 0.3297 | loss_byol 0.0815
10:34:53 | sal[resnet50] | INFO | ep 093/100 it 100/175 | lr 2.49e-05 | loss 0.3791 | loss_mae 0.3306 | loss_byol 0.0816
10:35:08 | sal[resnet50] | INFO | ep 093/100 it 150/175 | lr 2.38e-05 | loss 0.3783 | loss_mae 0.3300 | loss_byol 0.0813
10:35:16 | sal[resnet50] | INFO | epoch 093 done in 00:00:57 | loss 0.3783 | mae 0.3299 | byol 0.0814
10:35:35 | sal[resnet50] | INFO | ep 094/100 it 50/175 | lr 2.22e-05 | loss 0.3800 | loss_mae 0.3306 | loss_byol 0.0825
10:35:51 | sal[resnet50] | INFO | ep 094/100 it 100/175 | lr 2.12e-05 | loss 0.3785 | loss_mae 0.3293 | loss_byol 0.0822
10:36:06 | sal[resnet50] | INFO | ep 094/100 it 150/175 | lr 2.02e-05 | loss 0.3784 | loss_mae 0.3291 | loss_byol 0.0822
10:36:14 | sal[resnet50] | INFO | epoch 094 done in 00:00:57 | loss 0.3786 | mae 0.3291 | byol 0.0824
10:36:33 | sal[resnet50] | INFO | ep 095/100 it 50/175 | lr 1.88e-05 | loss 0.3765 | loss_mae 0.3294 | loss_byol 0.0800
10:36:48 | sal[resnet50] | INFO | ep 095/100 it 100/175 | lr 1.80e-05 | loss 0.3770 | loss_mae 0.3295 | loss_byol 0.0805
10:37:04 | sal[resnet50] | INFO | ep 095/100 it 150/175 | lr 1.72e-05 | loss 0.3777 | loss_mae 0.3297 | loss_byol 0.0810
10:37:12 | sal[resnet50] | INFO | epoch 095 done in 00:00:58 | loss 0.3779 | mae 0.3298 | byol 0.0811
10:37:31 | sal[resnet50] | INFO | ep 096/100 it 50/175 | lr 1.60e-05 | loss 0.3797 | loss_mae 0.3300 | loss_byol 0.0826
10:37:46 | sal[resnet50] | INFO | ep 096/100 it 100/175 | lr 1.53e-05 | loss 0.3783 | loss_mae 0.3292 | loss_byol 0.0820
10:38:01 | sal[resnet50] | INFO | ep 096/100 it 150/175 | lr 1.47e-05 | loss 0.3776 | loss_mae 0.3288 | loss_byol 0.0817
10:38:09 | sal[resnet50] | INFO | epoch 096 done in 00:00:56 | loss 0.3782 | mae 0.3293 | byol 0.0818
10:38:27 | sal[resnet50] | INFO | ep 097/100 it 50/175 | lr 1.37e-05 | loss 0.3764 | loss_mae 0.3297 | loss_byol 0.0797
10:38:43 | sal[resnet50] | INFO | ep 097/100 it 100/175 | lr 1.32e-05 | loss 0.3766 | loss_mae 0.3289 | loss_byol 0.0806
10:38:58 | sal[resnet50] | INFO | ep 097/100 it 150/175 | lr 1.27e-05 | loss 0.3771 | loss_mae 0.3292 | loss_byol 0.0808
10:39:06 | sal[resnet50] | INFO | epoch 097 done in 00:00:56 | loss 0.3769 | mae 0.3291 | byol 0.0808
10:39:24 | sal[resnet50] | INFO | ep 098/100 it 50/175 | lr 1.20e-05 | loss 0.3776 | loss_mae 0.3293 | loss_byol 0.0813
10:39:40 | sal[resnet50] | INFO | ep 098/100 it 100/175 | lr 1.16e-05 | loss 0.3779 | loss_mae 0.3297 | loss_byol 0.0812
10:39:56 | sal[resnet50] | INFO | ep 098/100 it 150/175 | lr 1.12e-05 | loss 0.3773 | loss_mae 0.3290 | loss_byol 0.0812
10:40:04 | sal[resnet50] | INFO | epoch 098 done in 00:00:57 | loss 0.3774 | mae 0.3289 | byol 0.0813
10:40:22 | sal[resnet50] | INFO | ep 099/100 it 50/175 | lr 1.08e-05 | loss 0.3778 | loss_mae 0.3293 | loss_byol 0.0814
10:40:37 | sal[resnet50] | INFO | ep 099/100 it 100/175 | lr 1.06e-05 | loss 0.3775 | loss_mae 0.3297 | loss_byol 0.0808
10:40:53 | sal[resnet50] | INFO | ep 099/100 it 150/175 | lr 1.04e-05 | loss 0.3767 | loss_mae 0.3289 | loss_byol 0.0807
10:41:00 | sal[resnet50] | INFO | epoch 099 done in 00:00:56 | loss 0.3772 | mae 0.3293 | byol 0.0808
10:41:19 | sal[resnet50] | INFO | ep 100/100 it 50/175 | lr 1.01e-05 | loss 0.3775 | loss_mae 0.3293 | loss_byol 0.0811
10:41:34 | sal[resnet50] | INFO | ep 100/100 it 100/175 | lr 1.01e-05 | loss 0.3769 | loss_mae 0.3291 | loss_byol 0.0807
10:41:49 | sal[resnet50] | INFO | ep 100/100 it 150/175 | lr 1.00e-05 | loss 0.3774 | loss_mae 0.3292 | loss_byol 0.0811
10:41:57 | sal[resnet50] | INFO | epoch 100 done in 00:00:56 | loss 0.3770 | mae 0.3291 | byol 0.0808
10:41:57 | sal[resnet50] | INFO | SalSSL training done in 01:36:02 | best loss 0.3769
[stage1] exit_code=0
[2/2] Stage 2 -- downstream eval on pathmnist
10:42:27 | eval[sal-resnet50/resnet50/pathmnist] | INFO | Evaluating PathMNIST (colorectal histology) (classes=9)
10:42:28 | eval[sal-resnet50/resnet50/pathmnist] | INFO | Loaded backbone: missing=0 unexpected=0
10:42:48 | eval[sal-resnet50/resnet50/pathmnist] | INFO | kNN train set capped to 20000 of 89996.
10:42:48 | eval[sal-resnet50/resnet50/pathmnist] | INFO | Extracting features for kNN / t-SNE / UMAP...
10:42:55 | eval[sal-resnet50/resnet50/pathmnist] | INFO | kNN(k=20) top-1: 0.9319
/workspace/vcl_pathmnist/.venv/lib/python3.12/site-packages/umap/umap_.py:1952: UserWarning: n_jobs value 1 overridden to 1 by setting random_state. Use no seed for parallelism.
  warn(
10:43:24 | probe[linear/resnet50] | INFO | Loaded backbone weights — missing: 0, unexpected: 0
10:43:41 | probe[linear/resnet50] | INFO | [linear] epoch 001/30 | train_loss 0.6646 train_acc 0.8270 | val_loss 0.1164 val_acc 0.9676
10:43:56 | probe[linear/resnet50] | INFO | [linear] epoch 002/30 | train_loss 0.0987 train_acc 0.9705 | val_loss 0.0859 val_acc 0.9745
10:44:10 | probe[linear/resnet50] | INFO | [linear] epoch 003/30 | train_loss 0.0791 train_acc 0.9747 | val_loss 0.0781 val_acc 0.9768
10:44:25 | probe[linear/resnet50] | INFO | [linear] epoch 004/30 | train_loss 0.0703 train_acc 0.9772 | val_loss 0.0672 val_acc 0.9794
10:44:39 | probe[linear/resnet50] | INFO | [linear] epoch 005/30 | train_loss 0.0634 train_acc 0.9798 | val_loss 0.0658 val_acc 0.9792
10:44:53 | probe[linear/resnet50] | INFO | [linear] epoch 006/30 | train_loss 0.0598 train_acc 0.9802 | val_loss 0.0708 val_acc 0.9778
10:45:08 | probe[linear/resnet50] | INFO | [linear] epoch 007/30 | train_loss 0.0569 train_acc 0.9813 | val_loss 0.0630 val_acc 0.9803
10:45:22 | probe[linear/resnet50] | INFO | [linear] epoch 008/30 | train_loss 0.0542 train_acc 0.9827 | val_loss 0.0579 val_acc 0.9807
10:45:36 | probe[linear/resnet50] | INFO | [linear] epoch 009/30 | train_loss 0.0534 train_acc 0.9824 | val_loss 0.0583 val_acc 0.9822
10:45:50 | probe[linear/resnet50] | INFO | [linear] epoch 010/30 | train_loss 0.0512 train_acc 0.9832 | val_loss 0.0660 val_acc 0.9795
10:46:04 | probe[linear/resnet50] | INFO | [linear] epoch 011/30 | train_loss 0.0499 train_acc 0.9837 | val_loss 0.0647 val_acc 0.9794
10:46:19 | probe[linear/resnet50] | INFO | [linear] epoch 012/30 | train_loss 0.0480 train_acc 0.9842 | val_loss 0.0620 val_acc 0.9803
10:46:32 | probe[linear/resnet50] | INFO | [linear] epoch 013/30 | train_loss 0.0460 train_acc 0.9846 | val_loss 0.0538 val_acc 0.9825
10:46:47 | probe[linear/resnet50] | INFO | [linear] epoch 014/30 | train_loss 0.0458 train_acc 0.9847 | val_loss 0.0515 val_acc 0.9844
10:47:01 | probe[linear/resnet50] | INFO | [linear] epoch 015/30 | train_loss 0.0439 train_acc 0.9852 | val_loss 0.0510 val_acc 0.9838
10:47:15 | probe[linear/resnet50] | INFO | [linear] epoch 016/30 | train_loss 0.0449 train_acc 0.9850 | val_loss 0.0502 val_acc 0.9846
10:47:30 | probe[linear/resnet50] | INFO | [linear] epoch 017/30 | train_loss 0.0434 train_acc 0.9859 | val_loss 0.0505 val_acc 0.9838
10:47:44 | probe[linear/resnet50] | INFO | [linear] epoch 018/30 | train_loss 0.0430 train_acc 0.9857 | val_loss 0.0519 val_acc 0.9833
10:47:58 | probe[linear/resnet50] | INFO | [linear] epoch 019/30 | train_loss 0.0409 train_acc 0.9865 | val_loss 0.0531 val_acc 0.9828
10:48:12 | probe[linear/resnet50] | INFO | [linear] epoch 020/30 | train_loss 0.0407 train_acc 0.9865 | val_loss 0.0489 val_acc 0.9849
10:48:27 | probe[linear/resnet50] | INFO | [linear] epoch 021/30 | train_loss 0.0405 train_acc 0.9865 | val_loss 0.0492 val_acc 0.9844
10:48:41 | probe[linear/resnet50] | INFO | [linear] epoch 022/30 | train_loss 0.0400 train_acc 0.9866 | val_loss 0.0526 val_acc 0.9832
10:48:55 | probe[linear/resnet50] | INFO | [linear] epoch 023/30 | train_loss 0.0395 train_acc 0.9865 | val_loss 0.0509 val_acc 0.9843
10:49:09 | probe[linear/resnet50] | INFO | [linear] epoch 024/30 | train_loss 0.0390 train_acc 0.9870 | val_loss 0.0490 val_acc 0.9852
10:49:24 | probe[linear/resnet50] | INFO | [linear] epoch 025/30 | train_loss 0.0395 train_acc 0.9869 | val_loss 0.0495 val_acc 0.9851
10:49:38 | probe[linear/resnet50] | INFO | [linear] epoch 026/30 | train_loss 0.0391 train_acc 0.9865 | val_loss 0.0492 val_acc 0.9848
10:49:52 | probe[linear/resnet50] | INFO | [linear] epoch 027/30 | train_loss 0.0388 train_acc 0.9872 | val_loss 0.0488 val_acc 0.9850
10:50:06 | probe[linear/resnet50] | INFO | [linear] epoch 028/30 | train_loss 0.0389 train_acc 0.9870 | val_loss 0.0497 val_acc 0.9845
10:50:20 | probe[linear/resnet50] | INFO | [linear] epoch 029/30 | train_loss 0.0389 train_acc 0.9868 | val_loss 0.0493 val_acc 0.9850
10:50:34 | probe[linear/resnet50] | INFO | [linear] epoch 030/30 | train_loss 0.0389 train_acc 0.9876 | val_loss 0.0491 val_acc 0.9850
10:50:34 | probe[linear/resnet50] | INFO | [linear] done in 00:07:10 | best val_acc 0.9852
10:50:51 | probe[finetune_10pct/resnet50] | INFO | Loaded backbone weights — missing: 0, unexpected: 0
10:50:56 | probe[finetune_10pct/resnet50] | INFO | [finetune_10pct] epoch 001/30 | train_loss 1.6072 train_acc 0.5046 | val_loss 0.6827 val_acc 0.9358
10:50:59 | probe[finetune_10pct/resnet50] | INFO | [finetune_10pct] epoch 002/30 | train_loss 0.2019 train_acc 0.9631 | val_loss 0.1521 val_acc 0.9532
10:51:02 | probe[finetune_10pct/resnet50] | INFO | [finetune_10pct] epoch 003/30 | train_loss 0.0770 train_acc 0.9778 | val_loss 0.0730 val_acc 0.9775
10:51:06 | probe[finetune_10pct/resnet50] | INFO | [finetune_10pct] epoch 004/30 | train_loss 0.0623 train_acc 0.9796 | val_loss 0.0687 val_acc 0.9797
10:51:09 | probe[finetune_10pct/resnet50] | INFO | [finetune_10pct] epoch 005/30 | train_loss 0.0467 train_acc 0.9843 | val_loss 0.0683 val_acc 0.9776
10:51:12 | probe[finetune_10pct/resnet50] | INFO | [finetune_10pct] epoch 006/30 | train_loss 0.0356 train_acc 0.9880 | val_loss 0.0569 val_acc 0.9818
10:51:15 | probe[finetune_10pct/resnet50] | INFO | [finetune_10pct] epoch 007/30 | train_loss 0.0386 train_acc 0.9878 | val_loss 0.0632 val_acc 0.9818
10:51:18 | probe[finetune_10pct/resnet50] | INFO | [finetune_10pct] epoch 008/30 | train_loss 0.0265 train_acc 0.9917 | val_loss 0.0646 val_acc 0.9794
10:51:21 | probe[finetune_10pct/resnet50] | INFO | [finetune_10pct] epoch 009/30 | train_loss 0.0224 train_acc 0.9927 | val_loss 0.0529 val_acc 0.9832
10:51:24 | probe[finetune_10pct/resnet50] | INFO | [finetune_10pct] epoch 010/30 | train_loss 0.0221 train_acc 0.9921 | val_loss 0.0748 val_acc 0.9752
10:51:27 | probe[finetune_10pct/resnet50] | INFO | [finetune_10pct] epoch 011/30 | train_loss 0.0169 train_acc 0.9951 | val_loss 0.0487 val_acc 0.9851
10:51:30 | probe[finetune_10pct/resnet50] | INFO | [finetune_10pct] epoch 012/30 | train_loss 0.0143 train_acc 0.9952 | val_loss 0.0511 val_acc 0.9856
10:51:34 | probe[finetune_10pct/resnet50] | INFO | [finetune_10pct] epoch 013/30 | train_loss 0.0130 train_acc 0.9961 | val_loss 0.0450 val_acc 0.9862
10:51:37 | probe[finetune_10pct/resnet50] | INFO | [finetune_10pct] epoch 014/30 | train_loss 0.0134 train_acc 0.9954 | val_loss 0.0565 val_acc 0.9859
10:51:40 | probe[finetune_10pct/resnet50] | INFO | [finetune_10pct] epoch 015/30 | train_loss 0.0110 train_acc 0.9968 | val_loss 0.0422 val_acc 0.9880
10:51:43 | probe[finetune_10pct/resnet50] | INFO | [finetune_10pct] epoch 016/30 | train_loss 0.0094 train_acc 0.9970 | val_loss 0.0364 val_acc 0.9898
10:51:47 | probe[finetune_10pct/resnet50] | INFO | [finetune_10pct] epoch 017/30 | train_loss 0.0079 train_acc 0.9976 | val_loss 0.0362 val_acc 0.9900
10:51:50 | probe[finetune_10pct/resnet50] | INFO | [finetune_10pct] epoch 018/30 | train_loss 0.0067 train_acc 0.9983 | val_loss 0.0390 val_acc 0.9900
10:51:53 | probe[finetune_10pct/resnet50] | INFO | [finetune_10pct] epoch 019/30 | train_loss 0.0050 train_acc 0.9983 | val_loss 0.0387 val_acc 0.9895
10:51:56 | probe[finetune_10pct/resnet50] | INFO | [finetune_10pct] epoch 020/30 | train_loss 0.0045 train_acc 0.9989 | val_loss 0.0357 val_acc 0.9905
10:51:59 | probe[finetune_10pct/resnet50] | INFO | [finetune_10pct] epoch 021/30 | train_loss 0.0037 train_acc 0.9990 | val_loss 0.0365 val_acc 0.9907
10:52:02 | probe[finetune_10pct/resnet50] | INFO | [finetune_10pct] epoch 022/30 | train_loss 0.0032 train_acc 0.9991 | val_loss 0.0372 val_acc 0.9888
10:52:05 | probe[finetune_10pct/resnet50] | INFO | [finetune_10pct] epoch 023/30 | train_loss 0.0045 train_acc 0.9989 | val_loss 0.0343 val_acc 0.9909
10:52:08 | probe[finetune_10pct/resnet50] | INFO | [finetune_10pct] epoch 024/30 | train_loss 0.0024 train_acc 0.9994 | val_loss 0.0351 val_acc 0.9911
10:52:11 | probe[finetune_10pct/resnet50] | INFO | [finetune_10pct] epoch 025/30 | train_loss 0.0028 train_acc 0.9994 | val_loss 0.0339 val_acc 0.9911
10:52:14 | probe[finetune_10pct/resnet50] | INFO | [finetune_10pct] epoch 026/30 | train_loss 0.0043 train_acc 0.9993 | val_loss 0.0344 val_acc 0.9909
10:52:17 | probe[finetune_10pct/resnet50] | INFO | [finetune_10pct] epoch 027/30 | train_loss 0.0039 train_acc 0.9988 | val_loss 0.0335 val_acc 0.9913
10:52:20 | probe[finetune_10pct/resnet50] | INFO | [finetune_10pct] epoch 028/30 | train_loss 0.0030 train_acc 0.9992 | val_loss 0.0337 val_acc 0.9910
10:52:23 | probe[finetune_10pct/resnet50] | INFO | [finetune_10pct] epoch 029/30 | train_loss 0.0029 train_acc 0.9994 | val_loss 0.0335 val_acc 0.9912
10:52:26 | probe[finetune_10pct/resnet50] | INFO | [finetune_10pct] epoch 030/30 | train_loss 0.0020 train_acc 0.9998 | val_loss 0.0337 val_acc 0.9912
10:52:26 | probe[finetune_10pct/resnet50] | INFO | [finetune_10pct] done in 00:01:34 | best val_acc 0.9913
10:52:29 | probe[finetune_1pct/resnet50] | INFO | Loaded backbone weights — missing: 0, unexpected: 0
10:52:31 | probe[finetune_1pct/resnet50] | INFO | [finetune_1pct] epoch 001/30 | train_loss 2.1803 train_acc 0.1587 | val_loss 1.9249 val_acc 0.4003
10:52:34 | probe[finetune_1pct/resnet50] | INFO | [finetune_1pct] epoch 002/30 | train_loss 1.6752 train_acc 0.5516 | val_loss 1.4019 val_acc 0.7113
10:52:36 | probe[finetune_1pct/resnet50] | INFO | [finetune_1pct] epoch 003/30 | train_loss 0.9951 train_acc 0.8757 | val_loss 1.0289 val_acc 0.8035
10:52:38 | probe[finetune_1pct/resnet50] | INFO | [finetune_1pct] epoch 004/30 | train_loss 0.5569 train_acc 0.9312 | val_loss 0.6425 val_acc 0.9174
10:52:40 | probe[finetune_1pct/resnet50] | INFO | [finetune_1pct] epoch 005/30 | train_loss 0.2979 train_acc 0.9545 | val_loss 0.3915 val_acc 0.9445
10:52:42 | probe[finetune_1pct/resnet50] | INFO | [finetune_1pct] epoch 006/30 | train_loss 0.1613 train_acc 0.9689 | val_loss 0.2981 val_acc 0.9381
10:52:43 | probe[finetune_1pct/resnet50] | INFO | [finetune_1pct] epoch 007/30 | train_loss 0.0977 train_acc 0.9845 | val_loss 0.2485 val_acc 0.9363
10:52:45 | probe[finetune_1pct/resnet50] | INFO | [finetune_1pct] epoch 008/30 | train_loss 0.0694 train_acc 0.9800 | val_loss 0.1958 val_acc 0.9430
10:52:47 | probe[finetune_1pct/resnet50] | INFO | [finetune_1pct] epoch 009/30 | train_loss 0.0515 train_acc 0.9834 | val_loss 0.1640 val_acc 0.9506
10:52:49 | probe[finetune_1pct/resnet50] | INFO | [finetune_1pct] epoch 010/30 | train_loss 0.0379 train_acc 0.9878 | val_loss 0.1478 val_acc 0.9553
10:52:51 | probe[finetune_1pct/resnet50] | INFO | [finetune_1pct] epoch 011/30 | train_loss 0.0251 train_acc 0.9922 | val_loss 0.1531 val_acc 0.9551
10:52:52 | probe[finetune_1pct/resnet50] | INFO | [finetune_1pct] epoch 012/30 | train_loss 0.0304 train_acc 0.9900 | val_loss 0.1603 val_acc 0.9537
10:52:54 | probe[finetune_1pct/resnet50] | INFO | [finetune_1pct] epoch 013/30 | train_loss 0.0249 train_acc 0.9945 | val_loss 0.1574 val_acc 0.9555
10:52:56 | probe[finetune_1pct/resnet50] | INFO | [finetune_1pct] epoch 014/30 | train_loss 0.0183 train_acc 0.9956 | val_loss 0.1512 val_acc 0.9581
10:52:58 | probe[finetune_1pct/resnet50] | INFO | [finetune_1pct] epoch 015/30 | train_loss 0.0142 train_acc 0.9956 | val_loss 0.1527 val_acc 0.9594
10:53:00 | probe[finetune_1pct/resnet50] | INFO | [finetune_1pct] epoch 016/30 | train_loss 0.0138 train_acc 0.9989 | val_loss 0.1544 val_acc 0.9589
10:53:02 | probe[finetune_1pct/resnet50] | INFO | [finetune_1pct] epoch 017/30 | train_loss 0.0115 train_acc 0.9989 | val_loss 0.1561 val_acc 0.9584
10:53:03 | probe[finetune_1pct/resnet50] | INFO | [finetune_1pct] epoch 018/30 | train_loss 0.0088 train_acc 0.9989 | val_loss 0.1518 val_acc 0.9597
10:53:05 | probe[finetune_1pct/resnet50] | INFO | [finetune_1pct] epoch 019/30 | train_loss 0.0102 train_acc 0.9967 | val_loss 0.1430 val_acc 0.9633
10:53:07 | probe[finetune_1pct/resnet50] | INFO | [finetune_1pct] epoch 020/30 | train_loss 0.0065 train_acc 0.9989 | val_loss 0.1383 val_acc 0.9645
10:53:09 | probe[finetune_1pct/resnet50] | INFO | [finetune_1pct] epoch 021/30 | train_loss 0.0068 train_acc 1.0000 | val_loss 0.1342 val_acc 0.9650
10:53:11 | probe[finetune_1pct/resnet50] | INFO | [finetune_1pct] epoch 022/30 | train_loss 0.0076 train_acc 0.9956 | val_loss 0.1318 val_acc 0.9667
10:53:13 | probe[finetune_1pct/resnet50] | INFO | [finetune_1pct] epoch 023/30 | train_loss 0.0043 train_acc 1.0000 | val_loss 0.1309 val_acc 0.9668
10:53:15 | probe[finetune_1pct/resnet50] | INFO | [finetune_1pct] epoch 024/30 | train_loss 0.0043 train_acc 1.0000 | val_loss 0.1306 val_acc 0.9669
10:53:17 | probe[finetune_1pct/resnet50] | INFO | [finetune_1pct] epoch 025/30 | train_loss 0.0054 train_acc 0.9989 | val_loss 0.1306 val_acc 0.9670
10:53:18 | probe[finetune_1pct/resnet50] | INFO | [finetune_1pct] epoch 026/30 | train_loss 0.0054 train_acc 1.0000 | val_loss 0.1307 val_acc 0.9673
10:53:20 | probe[finetune_1pct/resnet50] | INFO | [finetune_1pct] epoch 027/30 | train_loss 0.0109 train_acc 0.9978 | val_loss 0.1313 val_acc 0.9670
10:53:22 | probe[finetune_1pct/resnet50] | INFO | [finetune_1pct] epoch 028/30 | train_loss 0.0049 train_acc 0.9989 | val_loss 0.1320 val_acc 0.9670
10:53:24 | probe[finetune_1pct/resnet50] | INFO | [finetune_1pct] epoch 029/30 | train_loss 0.0031 train_acc 1.0000 | val_loss 0.1325 val_acc 0.9671
10:53:26 | probe[finetune_1pct/resnet50] | INFO | [finetune_1pct] epoch 030/30 | train_loss 0.0039 train_acc 1.0000 | val_loss 0.1334 val_acc 0.9669
10:53:26 | probe[finetune_1pct/resnet50] | INFO | [finetune_1pct] done in 00:00:56 | best val_acc 0.9673
10:53:27 | eval[sal-resnet50/resnet50/pathmnist] | INFO | Downstream evaluation on pathmnist complete.
