
================================================================
[2026-05-12T00:40:42+00:00] Task 6/7 -- SalMix-SSL RN50 lam_mae=0.5 lam_byol=1.0 (tag=ablLam050)
================================================================
[pretrain_sal] Using 9000/89996 samples (10% stratified)
00:41:12 | sal[resnet50] | INFO | SalSSLModel params: total=69.29M trainable=36.33M
00:41:23 | sal[resnet50] | INFO | epoch 001 done in 00:00:11 | loss 1.4784 | mae 0.9735 | byol 0.9917
00:41:30 | sal[resnet50] | INFO | epoch 002 done in 00:00:06 | loss 0.9962 | mae 0.4860 | byol 0.7532
00:41:37 | sal[resnet50] | INFO | epoch 003 done in 00:00:06 | loss 1.0200 | mae 0.4640 | byol 0.7880
00:41:43 | sal[resnet50] | INFO | epoch 004 done in 00:00:06 | loss 1.0065 | mae 0.4602 | byol 0.7764
00:41:50 | sal[resnet50] | INFO | epoch 005 done in 00:00:06 | loss 0.9379 | mae 0.4580 | byol 0.7090
00:41:57 | sal[resnet50] | INFO | epoch 006 done in 00:00:06 | loss 0.8548 | mae 0.4557 | byol 0.6270
00:42:04 | sal[resnet50] | INFO | epoch 007 done in 00:00:06 | loss 0.7676 | mae 0.4551 | byol 0.5401
00:42:10 | sal[resnet50] | INFO | epoch 008 done in 00:00:06 | loss 0.6919 | mae 0.4527 | byol 0.4656
00:42:17 | sal[resnet50] | INFO | epoch 009 done in 00:00:06 | loss 0.6300 | mae 0.4527 | byol 0.4036
00:42:24 | sal[resnet50] | INFO | epoch 010 done in 00:00:06 | loss 0.6004 | mae 0.4512 | byol 0.3748
00:42:30 | sal[resnet50] | INFO | epoch 011 done in 00:00:06 | loss 0.5702 | mae 0.4502 | byol 0.3450
00:42:37 | sal[resnet50] | INFO | epoch 012 done in 00:00:06 | loss 0.5403 | mae 0.4500 | byol 0.3153
00:42:44 | sal[resnet50] | INFO | epoch 013 done in 00:00:06 | loss 0.5168 | mae 0.4477 | byol 0.2930
00:42:51 | sal[resnet50] | INFO | epoch 014 done in 00:00:06 | loss 0.5042 | mae 0.4461 | byol 0.2811
00:42:57 | sal[resnet50] | INFO | epoch 015 done in 00:00:06 | loss 0.4740 | mae 0.4453 | byol 0.2513
00:43:04 | sal[resnet50] | INFO | epoch 016 done in 00:00:06 | loss 0.4564 | mae 0.4419 | byol 0.2354
00:43:11 | sal[resnet50] | INFO | epoch 017 done in 00:00:06 | loss 0.4460 | mae 0.4419 | byol 0.2251
00:43:18 | sal[resnet50] | INFO | epoch 018 done in 00:00:06 | loss 0.4324 | mae 0.4369 | byol 0.2140
00:43:25 | sal[resnet50] | INFO | epoch 019 done in 00:00:06 | loss 0.4210 | mae 0.4309 | byol 0.2056
00:43:31 | sal[resnet50] | INFO | epoch 020 done in 00:00:06 | loss 0.4045 | mae 0.4253 | byol 0.1918
00:43:38 | sal[resnet50] | INFO | epoch 021 done in 00:00:06 | loss 0.3947 | mae 0.4195 | byol 0.1849
00:43:45 | sal[resnet50] | INFO | epoch 022 done in 00:00:06 | loss 0.3832 | mae 0.4170 | byol 0.1747
00:43:52 | sal[resnet50] | INFO | epoch 023 done in 00:00:06 | loss 0.3789 | mae 0.4142 | byol 0.1718
00:43:59 | sal[resnet50] | INFO | epoch 024 done in 00:00:07 | loss 0.3753 | mae 0.4124 | byol 0.1691
00:44:06 | sal[resnet50] | INFO | epoch 025 done in 00:00:06 | loss 0.3696 | mae 0.4095 | byol 0.1648
00:44:12 | sal[resnet50] | INFO | epoch 026 done in 00:00:06 | loss 0.3631 | mae 0.4098 | byol 0.1582
00:44:19 | sal[resnet50] | INFO | epoch 027 done in 00:00:06 | loss 0.3627 | mae 0.4081 | byol 0.1586
00:44:26 | sal[resnet50] | INFO | epoch 028 done in 00:00:06 | loss 0.3599 | mae 0.4103 | byol 0.1548
00:44:33 | sal[resnet50] | INFO | epoch 029 done in 00:00:06 | loss 0.3580 | mae 0.4075 | byol 0.1542
00:44:40 | sal[resnet50] | INFO | epoch 030 done in 00:00:06 | loss 0.3573 | mae 0.4062 | byol 0.1543
00:44:47 | sal[resnet50] | INFO | epoch 031 done in 00:00:06 | loss 0.3527 | mae 0.4055 | byol 0.1500
00:44:54 | sal[resnet50] | INFO | epoch 032 done in 00:00:06 | loss 0.3558 | mae 0.4038 | byol 0.1539
00:45:01 | sal[resnet50] | INFO | epoch 033 done in 00:00:06 | loss 0.3468 | mae 0.4031 | byol 0.1452
00:45:07 | sal[resnet50] | INFO | epoch 034 done in 00:00:06 | loss 0.3450 | mae 0.4050 | byol 0.1424
00:45:14 | sal[resnet50] | INFO | epoch 035 done in 00:00:06 | loss 0.3462 | mae 0.4030 | byol 0.1447
00:45:21 | sal[resnet50] | INFO | epoch 036 done in 00:00:07 | loss 0.3432 | mae 0.4030 | byol 0.1416
00:45:28 | sal[resnet50] | INFO | epoch 037 done in 00:00:06 | loss 0.3338 | mae 0.4026 | byol 0.1325
00:45:35 | sal[resnet50] | INFO | epoch 038 done in 00:00:06 | loss 0.3380 | mae 0.4019 | byol 0.1370
00:45:42 | sal[resnet50] | INFO | epoch 039 done in 00:00:06 | loss 0.3395 | mae 0.4000 | byol 0.1395
00:45:48 | sal[resnet50] | INFO | epoch 040 done in 00:00:06 | loss 0.3353 | mae 0.4019 | byol 0.1344
00:45:55 | sal[resnet50] | INFO | epoch 041 done in 00:00:06 | loss 0.3302 | mae 0.4005 | byol 0.1300
00:46:02 | sal[resnet50] | INFO | epoch 042 done in 00:00:06 | loss 0.3299 | mae 0.4007 | byol 0.1296
00:46:09 | sal[resnet50] | INFO | epoch 043 done in 00:00:07 | loss 0.3235 | mae 0.3990 | byol 0.1240
00:46:16 | sal[resnet50] | INFO | epoch 044 done in 00:00:07 | loss 0.3257 | mae 0.3991 | byol 0.1262
00:46:23 | sal[resnet50] | INFO | epoch 045 done in 00:00:06 | loss 0.3204 | mae 0.3994 | byol 0.1207
00:46:30 | sal[resnet50] | INFO | epoch 046 done in 00:00:06 | loss 0.3199 | mae 0.3983 | byol 0.1207
00:46:37 | sal[resnet50] | INFO | epoch 047 done in 00:00:06 | loss 0.3186 | mae 0.3983 | byol 0.1195
00:46:44 | sal[resnet50] | INFO | epoch 048 done in 00:00:07 | loss 0.3158 | mae 0.3974 | byol 0.1171
00:46:51 | sal[resnet50] | INFO | epoch 049 done in 00:00:06 | loss 0.3192 | mae 0.3975 | byol 0.1204
00:46:58 | sal[resnet50] | INFO | epoch 050 done in 00:00:06 | loss 0.3159 | mae 0.3977 | byol 0.1170
00:47:05 | sal[resnet50] | INFO | epoch 051 done in 00:00:06 | loss 0.3131 | mae 0.3950 | byol 0.1156
00:47:11 | sal[resnet50] | INFO | epoch 052 done in 00:00:06 | loss 0.3124 | mae 0.3973 | byol 0.1138
00:47:18 | sal[resnet50] | INFO | epoch 053 done in 00:00:06 | loss 0.3110 | mae 0.3969 | byol 0.1125
00:47:25 | sal[resnet50] | INFO | epoch 054 done in 00:00:06 | loss 0.3139 | mae 0.3942 | byol 0.1168
00:47:32 | sal[resnet50] | INFO | epoch 055 done in 00:00:06 | loss 0.3111 | mae 0.3944 | byol 0.1139
00:47:39 | sal[resnet50] | INFO | epoch 056 done in 00:00:07 | loss 0.3073 | mae 0.3935 | byol 0.1106
00:47:46 | sal[resnet50] | INFO | epoch 057 done in 00:00:06 | loss 0.3054 | mae 0.3935 | byol 0.1087
00:47:53 | sal[resnet50] | INFO | epoch 058 done in 00:00:06 | loss 0.3023 | mae 0.3913 | byol 0.1067
00:48:00 | sal[resnet50] | INFO | epoch 059 done in 00:00:06 | loss 0.3058 | mae 0.3919 | byol 0.1099
00:48:06 | sal[resnet50] | INFO | epoch 060 done in 00:00:06 | loss 0.3014 | mae 0.3908 | byol 0.1060
00:48:13 | sal[resnet50] | INFO | epoch 061 done in 00:00:06 | loss 0.2980 | mae 0.3898 | byol 0.1031
00:48:20 | sal[resnet50] | INFO | epoch 062 done in 00:00:06 | loss 0.2988 | mae 0.3908 | byol 0.1034
00:48:27 | sal[resnet50] | INFO | epoch 063 done in 00:00:06 | loss 0.2986 | mae 0.3899 | byol 0.1036
00:48:34 | sal[resnet50] | INFO | epoch 064 done in 00:00:06 | loss 0.2939 | mae 0.3882 | byol 0.0998
00:48:41 | sal[resnet50] | INFO | epoch 065 done in 00:00:06 | loss 0.2974 | mae 0.3885 | byol 0.1032
00:48:48 | sal[resnet50] | INFO | epoch 066 done in 00:00:06 | loss 0.2980 | mae 0.3877 | byol 0.1041
00:48:55 | sal[resnet50] | INFO | epoch 067 done in 00:00:06 | loss 0.2950 | mae 0.3858 | byol 0.1021
00:49:01 | sal[resnet50] | INFO | epoch 068 done in 00:00:06 | loss 0.2917 | mae 0.3842 | byol 0.0996
00:49:08 | sal[resnet50] | INFO | epoch 069 done in 00:00:06 | loss 0.2951 | mae 0.3848 | byol 0.1027
00:49:15 | sal[resnet50] | INFO | epoch 070 done in 00:00:06 | loss 0.2919 | mae 0.3848 | byol 0.0995
00:49:22 | sal[resnet50] | INFO | epoch 071 done in 00:00:06 | loss 0.2898 | mae 0.3823 | byol 0.0987
00:49:28 | sal[resnet50] | INFO | epoch 072 done in 00:00:06 | loss 0.2894 | mae 0.3825 | byol 0.0981
00:49:35 | sal[resnet50] | INFO | epoch 073 done in 00:00:06 | loss 0.2890 | mae 0.3829 | byol 0.0976
00:49:42 | sal[resnet50] | INFO | epoch 074 done in 00:00:06 | loss 0.2870 | mae 0.3816 | byol 0.0962
00:49:49 | sal[resnet50] | INFO | epoch 075 done in 00:00:06 | loss 0.2876 | mae 0.3816 | byol 0.0969
00:49:56 | sal[resnet50] | INFO | epoch 076 done in 00:00:06 | loss 0.2863 | mae 0.3804 | byol 0.0961
00:50:02 | sal[resnet50] | INFO | epoch 077 done in 00:00:06 | loss 0.2845 | mae 0.3803 | byol 0.0944
00:50:09 | sal[resnet50] | INFO | epoch 078 done in 00:00:06 | loss 0.2849 | mae 0.3799 | byol 0.0950
00:50:16 | sal[resnet50] | INFO | epoch 079 done in 00:00:06 | loss 0.2843 | mae 0.3788 | byol 0.0949
00:50:22 | sal[resnet50] | INFO | epoch 080 done in 00:00:06 | loss 0.2802 | mae 0.3807 | byol 0.0899
00:50:29 | sal[resnet50] | INFO | epoch 081 done in 00:00:06 | loss 0.2841 | mae 0.3796 | byol 0.0943
00:50:36 | sal[resnet50] | INFO | epoch 082 done in 00:00:06 | loss 0.2832 | mae 0.3780 | byol 0.0942
00:50:43 | sal[resnet50] | INFO | epoch 083 done in 00:00:06 | loss 0.2813 | mae 0.3803 | byol 0.0912
00:50:49 | sal[resnet50] | INFO | epoch 084 done in 00:00:06 | loss 0.2798 | mae 0.3779 | byol 0.0909
00:50:56 | sal[resnet50] | INFO | epoch 085 done in 00:00:06 | loss 0.2786 | mae 0.3796 | byol 0.0888
00:51:03 | sal[resnet50] | INFO | epoch 086 done in 00:00:06 | loss 0.2771 | mae 0.3774 | byol 0.0884
00:51:10 | sal[resnet50] | INFO | epoch 087 done in 00:00:06 | loss 0.2765 | mae 0.3771 | byol 0.0880
00:51:16 | sal[resnet50] | INFO | epoch 088 done in 00:00:06 | loss 0.2741 | mae 0.3755 | byol 0.0864
00:51:23 | sal[resnet50] | INFO | epoch 089 done in 00:00:06 | loss 0.2754 | mae 0.3774 | byol 0.0867
00:51:30 | sal[resnet50] | INFO | epoch 090 done in 00:00:06 | loss 0.2724 | mae 0.3760 | byol 0.0844
00:51:37 | sal[resnet50] | INFO | epoch 091 done in 00:00:06 | loss 0.2757 | mae 0.3783 | byol 0.0865
00:51:43 | sal[resnet50] | INFO | epoch 092 done in 00:00:06 | loss 0.2742 | mae 0.3773 | byol 0.0856
00:51:50 | sal[resnet50] | INFO | epoch 093 done in 00:00:06 | loss 0.2738 | mae 0.3767 | byol 0.0855
00:51:57 | sal[resnet50] | INFO | epoch 094 done in 00:00:06 | loss 0.2730 | mae 0.3770 | byol 0.0845
00:52:04 | sal[resnet50] | INFO | epoch 095 done in 00:00:06 | loss 0.2740 | mae 0.3765 | byol 0.0858
00:52:10 | sal[resnet50] | INFO | epoch 096 done in 00:00:06 | loss 0.2735 | mae 0.3784 | byol 0.0843
00:52:17 | sal[resnet50] | INFO | epoch 097 done in 00:00:06 | loss 0.2717 | mae 0.3784 | byol 0.0826
00:52:24 | sal[resnet50] | INFO | epoch 098 done in 00:00:06 | loss 0.2724 | mae 0.3769 | byol 0.0840
00:52:31 | sal[resnet50] | INFO | epoch 099 done in 00:00:06 | loss 0.2720 | mae 0.3763 | byol 0.0838
00:52:37 | sal[resnet50] | INFO | epoch 100 done in 00:00:06 | loss 0.2718 | mae 0.3761 | byol 0.0837
00:52:38 | sal[resnet50] | INFO | SalSSL training done in 00:11:25 | best loss 0.2717
00:52:57 | eval[sal-resnet50-frac10-ablLam050/resnet50] | INFO | Loaded backbone weights from /workspace/vcl_pathmnist/runs/sal-pathmnist-resnet50-ep100-bs256-seed42-frac10-ablLam050/backbone_final.pt
00:57:50 | eval[sal-resnet50-frac10-ablLam050/resnet50] | INFO | Extracting features for kNN / t-SNE / UMAP...
00:58:46 | eval[sal-resnet50-frac10-ablLam050/resnet50] | INFO | kNN(k=20) top-1: 0.8379
/workspace/vcl_pathmnist/.venv/lib/python3.12/site-packages/umap/umap_.py:1952: UserWarning: n_jobs value 1 overridden to 1 by setting random_state. Use no seed for parallelism.
  warn(
00:59:18 | eval[sal-resnet50-frac10-ablLam050/resnet50] | INFO | Saved t-SNE / UMAP plots.
00:59:18 | probe[linear/resnet50] | INFO | Loaded backbone weights — missing: 0, unexpected: 0
00:59:35 | probe[linear/resnet50] | INFO | [linear] epoch 001/30 | train_loss 0.8879 train_acc 0.6794 | val_loss 0.6283 val_acc 0.7596
00:59:49 | probe[linear/resnet50] | INFO | [linear] epoch 002/30 | train_loss 0.5678 train_acc 0.7911 | val_loss 0.5227 val_acc 0.8053
01:00:03 | probe[linear/resnet50] | INFO | [linear] epoch 003/30 | train_loss 0.5240 train_acc 0.8052 | val_loss 0.5103 val_acc 0.8106
01:00:17 | probe[linear/resnet50] | INFO | [linear] epoch 004/30 | train_loss 0.5005 train_acc 0.8158 | val_loss 0.4910 val_acc 0.8189
01:00:31 | probe[linear/resnet50] | INFO | [linear] epoch 005/30 | train_loss 0.4853 train_acc 0.8226 | val_loss 0.4935 val_acc 0.8148
01:00:44 | probe[linear/resnet50] | INFO | [linear] epoch 006/30 | train_loss 0.4792 train_acc 0.8224 | val_loss 0.4950 val_acc 0.8153
01:00:58 | probe[linear/resnet50] | INFO | [linear] epoch 007/30 | train_loss 0.4683 train_acc 0.8278 | val_loss 0.5254 val_acc 0.7973
01:01:11 | probe[linear/resnet50] | INFO | [linear] epoch 008/30 | train_loss 0.4564 train_acc 0.8330 | val_loss 0.4459 val_acc 0.8367
01:01:25 | probe[linear/resnet50] | INFO | [linear] epoch 009/30 | train_loss 0.4555 train_acc 0.8336 | val_loss 0.4797 val_acc 0.8220
01:01:38 | probe[linear/resnet50] | INFO | [linear] epoch 010/30 | train_loss 0.4457 train_acc 0.8364 | val_loss 0.4561 val_acc 0.8287
01:01:51 | probe[linear/resnet50] | INFO | [linear] epoch 011/30 | train_loss 0.4446 train_acc 0.8374 | val_loss 0.4507 val_acc 0.8308
01:02:04 | probe[linear/resnet50] | INFO | [linear] epoch 012/30 | train_loss 0.4348 train_acc 0.8417 | val_loss 0.4323 val_acc 0.8400
01:02:18 | probe[linear/resnet50] | INFO | [linear] epoch 013/30 | train_loss 0.4308 train_acc 0.8426 | val_loss 0.4178 val_acc 0.8469
01:02:32 | probe[linear/resnet50] | INFO | [linear] epoch 014/30 | train_loss 0.4299 train_acc 0.8434 | val_loss 0.4226 val_acc 0.8456
01:02:46 | probe[linear/resnet50] | INFO | [linear] epoch 015/30 | train_loss 0.4277 train_acc 0.8434 | val_loss 0.4202 val_acc 0.8451
01:02:59 | probe[linear/resnet50] | INFO | [linear] epoch 016/30 | train_loss 0.4206 train_acc 0.8462 | val_loss 0.4226 val_acc 0.8434
01:03:12 | probe[linear/resnet50] | INFO | [linear] epoch 017/30 | train_loss 0.4192 train_acc 0.8463 | val_loss 0.4291 val_acc 0.8427
01:03:25 | probe[linear/resnet50] | INFO | [linear] epoch 018/30 | train_loss 0.4151 train_acc 0.8485 | val_loss 0.4150 val_acc 0.8471
01:03:39 | probe[linear/resnet50] | INFO | [linear] epoch 019/30 | train_loss 0.4148 train_acc 0.8493 | val_loss 0.4279 val_acc 0.8437
01:03:52 | probe[linear/resnet50] | INFO | [linear] epoch 020/30 | train_loss 0.4119 train_acc 0.8494 | val_loss 0.4111 val_acc 0.8492
01:04:06 | probe[linear/resnet50] | INFO | [linear] epoch 021/30 | train_loss 0.4090 train_acc 0.8517 | val_loss 0.4177 val_acc 0.8447
01:04:19 | probe[linear/resnet50] | INFO | [linear] epoch 022/30 | train_loss 0.4082 train_acc 0.8508 | val_loss 0.4073 val_acc 0.8534
01:04:33 | probe[linear/resnet50] | INFO | [linear] epoch 023/30 | train_loss 0.4030 train_acc 0.8535 | val_loss 0.4074 val_acc 0.8515
01:04:47 | probe[linear/resnet50] | INFO | [linear] epoch 024/30 | train_loss 0.4018 train_acc 0.8540 | val_loss 0.4060 val_acc 0.8492
01:05:01 | probe[linear/resnet50] | INFO | [linear] epoch 025/30 | train_loss 0.4029 train_acc 0.8534 | val_loss 0.4054 val_acc 0.8530
01:05:15 | probe[linear/resnet50] | INFO | [linear] epoch 026/30 | train_loss 0.4031 train_acc 0.8532 | val_loss 0.4033 val_acc 0.8528
01:05:28 | probe[linear/resnet50] | INFO | [linear] epoch 027/30 | train_loss 0.3980 train_acc 0.8553 | val_loss 0.4091 val_acc 0.8500
01:05:42 | probe[linear/resnet50] | INFO | [linear] epoch 028/30 | train_loss 0.3981 train_acc 0.8548 | val_loss 0.4062 val_acc 0.8497
01:05:55 | probe[linear/resnet50] | INFO | [linear] epoch 029/30 | train_loss 0.3955 train_acc 0.8573 | val_loss 0.4057 val_acc 0.8504
01:06:08 | probe[linear/resnet50] | INFO | [linear] epoch 030/30 | train_loss 0.3978 train_acc 0.8561 | val_loss 0.4052 val_acc 0.8501
01:06:08 | probe[linear/resnet50] | INFO | [linear] done in 00:06:50 | best val_acc 0.8534
01:06:09 | eval[sal-resnet50-frac10-ablLam050/resnet50] | INFO | Linear test acc 0.8675 | bal-acc 0.8277 | f1-macro 0.8173 | AUC 0.9823511196639618
01:06:55 | probe[finetune_10pct/resnet50] | INFO | Loaded backbone weights — missing: 0, unexpected: 0
01:06:59 | probe[finetune_10pct/resnet50] | INFO | [finetune_10pct] epoch 001/30 | train_loss 1.1542 train_acc 0.5896 | val_loss 0.5309 val_acc 0.7882
01:07:01 | probe[finetune_10pct/resnet50] | INFO | [finetune_10pct] epoch 002/30 | train_loss 0.4601 train_acc 0.8353 | val_loss 0.4745 val_acc 0.8276
01:07:04 | probe[finetune_10pct/resnet50] | INFO | [finetune_10pct] epoch 003/30 | train_loss 0.3779 train_acc 0.8651 | val_loss 0.3560 val_acc 0.8750
01:07:06 | probe[finetune_10pct/resnet50] | INFO | [finetune_10pct] epoch 004/30 | train_loss 0.3297 train_acc 0.8848 | val_loss 0.3089 val_acc 0.8918
01:07:09 | probe[finetune_10pct/resnet50] | INFO | [finetune_10pct] epoch 005/30 | train_loss 0.2911 train_acc 0.8997 | val_loss 0.3051 val_acc 0.8920
01:07:11 | probe[finetune_10pct/resnet50] | INFO | [finetune_10pct] epoch 006/30 | train_loss 0.2601 train_acc 0.9078 | val_loss 0.3031 val_acc 0.8977
01:07:14 | probe[finetune_10pct/resnet50] | INFO | [finetune_10pct] epoch 007/30 | train_loss 0.2403 train_acc 0.9176 | val_loss 0.2443 val_acc 0.9182
01:07:17 | probe[finetune_10pct/resnet50] | INFO | [finetune_10pct] epoch 008/30 | train_loss 0.2276 train_acc 0.9200 | val_loss 0.2539 val_acc 0.9165
01:07:19 | probe[finetune_10pct/resnet50] | INFO | [finetune_10pct] epoch 009/30 | train_loss 0.1984 train_acc 0.9313 | val_loss 0.2659 val_acc 0.9052
01:07:21 | probe[finetune_10pct/resnet50] | INFO | [finetune_10pct] epoch 010/30 | train_loss 0.1817 train_acc 0.9383 | val_loss 0.3068 val_acc 0.8910
01:07:24 | probe[finetune_10pct/resnet50] | INFO | [finetune_10pct] epoch 011/30 | train_loss 0.1801 train_acc 0.9396 | val_loss 0.1943 val_acc 0.9389
01:07:26 | probe[finetune_10pct/resnet50] | INFO | [finetune_10pct] epoch 012/30 | train_loss 0.1720 train_acc 0.9439 | val_loss 0.1974 val_acc 0.9288
01:07:28 | probe[finetune_10pct/resnet50] | INFO | [finetune_10pct] epoch 013/30 | train_loss 0.1563 train_acc 0.9452 | val_loss 0.1627 val_acc 0.9457
01:07:31 | probe[finetune_10pct/resnet50] | INFO | [finetune_10pct] epoch 014/30 | train_loss 0.1457 train_acc 0.9498 | val_loss 0.1606 val_acc 0.9430
01:07:33 | probe[finetune_10pct/resnet50] | INFO | [finetune_10pct] epoch 015/30 | train_loss 0.1401 train_acc 0.9522 | val_loss 0.2074 val_acc 0.9272
01:07:36 | probe[finetune_10pct/resnet50] | INFO | [finetune_10pct] epoch 016/30 | train_loss 0.1288 train_acc 0.9547 | val_loss 0.1274 val_acc 0.9591
01:07:38 | probe[finetune_10pct/resnet50] | INFO | [finetune_10pct] epoch 017/30 | train_loss 0.1178 train_acc 0.9604 | val_loss 0.1669 val_acc 0.9462
01:07:41 | probe[finetune_10pct/resnet50] | INFO | [finetune_10pct] epoch 018/30 | train_loss 0.1152 train_acc 0.9604 | val_loss 0.2150 val_acc 0.9329
01:07:43 | probe[finetune_10pct/resnet50] | INFO | [finetune_10pct] epoch 019/30 | train_loss 0.0993 train_acc 0.9647 | val_loss 0.1599 val_acc 0.9475
01:07:45 | probe[finetune_10pct/resnet50] | INFO | [finetune_10pct] epoch 020/30 | train_loss 0.0944 train_acc 0.9674 | val_loss 0.1395 val_acc 0.9546
01:07:48 | probe[finetune_10pct/resnet50] | INFO | [finetune_10pct] epoch 021/30 | train_loss 0.0850 train_acc 0.9711 | val_loss 0.1648 val_acc 0.9470
01:07:50 | probe[finetune_10pct/resnet50] | INFO | [finetune_10pct] epoch 022/30 | train_loss 0.0846 train_acc 0.9707 | val_loss 0.1383 val_acc 0.9538
01:07:52 | probe[finetune_10pct/resnet50] | INFO | [finetune_10pct] epoch 023/30 | train_loss 0.0785 train_acc 0.9743 | val_loss 0.1262 val_acc 0.9578
01:07:55 | probe[finetune_10pct/resnet50] | INFO | [finetune_10pct] epoch 024/30 | train_loss 0.0728 train_acc 0.9761 | val_loss 0.1321 val_acc 0.9559
01:07:57 | probe[finetune_10pct/resnet50] | INFO | [finetune_10pct] epoch 025/30 | train_loss 0.0639 train_acc 0.9776 | val_loss 0.1390 val_acc 0.9543
01:07:59 | probe[finetune_10pct/resnet50] | INFO | [finetune_10pct] epoch 026/30 | train_loss 0.0688 train_acc 0.9784 | val_loss 0.1364 val_acc 0.9550
01:08:02 | probe[finetune_10pct/resnet50] | INFO | [finetune_10pct] epoch 027/30 | train_loss 0.0590 train_acc 0.9792 | val_loss 0.1226 val_acc 0.9592
01:08:04 | probe[finetune_10pct/resnet50] | INFO | [finetune_10pct] epoch 028/30 | train_loss 0.0597 train_acc 0.9802 | val_loss 0.1328 val_acc 0.9550
01:08:07 | probe[finetune_10pct/resnet50] | INFO | [finetune_10pct] epoch 029/30 | train_loss 0.0623 train_acc 0.9780 | val_loss 0.1247 val_acc 0.9583
01:08:09 | probe[finetune_10pct/resnet50] | INFO | [finetune_10pct] epoch 030/30 | train_loss 0.0600 train_acc 0.9808 | val_loss 0.1341 val_acc 0.9552
01:08:09 | probe[finetune_10pct/resnet50] | INFO | [finetune_10pct] done in 00:01:14 | best val_acc 0.9592
01:08:10 | eval[sal-resnet50-frac10-ablLam050/resnet50] | INFO | Low-shot 10.0% (n=9000) -> test acc 0.9189 | bal-acc 0.9005 | f1-macro 0.8966
01:08:38 | probe[finetune_1pct/resnet50] | INFO | Loaded backbone weights — missing: 0, unexpected: 0
01:08:40 | probe[finetune_1pct/resnet50] | INFO | [finetune_1pct] epoch 001/30 | train_loss 2.2264 train_acc 0.0810 | val_loss 1.7433 val_acc 0.3913
01:08:42 | probe[finetune_1pct/resnet50] | INFO | [finetune_1pct] epoch 002/30 | train_loss 1.2768 train_acc 0.5971 | val_loss 1.5714 val_acc 0.5207
01:08:44 | probe[finetune_1pct/resnet50] | INFO | [finetune_1pct] epoch 003/30 | train_loss 0.7565 train_acc 0.6970 | val_loss 0.7863 val_acc 0.7216
01:08:45 | probe[finetune_1pct/resnet50] | INFO | [finetune_1pct] epoch 004/30 | train_loss 0.6206 train_acc 0.7569 | val_loss 0.7174 val_acc 0.7093
01:08:46 | probe[finetune_1pct/resnet50] | INFO | [finetune_1pct] epoch 005/30 | train_loss 0.5756 train_acc 0.7758 | val_loss 0.6441 val_acc 0.7744
01:08:48 | probe[finetune_1pct/resnet50] | INFO | [finetune_1pct] epoch 006/30 | train_loss 0.5269 train_acc 0.8013 | val_loss 0.7394 val_acc 0.7501
01:08:49 | probe[finetune_1pct/resnet50] | INFO | [finetune_1pct] epoch 007/30 | train_loss 0.4195 train_acc 0.8335 | val_loss 0.6314 val_acc 0.7870
01:08:51 | probe[finetune_1pct/resnet50] | INFO | [finetune_1pct] epoch 008/30 | train_loss 0.4028 train_acc 0.8457 | val_loss 0.5556 val_acc 0.8145
01:08:52 | probe[finetune_1pct/resnet50] | INFO | [finetune_1pct] epoch 009/30 | train_loss 0.3827 train_acc 0.8557 | val_loss 0.5218 val_acc 0.8262
01:08:54 | probe[finetune_1pct/resnet50] | INFO | [finetune_1pct] epoch 010/30 | train_loss 0.3101 train_acc 0.8824 | val_loss 0.5590 val_acc 0.8244
01:08:55 | probe[finetune_1pct/resnet50] | INFO | [finetune_1pct] epoch 011/30 | train_loss 0.2965 train_acc 0.8868 | val_loss 0.5371 val_acc 0.8102
01:08:56 | probe[finetune_1pct/resnet50] | INFO | [finetune_1pct] epoch 012/30 | train_loss 0.3126 train_acc 0.8801 | val_loss 0.4799 val_acc 0.8311
01:08:57 | probe[finetune_1pct/resnet50] | INFO | [finetune_1pct] epoch 013/30 | train_loss 0.2584 train_acc 0.9090 | val_loss 0.4554 val_acc 0.8471
01:08:59 | probe[finetune_1pct/resnet50] | INFO | [finetune_1pct] epoch 014/30 | train_loss 0.2473 train_acc 0.8990 | val_loss 0.5212 val_acc 0.8228
01:09:00 | probe[finetune_1pct/resnet50] | INFO | [finetune_1pct] epoch 015/30 | train_loss 0.2620 train_acc 0.8990 | val_loss 0.5174 val_acc 0.8404
01:09:02 | probe[finetune_1pct/resnet50] | INFO | [finetune_1pct] epoch 016/30 | train_loss 0.2378 train_acc 0.9046 | val_loss 0.4772 val_acc 0.8547
01:09:03 | probe[finetune_1pct/resnet50] | INFO | [finetune_1pct] epoch 017/30 | train_loss 0.2240 train_acc 0.9123 | val_loss 0.4543 val_acc 0.8444
01:09:04 | probe[finetune_1pct/resnet50] | INFO | [finetune_1pct] epoch 018/30 | train_loss 0.2249 train_acc 0.9168 | val_loss 0.4293 val_acc 0.8559
01:09:06 | probe[finetune_1pct/resnet50] | INFO | [finetune_1pct] epoch 019/30 | train_loss 0.1984 train_acc 0.9256 | val_loss 0.4209 val_acc 0.8598
01:09:07 | probe[finetune_1pct/resnet50] | INFO | [finetune_1pct] epoch 020/30 | train_loss 0.1816 train_acc 0.9367 | val_loss 0.4025 val_acc 0.8699
01:09:09 | probe[finetune_1pct/resnet50] | INFO | [finetune_1pct] epoch 021/30 | train_loss 0.1946 train_acc 0.9267 | val_loss 0.3964 val_acc 0.8722
01:09:10 | probe[finetune_1pct/resnet50] | INFO | [finetune_1pct] epoch 022/30 | train_loss 0.1776 train_acc 0.9301 | val_loss 0.3968 val_acc 0.8705
01:09:11 | probe[finetune_1pct/resnet50] | INFO | [finetune_1pct] epoch 023/30 | train_loss 0.1810 train_acc 0.9390 | val_loss 0.3985 val_acc 0.8686
01:09:13 | probe[finetune_1pct/resnet50] | INFO | [finetune_1pct] epoch 024/30 | train_loss 0.1642 train_acc 0.9401 | val_loss 0.3955 val_acc 0.8704
01:09:14 | probe[finetune_1pct/resnet50] | INFO | [finetune_1pct] epoch 025/30 | train_loss 0.1601 train_acc 0.9412 | val_loss 0.4034 val_acc 0.8690
01:09:15 | probe[finetune_1pct/resnet50] | INFO | [finetune_1pct] epoch 026/30 | train_loss 0.1436 train_acc 0.9434 | val_loss 0.4037 val_acc 0.8710
01:09:16 | probe[finetune_1pct/resnet50] | INFO | [finetune_1pct] epoch 027/30 | train_loss 0.1490 train_acc 0.9501 | val_loss 0.4032 val_acc 0.8716
01:09:18 | probe[finetune_1pct/resnet50] | INFO | [finetune_1pct] epoch 028/30 | train_loss 0.1478 train_acc 0.9467 | val_loss 0.4032 val_acc 0.8701
01:09:19 | probe[finetune_1pct/resnet50] | INFO | [finetune_1pct] epoch 029/30 | train_loss 0.1516 train_acc 0.9412 | val_loss 0.4053 val_acc 0.8693
01:09:20 | probe[finetune_1pct/resnet50] | INFO | [finetune_1pct] epoch 030/30 | train_loss 0.1304 train_acc 0.9556 | val_loss 0.4068 val_acc 0.8685
01:09:20 | probe[finetune_1pct/resnet50] | INFO | [finetune_1pct] done in 00:00:42 | best val_acc 0.8722
01:09:21 | eval[sal-resnet50-frac10-ablLam050/resnet50] | INFO | Low-shot 1.0% (n=901) -> test acc 0.8319 | bal-acc 0.8111 | f1-macro 0.8003
01:09:21 | eval[sal-resnet50-frac10-ablLam050/resnet50] | INFO | Downstream evaluation complete.
