[SSL] method=simclr backbone=resnet50
------------------------------------------------
16:24:14 | ssl[simclr/resnet50] | INFO | Model: simclr / resnet50 -- params: 28.23M
16:24:28 | ssl[simclr/resnet50] | INFO | ep 001/100 it 50/175 | lr 5.71e-05 | loss 6.8799
16:24:33 | ssl[simclr/resnet50] | INFO | ep 001/100 it 100/175 | lr 1.14e-04 | loss 6.6120
16:24:39 | ssl[simclr/resnet50] | INFO | ep 001/100 it 150/175 | lr 1.71e-04 | loss 6.4052
16:24:42 | ssl[simclr/resnet50] | INFO | epoch 001 done in 00:00:28 | loss 6.3099
16:24:52 | ssl[simclr/resnet50] | INFO | ep 002/100 it 50/175 | lr 2.57e-04 | loss 5.4300
16:24:58 | ssl[simclr/resnet50] | INFO | ep 002/100 it 100/175 | lr 3.14e-04 | loss 5.1286
16:25:04 | ssl[simclr/resnet50] | INFO | ep 002/100 it 150/175 | lr 3.71e-04 | loss 4.8426
16:25:07 | ssl[simclr/resnet50] | INFO | epoch 002 done in 00:00:23 | loss 4.7148
16:25:17 | ssl[simclr/resnet50] | INFO | ep 003/100 it 50/175 | lr 4.57e-04 | loss 3.6093
16:25:23 | ssl[simclr/resnet50] | INFO | ep 003/100 it 100/175 | lr 5.14e-04 | loss 3.4048
16:25:29 | ssl[simclr/resnet50] | INFO | ep 003/100 it 150/175 | lr 5.71e-04 | loss 3.2527
16:25:32 | ssl[simclr/resnet50] | INFO | epoch 003 done in 00:00:22 | loss 3.1889
16:25:42 | ssl[simclr/resnet50] | INFO | ep 004/100 it 50/175 | lr 6.57e-04 | loss 2.6345
16:25:48 | ssl[simclr/resnet50] | INFO | ep 004/100 it 100/175 | lr 7.14e-04 | loss 2.5203
16:25:54 | ssl[simclr/resnet50] | INFO | ep 004/100 it 150/175 | lr 7.71e-04 | loss 2.4607
16:25:57 | ssl[simclr/resnet50] | INFO | epoch 004 done in 00:00:23 | loss 2.4403
16:26:06 | ssl[simclr/resnet50] | INFO | ep 005/100 it 50/175 | lr 8.57e-04 | loss 2.1919
16:26:12 | ssl[simclr/resnet50] | INFO | ep 005/100 it 100/175 | lr 9.14e-04 | loss 2.1532
16:26:18 | ssl[simclr/resnet50] | INFO | ep 005/100 it 150/175 | lr 9.71e-04 | loss 2.1233
16:26:21 | ssl[simclr/resnet50] | INFO | epoch 005 done in 00:00:23 | loss 2.1047
16:26:31 | ssl[simclr/resnet50] | INFO | ep 006/100 it 50/175 | lr 1.00e-03 | loss 1.9195
16:26:37 | ssl[simclr/resnet50] | INFO | ep 006/100 it 100/175 | lr 1.00e-03 | loss 1.8710
16:26:43 | ssl[simclr/resnet50] | INFO | ep 006/100 it 150/175 | lr 1.00e-03 | loss 1.8635
16:26:46 | ssl[simclr/resnet50] | INFO | epoch 006 done in 00:00:23 | loss 1.8452
16:26:56 | ssl[simclr/resnet50] | INFO | ep 007/100 it 50/175 | lr 1.00e-03 | loss 1.6600
16:27:02 | ssl[simclr/resnet50] | INFO | ep 007/100 it 100/175 | lr 9.99e-04 | loss 1.6493
16:27:08 | ssl[simclr/resnet50] | INFO | ep 007/100 it 150/175 | lr 9.99e-04 | loss 1.6320
16:27:10 | ssl[simclr/resnet50] | INFO | epoch 007 done in 00:00:23 | loss 1.6273
16:27:20 | ssl[simclr/resnet50] | INFO | ep 008/100 it 50/175 | lr 9.99e-04 | loss 1.4948
16:27:26 | ssl[simclr/resnet50] | INFO | ep 008/100 it 100/175 | lr 9.98e-04 | loss 1.5023
16:27:32 | ssl[simclr/resnet50] | INFO | ep 008/100 it 150/175 | lr 9.98e-04 | loss 1.4872
16:27:35 | ssl[simclr/resnet50] | INFO | epoch 008 done in 00:00:23 | loss 1.4823
16:27:45 | ssl[simclr/resnet50] | INFO | ep 009/100 it 50/175 | lr 9.97e-04 | loss 1.3927
16:27:51 | ssl[simclr/resnet50] | INFO | ep 009/100 it 100/175 | lr 9.97e-04 | loss 1.3881
16:27:57 | ssl[simclr/resnet50] | INFO | ep 009/100 it 150/175 | lr 9.96e-04 | loss 1.3862
16:28:00 | ssl[simclr/resnet50] | INFO | epoch 009 done in 00:00:23 | loss 1.3787
16:28:10 | ssl[simclr/resnet50] | INFO | ep 010/100 it 50/175 | lr 9.95e-04 | loss 1.3078
16:28:16 | ssl[simclr/resnet50] | INFO | ep 010/100 it 100/175 | lr 9.94e-04 | loss 1.2877
16:28:22 | ssl[simclr/resnet50] | INFO | ep 010/100 it 150/175 | lr 9.94e-04 | loss 1.2805
16:28:25 | ssl[simclr/resnet50] | INFO | epoch 010 done in 00:00:23 | loss 1.2799
16:28:34 | ssl[simclr/resnet50] | INFO | ep 011/100 it 50/175 | lr 9.92e-04 | loss 1.2432
16:28:40 | ssl[simclr/resnet50] | INFO | ep 011/100 it 100/175 | lr 9.92e-04 | loss 1.2319
16:28:46 | ssl[simclr/resnet50] | INFO | ep 011/100 it 150/175 | lr 9.91e-04 | loss 1.2248
16:28:49 | ssl[simclr/resnet50] | INFO | epoch 011 done in 00:00:23 | loss 1.2223
16:28:59 | ssl[simclr/resnet50] | INFO | ep 012/100 it 50/175 | lr 9.89e-04 | loss 1.1781
16:29:05 | ssl[simclr/resnet50] | INFO | ep 012/100 it 100/175 | lr 9.88e-04 | loss 1.1698
16:29:11 | ssl[simclr/resnet50] | INFO | ep 012/100 it 150/175 | lr 9.87e-04 | loss 1.1626
16:29:14 | ssl[simclr/resnet50] | INFO | epoch 012 done in 00:00:23 | loss 1.1590
16:29:24 | ssl[simclr/resnet50] | INFO | ep 013/100 it 50/175 | lr 9.86e-04 | loss 1.1244
16:29:30 | ssl[simclr/resnet50] | INFO | ep 013/100 it 100/175 | lr 9.85e-04 | loss 1.1143
16:29:36 | ssl[simclr/resnet50] | INFO | ep 013/100 it 150/175 | lr 9.83e-04 | loss 1.1069
16:29:39 | ssl[simclr/resnet50] | INFO | epoch 013 done in 00:00:23 | loss 1.1024
16:29:48 | ssl[simclr/resnet50] | INFO | ep 014/100 it 50/175 | lr 9.82e-04 | loss 1.0433
16:29:54 | ssl[simclr/resnet50] | INFO | ep 014/100 it 100/175 | lr 9.80e-04 | loss 1.0436
16:30:00 | ssl[simclr/resnet50] | INFO | ep 014/100 it 150/175 | lr 9.79e-04 | loss 1.0420
16:30:03 | ssl[simclr/resnet50] | INFO | epoch 014 done in 00:00:22 | loss 1.0401
16:30:13 | ssl[simclr/resnet50] | INFO | ep 015/100 it 50/175 | lr 9.77e-04 | loss 0.9901
16:30:19 | ssl[simclr/resnet50] | INFO | ep 015/100 it 100/175 | lr 9.75e-04 | loss 0.9969
16:30:25 | ssl[simclr/resnet50] | INFO | ep 015/100 it 150/175 | lr 9.74e-04 | loss 0.9943
16:30:28 | ssl[simclr/resnet50] | INFO | epoch 015 done in 00:00:23 | loss 0.9944
16:30:38 | ssl[simclr/resnet50] | INFO | ep 016/100 it 50/175 | lr 9.72e-04 | loss 0.9712
16:30:44 | ssl[simclr/resnet50] | INFO | ep 016/100 it 100/175 | lr 9.70e-04 | loss 0.9734
16:30:50 | ssl[simclr/resnet50] | INFO | ep 016/100 it 150/175 | lr 9.68e-04 | loss 0.9668
16:30:53 | ssl[simclr/resnet50] | INFO | epoch 016 done in 00:00:23 | loss 0.9674
16:31:03 | ssl[simclr/resnet50] | INFO | ep 017/100 it 50/175 | lr 9.66e-04 | loss 0.9369
16:31:09 | ssl[simclr/resnet50] | INFO | ep 017/100 it 100/175 | lr 9.64e-04 | loss 0.9274
16:31:15 | ssl[simclr/resnet50] | INFO | ep 017/100 it 150/175 | lr 9.62e-04 | loss 0.9317
16:31:18 | ssl[simclr/resnet50] | INFO | epoch 017 done in 00:00:23 | loss 0.9281
16:31:28 | ssl[simclr/resnet50] | INFO | ep 018/100 it 50/175 | lr 9.60e-04 | loss 0.9182
16:31:34 | ssl[simclr/resnet50] | INFO | ep 018/100 it 100/175 | lr 9.58e-04 | loss 0.9114
16:31:40 | ssl[simclr/resnet50] | INFO | ep 018/100 it 150/175 | lr 9.56e-04 | loss 0.9097
16:31:43 | ssl[simclr/resnet50] | INFO | epoch 018 done in 00:00:23 | loss 0.9075
16:31:52 | ssl[simclr/resnet50] | INFO | ep 019/100 it 50/175 | lr 9.53e-04 | loss 0.8877
16:31:58 | ssl[simclr/resnet50] | INFO | ep 019/100 it 100/175 | lr 9.51e-04 | loss 0.8902
16:32:04 | ssl[simclr/resnet50] | INFO | ep 019/100 it 150/175 | lr 9.49e-04 | loss 0.8843
16:32:07 | ssl[simclr/resnet50] | INFO | epoch 019 done in 00:00:23 | loss 0.8821
16:32:17 | ssl[simclr/resnet50] | INFO | ep 020/100 it 50/175 | lr 9.46e-04 | loss 0.8542
16:32:23 | ssl[simclr/resnet50] | INFO | ep 020/100 it 100/175 | lr 9.44e-04 | loss 0.8553
16:32:29 | ssl[simclr/resnet50] | INFO | ep 020/100 it 150/175 | lr 9.41e-04 | loss 0.8514
16:32:32 | ssl[simclr/resnet50] | INFO | epoch 020 done in 00:00:23 | loss 0.8503
16:32:42 | ssl[simclr/resnet50] | INFO | ep 021/100 it 50/175 | lr 9.38e-04 | loss 0.8286
16:32:48 | ssl[simclr/resnet50] | INFO | ep 021/100 it 100/175 | lr 9.36e-04 | loss 0.8260
16:32:54 | ssl[simclr/resnet50] | INFO | ep 021/100 it 150/175 | lr 9.34e-04 | loss 0.8303
16:32:57 | ssl[simclr/resnet50] | INFO | epoch 021 done in 00:00:23 | loss 0.8309
16:33:06 | ssl[simclr/resnet50] | INFO | ep 022/100 it 50/175 | lr 9.30e-04 | loss 0.8278
16:33:12 | ssl[simclr/resnet50] | INFO | ep 022/100 it 100/175 | lr 9.28e-04 | loss 0.8191
16:33:18 | ssl[simclr/resnet50] | INFO | ep 022/100 it 150/175 | lr 9.25e-04 | loss 0.8163
16:33:21 | ssl[simclr/resnet50] | INFO | epoch 022 done in 00:00:22 | loss 0.8139
16:33:32 | ssl[simclr/resnet50] | INFO | ep 023/100 it 50/175 | lr 9.21e-04 | loss 0.7951
16:33:37 | ssl[simclr/resnet50] | INFO | ep 023/100 it 100/175 | lr 9.19e-04 | loss 0.7901
16:33:43 | ssl[simclr/resnet50] | INFO | ep 023/100 it 150/175 | lr 9.16e-04 | loss 0.7912
16:33:46 | ssl[simclr/resnet50] | INFO | epoch 023 done in 00:00:23 | loss 0.7887
16:33:57 | ssl[simclr/resnet50] | INFO | ep 024/100 it 50/175 | lr 9.12e-04 | loss 0.7832
16:34:03 | ssl[simclr/resnet50] | INFO | ep 024/100 it 100/175 | lr 9.10e-04 | loss 0.7797
16:34:08 | ssl[simclr/resnet50] | INFO | ep 024/100 it 150/175 | lr 9.07e-04 | loss 0.7761
16:34:11 | ssl[simclr/resnet50] | INFO | epoch 024 done in 00:00:23 | loss 0.7762
16:34:22 | ssl[simclr/resnet50] | INFO | ep 025/100 it 50/175 | lr 9.03e-04 | loss 0.7508
16:34:27 | ssl[simclr/resnet50] | INFO | ep 025/100 it 100/175 | lr 9.00e-04 | loss 0.7536
16:34:33 | ssl[simclr/resnet50] | INFO | ep 025/100 it 150/175 | lr 8.97e-04 | loss 0.7535
16:34:36 | ssl[simclr/resnet50] | INFO | epoch 025 done in 00:00:23 | loss 0.7541
16:34:46 | ssl[simclr/resnet50] | INFO | ep 026/100 it 50/175 | lr 8.93e-04 | loss 0.7500
16:34:52 | ssl[simclr/resnet50] | INFO | ep 026/100 it 100/175 | lr 8.90e-04 | loss 0.7474
16:34:58 | ssl[simclr/resnet50] | INFO | ep 026/100 it 150/175 | lr 8.87e-04 | loss 0.7506
16:35:01 | ssl[simclr/resnet50] | INFO | epoch 026 done in 00:00:23 | loss 0.7489
16:35:11 | ssl[simclr/resnet50] | INFO | ep 027/100 it 50/175 | lr 8.82e-04 | loss 0.7149
16:35:17 | ssl[simclr/resnet50] | INFO | ep 027/100 it 100/175 | lr 8.79e-04 | loss 0.7262
16:35:23 | ssl[simclr/resnet50] | INFO | ep 027/100 it 150/175 | lr 8.76e-04 | loss 0.7277
16:35:26 | ssl[simclr/resnet50] | INFO | epoch 027 done in 00:00:22 | loss 0.7253
16:35:36 | ssl[simclr/resnet50] | INFO | ep 028/100 it 50/175 | lr 8.72e-04 | loss 0.7184
16:35:42 | ssl[simclr/resnet50] | INFO | ep 028/100 it 100/175 | lr 8.68e-04 | loss 0.7196
16:35:48 | ssl[simclr/resnet50] | INFO | ep 028/100 it 150/175 | lr 8.65e-04 | loss 0.7226
16:35:51 | ssl[simclr/resnet50] | INFO | epoch 028 done in 00:00:23 | loss 0.7206
16:36:00 | ssl[simclr/resnet50] | INFO | ep 029/100 it 50/175 | lr 8.60e-04 | loss 0.7169
16:36:06 | ssl[simclr/resnet50] | INFO | ep 029/100 it 100/175 | lr 8.57e-04 | loss 0.7179
16:36:12 | ssl[simclr/resnet50] | INFO | ep 029/100 it 150/175 | lr 8.54e-04 | loss 0.7139
16:36:15 | ssl[simclr/resnet50] | INFO | epoch 029 done in 00:00:23 | loss 0.7128
16:36:25 | ssl[simclr/resnet50] | INFO | ep 030/100 it 50/175 | lr 8.49e-04 | loss 0.7073
16:36:31 | ssl[simclr/resnet50] | INFO | ep 030/100 it 100/175 | lr 8.45e-04 | loss 0.7002
16:36:37 | ssl[simclr/resnet50] | INFO | ep 030/100 it 150/175 | lr 8.42e-04 | loss 0.6987
16:36:40 | ssl[simclr/resnet50] | INFO | epoch 030 done in 00:00:23 | loss 0.6996
16:36:49 | ssl[simclr/resnet50] | INFO | ep 031/100 it 50/175 | lr 8.37e-04 | loss 0.6958
16:36:55 | ssl[simclr/resnet50] | INFO | ep 031/100 it 100/175 | lr 8.33e-04 | loss 0.6939
16:37:01 | ssl[simclr/resnet50] | INFO | ep 031/100 it 150/175 | lr 8.30e-04 | loss 0.6925
16:37:04 | ssl[simclr/resnet50] | INFO | epoch 031 done in 00:00:23 | loss 0.6931
16:37:13 | ssl[simclr/resnet50] | INFO | ep 032/100 it 50/175 | lr 8.25e-04 | loss 0.6763
16:37:19 | ssl[simclr/resnet50] | INFO | ep 032/100 it 100/175 | lr 8.21e-04 | loss 0.6797
16:37:25 | ssl[simclr/resnet50] | INFO | ep 032/100 it 150/175 | lr 8.17e-04 | loss 0.6812
16:37:28 | ssl[simclr/resnet50] | INFO | epoch 032 done in 00:00:22 | loss 0.6796
16:37:38 | ssl[simclr/resnet50] | INFO | ep 033/100 it 50/175 | lr 8.12e-04 | loss 0.6603
16:37:44 | ssl[simclr/resnet50] | INFO | ep 033/100 it 100/175 | lr 8.08e-04 | loss 0.6648
16:37:50 | ssl[simclr/resnet50] | INFO | ep 033/100 it 150/175 | lr 8.04e-04 | loss 0.6655
16:37:53 | ssl[simclr/resnet50] | INFO | epoch 033 done in 00:00:23 | loss 0.6639
16:38:04 | ssl[simclr/resnet50] | INFO | ep 034/100 it 50/175 | lr 7.99e-04 | loss 0.6650
16:38:09 | ssl[simclr/resnet50] | INFO | ep 034/100 it 100/175 | lr 7.95e-04 | loss 0.6641
16:38:15 | ssl[simclr/resnet50] | INFO | ep 034/100 it 150/175 | lr 7.91e-04 | loss 0.6619
16:38:18 | ssl[simclr/resnet50] | INFO | epoch 034 done in 00:00:23 | loss 0.6616
16:38:28 | ssl[simclr/resnet50] | INFO | ep 035/100 it 50/175 | lr 7.86e-04 | loss 0.6489
16:38:34 | ssl[simclr/resnet50] | INFO | ep 035/100 it 100/175 | lr 7.82e-04 | loss 0.6524
16:38:40 | ssl[simclr/resnet50] | INFO | ep 035/100 it 150/175 | lr 7.78e-04 | loss 0.6533
16:38:43 | ssl[simclr/resnet50] | INFO | epoch 035 done in 00:00:23 | loss 0.6532
16:38:52 | ssl[simclr/resnet50] | INFO | ep 036/100 it 50/175 | lr 7.72e-04 | loss 0.6434
16:38:58 | ssl[simclr/resnet50] | INFO | ep 036/100 it 100/175 | lr 7.68e-04 | loss 0.6449
16:39:04 | ssl[simclr/resnet50] | INFO | ep 036/100 it 150/175 | lr 7.64e-04 | loss 0.6426
16:39:07 | ssl[simclr/resnet50] | INFO | epoch 036 done in 00:00:22 | loss 0.6430
16:39:17 | ssl[simclr/resnet50] | INFO | ep 037/100 it 50/175 | lr 7.58e-04 | loss 0.6406
16:39:23 | ssl[simclr/resnet50] | INFO | ep 037/100 it 100/175 | lr 7.54e-04 | loss 0.6382
16:39:29 | ssl[simclr/resnet50] | INFO | ep 037/100 it 150/175 | lr 7.50e-04 | loss 0.6400
16:39:32 | ssl[simclr/resnet50] | INFO | epoch 037 done in 00:00:23 | loss 0.6393
16:39:42 | ssl[simclr/resnet50] | INFO | ep 038/100 it 50/175 | lr 7.44e-04 | loss 0.6262
16:39:48 | ssl[simclr/resnet50] | INFO | ep 038/100 it 100/175 | lr 7.40e-04 | loss 0.6268
16:39:54 | ssl[simclr/resnet50] | INFO | ep 038/100 it 150/175 | lr 7.36e-04 | loss 0.6287
16:39:57 | ssl[simclr/resnet50] | INFO | epoch 038 done in 00:00:23 | loss 0.6299
16:40:07 | ssl[simclr/resnet50] | INFO | ep 039/100 it 50/175 | lr 7.29e-04 | loss 0.6276
16:40:13 | ssl[simclr/resnet50] | INFO | ep 039/100 it 100/175 | lr 7.25e-04 | loss 0.6265
16:40:19 | ssl[simclr/resnet50] | INFO | ep 039/100 it 150/175 | lr 7.21e-04 | loss 0.6248
16:40:22 | ssl[simclr/resnet50] | INFO | epoch 039 done in 00:00:23 | loss 0.6249
16:40:31 | ssl[simclr/resnet50] | INFO | ep 040/100 it 50/175 | lr 7.15e-04 | loss 0.6142
16:40:37 | ssl[simclr/resnet50] | INFO | ep 040/100 it 100/175 | lr 7.10e-04 | loss 0.6171
16:40:43 | ssl[simclr/resnet50] | INFO | ep 040/100 it 150/175 | lr 7.06e-04 | loss 0.6162
16:40:46 | ssl[simclr/resnet50] | INFO | epoch 040 done in 00:00:22 | loss 0.6168
16:40:55 | ssl[simclr/resnet50] | INFO | ep 041/100 it 50/175 | lr 7.00e-04 | loss 0.6074
16:41:01 | ssl[simclr/resnet50] | INFO | ep 041/100 it 100/175 | lr 6.95e-04 | loss 0.6021
16:41:07 | ssl[simclr/resnet50] | INFO | ep 041/100 it 150/175 | lr 6.91e-04 | loss 0.6029
16:41:10 | ssl[simclr/resnet50] | INFO | epoch 041 done in 00:00:23 | loss 0.6043
16:41:20 | ssl[simclr/resnet50] | INFO | ep 042/100 it 50/175 | lr 6.84e-04 | loss 0.6015
16:41:26 | ssl[simclr/resnet50] | INFO | ep 042/100 it 100/175 | lr 6.80e-04 | loss 0.6029
16:41:32 | ssl[simclr/resnet50] | INFO | ep 042/100 it 150/175 | lr 6.76e-04 | loss 0.6054
16:41:35 | ssl[simclr/resnet50] | INFO | epoch 042 done in 00:00:22 | loss 0.6047
16:41:44 | ssl[simclr/resnet50] | INFO | ep 043/100 it 50/175 | lr 6.69e-04 | loss 0.6019
16:41:50 | ssl[simclr/resnet50] | INFO | ep 043/100 it 100/175 | lr 6.65e-04 | loss 0.5977
16:41:56 | ssl[simclr/resnet50] | INFO | ep 043/100 it 150/175 | lr 6.60e-04 | loss 0.5958
16:41:59 | ssl[simclr/resnet50] | INFO | epoch 043 done in 00:00:23 | loss 0.5944
16:42:09 | ssl[simclr/resnet50] | INFO | ep 044/100 it 50/175 | lr 6.54e-04 | loss 0.5871
16:42:15 | ssl[simclr/resnet50] | INFO | ep 044/100 it 100/175 | lr 6.49e-04 | loss 0.5920
16:42:21 | ssl[simclr/resnet50] | INFO | ep 044/100 it 150/175 | lr 6.45e-04 | loss 0.5885
16:42:24 | ssl[simclr/resnet50] | INFO | epoch 044 done in 00:00:23 | loss 0.5890
16:42:33 | ssl[simclr/resnet50] | INFO | ep 045/100 it 50/175 | lr 6.38e-04 | loss 0.5846
16:42:39 | ssl[simclr/resnet50] | INFO | ep 045/100 it 100/175 | lr 6.33e-04 | loss 0.5835
16:42:45 | ssl[simclr/resnet50] | INFO | ep 045/100 it 150/175 | lr 6.29e-04 | loss 0.5834
16:42:48 | ssl[simclr/resnet50] | INFO | epoch 045 done in 00:00:22 | loss 0.5856
16:42:58 | ssl[simclr/resnet50] | INFO | ep 046/100 it 50/175 | lr 6.22e-04 | loss 0.5760
16:43:03 | ssl[simclr/resnet50] | INFO | ep 046/100 it 100/175 | lr 6.18e-04 | loss 0.5782
16:43:09 | ssl[simclr/resnet50] | INFO | ep 046/100 it 150/175 | lr 6.13e-04 | loss 0.5789
16:43:12 | ssl[simclr/resnet50] | INFO | epoch 046 done in 00:00:22 | loss 0.5787
16:43:22 | ssl[simclr/resnet50] | INFO | ep 047/100 it 50/175 | lr 6.06e-04 | loss 0.5681
16:43:28 | ssl[simclr/resnet50] | INFO | ep 047/100 it 100/175 | lr 6.02e-04 | loss 0.5723
16:43:34 | ssl[simclr/resnet50] | INFO | ep 047/100 it 150/175 | lr 5.97e-04 | loss 0.5749
16:43:37 | ssl[simclr/resnet50] | INFO | epoch 047 done in 00:00:23 | loss 0.5739
16:43:47 | ssl[simclr/resnet50] | INFO | ep 048/100 it 50/175 | lr 5.90e-04 | loss 0.5843
16:43:53 | ssl[simclr/resnet50] | INFO | ep 048/100 it 100/175 | lr 5.85e-04 | loss 0.5782
16:43:59 | ssl[simclr/resnet50] | INFO | ep 048/100 it 150/175 | lr 5.81e-04 | loss 0.5734
16:44:02 | ssl[simclr/resnet50] | INFO | epoch 048 done in 00:00:23 | loss 0.5721
16:44:12 | ssl[simclr/resnet50] | INFO | ep 049/100 it 50/175 | lr 5.74e-04 | loss 0.5639
16:44:18 | ssl[simclr/resnet50] | INFO | ep 049/100 it 100/175 | lr 5.69e-04 | loss 0.5605
16:44:24 | ssl[simclr/resnet50] | INFO | ep 049/100 it 150/175 | lr 5.65e-04 | loss 0.5606
16:44:26 | ssl[simclr/resnet50] | INFO | epoch 049 done in 00:00:23 | loss 0.5611
16:44:36 | ssl[simclr/resnet50] | INFO | ep 050/100 it 50/175 | lr 5.58e-04 | loss 0.5549
16:44:42 | ssl[simclr/resnet50] | INFO | ep 050/100 it 100/175 | lr 5.53e-04 | loss 0.5590
16:44:48 | ssl[simclr/resnet50] | INFO | ep 050/100 it 150/175 | lr 5.48e-04 | loss 0.5590
16:44:51 | ssl[simclr/resnet50] | INFO | epoch 050 done in 00:00:22 | loss 0.5593
16:45:01 | ssl[simclr/resnet50] | INFO | ep 051/100 it 50/175 | lr 5.41e-04 | loss 0.5539
16:45:07 | ssl[simclr/resnet50] | INFO | ep 051/100 it 100/175 | lr 5.37e-04 | loss 0.5533
16:45:13 | ssl[simclr/resnet50] | INFO | ep 051/100 it 150/175 | lr 5.32e-04 | loss 0.5528
16:45:16 | ssl[simclr/resnet50] | INFO | epoch 051 done in 00:00:23 | loss 0.5543
16:45:25 | ssl[simclr/resnet50] | INFO | ep 052/100 it 50/175 | lr 5.25e-04 | loss 0.5475
16:45:31 | ssl[simclr/resnet50] | INFO | ep 052/100 it 100/175 | lr 5.20e-04 | loss 0.5517
16:45:37 | ssl[simclr/resnet50] | INFO | ep 052/100 it 150/175 | lr 5.16e-04 | loss 0.5495
16:45:40 | ssl[simclr/resnet50] | INFO | epoch 052 done in 00:00:23 | loss 0.5477
16:45:50 | ssl[simclr/resnet50] | INFO | ep 053/100 it 50/175 | lr 5.09e-04 | loss 0.5430
16:45:56 | ssl[simclr/resnet50] | INFO | ep 053/100 it 100/175 | lr 5.04e-04 | loss 0.5436
16:46:02 | ssl[simclr/resnet50] | INFO | ep 053/100 it 150/175 | lr 4.99e-04 | loss 0.5440
16:46:05 | ssl[simclr/resnet50] | INFO | epoch 053 done in 00:00:23 | loss 0.5430
16:46:15 | ssl[simclr/resnet50] | INFO | ep 054/100 it 50/175 | lr 4.92e-04 | loss 0.5345
16:46:21 | ssl[simclr/resnet50] | INFO | ep 054/100 it 100/175 | lr 4.88e-04 | loss 0.5392
16:46:27 | ssl[simclr/resnet50] | INFO | ep 054/100 it 150/175 | lr 4.83e-04 | loss 0.5384
16:46:30 | ssl[simclr/resnet50] | INFO | epoch 054 done in 00:00:23 | loss 0.5376
16:46:40 | ssl[simclr/resnet50] | INFO | ep 055/100 it 50/175 | lr 4.76e-04 | loss 0.5399
16:46:46 | ssl[simclr/resnet50] | INFO | ep 055/100 it 100/175 | lr 4.71e-04 | loss 0.5402
16:46:52 | ssl[simclr/resnet50] | INFO | ep 055/100 it 150/175 | lr 4.67e-04 | loss 0.5366
16:46:55 | ssl[simclr/resnet50] | INFO | epoch 055 done in 00:00:23 | loss 0.5346
16:47:04 | ssl[simclr/resnet50] | INFO | ep 056/100 it 50/175 | lr 4.60e-04 | loss 0.5185
16:47:10 | ssl[simclr/resnet50] | INFO | ep 056/100 it 100/175 | lr 4.55e-04 | loss 0.5241
16:47:16 | ssl[simclr/resnet50] | INFO | ep 056/100 it 150/175 | lr 4.50e-04 | loss 0.5261
16:47:19 | ssl[simclr/resnet50] | INFO | epoch 056 done in 00:00:23 | loss 0.5268
16:47:29 | ssl[simclr/resnet50] | INFO | ep 057/100 it 50/175 | lr 4.43e-04 | loss 0.5268
16:47:35 | ssl[simclr/resnet50] | INFO | ep 057/100 it 100/175 | lr 4.39e-04 | loss 0.5237
16:47:41 | ssl[simclr/resnet50] | INFO | ep 057/100 it 150/175 | lr 4.34e-04 | loss 0.5246
16:47:44 | ssl[simclr/resnet50] | INFO | epoch 057 done in 00:00:23 | loss 0.5228
16:47:54 | ssl[simclr/resnet50] | INFO | ep 058/100 it 50/175 | lr 4.27e-04 | loss 0.5322
16:48:00 | ssl[simclr/resnet50] | INFO | ep 058/100 it 100/175 | lr 4.22e-04 | loss 0.5254
16:48:06 | ssl[simclr/resnet50] | INFO | ep 058/100 it 150/175 | lr 4.18e-04 | loss 0.5226
16:48:09 | ssl[simclr/resnet50] | INFO | epoch 058 done in 00:00:23 | loss 0.5222
16:48:19 | ssl[simclr/resnet50] | INFO | ep 059/100 it 50/175 | lr 4.11e-04 | loss 0.5164
16:48:25 | ssl[simclr/resnet50] | INFO | ep 059/100 it 100/175 | lr 4.06e-04 | loss 0.5182
16:48:31 | ssl[simclr/resnet50] | INFO | ep 059/100 it 150/175 | lr 4.02e-04 | loss 0.5156
16:48:34 | ssl[simclr/resnet50] | INFO | epoch 059 done in 00:00:23 | loss 0.5163
16:48:44 | ssl[simclr/resnet50] | INFO | ep 060/100 it 50/175 | lr 3.95e-04 | loss 0.5195
16:48:50 | ssl[simclr/resnet50] | INFO | ep 060/100 it 100/175 | lr 3.90e-04 | loss 0.5170
16:48:56 | ssl[simclr/resnet50] | INFO | ep 060/100 it 150/175 | lr 3.86e-04 | loss 0.5151
16:48:59 | ssl[simclr/resnet50] | INFO | epoch 060 done in 00:00:23 | loss 0.5158
16:49:09 | ssl[simclr/resnet50] | INFO | ep 061/100 it 50/175 | lr 3.79e-04 | loss 0.5026
16:49:15 | ssl[simclr/resnet50] | INFO | ep 061/100 it 100/175 | lr 3.75e-04 | loss 0.5012
16:49:21 | ssl[simclr/resnet50] | INFO | ep 061/100 it 150/175 | lr 3.70e-04 | loss 0.5017
16:49:24 | ssl[simclr/resnet50] | INFO | epoch 061 done in 00:00:23 | loss 0.5031
16:49:34 | ssl[simclr/resnet50] | INFO | ep 062/100 it 50/175 | lr 3.63e-04 | loss 0.5085
16:49:40 | ssl[simclr/resnet50] | INFO | ep 062/100 it 100/175 | lr 3.59e-04 | loss 0.5066
16:49:46 | ssl[simclr/resnet50] | INFO | ep 062/100 it 150/175 | lr 3.54e-04 | loss 0.5041
16:49:49 | ssl[simclr/resnet50] | INFO | epoch 062 done in 00:00:23 | loss 0.5037
16:49:58 | ssl[simclr/resnet50] | INFO | ep 063/100 it 50/175 | lr 3.48e-04 | loss 0.5006
16:50:04 | ssl[simclr/resnet50] | INFO | ep 063/100 it 100/175 | lr 3.43e-04 | loss 0.4990
16:50:10 | ssl[simclr/resnet50] | INFO | ep 063/100 it 150/175 | lr 3.39e-04 | loss 0.4986
16:50:13 | ssl[simclr/resnet50] | INFO | epoch 063 done in 00:00:23 | loss 0.4977
16:50:23 | ssl[simclr/resnet50] | INFO | ep 064/100 it 50/175 | lr 3.32e-04 | loss 0.5030
16:50:29 | ssl[simclr/resnet50] | INFO | ep 064/100 it 100/175 | lr 3.28e-04 | loss 0.5009
16:50:35 | ssl[simclr/resnet50] | INFO | ep 064/100 it 150/175 | lr 3.24e-04 | loss 0.4993
16:50:38 | ssl[simclr/resnet50] | INFO | epoch 064 done in 00:00:23 | loss 0.4991
16:50:47 | ssl[simclr/resnet50] | INFO | ep 065/100 it 50/175 | lr 3.17e-04 | loss 0.4935
16:50:53 | ssl[simclr/resnet50] | INFO | ep 065/100 it 100/175 | lr 3.13e-04 | loss 0.4920
16:50:59 | ssl[simclr/resnet50] | INFO | ep 065/100 it 150/175 | lr 3.08e-04 | loss 0.4919
16:51:02 | ssl[simclr/resnet50] | INFO | epoch 065 done in 00:00:23 | loss 0.4909
16:51:12 | ssl[simclr/resnet50] | INFO | ep 066/100 it 50/175 | lr 3.02e-04 | loss 0.4933
16:51:18 | ssl[simclr/resnet50] | INFO | ep 066/100 it 100/175 | lr 2.98e-04 | loss 0.4940
16:51:24 | ssl[simclr/resnet50] | INFO | ep 066/100 it 150/175 | lr 2.93e-04 | loss 0.4920
16:51:27 | ssl[simclr/resnet50] | INFO | epoch 066 done in 00:00:23 | loss 0.4909
16:51:37 | ssl[simclr/resnet50] | INFO | ep 067/100 it 50/175 | lr 2.87e-04 | loss 0.4849
16:51:43 | ssl[simclr/resnet50] | INFO | ep 067/100 it 100/175 | lr 2.83e-04 | loss 0.4853
16:51:48 | ssl[simclr/resnet50] | INFO | ep 067/100 it 150/175 | lr 2.79e-04 | loss 0.4879
16:51:51 | ssl[simclr/resnet50] | INFO | epoch 067 done in 00:00:23 | loss 0.4875
16:52:02 | ssl[simclr/resnet50] | INFO | ep 068/100 it 50/175 | lr 2.73e-04 | loss 0.4813
16:52:07 | ssl[simclr/resnet50] | INFO | ep 068/100 it 100/175 | lr 2.68e-04 | loss 0.4836
16:52:13 | ssl[simclr/resnet50] | INFO | ep 068/100 it 150/175 | lr 2.64e-04 | loss 0.4822
16:52:16 | ssl[simclr/resnet50] | INFO | epoch 068 done in 00:00:23 | loss 0.4819
16:52:26 | ssl[simclr/resnet50] | INFO | ep 069/100 it 50/175 | lr 2.58e-04 | loss 0.4878
16:52:32 | ssl[simclr/resnet50] | INFO | ep 069/100 it 100/175 | lr 2.54e-04 | loss 0.4814
16:52:38 | ssl[simclr/resnet50] | INFO | ep 069/100 it 150/175 | lr 2.50e-04 | loss 0.4816
16:52:41 | ssl[simclr/resnet50] | INFO | epoch 069 done in 00:00:23 | loss 0.4810
16:52:51 | ssl[simclr/resnet50] | INFO | ep 070/100 it 50/175 | lr 2.44e-04 | loss 0.4710
16:52:57 | ssl[simclr/resnet50] | INFO | ep 070/100 it 100/175 | lr 2.40e-04 | loss 0.4724
16:53:03 | ssl[simclr/resnet50] | INFO | ep 070/100 it 150/175 | lr 2.36e-04 | loss 0.4733
16:53:06 | ssl[simclr/resnet50] | INFO | epoch 070 done in 00:00:23 | loss 0.4741
16:53:16 | ssl[simclr/resnet50] | INFO | ep 071/100 it 50/175 | lr 2.30e-04 | loss 0.4788
16:53:22 | ssl[simclr/resnet50] | INFO | ep 071/100 it 100/175 | lr 2.27e-04 | loss 0.4743
16:53:28 | ssl[simclr/resnet50] | INFO | ep 071/100 it 150/175 | lr 2.23e-04 | loss 0.4740
16:53:31 | ssl[simclr/resnet50] | INFO | epoch 071 done in 00:00:23 | loss 0.4748
16:53:40 | ssl[simclr/resnet50] | INFO | ep 072/100 it 50/175 | lr 2.17e-04 | loss 0.4737
16:53:46 | ssl[simclr/resnet50] | INFO | ep 072/100 it 100/175 | lr 2.13e-04 | loss 0.4714
16:53:52 | ssl[simclr/resnet50] | INFO | ep 072/100 it 150/175 | lr 2.09e-04 | loss 0.4704
16:53:55 | ssl[simclr/resnet50] | INFO | epoch 072 done in 00:00:22 | loss 0.4700
16:54:05 | ssl[simclr/resnet50] | INFO | ep 073/100 it 50/175 | lr 2.04e-04 | loss 0.4793
16:54:10 | ssl[simclr/resnet50] | INFO | ep 073/100 it 100/175 | lr 2.00e-04 | loss 0.4738
16:54:16 | ssl[simclr/resnet50] | INFO | ep 073/100 it 150/175 | lr 1.96e-04 | loss 0.4716
16:54:19 | ssl[simclr/resnet50] | INFO | epoch 073 done in 00:00:23 | loss 0.4711
16:54:29 | ssl[simclr/resnet50] | INFO | ep 074/100 it 50/175 | lr 1.91e-04 | loss 0.4633
16:54:35 | ssl[simclr/resnet50] | INFO | ep 074/100 it 100/175 | lr 1.87e-04 | loss 0.4642
16:54:40 | ssl[simclr/resnet50] | INFO | ep 074/100 it 150/175 | lr 1.84e-04 | loss 0.4633
16:54:43 | ssl[simclr/resnet50] | INFO | epoch 074 done in 00:00:23 | loss 0.4641
16:54:53 | ssl[simclr/resnet50] | INFO | ep 075/100 it 50/175 | lr 1.79e-04 | loss 0.4567
16:54:59 | ssl[simclr/resnet50] | INFO | ep 075/100 it 100/175 | lr 1.75e-04 | loss 0.4618
16:55:05 | ssl[simclr/resnet50] | INFO | ep 075/100 it 150/175 | lr 1.72e-04 | loss 0.4638
16:55:08 | ssl[simclr/resnet50] | INFO | epoch 075 done in 00:00:23 | loss 0.4634
16:55:18 | ssl[simclr/resnet50] | INFO | ep 076/100 it 50/175 | lr 1.66e-04 | loss 0.4616
16:55:24 | ssl[simclr/resnet50] | INFO | ep 076/100 it 100/175 | lr 1.63e-04 | loss 0.4623
16:55:30 | ssl[simclr/resnet50] | INFO | ep 076/100 it 150/175 | lr 1.60e-04 | loss 0.4599
16:55:33 | ssl[simclr/resnet50] | INFO | epoch 076 done in 00:00:23 | loss 0.4611
16:55:43 | ssl[simclr/resnet50] | INFO | ep 077/100 it 50/175 | lr 1.55e-04 | loss 0.4611
16:55:48 | ssl[simclr/resnet50] | INFO | ep 077/100 it 100/175 | lr 1.51e-04 | loss 0.4568
16:55:54 | ssl[simclr/resnet50] | INFO | ep 077/100 it 150/175 | lr 1.48e-04 | loss 0.4549
16:55:57 | ssl[simclr/resnet50] | INFO | epoch 077 done in 00:00:23 | loss 0.4553
16:56:07 | ssl[simclr/resnet50] | INFO | ep 078/100 it 50/175 | lr 1.43e-04 | loss 0.4619
16:56:13 | ssl[simclr/resnet50] | INFO | ep 078/100 it 100/175 | lr 1.40e-04 | loss 0.4582
16:56:19 | ssl[simclr/resnet50] | INFO | ep 078/100 it 150/175 | lr 1.37e-04 | loss 0.4574
16:56:22 | ssl[simclr/resnet50] | INFO | epoch 078 done in 00:00:23 | loss 0.4584
16:56:32 | ssl[simclr/resnet50] | INFO | ep 079/100 it 50/175 | lr 1.32e-04 | loss 0.4552
16:56:37 | ssl[simclr/resnet50] | INFO | ep 079/100 it 100/175 | lr 1.29e-04 | loss 0.4546
16:56:43 | ssl[simclr/resnet50] | INFO | ep 079/100 it 150/175 | lr 1.26e-04 | loss 0.4545
16:56:46 | ssl[simclr/resnet50] | INFO | epoch 079 done in 00:00:23 | loss 0.4542
16:56:56 | ssl[simclr/resnet50] | INFO | ep 080/100 it 50/175 | lr 1.22e-04 | loss 0.4547
16:57:02 | ssl[simclr/resnet50] | INFO | ep 080/100 it 100/175 | lr 1.19e-04 | loss 0.4575
16:57:08 | ssl[simclr/resnet50] | INFO | ep 080/100 it 150/175 | lr 1.16e-04 | loss 0.4549
16:57:11 | ssl[simclr/resnet50] | INFO | epoch 080 done in 00:00:23 | loss 0.4539
16:57:21 | ssl[simclr/resnet50] | INFO | ep 081/100 it 50/175 | lr 1.12e-04 | loss 0.4489
16:57:27 | ssl[simclr/resnet50] | INFO | ep 081/100 it 100/175 | lr 1.09e-04 | loss 0.4505
16:57:32 | ssl[simclr/resnet50] | INFO | ep 081/100 it 150/175 | lr 1.06e-04 | loss 0.4487
16:57:35 | ssl[simclr/resnet50] | INFO | epoch 081 done in 00:00:22 | loss 0.4485
16:57:45 | ssl[simclr/resnet50] | INFO | ep 082/100 it 50/175 | lr 1.02e-04 | loss 0.4443
16:57:51 | ssl[simclr/resnet50] | INFO | ep 082/100 it 100/175 | lr 9.92e-05 | loss 0.4436
16:57:57 | ssl[simclr/resnet50] | INFO | ep 082/100 it 150/175 | lr 9.65e-05 | loss 0.4459
16:58:00 | ssl[simclr/resnet50] | INFO | epoch 082 done in 00:00:22 | loss 0.4458
16:58:10 | ssl[simclr/resnet50] | INFO | ep 083/100 it 50/175 | lr 9.26e-05 | loss 0.4500
16:58:15 | ssl[simclr/resnet50] | INFO | ep 083/100 it 100/175 | lr 9.00e-05 | loss 0.4494
16:58:21 | ssl[simclr/resnet50] | INFO | ep 083/100 it 150/175 | lr 8.75e-05 | loss 0.4486
16:58:24 | ssl[simclr/resnet50] | INFO | epoch 083 done in 00:00:23 | loss 0.4484
16:58:33 | ssl[simclr/resnet50] | INFO | ep 084/100 it 50/175 | lr 8.38e-05 | loss 0.4416
16:58:39 | ssl[simclr/resnet50] | INFO | ep 084/100 it 100/175 | lr 8.13e-05 | loss 0.4410
16:58:45 | ssl[simclr/resnet50] | INFO | ep 084/100 it 150/175 | lr 7.89e-05 | loss 0.4422
16:58:48 | ssl[simclr/resnet50] | INFO | epoch 084 done in 00:00:23 | loss 0.4413
16:58:59 | ssl[simclr/resnet50] | INFO | ep 085/100 it 50/175 | lr 7.54e-05 | loss 0.4413
16:59:05 | ssl[simclr/resnet50] | INFO | ep 085/100 it 100/175 | lr 7.31e-05 | loss 0.4384
16:59:10 | ssl[simclr/resnet50] | INFO | ep 085/100 it 150/175 | lr 7.08e-05 | loss 0.4395
16:59:13 | ssl[simclr/resnet50] | INFO | epoch 085 done in 00:00:23 | loss 0.4397
16:59:23 | ssl[simclr/resnet50] | INFO | ep 086/100 it 50/175 | lr 6.75e-05 | loss 0.4313
16:59:29 | ssl[simclr/resnet50] | INFO | ep 086/100 it 100/175 | lr 6.53e-05 | loss 0.4354
16:59:35 | ssl[simclr/resnet50] | INFO | ep 086/100 it 150/175 | lr 6.32e-05 | loss 0.4364
16:59:38 | ssl[simclr/resnet50] | INFO | epoch 086 done in 00:00:23 | loss 0.4373
16:59:48 | ssl[simclr/resnet50] | INFO | ep 087/100 it 50/175 | lr 6.01e-05 | loss 0.4402
16:59:54 | ssl[simclr/resnet50] | INFO | ep 087/100 it 100/175 | lr 5.81e-05 | loss 0.4400
17:00:00 | ssl[simclr/resnet50] | INFO | ep 087/100 it 150/175 | lr 5.61e-05 | loss 0.4394
17:00:03 | ssl[simclr/resnet50] | INFO | epoch 087 done in 00:00:23 | loss 0.4385
17:00:12 | ssl[simclr/resnet50] | INFO | ep 088/100 it 50/175 | lr 5.32e-05 | loss 0.4350
17:00:18 | ssl[simclr/resnet50] | INFO | ep 088/100 it 100/175 | lr 5.13e-05 | loss 0.4362
17:00:24 | ssl[simclr/resnet50] | INFO | ep 088/100 it 150/175 | lr 4.94e-05 | loss 0.4352
17:00:27 | ssl[simclr/resnet50] | INFO | epoch 088 done in 00:00:23 | loss 0.4366
17:00:37 | ssl[simclr/resnet50] | INFO | ep 089/100 it 50/175 | lr 4.67e-05 | loss 0.4311
17:00:43 | ssl[simclr/resnet50] | INFO | ep 089/100 it 100/175 | lr 4.50e-05 | loss 0.4314
17:00:49 | ssl[simclr/resnet50] | INFO | ep 089/100 it 150/175 | lr 4.33e-05 | loss 0.4324
17:00:52 | ssl[simclr/resnet50] | INFO | epoch 089 done in 00:00:23 | loss 0.4342
17:01:02 | ssl[simclr/resnet50] | INFO | ep 090/100 it 50/175 | lr 4.08e-05 | loss 0.4303
17:01:08 | ssl[simclr/resnet50] | INFO | ep 090/100 it 100/175 | lr 3.92e-05 | loss 0.4294
17:01:14 | ssl[simclr/resnet50] | INFO | ep 090/100 it 150/175 | lr 3.76e-05 | loss 0.4294
17:01:17 | ssl[simclr/resnet50] | INFO | epoch 090 done in 00:00:23 | loss 0.4301
17:01:27 | ssl[simclr/resnet50] | INFO | ep 091/100 it 50/175 | lr 3.54e-05 | loss 0.4320
17:01:33 | ssl[simclr/resnet50] | INFO | ep 091/100 it 100/175 | lr 3.39e-05 | loss 0.4357
17:01:39 | ssl[simclr/resnet50] | INFO | ep 091/100 it 150/175 | lr 3.25e-05 | loss 0.4331
17:01:42 | ssl[simclr/resnet50] | INFO | epoch 091 done in 00:00:23 | loss 0.4331
17:01:51 | ssl[simclr/resnet50] | INFO | ep 092/100 it 50/175 | lr 3.04e-05 | loss 0.4381
17:01:57 | ssl[simclr/resnet50] | INFO | ep 092/100 it 100/175 | lr 2.91e-05 | loss 0.4357
17:02:03 | ssl[simclr/resnet50] | INFO | ep 092/100 it 150/175 | lr 2.79e-05 | loss 0.4335
17:02:06 | ssl[simclr/resnet50] | INFO | epoch 092 done in 00:00:22 | loss 0.4326
17:02:15 | ssl[simclr/resnet50] | INFO | ep 093/100 it 50/175 | lr 2.60e-05 | loss 0.4319
17:02:21 | ssl[simclr/resnet50] | INFO | ep 093/100 it 100/175 | lr 2.49e-05 | loss 0.4320
17:02:27 | ssl[simclr/resnet50] | INFO | ep 093/100 it 150/175 | lr 2.38e-05 | loss 0.4321
17:02:30 | ssl[simclr/resnet50] | INFO | epoch 093 done in 00:00:23 | loss 0.4320
17:02:39 | ssl[simclr/resnet50] | INFO | ep 094/100 it 50/175 | lr 2.22e-05 | loss 0.4269
17:02:45 | ssl[simclr/resnet50] | INFO | ep 094/100 it 100/175 | lr 2.12e-05 | loss 0.4293
17:02:51 | ssl[simclr/resnet50] | INFO | ep 094/100 it 150/175 | lr 2.02e-05 | loss 0.4290
17:02:54 | ssl[simclr/resnet50] | INFO | epoch 094 done in 00:00:23 | loss 0.4297
17:03:04 | ssl[simclr/resnet50] | INFO | ep 095/100 it 50/175 | lr 1.88e-05 | loss 0.4249
17:03:10 | ssl[simclr/resnet50] | INFO | ep 095/100 it 100/175 | lr 1.80e-05 | loss 0.4303
17:03:16 | ssl[simclr/resnet50] | INFO | ep 095/100 it 150/175 | lr 1.72e-05 | loss 0.4313
17:03:19 | ssl[simclr/resnet50] | INFO | epoch 095 done in 00:00:23 | loss 0.4310
17:03:28 | ssl[simclr/resnet50] | INFO | ep 096/100 it 50/175 | lr 1.60e-05 | loss 0.4297
17:03:34 | ssl[simclr/resnet50] | INFO | ep 096/100 it 100/175 | lr 1.53e-05 | loss 0.4296
17:03:39 | ssl[simclr/resnet50] | INFO | ep 096/100 it 150/175 | lr 1.47e-05 | loss 0.4311
17:03:42 | ssl[simclr/resnet50] | INFO | epoch 096 done in 00:00:23 | loss 0.4292
17:03:52 | ssl[simclr/resnet50] | INFO | ep 097/100 it 50/175 | lr 1.37e-05 | loss 0.4307
17:03:58 | ssl[simclr/resnet50] | INFO | ep 097/100 it 100/175 | lr 1.32e-05 | loss 0.4297
17:04:04 | ssl[simclr/resnet50] | INFO | ep 097/100 it 150/175 | lr 1.27e-05 | loss 0.4291
17:04:07 | ssl[simclr/resnet50] | INFO | epoch 097 done in 00:00:23 | loss 0.4305
17:04:16 | ssl[simclr/resnet50] | INFO | ep 098/100 it 50/175 | lr 1.20e-05 | loss 0.4363
17:04:22 | ssl[simclr/resnet50] | INFO | ep 098/100 it 100/175 | lr 1.16e-05 | loss 0.4328
17:04:28 | ssl[simclr/resnet50] | INFO | ep 098/100 it 150/175 | lr 1.12e-05 | loss 0.4310
17:04:31 | ssl[simclr/resnet50] | INFO | epoch 098 done in 00:00:23 | loss 0.4308
17:04:41 | ssl[simclr/resnet50] | INFO | ep 099/100 it 50/175 | lr 1.08e-05 | loss 0.4271
17:04:46 | ssl[simclr/resnet50] | INFO | ep 099/100 it 100/175 | lr 1.06e-05 | loss 0.4275
17:04:52 | ssl[simclr/resnet50] | INFO | ep 099/100 it 150/175 | lr 1.04e-05 | loss 0.4261
17:04:55 | ssl[simclr/resnet50] | INFO | epoch 099 done in 00:00:23 | loss 0.4265
17:05:05 | ssl[simclr/resnet50] | INFO | ep 100/100 it 50/175 | lr 1.01e-05 | loss 0.4276
17:05:11 | ssl[simclr/resnet50] | INFO | ep 100/100 it 100/175 | lr 1.01e-05 | loss 0.4267
17:05:17 | ssl[simclr/resnet50] | INFO | ep 100/100 it 150/175 | lr 1.00e-05 | loss 0.4287
17:05:20 | ssl[simclr/resnet50] | INFO | epoch 100 done in 00:00:23 | loss 0.4287
17:05:21 | ssl[simclr/resnet50] | INFO | Total SSL training: 00:41:06 (best loss 0.4265)
17:06:01 | eval[simclr-resnet50/resnet50] | INFO | Loaded backbone weights from /workspace/vcl_pathmnist/runs/ssl-simclr-resnet50-ep100-bs512-seed42/backbone_final.pt
17:06:02 | eval[simclr-resnet50/resnet50] | INFO | Extracting features for kNN / t-SNE / UMAP...
17:06:51 | eval[simclr-resnet50/resnet50] | INFO | kNN(k=20) top-1: 0.9131
/workspace/vcl_pathmnist/.venv/lib/python3.12/site-packages/umap/umap_.py:1952: UserWarning: n_jobs value 1 overridden to 1 by setting random_state. Use no seed for parallelism.
  warn(
17:07:21 | eval[simclr-resnet50/resnet50] | INFO | Saved t-SNE / UMAP plots.
17:07:21 | probe[linear/resnet50] | INFO | Loaded backbone weights — missing: 0, unexpected: 0
17:07:32 | probe[linear/resnet50] | INFO | [linear] epoch 001/30 | train_loss 0.8796 train_acc 0.7729 | val_loss 0.1926 val_acc 0.9507
17:07:41 | probe[linear/resnet50] | INFO | [linear] epoch 002/30 | train_loss 0.1548 train_acc 0.9539 | val_loss 0.1385 val_acc 0.9590
17:07:49 | probe[linear/resnet50] | INFO | [linear] epoch 003/30 | train_loss 0.1286 train_acc 0.9595 | val_loss 0.1324 val_acc 0.9569
17:07:58 | probe[linear/resnet50] | INFO | [linear] epoch 004/30 | train_loss 0.1167 train_acc 0.9627 | val_loss 0.1172 val_acc 0.9621
17:08:07 | probe[linear/resnet50] | INFO | [linear] epoch 005/30 | train_loss 0.1095 train_acc 0.9643 | val_loss 0.1143 val_acc 0.9625
17:08:16 | probe[linear/resnet50] | INFO | [linear] epoch 006/30 | train_loss 0.1048 train_acc 0.9661 | val_loss 0.1143 val_acc 0.9653
17:08:25 | probe[linear/resnet50] | INFO | [linear] epoch 007/30 | train_loss 0.0990 train_acc 0.9678 | val_loss 0.1108 val_acc 0.9660
17:08:34 | probe[linear/resnet50] | INFO | [linear] epoch 008/30 | train_loss 0.0967 train_acc 0.9685 | val_loss 0.1108 val_acc 0.9627
17:08:43 | probe[linear/resnet50] | INFO | [linear] epoch 009/30 | train_loss 0.0931 train_acc 0.9694 | val_loss 0.1034 val_acc 0.9673
17:08:51 | probe[linear/resnet50] | INFO | [linear] epoch 010/30 | train_loss 0.0911 train_acc 0.9703 | val_loss 0.1032 val_acc 0.9684
17:09:00 | probe[linear/resnet50] | INFO | [linear] epoch 011/30 | train_loss 0.0879 train_acc 0.9713 | val_loss 0.1039 val_acc 0.9675
17:09:09 | probe[linear/resnet50] | INFO | [linear] epoch 012/30 | train_loss 0.0869 train_acc 0.9716 | val_loss 0.1010 val_acc 0.9687
17:09:18 | probe[linear/resnet50] | INFO | [linear] epoch 013/30 | train_loss 0.0857 train_acc 0.9720 | val_loss 0.0960 val_acc 0.9696
17:09:26 | probe[linear/resnet50] | INFO | [linear] epoch 014/30 | train_loss 0.0836 train_acc 0.9728 | val_loss 0.0953 val_acc 0.9699
17:09:35 | probe[linear/resnet50] | INFO | [linear] epoch 015/30 | train_loss 0.0829 train_acc 0.9724 | val_loss 0.0936 val_acc 0.9694
17:09:43 | probe[linear/resnet50] | INFO | [linear] epoch 016/30 | train_loss 0.0818 train_acc 0.9732 | val_loss 0.0981 val_acc 0.9695
17:09:52 | probe[linear/resnet50] | INFO | [linear] epoch 017/30 | train_loss 0.0810 train_acc 0.9733 | val_loss 0.0939 val_acc 0.9692
17:10:00 | probe[linear/resnet50] | INFO | [linear] epoch 018/30 | train_loss 0.0790 train_acc 0.9739 | val_loss 0.0927 val_acc 0.9703
17:10:09 | probe[linear/resnet50] | INFO | [linear] epoch 019/30 | train_loss 0.0789 train_acc 0.9735 | val_loss 0.0953 val_acc 0.9700
17:10:19 | probe[linear/resnet50] | INFO | [linear] epoch 020/30 | train_loss 0.0768 train_acc 0.9749 | val_loss 0.0923 val_acc 0.9701
17:10:29 | probe[linear/resnet50] | INFO | [linear] epoch 021/30 | train_loss 0.0762 train_acc 0.9754 | val_loss 0.0913 val_acc 0.9709
17:10:38 | probe[linear/resnet50] | INFO | [linear] epoch 022/30 | train_loss 0.0756 train_acc 0.9754 | val_loss 0.0901 val_acc 0.9699
17:10:46 | probe[linear/resnet50] | INFO | [linear] epoch 023/30 | train_loss 0.0759 train_acc 0.9746 | val_loss 0.0899 val_acc 0.9712
17:10:55 | probe[linear/resnet50] | INFO | [linear] epoch 024/30 | train_loss 0.0747 train_acc 0.9754 | val_loss 0.0894 val_acc 0.9723
17:11:04 | probe[linear/resnet50] | INFO | [linear] epoch 025/30 | train_loss 0.0744 train_acc 0.9758 | val_loss 0.0902 val_acc 0.9720
17:11:12 | probe[linear/resnet50] | INFO | [linear] epoch 026/30 | train_loss 0.0742 train_acc 0.9760 | val_loss 0.0902 val_acc 0.9710
17:11:21 | probe[linear/resnet50] | INFO | [linear] epoch 027/30 | train_loss 0.0734 train_acc 0.9760 | val_loss 0.0897 val_acc 0.9712
17:11:29 | probe[linear/resnet50] | INFO | [linear] epoch 028/30 | train_loss 0.0740 train_acc 0.9757 | val_loss 0.0905 val_acc 0.9714
17:11:37 | probe[linear/resnet50] | INFO | [linear] epoch 029/30 | train_loss 0.0738 train_acc 0.9755 | val_loss 0.0902 val_acc 0.9715
17:11:46 | probe[linear/resnet50] | INFO | [linear] epoch 030/30 | train_loss 0.0735 train_acc 0.9766 | val_loss 0.0898 val_acc 0.9716
17:11:46 | probe[linear/resnet50] | INFO | [linear] done in 00:04:24 | best val_acc 0.9723
17:11:47 | eval[simclr-resnet50/resnet50] | INFO | Linear test acc 0.9175 | bal-acc 0.8923 | f1-macro 0.8857 | AUC 0.993880250449038
17:11:48 | probe[finetune_10pct/resnet50] | INFO | Loaded backbone weights — missing: 0, unexpected: 0
17:11:53 | probe[finetune_10pct/resnet50] | INFO | [finetune_10pct] epoch 001/30 | train_loss 1.8694 train_acc 0.4596 | val_loss 1.2036 val_acc 0.7949
17:11:57 | probe[finetune_10pct/resnet50] | INFO | [finetune_10pct] epoch 002/30 | train_loss 0.5649 train_acc 0.8970 | val_loss 0.2814 val_acc 0.9028
17:12:01 | probe[finetune_10pct/resnet50] | INFO | [finetune_10pct] epoch 003/30 | train_loss 0.1738 train_acc 0.9439 | val_loss 0.1518 val_acc 0.9525
17:12:04 | probe[finetune_10pct/resnet50] | INFO | [finetune_10pct] epoch 004/30 | train_loss 0.1238 train_acc 0.9582 | val_loss 0.1187 val_acc 0.9635
17:12:08 | probe[finetune_10pct/resnet50] | INFO | [finetune_10pct] epoch 005/30 | train_loss 0.1002 train_acc 0.9668 | val_loss 0.1234 val_acc 0.9622
17:12:11 | probe[finetune_10pct/resnet50] | INFO | [finetune_10pct] epoch 006/30 | train_loss 0.0825 train_acc 0.9744 | val_loss 0.0968 val_acc 0.9695
17:12:15 | probe[finetune_10pct/resnet50] | INFO | [finetune_10pct] epoch 007/30 | train_loss 0.0652 train_acc 0.9789 | val_loss 0.1029 val_acc 0.9685
17:12:18 | probe[finetune_10pct/resnet50] | INFO | [finetune_10pct] epoch 008/30 | train_loss 0.0535 train_acc 0.9824 | val_loss 0.0907 val_acc 0.9737
17:12:21 | probe[finetune_10pct/resnet50] | INFO | [finetune_10pct] epoch 009/30 | train_loss 0.0524 train_acc 0.9816 | val_loss 0.1078 val_acc 0.9676
17:12:25 | probe[finetune_10pct/resnet50] | INFO | [finetune_10pct] epoch 010/30 | train_loss 0.0472 train_acc 0.9850 | val_loss 0.1188 val_acc 0.9604
17:12:28 | probe[finetune_10pct/resnet50] | INFO | [finetune_10pct] epoch 011/30 | train_loss 0.0408 train_acc 0.9868 | val_loss 0.1073 val_acc 0.9690
17:12:31 | probe[finetune_10pct/resnet50] | INFO | [finetune_10pct] epoch 012/30 | train_loss 0.0337 train_acc 0.9897 | val_loss 0.0904 val_acc 0.9735
17:12:34 | probe[finetune_10pct/resnet50] | INFO | [finetune_10pct] epoch 013/30 | train_loss 0.0325 train_acc 0.9907 | val_loss 0.0890 val_acc 0.9740
17:12:37 | probe[finetune_10pct/resnet50] | INFO | [finetune_10pct] epoch 014/30 | train_loss 0.0271 train_acc 0.9922 | val_loss 0.1053 val_acc 0.9713
17:12:41 | probe[finetune_10pct/resnet50] | INFO | [finetune_10pct] epoch 015/30 | train_loss 0.0250 train_acc 0.9918 | val_loss 0.0890 val_acc 0.9746
17:12:44 | probe[finetune_10pct/resnet50] | INFO | [finetune_10pct] epoch 016/30 | train_loss 0.0187 train_acc 0.9937 | val_loss 0.0946 val_acc 0.9739
17:12:48 | probe[finetune_10pct/resnet50] | INFO | [finetune_10pct] epoch 017/30 | train_loss 0.0144 train_acc 0.9964 | val_loss 0.0948 val_acc 0.9733
17:12:51 | probe[finetune_10pct/resnet50] | INFO | [finetune_10pct] epoch 018/30 | train_loss 0.0135 train_acc 0.9962 | val_loss 0.0970 val_acc 0.9729
17:12:55 | probe[finetune_10pct/resnet50] | INFO | [finetune_10pct] epoch 019/30 | train_loss 0.0127 train_acc 0.9969 | val_loss 0.1012 val_acc 0.9726
17:12:58 | probe[finetune_10pct/resnet50] | INFO | [finetune_10pct] epoch 020/30 | train_loss 0.0113 train_acc 0.9970 | val_loss 0.0912 val_acc 0.9759
17:13:01 | probe[finetune_10pct/resnet50] | INFO | [finetune_10pct] epoch 021/30 | train_loss 0.0096 train_acc 0.9977 | val_loss 0.0929 val_acc 0.9748
17:13:05 | probe[finetune_10pct/resnet50] | INFO | [finetune_10pct] epoch 022/30 | train_loss 0.0094 train_acc 0.9976 | val_loss 0.0935 val_acc 0.9759
17:13:08 | probe[finetune_10pct/resnet50] | INFO | [finetune_10pct] epoch 023/30 | train_loss 0.0089 train_acc 0.9978 | val_loss 0.0946 val_acc 0.9754
17:13:12 | probe[finetune_10pct/resnet50] | INFO | [finetune_10pct] epoch 024/30 | train_loss 0.0079 train_acc 0.9987 | val_loss 0.0955 val_acc 0.9751
17:13:16 | probe[finetune_10pct/resnet50] | INFO | [finetune_10pct] epoch 025/30 | train_loss 0.0096 train_acc 0.9976 | val_loss 0.0938 val_acc 0.9765
17:13:19 | probe[finetune_10pct/resnet50] | INFO | [finetune_10pct] epoch 026/30 | train_loss 0.0080 train_acc 0.9979 | val_loss 0.0945 val_acc 0.9760
17:13:23 | probe[finetune_10pct/resnet50] | INFO | [finetune_10pct] epoch 027/30 | train_loss 0.0073 train_acc 0.9983 | val_loss 0.0930 val_acc 0.9769
17:13:26 | probe[finetune_10pct/resnet50] | INFO | [finetune_10pct] epoch 028/30 | train_loss 0.0079 train_acc 0.9982 | val_loss 0.0935 val_acc 0.9760
17:13:29 | probe[finetune_10pct/resnet50] | INFO | [finetune_10pct] epoch 029/30 | train_loss 0.0090 train_acc 0.9978 | val_loss 0.0942 val_acc 0.9757
17:13:32 | probe[finetune_10pct/resnet50] | INFO | [finetune_10pct] epoch 030/30 | train_loss 0.0062 train_acc 0.9988 | val_loss 0.0939 val_acc 0.9766
17:13:33 | probe[finetune_10pct/resnet50] | INFO | [finetune_10pct] done in 00:01:44 | best val_acc 0.9769
17:13:34 | eval[simclr-resnet50/resnet50] | INFO | Low-shot 10.0% (n=9000) -> test acc 0.9251 | bal-acc 0.9041 | f1-macro 0.8987
17:13:34 | probe[finetune_1pct/resnet50] | INFO | Loaded backbone weights — missing: 0, unexpected: 0
17:13:37 | probe[finetune_1pct/resnet50] | INFO | [finetune_1pct] epoch 001/30 | train_loss 2.2637 train_acc 0.1121 | val_loss 2.0707 val_acc 0.2252
17:13:40 | probe[finetune_1pct/resnet50] | INFO | [finetune_1pct] epoch 002/30 | train_loss 1.9809 train_acc 0.3363 | val_loss 1.6965 val_acc 0.6221
17:13:42 | probe[finetune_1pct/resnet50] | INFO | [finetune_1pct] epoch 003/30 | train_loss 1.5478 train_acc 0.6992 | val_loss 1.3798 val_acc 0.6921
17:13:44 | probe[finetune_1pct/resnet50] | INFO | [finetune_1pct] epoch 004/30 | train_loss 1.1847 train_acc 0.7969 | val_loss 1.0805 val_acc 0.7165
17:13:46 | probe[finetune_1pct/resnet50] | INFO | [finetune_1pct] epoch 005/30 | train_loss 0.8803 train_acc 0.8546 | val_loss 0.8734 val_acc 0.7377
17:13:48 | probe[finetune_1pct/resnet50] | INFO | [finetune_1pct] epoch 006/30 | train_loss 0.6424 train_acc 0.8846 | val_loss 0.7445 val_acc 0.7538
17:13:50 | probe[finetune_1pct/resnet50] | INFO | [finetune_1pct] epoch 007/30 | train_loss 0.4854 train_acc 0.9034 | val_loss 0.6272 val_acc 0.7840
17:13:53 | probe[finetune_1pct/resnet50] | INFO | [finetune_1pct] epoch 008/30 | train_loss 0.3534 train_acc 0.9201 | val_loss 0.5462 val_acc 0.8049
17:13:55 | probe[finetune_1pct/resnet50] | INFO | [finetune_1pct] epoch 009/30 | train_loss 0.2739 train_acc 0.9356 | val_loss 0.4872 val_acc 0.8261
17:13:57 | probe[finetune_1pct/resnet50] | INFO | [finetune_1pct] epoch 010/30 | train_loss 0.2184 train_acc 0.9423 | val_loss 0.4264 val_acc 0.8484
17:13:59 | probe[finetune_1pct/resnet50] | INFO | [finetune_1pct] epoch 011/30 | train_loss 0.1874 train_acc 0.9467 | val_loss 0.3699 val_acc 0.8667
17:14:01 | probe[finetune_1pct/resnet50] | INFO | [finetune_1pct] epoch 012/30 | train_loss 0.1501 train_acc 0.9501 | val_loss 0.3306 val_acc 0.8829
17:14:03 | probe[finetune_1pct/resnet50] | INFO | [finetune_1pct] epoch 013/30 | train_loss 0.1304 train_acc 0.9623 | val_loss 0.2887 val_acc 0.9018
17:14:05 | probe[finetune_1pct/resnet50] | INFO | [finetune_1pct] epoch 014/30 | train_loss 0.1145 train_acc 0.9678 | val_loss 0.2774 val_acc 0.9081
17:14:08 | probe[finetune_1pct/resnet50] | INFO | [finetune_1pct] epoch 015/30 | train_loss 0.0949 train_acc 0.9734 | val_loss 0.2752 val_acc 0.9068
17:14:09 | probe[finetune_1pct/resnet50] | INFO | [finetune_1pct] epoch 016/30 | train_loss 0.0902 train_acc 0.9767 | val_loss 0.2788 val_acc 0.9051
17:14:11 | probe[finetune_1pct/resnet50] | INFO | [finetune_1pct] epoch 017/30 | train_loss 0.0776 train_acc 0.9811 | val_loss 0.2751 val_acc 0.9070
17:14:13 | probe[finetune_1pct/resnet50] | INFO | [finetune_1pct] epoch 018/30 | train_loss 0.0722 train_acc 0.9778 | val_loss 0.2640 val_acc 0.9116
17:14:15 | probe[finetune_1pct/resnet50] | INFO | [finetune_1pct] epoch 019/30 | train_loss 0.0705 train_acc 0.9800 | val_loss 0.2507 val_acc 0.9158
17:14:17 | probe[finetune_1pct/resnet50] | INFO | [finetune_1pct] epoch 020/30 | train_loss 0.0638 train_acc 0.9845 | val_loss 0.2427 val_acc 0.9172
17:14:20 | probe[finetune_1pct/resnet50] | INFO | [finetune_1pct] epoch 021/30 | train_loss 0.0599 train_acc 0.9822 | val_loss 0.2369 val_acc 0.9194
17:14:22 | probe[finetune_1pct/resnet50] | INFO | [finetune_1pct] epoch 022/30 | train_loss 0.0566 train_acc 0.9811 | val_loss 0.2314 val_acc 0.9212
17:14:24 | probe[finetune_1pct/resnet50] | INFO | [finetune_1pct] epoch 023/30 | train_loss 0.0527 train_acc 0.9867 | val_loss 0.2282 val_acc 0.9225
17:14:26 | probe[finetune_1pct/resnet50] | INFO | [finetune_1pct] epoch 024/30 | train_loss 0.0440 train_acc 0.9900 | val_loss 0.2250 val_acc 0.9246
17:14:28 | probe[finetune_1pct/resnet50] | INFO | [finetune_1pct] epoch 025/30 | train_loss 0.0451 train_acc 0.9878 | val_loss 0.2235 val_acc 0.9257
17:14:30 | probe[finetune_1pct/resnet50] | INFO | [finetune_1pct] epoch 026/30 | train_loss 0.0527 train_acc 0.9867 | val_loss 0.2217 val_acc 0.9258
17:14:33 | probe[finetune_1pct/resnet50] | INFO | [finetune_1pct] epoch 027/30 | train_loss 0.0468 train_acc 0.9889 | val_loss 0.2207 val_acc 0.9269
17:14:35 | probe[finetune_1pct/resnet50] | INFO | [finetune_1pct] epoch 028/30 | train_loss 0.0438 train_acc 0.9878 | val_loss 0.2198 val_acc 0.9276
17:14:37 | probe[finetune_1pct/resnet50] | INFO | [finetune_1pct] epoch 029/30 | train_loss 0.0448 train_acc 0.9878 | val_loss 0.2190 val_acc 0.9272
17:14:39 | probe[finetune_1pct/resnet50] | INFO | [finetune_1pct] epoch 030/30 | train_loss 0.0462 train_acc 0.9911 | val_loss 0.2190 val_acc 0.9273
17:14:39 | probe[finetune_1pct/resnet50] | INFO | [finetune_1pct] done in 00:01:04 | best val_acc 0.9276
17:14:40 | eval[simclr-resnet50/resnet50] | INFO | Low-shot 1.0% (n=901) -> test acc 0.8890 | bal-acc 0.8482 | f1-macro 0.8354
17:14:40 | eval[simclr-resnet50/resnet50] | INFO | Downstream evaluation complete.
