21:01:13 | ssl[simclr/vit_small] | INFO | Model: simclr / vit_small -- params: 22.93M
21:01:23 | ssl[simclr/vit_small] | INFO | ep 001/100 it 50/175 | lr 5.71e-05 | loss 6.6924
21:01:27 | ssl[simclr/vit_small] | INFO | ep 001/100 it 100/175 | lr 1.14e-04 | loss 6.1198
21:01:32 | ssl[simclr/vit_small] | INFO | ep 001/100 it 150/175 | lr 1.71e-04 | loss 5.6210
21:01:34 | ssl[simclr/vit_small] | INFO | epoch 001 done in 00:00:20 | loss 5.3944
21:01:41 | ssl[simclr/vit_small] | INFO | ep 002/100 it 50/175 | lr 2.57e-04 | loss 3.5865
21:01:45 | ssl[simclr/vit_small] | INFO | ep 002/100 it 100/175 | lr 3.14e-04 | loss 3.3934
21:01:50 | ssl[simclr/vit_small] | INFO | ep 002/100 it 150/175 | lr 3.71e-04 | loss 3.2580
21:01:52 | ssl[simclr/vit_small] | INFO | epoch 002 done in 00:00:17 | loss 3.1993
21:01:58 | ssl[simclr/vit_small] | INFO | ep 003/100 it 50/175 | lr 4.57e-04 | loss 2.7144
21:02:03 | ssl[simclr/vit_small] | INFO | ep 003/100 it 100/175 | lr 5.14e-04 | loss 2.6491
21:02:08 | ssl[simclr/vit_small] | INFO | ep 003/100 it 150/175 | lr 5.71e-04 | loss 2.5987
21:02:10 | ssl[simclr/vit_small] | INFO | epoch 003 done in 00:00:17 | loss 2.5761
21:02:16 | ssl[simclr/vit_small] | INFO | ep 004/100 it 50/175 | lr 6.57e-04 | loss 2.3394
21:02:21 | ssl[simclr/vit_small] | INFO | ep 004/100 it 100/175 | lr 7.14e-04 | loss 2.3218
21:02:26 | ssl[simclr/vit_small] | INFO | ep 004/100 it 150/175 | lr 7.71e-04 | loss 2.2856
21:02:28 | ssl[simclr/vit_small] | INFO | epoch 004 done in 00:00:17 | loss 2.2682
21:02:34 | ssl[simclr/vit_small] | INFO | ep 005/100 it 50/175 | lr 8.57e-04 | loss 2.1238
21:02:39 | ssl[simclr/vit_small] | INFO | ep 005/100 it 100/175 | lr 9.14e-04 | loss 2.1023
21:02:44 | ssl[simclr/vit_small] | INFO | ep 005/100 it 150/175 | lr 9.71e-04 | loss 2.0847
21:02:46 | ssl[simclr/vit_small] | INFO | epoch 005 done in 00:00:17 | loss 2.0705
21:02:52 | ssl[simclr/vit_small] | INFO | ep 006/100 it 50/175 | lr 1.00e-03 | loss 1.9395
21:02:57 | ssl[simclr/vit_small] | INFO | ep 006/100 it 100/175 | lr 1.00e-03 | loss 1.9170
21:03:01 | ssl[simclr/vit_small] | INFO | ep 006/100 it 150/175 | lr 1.00e-03 | loss 1.8893
21:03:04 | ssl[simclr/vit_small] | INFO | epoch 006 done in 00:00:17 | loss 1.8786
21:03:10 | ssl[simclr/vit_small] | INFO | ep 007/100 it 50/175 | lr 1.00e-03 | loss 1.7605
21:03:14 | ssl[simclr/vit_small] | INFO | ep 007/100 it 100/175 | lr 9.99e-04 | loss 1.7445
21:03:19 | ssl[simclr/vit_small] | INFO | ep 007/100 it 150/175 | lr 9.99e-04 | loss 1.7236
21:03:21 | ssl[simclr/vit_small] | INFO | epoch 007 done in 00:00:17 | loss 1.7105
21:03:27 | ssl[simclr/vit_small] | INFO | ep 008/100 it 50/175 | lr 9.99e-04 | loss 1.6280
21:03:32 | ssl[simclr/vit_small] | INFO | ep 008/100 it 100/175 | lr 9.98e-04 | loss 1.6071
21:03:37 | ssl[simclr/vit_small] | INFO | ep 008/100 it 150/175 | lr 9.98e-04 | loss 1.5923
21:03:39 | ssl[simclr/vit_small] | INFO | epoch 008 done in 00:00:17 | loss 1.5832
21:03:45 | ssl[simclr/vit_small] | INFO | ep 009/100 it 50/175 | lr 9.97e-04 | loss 1.5106
21:03:50 | ssl[simclr/vit_small] | INFO | ep 009/100 it 100/175 | lr 9.97e-04 | loss 1.4997
21:03:54 | ssl[simclr/vit_small] | INFO | ep 009/100 it 150/175 | lr 9.96e-04 | loss 1.4915
21:03:56 | ssl[simclr/vit_small] | INFO | epoch 009 done in 00:00:17 | loss 1.4873
21:04:03 | ssl[simclr/vit_small] | INFO | ep 010/100 it 50/175 | lr 9.95e-04 | loss 1.4292
21:04:08 | ssl[simclr/vit_small] | INFO | ep 010/100 it 100/175 | lr 9.94e-04 | loss 1.4205
21:04:12 | ssl[simclr/vit_small] | INFO | ep 010/100 it 150/175 | lr 9.94e-04 | loss 1.4168
21:04:14 | ssl[simclr/vit_small] | INFO | epoch 010 done in 00:00:17 | loss 1.4100
21:04:20 | ssl[simclr/vit_small] | INFO | ep 011/100 it 50/175 | lr 9.92e-04 | loss 1.3729
21:04:25 | ssl[simclr/vit_small] | INFO | ep 011/100 it 100/175 | lr 9.92e-04 | loss 1.3547
21:04:30 | ssl[simclr/vit_small] | INFO | ep 011/100 it 150/175 | lr 9.91e-04 | loss 1.3452
21:04:32 | ssl[simclr/vit_small] | INFO | epoch 011 done in 00:00:17 | loss 1.3403
21:04:38 | ssl[simclr/vit_small] | INFO | ep 012/100 it 50/175 | lr 9.89e-04 | loss 1.3069
21:04:44 | ssl[simclr/vit_small] | INFO | ep 012/100 it 100/175 | lr 9.88e-04 | loss 1.3010
21:04:48 | ssl[simclr/vit_small] | INFO | ep 012/100 it 150/175 | lr 9.87e-04 | loss 1.2919
21:04:50 | ssl[simclr/vit_small] | INFO | epoch 012 done in 00:00:17 | loss 1.2917
21:04:56 | ssl[simclr/vit_small] | INFO | ep 013/100 it 50/175 | lr 9.86e-04 | loss 1.2643
21:05:01 | ssl[simclr/vit_small] | INFO | ep 013/100 it 100/175 | lr 9.85e-04 | loss 1.2587
21:05:06 | ssl[simclr/vit_small] | INFO | ep 013/100 it 150/175 | lr 9.83e-04 | loss 1.2497
21:05:08 | ssl[simclr/vit_small] | INFO | epoch 013 done in 00:00:17 | loss 1.2435
21:05:14 | ssl[simclr/vit_small] | INFO | ep 014/100 it 50/175 | lr 9.82e-04 | loss 1.2088
21:05:19 | ssl[simclr/vit_small] | INFO | ep 014/100 it 100/175 | lr 9.80e-04 | loss 1.2029
21:05:23 | ssl[simclr/vit_small] | INFO | ep 014/100 it 150/175 | lr 9.79e-04 | loss 1.2021
21:05:25 | ssl[simclr/vit_small] | INFO | epoch 014 done in 00:00:17 | loss 1.1994
21:05:32 | ssl[simclr/vit_small] | INFO | ep 015/100 it 50/175 | lr 9.77e-04 | loss 1.1643
21:05:36 | ssl[simclr/vit_small] | INFO | ep 015/100 it 100/175 | lr 9.75e-04 | loss 1.1724
21:05:41 | ssl[simclr/vit_small] | INFO | ep 015/100 it 150/175 | lr 9.74e-04 | loss 1.1696
21:05:43 | ssl[simclr/vit_small] | INFO | epoch 015 done in 00:00:17 | loss 1.1668
21:05:49 | ssl[simclr/vit_small] | INFO | ep 016/100 it 50/175 | lr 9.72e-04 | loss 1.1466
21:05:54 | ssl[simclr/vit_small] | INFO | ep 016/100 it 100/175 | lr 9.70e-04 | loss 1.1346
21:05:59 | ssl[simclr/vit_small] | INFO | ep 016/100 it 150/175 | lr 9.68e-04 | loss 1.1317
21:06:01 | ssl[simclr/vit_small] | INFO | epoch 016 done in 00:00:17 | loss 1.1276
21:06:07 | ssl[simclr/vit_small] | INFO | ep 017/100 it 50/175 | lr 9.66e-04 | loss 1.1129
21:06:12 | ssl[simclr/vit_small] | INFO | ep 017/100 it 100/175 | lr 9.64e-04 | loss 1.1023
21:06:17 | ssl[simclr/vit_small] | INFO | ep 017/100 it 150/175 | lr 9.62e-04 | loss 1.0944
21:06:19 | ssl[simclr/vit_small] | INFO | epoch 017 done in 00:00:17 | loss 1.0927
21:06:26 | ssl[simclr/vit_small] | INFO | ep 018/100 it 50/175 | lr 9.60e-04 | loss 1.0601
21:06:30 | ssl[simclr/vit_small] | INFO | ep 018/100 it 100/175 | lr 9.58e-04 | loss 1.0647
21:06:35 | ssl[simclr/vit_small] | INFO | ep 018/100 it 150/175 | lr 9.56e-04 | loss 1.0640
21:06:37 | ssl[simclr/vit_small] | INFO | epoch 018 done in 00:00:18 | loss 1.0614
21:06:44 | ssl[simclr/vit_small] | INFO | ep 019/100 it 50/175 | lr 9.53e-04 | loss 1.0508
21:06:49 | ssl[simclr/vit_small] | INFO | ep 019/100 it 100/175 | lr 9.51e-04 | loss 1.0463
21:06:53 | ssl[simclr/vit_small] | INFO | ep 019/100 it 150/175 | lr 9.49e-04 | loss 1.0456
21:06:56 | ssl[simclr/vit_small] | INFO | epoch 019 done in 00:00:18 | loss 1.0468
21:07:02 | ssl[simclr/vit_small] | INFO | ep 020/100 it 50/175 | lr 9.46e-04 | loss 1.0290
21:07:07 | ssl[simclr/vit_small] | INFO | ep 020/100 it 100/175 | lr 9.44e-04 | loss 1.0333
21:07:12 | ssl[simclr/vit_small] | INFO | ep 020/100 it 150/175 | lr 9.41e-04 | loss 1.0282
21:07:14 | ssl[simclr/vit_small] | INFO | epoch 020 done in 00:00:18 | loss 1.0254
21:07:20 | ssl[simclr/vit_small] | INFO | ep 021/100 it 50/175 | lr 9.38e-04 | loss 1.0040
21:07:25 | ssl[simclr/vit_small] | INFO | ep 021/100 it 100/175 | lr 9.36e-04 | loss 1.0066
21:07:30 | ssl[simclr/vit_small] | INFO | ep 021/100 it 150/175 | lr 9.34e-04 | loss 1.0060
21:07:32 | ssl[simclr/vit_small] | INFO | epoch 021 done in 00:00:18 | loss 1.0034
21:07:38 | ssl[simclr/vit_small] | INFO | ep 022/100 it 50/175 | lr 9.30e-04 | loss 0.9984
21:07:43 | ssl[simclr/vit_small] | INFO | ep 022/100 it 100/175 | lr 9.28e-04 | loss 0.9973
21:07:48 | ssl[simclr/vit_small] | INFO | ep 022/100 it 150/175 | lr 9.25e-04 | loss 0.9940
21:07:50 | ssl[simclr/vit_small] | INFO | epoch 022 done in 00:00:18 | loss 0.9906
21:07:57 | ssl[simclr/vit_small] | INFO | ep 023/100 it 50/175 | lr 9.21e-04 | loss 0.9736
21:08:02 | ssl[simclr/vit_small] | INFO | ep 023/100 it 100/175 | lr 9.19e-04 | loss 0.9681
21:08:06 | ssl[simclr/vit_small] | INFO | ep 023/100 it 150/175 | lr 9.16e-04 | loss 0.9621
21:08:08 | ssl[simclr/vit_small] | INFO | epoch 023 done in 00:00:18 | loss 0.9618
21:08:15 | ssl[simclr/vit_small] | INFO | ep 024/100 it 50/175 | lr 9.12e-04 | loss 0.9564
21:08:20 | ssl[simclr/vit_small] | INFO | ep 024/100 it 100/175 | lr 9.10e-04 | loss 0.9487
21:08:24 | ssl[simclr/vit_small] | INFO | ep 024/100 it 150/175 | lr 9.07e-04 | loss 0.9466
21:08:27 | ssl[simclr/vit_small] | INFO | epoch 024 done in 00:00:18 | loss 0.9476
21:08:33 | ssl[simclr/vit_small] | INFO | ep 025/100 it 50/175 | lr 9.03e-04 | loss 0.9351
21:08:38 | ssl[simclr/vit_small] | INFO | ep 025/100 it 100/175 | lr 9.00e-04 | loss 0.9401
21:08:43 | ssl[simclr/vit_small] | INFO | ep 025/100 it 150/175 | lr 8.97e-04 | loss 0.9350
21:08:45 | ssl[simclr/vit_small] | INFO | epoch 025 done in 00:00:18 | loss 0.9342
21:08:51 | ssl[simclr/vit_small] | INFO | ep 026/100 it 50/175 | lr 8.93e-04 | loss 0.9274
21:08:56 | ssl[simclr/vit_small] | INFO | ep 026/100 it 100/175 | lr 8.90e-04 | loss 0.9261
21:09:01 | ssl[simclr/vit_small] | INFO | ep 026/100 it 150/175 | lr 8.87e-04 | loss 0.9213
21:09:03 | ssl[simclr/vit_small] | INFO | epoch 026 done in 00:00:18 | loss 0.9209
21:09:09 | ssl[simclr/vit_small] | INFO | ep 027/100 it 50/175 | lr 8.82e-04 | loss 0.9006
21:09:14 | ssl[simclr/vit_small] | INFO | ep 027/100 it 100/175 | lr 8.79e-04 | loss 0.9041
21:09:19 | ssl[simclr/vit_small] | INFO | ep 027/100 it 150/175 | lr 8.76e-04 | loss 0.9046
21:09:21 | ssl[simclr/vit_small] | INFO | epoch 027 done in 00:00:18 | loss 0.9062
21:09:27 | ssl[simclr/vit_small] | INFO | ep 028/100 it 50/175 | lr 8.72e-04 | loss 0.8989
21:09:32 | ssl[simclr/vit_small] | INFO | ep 028/100 it 100/175 | lr 8.68e-04 | loss 0.8917
21:09:37 | ssl[simclr/vit_small] | INFO | ep 028/100 it 150/175 | lr 8.65e-04 | loss 0.8883
21:09:39 | ssl[simclr/vit_small] | INFO | epoch 028 done in 00:00:17 | loss 0.8870
21:09:45 | ssl[simclr/vit_small] | INFO | ep 029/100 it 50/175 | lr 8.60e-04 | loss 0.8800
21:09:50 | ssl[simclr/vit_small] | INFO | ep 029/100 it 100/175 | lr 8.57e-04 | loss 0.8759
21:09:55 | ssl[simclr/vit_small] | INFO | ep 029/100 it 150/175 | lr 8.54e-04 | loss 0.8772
21:09:57 | ssl[simclr/vit_small] | INFO | epoch 029 done in 00:00:18 | loss 0.8769
21:10:04 | ssl[simclr/vit_small] | INFO | ep 030/100 it 50/175 | lr 8.49e-04 | loss 0.8693
21:10:08 | ssl[simclr/vit_small] | INFO | ep 030/100 it 100/175 | lr 8.45e-04 | loss 0.8695
21:10:13 | ssl[simclr/vit_small] | INFO | ep 030/100 it 150/175 | lr 8.42e-04 | loss 0.8701
21:10:15 | ssl[simclr/vit_small] | INFO | epoch 030 done in 00:00:18 | loss 0.8711
21:10:22 | ssl[simclr/vit_small] | INFO | ep 031/100 it 50/175 | lr 8.37e-04 | loss 0.8618
21:10:26 | ssl[simclr/vit_small] | INFO | ep 031/100 it 100/175 | lr 8.33e-04 | loss 0.8586
21:10:31 | ssl[simclr/vit_small] | INFO | ep 031/100 it 150/175 | lr 8.30e-04 | loss 0.8540
21:10:33 | ssl[simclr/vit_small] | INFO | epoch 031 done in 00:00:18 | loss 0.8541
21:10:40 | ssl[simclr/vit_small] | INFO | ep 032/100 it 50/175 | lr 8.25e-04 | loss 0.8396
21:10:45 | ssl[simclr/vit_small] | INFO | ep 032/100 it 100/175 | lr 8.21e-04 | loss 0.8446
21:10:49 | ssl[simclr/vit_small] | INFO | ep 032/100 it 150/175 | lr 8.17e-04 | loss 0.8408
21:10:51 | ssl[simclr/vit_small] | INFO | epoch 032 done in 00:00:18 | loss 0.8401
21:10:58 | ssl[simclr/vit_small] | INFO | ep 033/100 it 50/175 | lr 8.12e-04 | loss 0.8413
21:11:03 | ssl[simclr/vit_small] | INFO | ep 033/100 it 100/175 | lr 8.08e-04 | loss 0.8389
21:11:07 | ssl[simclr/vit_small] | INFO | ep 033/100 it 150/175 | lr 8.04e-04 | loss 0.8372
21:11:10 | ssl[simclr/vit_small] | INFO | epoch 033 done in 00:00:18 | loss 0.8356
21:11:16 | ssl[simclr/vit_small] | INFO | ep 034/100 it 50/175 | lr 7.99e-04 | loss 0.8284
21:11:21 | ssl[simclr/vit_small] | INFO | ep 034/100 it 100/175 | lr 7.95e-04 | loss 0.8262
21:11:26 | ssl[simclr/vit_small] | INFO | ep 034/100 it 150/175 | lr 7.91e-04 | loss 0.8226
21:11:28 | ssl[simclr/vit_small] | INFO | epoch 034 done in 00:00:18 | loss 0.8217
21:11:34 | ssl[simclr/vit_small] | INFO | ep 035/100 it 50/175 | lr 7.86e-04 | loss 0.8308
21:11:39 | ssl[simclr/vit_small] | INFO | ep 035/100 it 100/175 | lr 7.82e-04 | loss 0.8218
21:11:44 | ssl[simclr/vit_small] | INFO | ep 035/100 it 150/175 | lr 7.78e-04 | loss 0.8181
21:11:46 | ssl[simclr/vit_small] | INFO | epoch 035 done in 00:00:18 | loss 0.8165
21:11:52 | ssl[simclr/vit_small] | INFO | ep 036/100 it 50/175 | lr 7.72e-04 | loss 0.8050
21:11:57 | ssl[simclr/vit_small] | INFO | ep 036/100 it 100/175 | lr 7.68e-04 | loss 0.8031
21:12:02 | ssl[simclr/vit_small] | INFO | ep 036/100 it 150/175 | lr 7.64e-04 | loss 0.8009
21:12:04 | ssl[simclr/vit_small] | INFO | epoch 036 done in 00:00:18 | loss 0.7993
21:12:11 | ssl[simclr/vit_small] | INFO | ep 037/100 it 50/175 | lr 7.58e-04 | loss 0.7885
21:12:15 | ssl[simclr/vit_small] | INFO | ep 037/100 it 100/175 | lr 7.54e-04 | loss 0.7833
21:12:20 | ssl[simclr/vit_small] | INFO | ep 037/100 it 150/175 | lr 7.50e-04 | loss 0.7866
21:12:22 | ssl[simclr/vit_small] | INFO | epoch 037 done in 00:00:18 | loss 0.7876
21:12:29 | ssl[simclr/vit_small] | INFO | ep 038/100 it 50/175 | lr 7.44e-04 | loss 0.7919
21:12:33 | ssl[simclr/vit_small] | INFO | ep 038/100 it 100/175 | lr 7.40e-04 | loss 0.7923
21:12:38 | ssl[simclr/vit_small] | INFO | ep 038/100 it 150/175 | lr 7.36e-04 | loss 0.7851
21:12:40 | ssl[simclr/vit_small] | INFO | epoch 038 done in 00:00:18 | loss 0.7841
21:12:47 | ssl[simclr/vit_small] | INFO | ep 039/100 it 50/175 | lr 7.29e-04 | loss 0.7707
21:12:51 | ssl[simclr/vit_small] | INFO | ep 039/100 it 100/175 | lr 7.25e-04 | loss 0.7741
21:12:56 | ssl[simclr/vit_small] | INFO | ep 039/100 it 150/175 | lr 7.21e-04 | loss 0.7737
21:12:58 | ssl[simclr/vit_small] | INFO | epoch 039 done in 00:00:18 | loss 0.7741
21:13:05 | ssl[simclr/vit_small] | INFO | ep 040/100 it 50/175 | lr 7.15e-04 | loss 0.7673
21:13:10 | ssl[simclr/vit_small] | INFO | ep 040/100 it 100/175 | lr 7.10e-04 | loss 0.7634
21:13:14 | ssl[simclr/vit_small] | INFO | ep 040/100 it 150/175 | lr 7.06e-04 | loss 0.7687
21:13:16 | ssl[simclr/vit_small] | INFO | epoch 040 done in 00:00:18 | loss 0.7680
21:13:23 | ssl[simclr/vit_small] | INFO | ep 041/100 it 50/175 | lr 7.00e-04 | loss 0.7495
21:13:27 | ssl[simclr/vit_small] | INFO | ep 041/100 it 100/175 | lr 6.95e-04 | loss 0.7514
21:13:32 | ssl[simclr/vit_small] | INFO | ep 041/100 it 150/175 | lr 6.91e-04 | loss 0.7536
21:13:34 | ssl[simclr/vit_small] | INFO | epoch 041 done in 00:00:17 | loss 0.7544
21:13:41 | ssl[simclr/vit_small] | INFO | ep 042/100 it 50/175 | lr 6.84e-04 | loss 0.7551
21:13:45 | ssl[simclr/vit_small] | INFO | ep 042/100 it 100/175 | lr 6.80e-04 | loss 0.7522
21:13:50 | ssl[simclr/vit_small] | INFO | ep 042/100 it 150/175 | lr 6.76e-04 | loss 0.7506
21:13:52 | ssl[simclr/vit_small] | INFO | epoch 042 done in 00:00:17 | loss 0.7504
21:13:58 | ssl[simclr/vit_small] | INFO | ep 043/100 it 50/175 | lr 6.69e-04 | loss 0.7384
21:14:03 | ssl[simclr/vit_small] | INFO | ep 043/100 it 100/175 | lr 6.65e-04 | loss 0.7365
21:14:07 | ssl[simclr/vit_small] | INFO | ep 043/100 it 150/175 | lr 6.60e-04 | loss 0.7423
21:14:09 | ssl[simclr/vit_small] | INFO | epoch 043 done in 00:00:17 | loss 0.7405
21:14:16 | ssl[simclr/vit_small] | INFO | ep 044/100 it 50/175 | lr 6.54e-04 | loss 0.7411
21:14:21 | ssl[simclr/vit_small] | INFO | ep 044/100 it 100/175 | lr 6.49e-04 | loss 0.7372
21:14:25 | ssl[simclr/vit_small] | INFO | ep 044/100 it 150/175 | lr 6.45e-04 | loss 0.7366
21:14:27 | ssl[simclr/vit_small] | INFO | epoch 044 done in 00:00:17 | loss 0.7353
21:14:34 | ssl[simclr/vit_small] | INFO | ep 045/100 it 50/175 | lr 6.38e-04 | loss 0.7322
21:14:38 | ssl[simclr/vit_small] | INFO | ep 045/100 it 100/175 | lr 6.33e-04 | loss 0.7300
21:14:43 | ssl[simclr/vit_small] | INFO | ep 045/100 it 150/175 | lr 6.29e-04 | loss 0.7288
21:14:45 | ssl[simclr/vit_small] | INFO | epoch 045 done in 00:00:17 | loss 0.7269
21:14:52 | ssl[simclr/vit_small] | INFO | ep 046/100 it 50/175 | lr 6.22e-04 | loss 0.7244
21:14:56 | ssl[simclr/vit_small] | INFO | ep 046/100 it 100/175 | lr 6.18e-04 | loss 0.7209
21:15:01 | ssl[simclr/vit_small] | INFO | ep 046/100 it 150/175 | lr 6.13e-04 | loss 0.7196
21:15:03 | ssl[simclr/vit_small] | INFO | epoch 046 done in 00:00:17 | loss 0.7169
21:15:09 | ssl[simclr/vit_small] | INFO | ep 047/100 it 50/175 | lr 6.06e-04 | loss 0.7155
21:15:14 | ssl[simclr/vit_small] | INFO | ep 047/100 it 100/175 | lr 6.02e-04 | loss 0.7107
21:15:19 | ssl[simclr/vit_small] | INFO | ep 047/100 it 150/175 | lr 5.97e-04 | loss 0.7085
21:15:21 | ssl[simclr/vit_small] | INFO | epoch 047 done in 00:00:17 | loss 0.7077
21:15:27 | ssl[simclr/vit_small] | INFO | ep 048/100 it 50/175 | lr 5.90e-04 | loss 0.7027
21:15:31 | ssl[simclr/vit_small] | INFO | ep 048/100 it 100/175 | lr 5.85e-04 | loss 0.7009
21:15:36 | ssl[simclr/vit_small] | INFO | ep 048/100 it 150/175 | lr 5.81e-04 | loss 0.7026
21:15:38 | ssl[simclr/vit_small] | INFO | epoch 048 done in 00:00:17 | loss 0.6999
21:15:45 | ssl[simclr/vit_small] | INFO | ep 049/100 it 50/175 | lr 5.74e-04 | loss 0.6947
21:15:49 | ssl[simclr/vit_small] | INFO | ep 049/100 it 100/175 | lr 5.69e-04 | loss 0.6934
21:15:54 | ssl[simclr/vit_small] | INFO | ep 049/100 it 150/175 | lr 5.65e-04 | loss 0.6943
21:15:56 | ssl[simclr/vit_small] | INFO | epoch 049 done in 00:00:17 | loss 0.6952
21:16:02 | ssl[simclr/vit_small] | INFO | ep 050/100 it 50/175 | lr 5.58e-04 | loss 0.6960
21:16:07 | ssl[simclr/vit_small] | INFO | ep 050/100 it 100/175 | lr 5.53e-04 | loss 0.6915
21:16:11 | ssl[simclr/vit_small] | INFO | ep 050/100 it 150/175 | lr 5.48e-04 | loss 0.6926
21:16:13 | ssl[simclr/vit_small] | INFO | epoch 050 done in 00:00:17 | loss 0.6911
21:16:20 | ssl[simclr/vit_small] | INFO | ep 051/100 it 50/175 | lr 5.41e-04 | loss 0.6710
21:16:24 | ssl[simclr/vit_small] | INFO | ep 051/100 it 100/175 | lr 5.37e-04 | loss 0.6782
21:16:29 | ssl[simclr/vit_small] | INFO | ep 051/100 it 150/175 | lr 5.32e-04 | loss 0.6819
21:16:31 | ssl[simclr/vit_small] | INFO | epoch 051 done in 00:00:17 | loss 0.6800
21:16:38 | ssl[simclr/vit_small] | INFO | ep 052/100 it 50/175 | lr 5.25e-04 | loss 0.6806
21:16:42 | ssl[simclr/vit_small] | INFO | ep 052/100 it 100/175 | lr 5.20e-04 | loss 0.6792
21:16:47 | ssl[simclr/vit_small] | INFO | ep 052/100 it 150/175 | lr 5.16e-04 | loss 0.6792
21:16:49 | ssl[simclr/vit_small] | INFO | epoch 052 done in 00:00:17 | loss 0.6779
21:16:55 | ssl[simclr/vit_small] | INFO | ep 053/100 it 50/175 | lr 5.09e-04 | loss 0.6653
21:17:00 | ssl[simclr/vit_small] | INFO | ep 053/100 it 100/175 | lr 5.04e-04 | loss 0.6659
21:17:05 | ssl[simclr/vit_small] | INFO | ep 053/100 it 150/175 | lr 4.99e-04 | loss 0.6661
21:17:07 | ssl[simclr/vit_small] | INFO | epoch 053 done in 00:00:17 | loss 0.6651
21:17:13 | ssl[simclr/vit_small] | INFO | ep 054/100 it 50/175 | lr 4.92e-04 | loss 0.6688
21:17:18 | ssl[simclr/vit_small] | INFO | ep 054/100 it 100/175 | lr 4.88e-04 | loss 0.6673
21:17:23 | ssl[simclr/vit_small] | INFO | ep 054/100 it 150/175 | lr 4.83e-04 | loss 0.6656
21:17:25 | ssl[simclr/vit_small] | INFO | epoch 054 done in 00:00:18 | loss 0.6648
21:17:32 | ssl[simclr/vit_small] | INFO | ep 055/100 it 50/175 | lr 4.76e-04 | loss 0.6546
21:17:36 | ssl[simclr/vit_small] | INFO | ep 055/100 it 100/175 | lr 4.71e-04 | loss 0.6559
21:17:41 | ssl[simclr/vit_small] | INFO | ep 055/100 it 150/175 | lr 4.67e-04 | loss 0.6578
21:17:43 | ssl[simclr/vit_small] | INFO | epoch 055 done in 00:00:18 | loss 0.6569
21:17:50 | ssl[simclr/vit_small] | INFO | ep 056/100 it 50/175 | lr 4.60e-04 | loss 0.6442
21:17:54 | ssl[simclr/vit_small] | INFO | ep 056/100 it 100/175 | lr 4.55e-04 | loss 0.6447
21:17:59 | ssl[simclr/vit_small] | INFO | ep 056/100 it 150/175 | lr 4.50e-04 | loss 0.6443
21:18:01 | ssl[simclr/vit_small] | INFO | epoch 056 done in 00:00:17 | loss 0.6442
21:18:08 | ssl[simclr/vit_small] | INFO | ep 057/100 it 50/175 | lr 4.43e-04 | loss 0.6493
21:18:12 | ssl[simclr/vit_small] | INFO | ep 057/100 it 100/175 | lr 4.39e-04 | loss 0.6424
21:18:17 | ssl[simclr/vit_small] | INFO | ep 057/100 it 150/175 | lr 4.34e-04 | loss 0.6398
21:18:19 | ssl[simclr/vit_small] | INFO | epoch 057 done in 00:00:18 | loss 0.6397
21:18:25 | ssl[simclr/vit_small] | INFO | ep 058/100 it 50/175 | lr 4.27e-04 | loss 0.6390
21:18:30 | ssl[simclr/vit_small] | INFO | ep 058/100 it 100/175 | lr 4.22e-04 | loss 0.6353
21:18:35 | ssl[simclr/vit_small] | INFO | ep 058/100 it 150/175 | lr 4.18e-04 | loss 0.6332
21:18:37 | ssl[simclr/vit_small] | INFO | epoch 058 done in 00:00:18 | loss 0.6357
21:18:44 | ssl[simclr/vit_small] | INFO | ep 059/100 it 50/175 | lr 4.11e-04 | loss 0.6259
21:18:48 | ssl[simclr/vit_small] | INFO | ep 059/100 it 100/175 | lr 4.06e-04 | loss 0.6286
21:18:53 | ssl[simclr/vit_small] | INFO | ep 059/100 it 150/175 | lr 4.02e-04 | loss 0.6291
21:18:55 | ssl[simclr/vit_small] | INFO | epoch 059 done in 00:00:17 | loss 0.6309
21:19:01 | ssl[simclr/vit_small] | INFO | ep 060/100 it 50/175 | lr 3.95e-04 | loss 0.6287
21:19:06 | ssl[simclr/vit_small] | INFO | ep 060/100 it 100/175 | lr 3.90e-04 | loss 0.6281
21:19:11 | ssl[simclr/vit_small] | INFO | ep 060/100 it 150/175 | lr 3.86e-04 | loss 0.6282
21:19:13 | ssl[simclr/vit_small] | INFO | epoch 060 done in 00:00:18 | loss 0.6271
21:19:20 | ssl[simclr/vit_small] | INFO | ep 061/100 it 50/175 | lr 3.79e-04 | loss 0.6182
21:19:24 | ssl[simclr/vit_small] | INFO | ep 061/100 it 100/175 | lr 3.75e-04 | loss 0.6161
21:19:29 | ssl[simclr/vit_small] | INFO | ep 061/100 it 150/175 | lr 3.70e-04 | loss 0.6178
21:19:31 | ssl[simclr/vit_small] | INFO | epoch 061 done in 00:00:18 | loss 0.6182
21:19:38 | ssl[simclr/vit_small] | INFO | ep 062/100 it 50/175 | lr 3.63e-04 | loss 0.6119
21:19:42 | ssl[simclr/vit_small] | INFO | ep 062/100 it 100/175 | lr 3.59e-04 | loss 0.6114
21:19:47 | ssl[simclr/vit_small] | INFO | ep 062/100 it 150/175 | lr 3.54e-04 | loss 0.6096
21:19:50 | ssl[simclr/vit_small] | INFO | epoch 062 done in 00:00:18 | loss 0.6095
21:19:56 | ssl[simclr/vit_small] | INFO | ep 063/100 it 50/175 | lr 3.48e-04 | loss 0.6117
21:20:00 | ssl[simclr/vit_small] | INFO | ep 063/100 it 100/175 | lr 3.43e-04 | loss 0.6110
21:20:06 | ssl[simclr/vit_small] | INFO | ep 063/100 it 150/175 | lr 3.39e-04 | loss 0.6098
21:20:08 | ssl[simclr/vit_small] | INFO | epoch 063 done in 00:00:18 | loss 0.6099
21:20:14 | ssl[simclr/vit_small] | INFO | ep 064/100 it 50/175 | lr 3.32e-04 | loss 0.6012
21:20:19 | ssl[simclr/vit_small] | INFO | ep 064/100 it 100/175 | lr 3.28e-04 | loss 0.6063
21:20:23 | ssl[simclr/vit_small] | INFO | ep 064/100 it 150/175 | lr 3.24e-04 | loss 0.6062
21:20:25 | ssl[simclr/vit_small] | INFO | epoch 064 done in 00:00:17 | loss 0.6054
21:20:32 | ssl[simclr/vit_small] | INFO | ep 065/100 it 50/175 | lr 3.17e-04 | loss 0.6080
21:20:37 | ssl[simclr/vit_small] | INFO | ep 065/100 it 100/175 | lr 3.13e-04 | loss 0.6028
21:20:41 | ssl[simclr/vit_small] | INFO | ep 065/100 it 150/175 | lr 3.08e-04 | loss 0.6024
21:20:44 | ssl[simclr/vit_small] | INFO | epoch 065 done in 00:00:18 | loss 0.6020
21:20:50 | ssl[simclr/vit_small] | INFO | ep 066/100 it 50/175 | lr 3.02e-04 | loss 0.5855
21:20:54 | ssl[simclr/vit_small] | INFO | ep 066/100 it 100/175 | lr 2.98e-04 | loss 0.5881
21:20:59 | ssl[simclr/vit_small] | INFO | ep 066/100 it 150/175 | lr 2.93e-04 | loss 0.5913
21:21:01 | ssl[simclr/vit_small] | INFO | epoch 066 done in 00:00:17 | loss 0.5917
21:21:07 | ssl[simclr/vit_small] | INFO | ep 067/100 it 50/175 | lr 2.87e-04 | loss 0.5930
21:21:12 | ssl[simclr/vit_small] | INFO | ep 067/100 it 100/175 | lr 2.83e-04 | loss 0.5900
21:21:17 | ssl[simclr/vit_small] | INFO | ep 067/100 it 150/175 | lr 2.79e-04 | loss 0.5898
21:21:19 | ssl[simclr/vit_small] | INFO | epoch 067 done in 00:00:17 | loss 0.5900
21:21:25 | ssl[simclr/vit_small] | INFO | ep 068/100 it 50/175 | lr 2.73e-04 | loss 0.5895
21:21:30 | ssl[simclr/vit_small] | INFO | ep 068/100 it 100/175 | lr 2.68e-04 | loss 0.5879
21:21:34 | ssl[simclr/vit_small] | INFO | ep 068/100 it 150/175 | lr 2.64e-04 | loss 0.5855
21:21:36 | ssl[simclr/vit_small] | INFO | epoch 068 done in 00:00:17 | loss 0.5844
21:21:43 | ssl[simclr/vit_small] | INFO | ep 069/100 it 50/175 | lr 2.58e-04 | loss 0.5659
21:21:47 | ssl[simclr/vit_small] | INFO | ep 069/100 it 100/175 | lr 2.54e-04 | loss 0.5755
21:21:52 | ssl[simclr/vit_small] | INFO | ep 069/100 it 150/175 | lr 2.50e-04 | loss 0.5765
21:21:54 | ssl[simclr/vit_small] | INFO | epoch 069 done in 00:00:17 | loss 0.5768
21:22:00 | ssl[simclr/vit_small] | INFO | ep 070/100 it 50/175 | lr 2.44e-04 | loss 0.5767
21:22:05 | ssl[simclr/vit_small] | INFO | ep 070/100 it 100/175 | lr 2.40e-04 | loss 0.5767
21:22:09 | ssl[simclr/vit_small] | INFO | ep 070/100 it 150/175 | lr 2.36e-04 | loss 0.5739
21:22:12 | ssl[simclr/vit_small] | INFO | epoch 070 done in 00:00:17 | loss 0.5720
21:22:19 | ssl[simclr/vit_small] | INFO | ep 071/100 it 50/175 | lr 2.30e-04 | loss 0.5723
21:22:23 | ssl[simclr/vit_small] | INFO | ep 071/100 it 100/175 | lr 2.27e-04 | loss 0.5721
21:22:28 | ssl[simclr/vit_small] | INFO | ep 071/100 it 150/175 | lr 2.23e-04 | loss 0.5718
21:22:30 | ssl[simclr/vit_small] | INFO | epoch 071 done in 00:00:18 | loss 0.5711
21:22:37 | ssl[simclr/vit_small] | INFO | ep 072/100 it 50/175 | lr 2.17e-04 | loss 0.5596
21:22:41 | ssl[simclr/vit_small] | INFO | ep 072/100 it 100/175 | lr 2.13e-04 | loss 0.5640
21:22:46 | ssl[simclr/vit_small] | INFO | ep 072/100 it 150/175 | lr 2.09e-04 | loss 0.5657
21:22:48 | ssl[simclr/vit_small] | INFO | epoch 072 done in 00:00:18 | loss 0.5661
21:22:55 | ssl[simclr/vit_small] | INFO | ep 073/100 it 50/175 | lr 2.04e-04 | loss 0.5701
21:22:59 | ssl[simclr/vit_small] | INFO | ep 073/100 it 100/175 | lr 2.00e-04 | loss 0.5645
21:23:05 | ssl[simclr/vit_small] | INFO | ep 073/100 it 150/175 | lr 1.96e-04 | loss 0.5624
21:23:07 | ssl[simclr/vit_small] | INFO | epoch 073 done in 00:00:18 | loss 0.5628
21:23:13 | ssl[simclr/vit_small] | INFO | ep 074/100 it 50/175 | lr 1.91e-04 | loss 0.5475
21:23:18 | ssl[simclr/vit_small] | INFO | ep 074/100 it 100/175 | lr 1.87e-04 | loss 0.5507
21:23:22 | ssl[simclr/vit_small] | INFO | ep 074/100 it 150/175 | lr 1.84e-04 | loss 0.5559
21:23:25 | ssl[simclr/vit_small] | INFO | epoch 074 done in 00:00:18 | loss 0.5561
21:23:31 | ssl[simclr/vit_small] | INFO | ep 075/100 it 50/175 | lr 1.79e-04 | loss 0.5437
21:23:36 | ssl[simclr/vit_small] | INFO | ep 075/100 it 100/175 | lr 1.75e-04 | loss 0.5483
21:23:41 | ssl[simclr/vit_small] | INFO | ep 075/100 it 150/175 | lr 1.72e-04 | loss 0.5483
21:23:43 | ssl[simclr/vit_small] | INFO | epoch 075 done in 00:00:17 | loss 0.5485
21:23:49 | ssl[simclr/vit_small] | INFO | ep 076/100 it 50/175 | lr 1.66e-04 | loss 0.5482
21:23:54 | ssl[simclr/vit_small] | INFO | ep 076/100 it 100/175 | lr 1.63e-04 | loss 0.5473
21:23:58 | ssl[simclr/vit_small] | INFO | ep 076/100 it 150/175 | lr 1.60e-04 | loss 0.5459
21:24:01 | ssl[simclr/vit_small] | INFO | epoch 076 done in 00:00:17 | loss 0.5447
21:24:07 | ssl[simclr/vit_small] | INFO | ep 077/100 it 50/175 | lr 1.55e-04 | loss 0.5488
21:24:12 | ssl[simclr/vit_small] | INFO | ep 077/100 it 100/175 | lr 1.51e-04 | loss 0.5520
21:24:17 | ssl[simclr/vit_small] | INFO | ep 077/100 it 150/175 | lr 1.48e-04 | loss 0.5516
21:24:19 | ssl[simclr/vit_small] | INFO | epoch 077 done in 00:00:18 | loss 0.5507
21:24:25 | ssl[simclr/vit_small] | INFO | ep 078/100 it 50/175 | lr 1.43e-04 | loss 0.5383
21:24:30 | ssl[simclr/vit_small] | INFO | ep 078/100 it 100/175 | lr 1.40e-04 | loss 0.5396
21:24:35 | ssl[simclr/vit_small] | INFO | ep 078/100 it 150/175 | lr 1.37e-04 | loss 0.5398
21:24:37 | ssl[simclr/vit_small] | INFO | epoch 078 done in 00:00:17 | loss 0.5406
21:24:43 | ssl[simclr/vit_small] | INFO | ep 079/100 it 50/175 | lr 1.32e-04 | loss 0.5360
21:24:48 | ssl[simclr/vit_small] | INFO | ep 079/100 it 100/175 | lr 1.29e-04 | loss 0.5355
21:24:52 | ssl[simclr/vit_small] | INFO | ep 079/100 it 150/175 | lr 1.26e-04 | loss 0.5354
21:24:55 | ssl[simclr/vit_small] | INFO | epoch 079 done in 00:00:17 | loss 0.5347
21:25:01 | ssl[simclr/vit_small] | INFO | ep 080/100 it 50/175 | lr 1.22e-04 | loss 0.5274
21:25:06 | ssl[simclr/vit_small] | INFO | ep 080/100 it 100/175 | lr 1.19e-04 | loss 0.5274
21:25:11 | ssl[simclr/vit_small] | INFO | ep 080/100 it 150/175 | lr 1.16e-04 | loss 0.5301
21:25:13 | ssl[simclr/vit_small] | INFO | epoch 080 done in 00:00:18 | loss 0.5313
21:25:19 | ssl[simclr/vit_small] | INFO | ep 081/100 it 50/175 | lr 1.12e-04 | loss 0.5353
21:25:24 | ssl[simclr/vit_small] | INFO | ep 081/100 it 100/175 | lr 1.09e-04 | loss 0.5278
21:25:28 | ssl[simclr/vit_small] | INFO | ep 081/100 it 150/175 | lr 1.06e-04 | loss 0.5294
21:25:31 | ssl[simclr/vit_small] | INFO | epoch 081 done in 00:00:17 | loss 0.5297
21:25:37 | ssl[simclr/vit_small] | INFO | ep 082/100 it 50/175 | lr 1.02e-04 | loss 0.5304
21:25:41 | ssl[simclr/vit_small] | INFO | ep 082/100 it 100/175 | lr 9.92e-05 | loss 0.5260
21:25:46 | ssl[simclr/vit_small] | INFO | ep 082/100 it 150/175 | lr 9.65e-05 | loss 0.5253
21:25:48 | ssl[simclr/vit_small] | INFO | epoch 082 done in 00:00:17 | loss 0.5265
21:25:54 | ssl[simclr/vit_small] | INFO | ep 083/100 it 50/175 | lr 9.26e-05 | loss 0.5178
21:25:59 | ssl[simclr/vit_small] | INFO | ep 083/100 it 100/175 | lr 9.00e-05 | loss 0.5203
21:26:03 | ssl[simclr/vit_small] | INFO | ep 083/100 it 150/175 | lr 8.75e-05 | loss 0.5226
21:26:06 | ssl[simclr/vit_small] | INFO | epoch 083 done in 00:00:17 | loss 0.5222
21:26:12 | ssl[simclr/vit_small] | INFO | ep 084/100 it 50/175 | lr 8.38e-05 | loss 0.5271
21:26:16 | ssl[simclr/vit_small] | INFO | ep 084/100 it 100/175 | lr 8.13e-05 | loss 0.5260
21:26:21 | ssl[simclr/vit_small] | INFO | ep 084/100 it 150/175 | lr 7.89e-05 | loss 0.5247
21:26:23 | ssl[simclr/vit_small] | INFO | epoch 084 done in 00:00:17 | loss 0.5231
21:26:29 | ssl[simclr/vit_small] | INFO | ep 085/100 it 50/175 | lr 7.54e-05 | loss 0.5177
21:26:34 | ssl[simclr/vit_small] | INFO | ep 085/100 it 100/175 | lr 7.31e-05 | loss 0.5192
21:26:38 | ssl[simclr/vit_small] | INFO | ep 085/100 it 150/175 | lr 7.08e-05 | loss 0.5203
21:26:41 | ssl[simclr/vit_small] | INFO | epoch 085 done in 00:00:17 | loss 0.5199
21:26:47 | ssl[simclr/vit_small] | INFO | ep 086/100 it 50/175 | lr 6.75e-05 | loss 0.5229
21:26:51 | ssl[simclr/vit_small] | INFO | ep 086/100 it 100/175 | lr 6.53e-05 | loss 0.5211
21:26:56 | ssl[simclr/vit_small] | INFO | ep 086/100 it 150/175 | lr 6.32e-05 | loss 0.5200
21:26:58 | ssl[simclr/vit_small] | INFO | epoch 086 done in 00:00:17 | loss 0.5185
21:27:05 | ssl[simclr/vit_small] | INFO | ep 087/100 it 50/175 | lr 6.01e-05 | loss 0.5132
21:27:09 | ssl[simclr/vit_small] | INFO | ep 087/100 it 100/175 | lr 5.81e-05 | loss 0.5148
21:27:14 | ssl[simclr/vit_small] | INFO | ep 087/100 it 150/175 | lr 5.61e-05 | loss 0.5125
21:27:16 | ssl[simclr/vit_small] | INFO | epoch 087 done in 00:00:17 | loss 0.5114
21:27:22 | ssl[simclr/vit_small] | INFO | ep 088/100 it 50/175 | lr 5.32e-05 | loss 0.5099
21:27:27 | ssl[simclr/vit_small] | INFO | ep 088/100 it 100/175 | lr 5.13e-05 | loss 0.5165
21:27:31 | ssl[simclr/vit_small] | INFO | ep 088/100 it 150/175 | lr 4.94e-05 | loss 0.5153
21:27:33 | ssl[simclr/vit_small] | INFO | epoch 088 done in 00:00:17 | loss 0.5139
21:27:40 | ssl[simclr/vit_small] | INFO | ep 089/100 it 50/175 | lr 4.67e-05 | loss 0.5130
21:27:44 | ssl[simclr/vit_small] | INFO | ep 089/100 it 100/175 | lr 4.50e-05 | loss 0.5164
21:27:49 | ssl[simclr/vit_small] | INFO | ep 089/100 it 150/175 | lr 4.33e-05 | loss 0.5136
21:27:51 | ssl[simclr/vit_small] | INFO | epoch 089 done in 00:00:17 | loss 0.5122
21:27:57 | ssl[simclr/vit_small] | INFO | ep 090/100 it 50/175 | lr 4.08e-05 | loss 0.5074
21:28:01 | ssl[simclr/vit_small] | INFO | ep 090/100 it 100/175 | lr 3.92e-05 | loss 0.5078
21:28:06 | ssl[simclr/vit_small] | INFO | ep 090/100 it 150/175 | lr 3.76e-05 | loss 0.5063
21:28:08 | ssl[simclr/vit_small] | INFO | epoch 090 done in 00:00:17 | loss 0.5067
21:28:14 | ssl[simclr/vit_small] | INFO | ep 091/100 it 50/175 | lr 3.54e-05 | loss 0.5053
21:28:19 | ssl[simclr/vit_small] | INFO | ep 091/100 it 100/175 | lr 3.39e-05 | loss 0.5057
21:28:23 | ssl[simclr/vit_small] | INFO | ep 091/100 it 150/175 | lr 3.25e-05 | loss 0.5071
21:28:26 | ssl[simclr/vit_small] | INFO | epoch 091 done in 00:00:17 | loss 0.5063
21:28:32 | ssl[simclr/vit_small] | INFO | ep 092/100 it 50/175 | lr 3.04e-05 | loss 0.5117
21:28:36 | ssl[simclr/vit_small] | INFO | ep 092/100 it 100/175 | lr 2.91e-05 | loss 0.5091
21:28:41 | ssl[simclr/vit_small] | INFO | ep 092/100 it 150/175 | lr 2.79e-05 | loss 0.5085
21:28:43 | ssl[simclr/vit_small] | INFO | epoch 092 done in 00:00:17 | loss 0.5097
21:28:49 | ssl[simclr/vit_small] | INFO | ep 093/100 it 50/175 | lr 2.60e-05 | loss 0.5064
21:28:54 | ssl[simclr/vit_small] | INFO | ep 093/100 it 100/175 | lr 2.49e-05 | loss 0.5055
21:28:58 | ssl[simclr/vit_small] | INFO | ep 093/100 it 150/175 | lr 2.38e-05 | loss 0.5044
21:29:00 | ssl[simclr/vit_small] | INFO | epoch 093 done in 00:00:17 | loss 0.5044
21:29:07 | ssl[simclr/vit_small] | INFO | ep 094/100 it 50/175 | lr 2.22e-05 | loss 0.5072
21:29:11 | ssl[simclr/vit_small] | INFO | ep 094/100 it 100/175 | lr 2.12e-05 | loss 0.5039
21:29:16 | ssl[simclr/vit_small] | INFO | ep 094/100 it 150/175 | lr 2.02e-05 | loss 0.5046
21:29:18 | ssl[simclr/vit_small] | INFO | epoch 094 done in 00:00:17 | loss 0.5037
21:29:24 | ssl[simclr/vit_small] | INFO | ep 095/100 it 50/175 | lr 1.88e-05 | loss 0.5055
21:29:29 | ssl[simclr/vit_small] | INFO | ep 095/100 it 100/175 | lr 1.80e-05 | loss 0.5033
21:29:33 | ssl[simclr/vit_small] | INFO | ep 095/100 it 150/175 | lr 1.72e-05 | loss 0.5028
21:29:35 | ssl[simclr/vit_small] | INFO | epoch 095 done in 00:00:17 | loss 0.5028
21:29:42 | ssl[simclr/vit_small] | INFO | ep 096/100 it 50/175 | lr 1.60e-05 | loss 0.5010
21:29:46 | ssl[simclr/vit_small] | INFO | ep 096/100 it 100/175 | lr 1.53e-05 | loss 0.5007
21:29:51 | ssl[simclr/vit_small] | INFO | ep 096/100 it 150/175 | lr 1.47e-05 | loss 0.5007
21:29:53 | ssl[simclr/vit_small] | INFO | epoch 096 done in 00:00:17 | loss 0.5003
21:29:59 | ssl[simclr/vit_small] | INFO | ep 097/100 it 50/175 | lr 1.37e-05 | loss 0.5024
21:30:03 | ssl[simclr/vit_small] | INFO | ep 097/100 it 100/175 | lr 1.32e-05 | loss 0.5029
21:30:08 | ssl[simclr/vit_small] | INFO | ep 097/100 it 150/175 | lr 1.27e-05 | loss 0.5023
21:30:10 | ssl[simclr/vit_small] | INFO | epoch 097 done in 00:00:17 | loss 0.5026
21:30:17 | ssl[simclr/vit_small] | INFO | ep 098/100 it 50/175 | lr 1.20e-05 | loss 0.4957
21:30:21 | ssl[simclr/vit_small] | INFO | ep 098/100 it 100/175 | lr 1.16e-05 | loss 0.4990
21:30:25 | ssl[simclr/vit_small] | INFO | ep 098/100 it 150/175 | lr 1.12e-05 | loss 0.5000
21:30:28 | ssl[simclr/vit_small] | INFO | epoch 098 done in 00:00:17 | loss 0.4993
21:30:34 | ssl[simclr/vit_small] | INFO | ep 099/100 it 50/175 | lr 1.08e-05 | loss 0.5004
21:30:38 | ssl[simclr/vit_small] | INFO | ep 099/100 it 100/175 | lr 1.06e-05 | loss 0.4976
21:30:43 | ssl[simclr/vit_small] | INFO | ep 099/100 it 150/175 | lr 1.04e-05 | loss 0.4971
21:30:45 | ssl[simclr/vit_small] | INFO | epoch 099 done in 00:00:17 | loss 0.4979
21:30:51 | ssl[simclr/vit_small] | INFO | ep 100/100 it 50/175 | lr 1.01e-05 | loss 0.4978
21:30:55 | ssl[simclr/vit_small] | INFO | ep 100/100 it 100/175 | lr 1.01e-05 | loss 0.5000
21:31:00 | ssl[simclr/vit_small] | INFO | ep 100/100 it 150/175 | lr 1.00e-05 | loss 0.4992
21:31:02 | ssl[simclr/vit_small] | INFO | epoch 100 done in 00:00:17 | loss 0.4989
21:31:02 | ssl[simclr/vit_small] | INFO | Total SSL training: 00:29:48 (best loss 0.4979)

21:31:26 | eval[simclr-vit_small/vit_small] | INFO | Loaded backbone weights from runs/ssl-simclr-vit_small-ep100-bs512-seed42/backbone_final.pt
21:31:27 | eval[simclr-vit_small/vit_small] | INFO | Extracting features for kNN / t-SNE / UMAP...
21:31:44 | eval[simclr-vit_small/vit_small] | INFO | kNN(k=20) top-1: 0.9333
/workspace/vcl_pathmnist/.venv/lib/python3.12/site-packages/umap/umap_.py:1952: UserWarning: n_jobs value 1 overridden to 1 by setting random_state. Use no seed for parallelism.
  warn(
21:32:13 | eval[simclr-vit_small/vit_small] | INFO | Saved t-SNE / UMAP plots.
21:32:27 | probe[linear/vit_small] | INFO | Loaded backbone weights — missing: 0, unexpected: 0
21:32:36 | probe[linear/vit_small] | INFO | [linear] epoch 001/30 | train_loss 1.3637 train_acc 0.6173 | val_loss 0.3190 val_acc 0.9526
21:32:45 | probe[linear/vit_small] | INFO | [linear] epoch 002/30 | train_loss 0.2018 train_acc 0.9564 | val_loss 0.1465 val_acc 0.9637
21:32:53 | probe[linear/vit_small] | INFO | [linear] epoch 003/30 | train_loss 0.1338 train_acc 0.9626 | val_loss 0.1182 val_acc 0.9684
21:33:02 | probe[linear/vit_small] | INFO | [linear] epoch 004/30 | train_loss 0.1169 train_acc 0.9658 | val_loss 0.1075 val_acc 0.9701
21:33:11 | probe[linear/vit_small] | INFO | [linear] epoch 005/30 | train_loss 0.1080 train_acc 0.9680 | val_loss 0.1022 val_acc 0.9715
21:33:19 | probe[linear/vit_small] | INFO | [linear] epoch 006/30 | train_loss 0.1031 train_acc 0.9690 | val_loss 0.0978 val_acc 0.9715
21:33:27 | probe[linear/vit_small] | INFO | [linear] epoch 007/30 | train_loss 0.0981 train_acc 0.9701 | val_loss 0.0941 val_acc 0.9722
21:33:36 | probe[linear/vit_small] | INFO | [linear] epoch 008/30 | train_loss 0.0950 train_acc 0.9709 | val_loss 0.0932 val_acc 0.9721
21:33:44 | probe[linear/vit_small] | INFO | [linear] epoch 009/30 | train_loss 0.0928 train_acc 0.9716 | val_loss 0.0892 val_acc 0.9741
21:33:52 | probe[linear/vit_small] | INFO | [linear] epoch 010/30 | train_loss 0.0900 train_acc 0.9720 | val_loss 0.0880 val_acc 0.9734
21:34:00 | probe[linear/vit_small] | INFO | [linear] epoch 011/30 | train_loss 0.0889 train_acc 0.9729 | val_loss 0.0864 val_acc 0.9741
21:34:09 | probe[linear/vit_small] | INFO | [linear] epoch 012/30 | train_loss 0.0874 train_acc 0.9729 | val_loss 0.0854 val_acc 0.9744
21:34:17 | probe[linear/vit_small] | INFO | [linear] epoch 013/30 | train_loss 0.0860 train_acc 0.9738 | val_loss 0.0850 val_acc 0.9749
21:34:26 | probe[linear/vit_small] | INFO | [linear] epoch 014/30 | train_loss 0.0848 train_acc 0.9738 | val_loss 0.0839 val_acc 0.9753
21:34:34 | probe[linear/vit_small] | INFO | [linear] epoch 015/30 | train_loss 0.0847 train_acc 0.9734 | val_loss 0.0831 val_acc 0.9748
21:34:42 | probe[linear/vit_small] | INFO | [linear] epoch 016/30 | train_loss 0.0833 train_acc 0.9737 | val_loss 0.0841 val_acc 0.9744
21:34:51 | probe[linear/vit_small] | INFO | [linear] epoch 017/30 | train_loss 0.0823 train_acc 0.9742 | val_loss 0.0818 val_acc 0.9759
21:34:59 | probe[linear/vit_small] | INFO | [linear] epoch 018/30 | train_loss 0.0819 train_acc 0.9741 | val_loss 0.0822 val_acc 0.9756
21:35:07 | probe[linear/vit_small] | INFO | [linear] epoch 019/30 | train_loss 0.0812 train_acc 0.9747 | val_loss 0.0814 val_acc 0.9752
21:35:15 | probe[linear/vit_small] | INFO | [linear] epoch 020/30 | train_loss 0.0812 train_acc 0.9745 | val_loss 0.0816 val_acc 0.9755
21:35:24 | probe[linear/vit_small] | INFO | [linear] epoch 021/30 | train_loss 0.0802 train_acc 0.9746 | val_loss 0.0804 val_acc 0.9763
21:35:32 | probe[linear/vit_small] | INFO | [linear] epoch 022/30 | train_loss 0.0807 train_acc 0.9745 | val_loss 0.0806 val_acc 0.9758
21:35:40 | probe[linear/vit_small] | INFO | [linear] epoch 023/30 | train_loss 0.0802 train_acc 0.9751 | val_loss 0.0801 val_acc 0.9758
21:35:48 | probe[linear/vit_small] | INFO | [linear] epoch 024/30 | train_loss 0.0796 train_acc 0.9747 | val_loss 0.0804 val_acc 0.9759
21:35:56 | probe[linear/vit_small] | INFO | [linear] epoch 025/30 | train_loss 0.0787 train_acc 0.9751 | val_loss 0.0801 val_acc 0.9760
21:36:05 | probe[linear/vit_small] | INFO | [linear] epoch 026/30 | train_loss 0.0793 train_acc 0.9753 | val_loss 0.0801 val_acc 0.9759
21:36:13 | probe[linear/vit_small] | INFO | [linear] epoch 027/30 | train_loss 0.0784 train_acc 0.9749 | val_loss 0.0799 val_acc 0.9757
21:36:21 | probe[linear/vit_small] | INFO | [linear] epoch 028/30 | train_loss 0.0786 train_acc 0.9753 | val_loss 0.0800 val_acc 0.9758
21:36:29 | probe[linear/vit_small] | INFO | [linear] epoch 029/30 | train_loss 0.0786 train_acc 0.9755 | val_loss 0.0799 val_acc 0.9759
21:36:38 | probe[linear/vit_small] | INFO | [linear] epoch 030/30 | train_loss 0.0782 train_acc 0.9749 | val_loss 0.0799 val_acc 0.9759
21:36:38 | probe[linear/vit_small] | INFO | [linear] done in 00:04:10 | best val_acc 0.9763
21:36:39 | eval[simclr-vit_small/vit_small] | INFO | Linear test acc 0.9370 | bal-acc 0.9125 | f1-macro 0.9101 | AUC 0.994655594530347
21:36:53 | probe[finetune_10pct/vit_small] | INFO | Loaded backbone weights — missing: 0, unexpected: 0
21:36:57 | probe[finetune_10pct/vit_small] | INFO | [finetune_10pct] epoch 001/30 | train_loss 1.9087 train_acc 0.3976 | val_loss 1.0385 val_acc 0.7635
21:37:00 | probe[finetune_10pct/vit_small] | INFO | [finetune_10pct] epoch 002/30 | train_loss 0.4710 train_acc 0.8986 | val_loss 0.1762 val_acc 0.9479
21:37:03 | probe[finetune_10pct/vit_small] | INFO | [finetune_10pct] epoch 003/30 | train_loss 0.1410 train_acc 0.9584 | val_loss 0.1180 val_acc 0.9628
21:37:06 | probe[finetune_10pct/vit_small] | INFO | [finetune_10pct] epoch 004/30 | train_loss 0.1032 train_acc 0.9674 | val_loss 0.1212 val_acc 0.9607
21:37:09 | probe[finetune_10pct/vit_small] | INFO | [finetune_10pct] epoch 005/30 | train_loss 0.0766 train_acc 0.9759 | val_loss 0.0865 val_acc 0.9735
21:37:12 | probe[finetune_10pct/vit_small] | INFO | [finetune_10pct] epoch 006/30 | train_loss 0.0642 train_acc 0.9800 | val_loss 0.0910 val_acc 0.9705
21:37:15 | probe[finetune_10pct/vit_small] | INFO | [finetune_10pct] epoch 007/30 | train_loss 0.0522 train_acc 0.9838 | val_loss 0.0717 val_acc 0.9780
21:37:18 | probe[finetune_10pct/vit_small] | INFO | [finetune_10pct] epoch 008/30 | train_loss 0.0400 train_acc 0.9886 | val_loss 0.0762 val_acc 0.9753
21:37:21 | probe[finetune_10pct/vit_small] | INFO | [finetune_10pct] epoch 009/30 | train_loss 0.0404 train_acc 0.9872 | val_loss 0.0676 val_acc 0.9796
21:37:25 | probe[finetune_10pct/vit_small] | INFO | [finetune_10pct] epoch 010/30 | train_loss 0.0351 train_acc 0.9890 | val_loss 0.0813 val_acc 0.9766
21:37:28 | probe[finetune_10pct/vit_small] | INFO | [finetune_10pct] epoch 011/30 | train_loss 0.0296 train_acc 0.9907 | val_loss 0.0767 val_acc 0.9778
21:37:30 | probe[finetune_10pct/vit_small] | INFO | [finetune_10pct] epoch 012/30 | train_loss 0.0261 train_acc 0.9923 | val_loss 0.0674 val_acc 0.9794
21:37:33 | probe[finetune_10pct/vit_small] | INFO | [finetune_10pct] epoch 013/30 | train_loss 0.0170 train_acc 0.9956 | val_loss 0.0809 val_acc 0.9771
21:37:36 | probe[finetune_10pct/vit_small] | INFO | [finetune_10pct] epoch 014/30 | train_loss 0.0148 train_acc 0.9959 | val_loss 0.0680 val_acc 0.9802
21:37:39 | probe[finetune_10pct/vit_small] | INFO | [finetune_10pct] epoch 015/30 | train_loss 0.0199 train_acc 0.9937 | val_loss 0.0706 val_acc 0.9791
21:37:42 | probe[finetune_10pct/vit_small] | INFO | [finetune_10pct] epoch 016/30 | train_loss 0.0210 train_acc 0.9942 | val_loss 0.0692 val_acc 0.9779
21:37:45 | probe[finetune_10pct/vit_small] | INFO | [finetune_10pct] epoch 017/30 | train_loss 0.0112 train_acc 0.9972 | val_loss 0.0752 val_acc 0.9787
21:37:48 | probe[finetune_10pct/vit_small] | INFO | [finetune_10pct] epoch 018/30 | train_loss 0.0108 train_acc 0.9971 | val_loss 0.0724 val_acc 0.9792
21:37:51 | probe[finetune_10pct/vit_small] | INFO | [finetune_10pct] epoch 019/30 | train_loss 0.0084 train_acc 0.9976 | val_loss 0.0609 val_acc 0.9820
21:37:54 | probe[finetune_10pct/vit_small] | INFO | [finetune_10pct] epoch 020/30 | train_loss 0.0073 train_acc 0.9983 | val_loss 0.0651 val_acc 0.9825
21:37:58 | probe[finetune_10pct/vit_small] | INFO | [finetune_10pct] epoch 021/30 | train_loss 0.0070 train_acc 0.9980 | val_loss 0.0734 val_acc 0.9797
21:38:01 | probe[finetune_10pct/vit_small] | INFO | [finetune_10pct] epoch 022/30 | train_loss 0.0057 train_acc 0.9990 | val_loss 0.0619 val_acc 0.9833
21:38:04 | probe[finetune_10pct/vit_small] | INFO | [finetune_10pct] epoch 023/30 | train_loss 0.0061 train_acc 0.9981 | val_loss 0.0694 val_acc 0.9820
21:38:07 | probe[finetune_10pct/vit_small] | INFO | [finetune_10pct] epoch 024/30 | train_loss 0.0044 train_acc 0.9992 | val_loss 0.0630 val_acc 0.9835
21:38:10 | probe[finetune_10pct/vit_small] | INFO | [finetune_10pct] epoch 025/30 | train_loss 0.0045 train_acc 0.9989 | val_loss 0.0666 val_acc 0.9823
21:38:13 | probe[finetune_10pct/vit_small] | INFO | [finetune_10pct] epoch 026/30 | train_loss 0.0041 train_acc 0.9994 | val_loss 0.0655 val_acc 0.9833
21:38:16 | probe[finetune_10pct/vit_small] | INFO | [finetune_10pct] epoch 027/30 | train_loss 0.0039 train_acc 0.9991 | val_loss 0.0695 val_acc 0.9823
21:38:18 | probe[finetune_10pct/vit_small] | INFO | [finetune_10pct] epoch 028/30 | train_loss 0.0042 train_acc 0.9989 | val_loss 0.0673 val_acc 0.9826
21:38:21 | probe[finetune_10pct/vit_small] | INFO | [finetune_10pct] epoch 029/30 | train_loss 0.0038 train_acc 0.9993 | val_loss 0.0656 val_acc 0.9827
21:38:24 | probe[finetune_10pct/vit_small] | INFO | [finetune_10pct] epoch 030/30 | train_loss 0.0032 train_acc 0.9996 | val_loss 0.0650 val_acc 0.9826
21:38:24 | probe[finetune_10pct/vit_small] | INFO | [finetune_10pct] done in 00:01:31 | best val_acc 0.9835
21:38:25 | eval[simclr-vit_small/vit_small] | INFO | Low-shot 10.0% (n=9000) -> test acc 0.9440 | bal-acc 0.9238 | f1-macro 0.9238
21:38:40 | probe[finetune_1pct/vit_small] | INFO | Loaded backbone weights — missing: 0, unexpected: 0
21:38:43 | probe[finetune_1pct/vit_small] | INFO | [finetune_1pct] epoch 001/30 | train_loss 2.4180 train_acc 0.1421 | val_loss 2.3965 val_acc 0.1472
21:38:45 | probe[finetune_1pct/vit_small] | INFO | [finetune_1pct] epoch 002/30 | train_loss 2.2837 train_acc 0.1731 | val_loss 1.7611 val_acc 0.4762
21:38:47 | probe[finetune_1pct/vit_small] | INFO | [finetune_1pct] epoch 003/30 | train_loss 1.6784 train_acc 0.5017 | val_loss 1.2897 val_acc 0.6920
21:38:49 | probe[finetune_1pct/vit_small] | INFO | [finetune_1pct] epoch 004/30 | train_loss 1.2007 train_acc 0.7469 | val_loss 0.8916 val_acc 0.8421
21:38:52 | probe[finetune_1pct/vit_small] | INFO | [finetune_1pct] epoch 005/30 | train_loss 0.8072 train_acc 0.8735 | val_loss 0.6040 val_acc 0.8718
21:38:54 | probe[finetune_1pct/vit_small] | INFO | [finetune_1pct] epoch 006/30 | train_loss 0.5528 train_acc 0.8935 | val_loss 0.4315 val_acc 0.8997
21:38:56 | probe[finetune_1pct/vit_small] | INFO | [finetune_1pct] epoch 007/30 | train_loss 0.3901 train_acc 0.9168 | val_loss 0.3215 val_acc 0.9171
21:38:58 | probe[finetune_1pct/vit_small] | INFO | [finetune_1pct] epoch 008/30 | train_loss 0.2823 train_acc 0.9312 | val_loss 0.2524 val_acc 0.9326
21:39:01 | probe[finetune_1pct/vit_small] | INFO | [finetune_1pct] epoch 009/30 | train_loss 0.2134 train_acc 0.9456 | val_loss 0.2161 val_acc 0.9380
21:39:03 | probe[finetune_1pct/vit_small] | INFO | [finetune_1pct] epoch 010/30 | train_loss 0.1651 train_acc 0.9567 | val_loss 0.1995 val_acc 0.9386
21:39:05 | probe[finetune_1pct/vit_small] | INFO | [finetune_1pct] epoch 011/30 | train_loss 0.1273 train_acc 0.9756 | val_loss 0.1768 val_acc 0.9464
21:39:07 | probe[finetune_1pct/vit_small] | INFO | [finetune_1pct] epoch 012/30 | train_loss 0.1032 train_acc 0.9767 | val_loss 0.1719 val_acc 0.9450
21:39:09 | probe[finetune_1pct/vit_small] | INFO | [finetune_1pct] epoch 013/30 | train_loss 0.0854 train_acc 0.9789 | val_loss 0.1661 val_acc 0.9457
21:39:11 | probe[finetune_1pct/vit_small] | INFO | [finetune_1pct] epoch 014/30 | train_loss 0.0796 train_acc 0.9834 | val_loss 0.1628 val_acc 0.9460
21:39:13 | probe[finetune_1pct/vit_small] | INFO | [finetune_1pct] epoch 015/30 | train_loss 0.0675 train_acc 0.9856 | val_loss 0.1640 val_acc 0.9478
21:39:15 | probe[finetune_1pct/vit_small] | INFO | [finetune_1pct] epoch 016/30 | train_loss 0.0483 train_acc 0.9911 | val_loss 0.1790 val_acc 0.9436
21:39:17 | probe[finetune_1pct/vit_small] | INFO | [finetune_1pct] epoch 017/30 | train_loss 0.0593 train_acc 0.9845 | val_loss 0.1575 val_acc 0.9514
21:39:19 | probe[finetune_1pct/vit_small] | INFO | [finetune_1pct] epoch 018/30 | train_loss 0.0390 train_acc 0.9945 | val_loss 0.1517 val_acc 0.9521
21:39:21 | probe[finetune_1pct/vit_small] | INFO | [finetune_1pct] epoch 019/30 | train_loss 0.0345 train_acc 0.9945 | val_loss 0.1496 val_acc 0.9526
21:39:23 | probe[finetune_1pct/vit_small] | INFO | [finetune_1pct] epoch 020/30 | train_loss 0.0383 train_acc 0.9911 | val_loss 0.1516 val_acc 0.9525
21:39:25 | probe[finetune_1pct/vit_small] | INFO | [finetune_1pct] epoch 021/30 | train_loss 0.0307 train_acc 0.9956 | val_loss 0.1573 val_acc 0.9520
21:39:27 | probe[finetune_1pct/vit_small] | INFO | [finetune_1pct] epoch 022/30 | train_loss 0.0290 train_acc 0.9956 | val_loss 0.1580 val_acc 0.9508
21:39:29 | probe[finetune_1pct/vit_small] | INFO | [finetune_1pct] epoch 023/30 | train_loss 0.0269 train_acc 0.9967 | val_loss 0.1626 val_acc 0.9494
21:39:31 | probe[finetune_1pct/vit_small] | INFO | [finetune_1pct] epoch 024/30 | train_loss 0.0270 train_acc 0.9945 | val_loss 0.1645 val_acc 0.9489
21:39:33 | probe[finetune_1pct/vit_small] | INFO | [finetune_1pct] epoch 025/30 | train_loss 0.0188 train_acc 0.9989 | val_loss 0.1630 val_acc 0.9494
21:39:35 | probe[finetune_1pct/vit_small] | INFO | [finetune_1pct] epoch 026/30 | train_loss 0.0234 train_acc 0.9978 | val_loss 0.1615 val_acc 0.9506
21:39:37 | probe[finetune_1pct/vit_small] | INFO | [finetune_1pct] epoch 027/30 | train_loss 0.0172 train_acc 1.0000 | val_loss 0.1607 val_acc 0.9515
21:39:39 | probe[finetune_1pct/vit_small] | INFO | [finetune_1pct] epoch 028/30 | train_loss 0.0207 train_acc 0.9978 | val_loss 0.1605 val_acc 0.9514
21:39:41 | probe[finetune_1pct/vit_small] | INFO | [finetune_1pct] epoch 029/30 | train_loss 0.0194 train_acc 1.0000 | val_loss 0.1605 val_acc 0.9514
21:39:43 | probe[finetune_1pct/vit_small] | INFO | [finetune_1pct] epoch 030/30 | train_loss 0.0279 train_acc 0.9933 | val_loss 0.1603 val_acc 0.9513
21:39:43 | probe[finetune_1pct/vit_small] | INFO | [finetune_1pct] done in 00:01:03 | best val_acc 0.9526
21:39:45 | eval[simclr-vit_small/vit_small] | INFO | Low-shot 1.0% (n=901) -> test acc 0.9249 | bal-acc 0.8918 | f1-macro 0.8860
21:39:45 | eval[simclr-vit_small/vit_small] | INFO | Downstream evaluation complete.
