[2026-04-28T04:16:42+00:00] [SUP] backbone=resnet50
[2026-04-28T04:16:42+00:00] ------------------------------------------------
04:16:59 | sup[resnet50] | INFO | params: 23.53M
04:17:17 | sup[resnet50] | INFO | epoch 001/100 | train_loss 1.3521 train_acc 0.5007 | val_loss 1.0234 val_acc 0.6350 (00:00:18)
04:17:30 | sup[resnet50] | INFO | epoch 002/100 | train_loss 0.6728 train_acc 0.7567 | val_loss 0.6635 val_acc 0.7691 (00:00:13)
04:17:43 | sup[resnet50] | INFO | epoch 003/100 | train_loss 0.3578 train_acc 0.8753 | val_loss 0.4456 val_acc 0.8774 (00:00:13)
04:17:56 | sup[resnet50] | INFO | epoch 004/100 | train_loss 0.2643 train_acc 0.9088 | val_loss 0.3665 val_acc 0.8955 (00:00:12)
04:18:09 | sup[resnet50] | INFO | epoch 005/100 | train_loss 0.2254 train_acc 0.9241 | val_loss 0.6560 val_acc 0.8396 (00:00:12)
04:18:22 | sup[resnet50] | INFO | epoch 006/100 | train_loss 0.1968 train_acc 0.9350 | val_loss 0.4961 val_acc 0.8549 (00:00:12)
04:18:35 | sup[resnet50] | INFO | epoch 007/100 | train_loss 0.1622 train_acc 0.9463 | val_loss 0.3017 val_acc 0.9040 (00:00:12)
04:18:48 | sup[resnet50] | INFO | epoch 008/100 | train_loss 0.1422 train_acc 0.9535 | val_loss 0.2138 val_acc 0.9339 (00:00:12)
04:19:01 | sup[resnet50] | INFO | epoch 009/100 | train_loss 0.1264 train_acc 0.9578 | val_loss 0.1470 val_acc 0.9553 (00:00:13)
04:19:13 | sup[resnet50] | INFO | epoch 010/100 | train_loss 0.1107 train_acc 0.9633 | val_loss 0.1394 val_acc 0.9561 (00:00:12)
04:19:26 | sup[resnet50] | INFO | epoch 011/100 | train_loss 0.1021 train_acc 0.9673 | val_loss 0.1678 val_acc 0.9460 (00:00:12)
04:19:40 | sup[resnet50] | INFO | epoch 012/100 | train_loss 0.0955 train_acc 0.9685 | val_loss 0.0704 val_acc 0.9774 (00:00:13)
04:19:53 | sup[resnet50] | INFO | epoch 013/100 | train_loss 0.0866 train_acc 0.9712 | val_loss 0.2267 val_acc 0.9349 (00:00:13)
04:20:06 | sup[resnet50] | INFO | epoch 014/100 | train_loss 0.0807 train_acc 0.9731 | val_loss 0.1146 val_acc 0.9637 (00:00:13)
04:20:19 | sup[resnet50] | INFO | epoch 015/100 | train_loss 0.0799 train_acc 0.9730 | val_loss 0.0775 val_acc 0.9733 (00:00:12)
04:20:32 | sup[resnet50] | INFO | epoch 016/100 | train_loss 0.0714 train_acc 0.9763 | val_loss 0.2011 val_acc 0.9381 (00:00:12)
04:20:45 | sup[resnet50] | INFO | epoch 017/100 | train_loss 0.0718 train_acc 0.9764 | val_loss 0.0858 val_acc 0.9708 (00:00:13)
04:20:57 | sup[resnet50] | INFO | epoch 018/100 | train_loss 0.0664 train_acc 0.9783 | val_loss 0.1820 val_acc 0.9460 (00:00:12)
04:21:10 | sup[resnet50] | INFO | epoch 019/100 | train_loss 0.0618 train_acc 0.9796 | val_loss 0.0460 val_acc 0.9856 (00:00:12)
04:21:23 | sup[resnet50] | INFO | epoch 020/100 | train_loss 0.0589 train_acc 0.9810 | val_loss 0.0469 val_acc 0.9841 (00:00:12)
04:21:36 | sup[resnet50] | INFO | epoch 021/100 | train_loss 0.0557 train_acc 0.9820 | val_loss 0.0604 val_acc 0.9785 (00:00:12)
04:21:49 | sup[resnet50] | INFO | epoch 022/100 | train_loss 0.0535 train_acc 0.9823 | val_loss 0.0835 val_acc 0.9738 (00:00:12)
04:22:02 | sup[resnet50] | INFO | epoch 023/100 | train_loss 0.0477 train_acc 0.9846 | val_loss 0.0524 val_acc 0.9822 (00:00:12)
04:22:14 | sup[resnet50] | INFO | epoch 024/100 | train_loss 0.0510 train_acc 0.9831 | val_loss 0.0950 val_acc 0.9701 (00:00:12)
04:22:27 | sup[resnet50] | INFO | epoch 025/100 | train_loss 0.0479 train_acc 0.9838 | val_loss 0.0706 val_acc 0.9775 (00:00:12)
04:22:40 | sup[resnet50] | INFO | epoch 026/100 | train_loss 0.0434 train_acc 0.9855 | val_loss 0.0763 val_acc 0.9749 (00:00:12)
04:22:53 | sup[resnet50] | INFO | epoch 027/100 | train_loss 0.0425 train_acc 0.9858 | val_loss 0.0717 val_acc 0.9780 (00:00:12)
04:23:05 | sup[resnet50] | INFO | epoch 028/100 | train_loss 0.0411 train_acc 0.9861 | val_loss 0.0597 val_acc 0.9806 (00:00:12)
04:23:18 | sup[resnet50] | INFO | epoch 029/100 | train_loss 0.0403 train_acc 0.9865 | val_loss 0.0389 val_acc 0.9869 (00:00:12)
04:23:31 | sup[resnet50] | INFO | epoch 030/100 | train_loss 0.0390 train_acc 0.9869 | val_loss 0.0691 val_acc 0.9775 (00:00:12)
04:23:44 | sup[resnet50] | INFO | epoch 031/100 | train_loss 0.0383 train_acc 0.9873 | val_loss 0.0451 val_acc 0.9846 (00:00:12)
04:23:57 | sup[resnet50] | INFO | epoch 032/100 | train_loss 0.0342 train_acc 0.9886 | val_loss 0.0416 val_acc 0.9870 (00:00:12)
04:24:10 | sup[resnet50] | INFO | epoch 033/100 | train_loss 0.0343 train_acc 0.9885 | val_loss 0.0676 val_acc 0.9775 (00:00:12)
04:24:22 | sup[resnet50] | INFO | epoch 034/100 | train_loss 0.0349 train_acc 0.9881 | val_loss 0.0430 val_acc 0.9864 (00:00:12)
04:24:35 | sup[resnet50] | INFO | epoch 035/100 | train_loss 0.0308 train_acc 0.9895 | val_loss 0.0455 val_acc 0.9863 (00:00:12)
04:24:48 | sup[resnet50] | INFO | epoch 036/100 | train_loss 0.0314 train_acc 0.9898 | val_loss 0.0318 val_acc 0.9898 (00:00:12)
04:25:00 | sup[resnet50] | INFO | epoch 037/100 | train_loss 0.0300 train_acc 0.9900 | val_loss 0.0493 val_acc 0.9843 (00:00:12)
04:25:13 | sup[resnet50] | INFO | epoch 038/100 | train_loss 0.0277 train_acc 0.9909 | val_loss 0.0371 val_acc 0.9900 (00:00:12)
04:25:25 | sup[resnet50] | INFO | epoch 039/100 | train_loss 0.0275 train_acc 0.9909 | val_loss 0.0297 val_acc 0.9909 (00:00:12)
04:25:38 | sup[resnet50] | INFO | epoch 040/100 | train_loss 0.0289 train_acc 0.9901 | val_loss 0.0340 val_acc 0.9892 (00:00:12)
04:25:51 | sup[resnet50] | INFO | epoch 041/100 | train_loss 0.0239 train_acc 0.9914 | val_loss 0.0447 val_acc 0.9870 (00:00:12)
04:26:04 | sup[resnet50] | INFO | epoch 042/100 | train_loss 0.0243 train_acc 0.9918 | val_loss 0.0306 val_acc 0.9907 (00:00:12)
04:26:16 | sup[resnet50] | INFO | epoch 043/100 | train_loss 0.0233 train_acc 0.9921 | val_loss 0.0273 val_acc 0.9916 (00:00:12)
04:26:29 | sup[resnet50] | INFO | epoch 044/100 | train_loss 0.0225 train_acc 0.9924 | val_loss 0.0295 val_acc 0.9902 (00:00:12)
04:26:41 | sup[resnet50] | INFO | epoch 045/100 | train_loss 0.0218 train_acc 0.9927 | val_loss 0.0473 val_acc 0.9845 (00:00:12)
04:26:54 | sup[resnet50] | INFO | epoch 046/100 | train_loss 0.0222 train_acc 0.9924 | val_loss 0.0313 val_acc 0.9905 (00:00:12)
04:27:07 | sup[resnet50] | INFO | epoch 047/100 | train_loss 0.0196 train_acc 0.9931 | val_loss 0.0333 val_acc 0.9908 (00:00:12)
04:27:20 | sup[resnet50] | INFO | epoch 048/100 | train_loss 0.0208 train_acc 0.9929 | val_loss 0.0542 val_acc 0.9832 (00:00:12)
04:27:33 | sup[resnet50] | INFO | epoch 049/100 | train_loss 0.0199 train_acc 0.9934 | val_loss 0.0465 val_acc 0.9845 (00:00:12)
04:27:45 | sup[resnet50] | INFO | epoch 050/100 | train_loss 0.0166 train_acc 0.9944 | val_loss 0.0274 val_acc 0.9910 (00:00:12)
04:27:58 | sup[resnet50] | INFO | epoch 051/100 | train_loss 0.0174 train_acc 0.9939 | val_loss 0.0248 val_acc 0.9917 (00:00:12)
04:28:11 | sup[resnet50] | INFO | epoch 052/100 | train_loss 0.0180 train_acc 0.9937 | val_loss 0.0303 val_acc 0.9913 (00:00:12)
04:28:24 | sup[resnet50] | INFO | epoch 053/100 | train_loss 0.0163 train_acc 0.9945 | val_loss 0.0209 val_acc 0.9938 (00:00:12)
04:28:36 | sup[resnet50] | INFO | epoch 054/100 | train_loss 0.0140 train_acc 0.9950 | val_loss 0.0382 val_acc 0.9876 (00:00:12)
04:28:49 | sup[resnet50] | INFO | epoch 055/100 | train_loss 0.0147 train_acc 0.9948 | val_loss 0.0255 val_acc 0.9926 (00:00:12)
04:29:02 | sup[resnet50] | INFO | epoch 056/100 | train_loss 0.0139 train_acc 0.9951 | val_loss 0.0229 val_acc 0.9933 (00:00:12)
04:29:15 | sup[resnet50] | INFO | epoch 057/100 | train_loss 0.0132 train_acc 0.9957 | val_loss 0.0220 val_acc 0.9934 (00:00:12)
04:29:28 | sup[resnet50] | INFO | epoch 058/100 | train_loss 0.0136 train_acc 0.9954 | val_loss 0.0683 val_acc 0.9809 (00:00:12)
04:29:40 | sup[resnet50] | INFO | epoch 059/100 | train_loss 0.0124 train_acc 0.9958 | val_loss 0.0225 val_acc 0.9928 (00:00:12)
04:29:53 | sup[resnet50] | INFO | epoch 060/100 | train_loss 0.0114 train_acc 0.9960 | val_loss 0.0207 val_acc 0.9939 (00:00:12)
04:30:06 | sup[resnet50] | INFO | epoch 061/100 | train_loss 0.0119 train_acc 0.9960 | val_loss 0.0223 val_acc 0.9933 (00:00:12)
04:30:19 | sup[resnet50] | INFO | epoch 062/100 | train_loss 0.0104 train_acc 0.9964 | val_loss 0.0259 val_acc 0.9920 (00:00:12)
04:30:32 | sup[resnet50] | INFO | epoch 063/100 | train_loss 0.0110 train_acc 0.9961 | val_loss 0.0234 val_acc 0.9934 (00:00:12)
04:30:44 | sup[resnet50] | INFO | epoch 064/100 | train_loss 0.0108 train_acc 0.9965 | val_loss 0.0257 val_acc 0.9929 (00:00:12)
04:30:57 | sup[resnet50] | INFO | epoch 065/100 | train_loss 0.0087 train_acc 0.9972 | val_loss 0.0232 val_acc 0.9934 (00:00:12)
04:31:10 | sup[resnet50] | INFO | epoch 066/100 | train_loss 0.0088 train_acc 0.9969 | val_loss 0.0201 val_acc 0.9943 (00:00:12)
04:31:23 | sup[resnet50] | INFO | epoch 067/100 | train_loss 0.0077 train_acc 0.9973 | val_loss 0.0291 val_acc 0.9920 (00:00:12)
04:31:35 | sup[resnet50] | INFO | epoch 068/100 | train_loss 0.0087 train_acc 0.9971 | val_loss 0.0170 val_acc 0.9950 (00:00:12)
04:31:48 | sup[resnet50] | INFO | epoch 069/100 | train_loss 0.0073 train_acc 0.9976 | val_loss 0.0213 val_acc 0.9942 (00:00:12)
04:32:01 | sup[resnet50] | INFO | epoch 070/100 | train_loss 0.0071 train_acc 0.9977 | val_loss 0.0183 val_acc 0.9955 (00:00:12)
04:32:13 | sup[resnet50] | INFO | epoch 071/100 | train_loss 0.0070 train_acc 0.9978 | val_loss 0.0238 val_acc 0.9929 (00:00:12)
04:32:26 | sup[resnet50] | INFO | epoch 072/100 | train_loss 0.0066 train_acc 0.9977 | val_loss 0.0186 val_acc 0.9944 (00:00:12)
04:32:39 | sup[resnet50] | INFO | epoch 073/100 | train_loss 0.0058 train_acc 0.9980 | val_loss 0.0196 val_acc 0.9943 (00:00:12)
04:32:52 | sup[resnet50] | INFO | epoch 074/100 | train_loss 0.0059 train_acc 0.9979 | val_loss 0.0244 val_acc 0.9933 (00:00:12)
04:33:04 | sup[resnet50] | INFO | epoch 075/100 | train_loss 0.0048 train_acc 0.9984 | val_loss 0.0189 val_acc 0.9949 (00:00:12)
04:33:17 | sup[resnet50] | INFO | epoch 076/100 | train_loss 0.0054 train_acc 0.9982 | val_loss 0.0173 val_acc 0.9951 (00:00:12)
04:33:30 | sup[resnet50] | INFO | epoch 077/100 | train_loss 0.0053 train_acc 0.9983 | val_loss 0.0175 val_acc 0.9954 (00:00:12)
04:33:42 | sup[resnet50] | INFO | epoch 078/100 | train_loss 0.0050 train_acc 0.9982 | val_loss 0.0185 val_acc 0.9948 (00:00:12)
04:33:55 | sup[resnet50] | INFO | epoch 079/100 | train_loss 0.0050 train_acc 0.9982 | val_loss 0.0201 val_acc 0.9948 (00:00:12)
04:34:08 | sup[resnet50] | INFO | epoch 080/100 | train_loss 0.0040 train_acc 0.9987 | val_loss 0.0162 val_acc 0.9956 (00:00:12)
04:34:20 | sup[resnet50] | INFO | epoch 081/100 | train_loss 0.0037 train_acc 0.9988 | val_loss 0.0178 val_acc 0.9951 (00:00:12)
04:34:33 | sup[resnet50] | INFO | epoch 082/100 | train_loss 0.0039 train_acc 0.9988 | val_loss 0.0172 val_acc 0.9955 (00:00:12)
04:34:46 | sup[resnet50] | INFO | epoch 083/100 | train_loss 0.0031 train_acc 0.9990 | val_loss 0.0169 val_acc 0.9955 (00:00:12)
04:34:58 | sup[resnet50] | INFO | epoch 084/100 | train_loss 0.0032 train_acc 0.9990 | val_loss 0.0162 val_acc 0.9952 (00:00:12)
04:35:11 | sup[resnet50] | INFO | epoch 085/100 | train_loss 0.0037 train_acc 0.9987 | val_loss 0.0148 val_acc 0.9955 (00:00:12)
04:35:24 | sup[resnet50] | INFO | epoch 086/100 | train_loss 0.0031 train_acc 0.9990 | val_loss 0.0143 val_acc 0.9957 (00:00:12)
04:35:37 | sup[resnet50] | INFO | epoch 087/100 | train_loss 0.0034 train_acc 0.9989 | val_loss 0.0172 val_acc 0.9955 (00:00:12)
04:35:50 | sup[resnet50] | INFO | epoch 088/100 | train_loss 0.0027 train_acc 0.9992 | val_loss 0.0148 val_acc 0.9959 (00:00:12)
04:36:02 | sup[resnet50] | INFO | epoch 089/100 | train_loss 0.0026 train_acc 0.9991 | val_loss 0.0152 val_acc 0.9954 (00:00:12)
04:36:15 | sup[resnet50] | INFO | epoch 090/100 | train_loss 0.0027 train_acc 0.9991 | val_loss 0.0152 val_acc 0.9958 (00:00:12)
04:36:28 | sup[resnet50] | INFO | epoch 091/100 | train_loss 0.0024 train_acc 0.9993 | val_loss 0.0139 val_acc 0.9960 (00:00:12)
04:36:40 | sup[resnet50] | INFO | epoch 092/100 | train_loss 0.0026 train_acc 0.9992 | val_loss 0.0159 val_acc 0.9957 (00:00:12)
04:36:53 | sup[resnet50] | INFO | epoch 093/100 | train_loss 0.0025 train_acc 0.9993 | val_loss 0.0150 val_acc 0.9957 (00:00:12)
04:37:06 | sup[resnet50] | INFO | epoch 094/100 | train_loss 0.0023 train_acc 0.9993 | val_loss 0.0144 val_acc 0.9961 (00:00:12)
04:37:19 | sup[resnet50] | INFO | epoch 095/100 | train_loss 0.0022 train_acc 0.9994 | val_loss 0.0142 val_acc 0.9961 (00:00:12)
04:37:32 | sup[resnet50] | INFO | epoch 096/100 | train_loss 0.0023 train_acc 0.9994 | val_loss 0.0158 val_acc 0.9959 (00:00:12)
04:37:44 | sup[resnet50] | INFO | epoch 097/100 | train_loss 0.0025 train_acc 0.9992 | val_loss 0.0151 val_acc 0.9960 (00:00:12)
04:37:57 | sup[resnet50] | INFO | epoch 098/100 | train_loss 0.0023 train_acc 0.9993 | val_loss 0.0142 val_acc 0.9959 (00:00:12)
04:38:10 | sup[resnet50] | INFO | epoch 099/100 | train_loss 0.0020 train_acc 0.9994 | val_loss 0.0151 val_acc 0.9956 (00:00:12)
04:38:22 | sup[resnet50] | INFO | epoch 100/100 | train_loss 0.0024 train_acc 0.9993 | val_loss 0.0158 val_acc 0.9957 (00:00:12)
04:38:23 | sup[resnet50] | INFO | Total supervised training: 00:21:23 (best val_acc 0.9961)
04:39:00 | eval[supervised-resnet50/resnet50] | INFO | Loaded backbone weights from /workspace/vcl_pathmnist/runs/sup-resnet50-ep100-bs512-seed42/backbone_final.pt
04:39:01 | eval[supervised-resnet50/resnet50] | INFO | Extracting features for kNN / t-SNE / UMAP...
04:39:32 | eval[supervised-resnet50/resnet50] | INFO | kNN(k=20) top-1: 0.9535
/workspace/vcl_pathmnist/.venv/lib/python3.12/site-packages/umap/umap_.py:1952: UserWarning: n_jobs value 1 overridden to 1 by setting random_state. Use no seed for parallelism.
  warn(
04:40:02 | eval[supervised-resnet50/resnet50] | INFO | Saved t-SNE / UMAP plots.
04:40:02 | probe[linear/resnet50] | INFO | Loaded backbone weights — missing: 0, unexpected: 0
04:40:14 | probe[linear/resnet50] | INFO | [linear] epoch 001/30 | train_loss 0.5854 train_acc 0.8632 | val_loss 0.0277 val_acc 0.9947
04:40:23 | probe[linear/resnet50] | INFO | [linear] epoch 002/30 | train_loss 0.0132 train_acc 0.9986 | val_loss 0.0162 val_acc 0.9956
04:40:33 | probe[linear/resnet50] | INFO | [linear] epoch 003/30 | train_loss 0.0072 train_acc 0.9988 | val_loss 0.0142 val_acc 0.9954
04:40:41 | probe[linear/resnet50] | INFO | [linear] epoch 004/30 | train_loss 0.0052 train_acc 0.9991 | val_loss 0.0140 val_acc 0.9955
04:40:50 | probe[linear/resnet50] | INFO | [linear] epoch 005/30 | train_loss 0.0044 train_acc 0.9992 | val_loss 0.0138 val_acc 0.9957
04:41:00 | probe[linear/resnet50] | INFO | [linear] epoch 006/30 | train_loss 0.0038 train_acc 0.9993 | val_loss 0.0142 val_acc 0.9955
04:41:09 | probe[linear/resnet50] | INFO | [linear] epoch 007/30 | train_loss 0.0036 train_acc 0.9992 | val_loss 0.0136 val_acc 0.9954
04:41:18 | probe[linear/resnet50] | INFO | [linear] epoch 008/30 | train_loss 0.0031 train_acc 0.9993 | val_loss 0.0131 val_acc 0.9959
04:41:27 | probe[linear/resnet50] | INFO | [linear] epoch 009/30 | train_loss 0.0028 train_acc 0.9993 | val_loss 0.0132 val_acc 0.9959
04:41:36 | probe[linear/resnet50] | INFO | [linear] epoch 010/30 | train_loss 0.0027 train_acc 0.9993 | val_loss 0.0157 val_acc 0.9950
04:41:45 | probe[linear/resnet50] | INFO | [linear] epoch 011/30 | train_loss 0.0025 train_acc 0.9994 | val_loss 0.0132 val_acc 0.9956
04:41:54 | probe[linear/resnet50] | INFO | [linear] epoch 012/30 | train_loss 0.0029 train_acc 0.9993 | val_loss 0.0138 val_acc 0.9954
04:42:03 | probe[linear/resnet50] | INFO | [linear] epoch 013/30 | train_loss 0.0025 train_acc 0.9992 | val_loss 0.0140 val_acc 0.9956
04:42:12 | probe[linear/resnet50] | INFO | [linear] epoch 014/30 | train_loss 0.0026 train_acc 0.9994 | val_loss 0.0140 val_acc 0.9952
04:42:21 | probe[linear/resnet50] | INFO | [linear] epoch 015/30 | train_loss 0.0023 train_acc 0.9993 | val_loss 0.0147 val_acc 0.9951
04:42:31 | probe[linear/resnet50] | INFO | [linear] epoch 016/30 | train_loss 0.0024 train_acc 0.9993 | val_loss 0.0145 val_acc 0.9957
04:42:39 | probe[linear/resnet50] | INFO | [linear] epoch 017/30 | train_loss 0.0027 train_acc 0.9992 | val_loss 0.0146 val_acc 0.9954
04:42:48 | probe[linear/resnet50] | INFO | [linear] epoch 018/30 | train_loss 0.0022 train_acc 0.9993 | val_loss 0.0149 val_acc 0.9955
04:42:57 | probe[linear/resnet50] | INFO | [linear] epoch 019/30 | train_loss 0.0023 train_acc 0.9994 | val_loss 0.0147 val_acc 0.9954
04:43:07 | probe[linear/resnet50] | INFO | [linear] epoch 020/30 | train_loss 0.0023 train_acc 0.9994 | val_loss 0.0146 val_acc 0.9955
04:43:16 | probe[linear/resnet50] | INFO | [linear] epoch 021/30 | train_loss 0.0019 train_acc 0.9995 | val_loss 0.0145 val_acc 0.9953
04:43:25 | probe[linear/resnet50] | INFO | [linear] epoch 022/30 | train_loss 0.0019 train_acc 0.9995 | val_loss 0.0152 val_acc 0.9954
04:43:34 | probe[linear/resnet50] | INFO | [linear] epoch 023/30 | train_loss 0.0019 train_acc 0.9995 | val_loss 0.0146 val_acc 0.9953
04:43:42 | probe[linear/resnet50] | INFO | [linear] epoch 024/30 | train_loss 0.0019 train_acc 0.9995 | val_loss 0.0146 val_acc 0.9954
04:43:52 | probe[linear/resnet50] | INFO | [linear] epoch 025/30 | train_loss 0.0018 train_acc 0.9996 | val_loss 0.0146 val_acc 0.9955
04:44:01 | probe[linear/resnet50] | INFO | [linear] epoch 026/30 | train_loss 0.0021 train_acc 0.9995 | val_loss 0.0151 val_acc 0.9955
04:44:09 | probe[linear/resnet50] | INFO | [linear] epoch 027/30 | train_loss 0.0018 train_acc 0.9995 | val_loss 0.0151 val_acc 0.9955
04:44:18 | probe[linear/resnet50] | INFO | [linear] epoch 028/30 | train_loss 0.0020 train_acc 0.9994 | val_loss 0.0147 val_acc 0.9955
04:44:27 | probe[linear/resnet50] | INFO | [linear] epoch 029/30 | train_loss 0.0019 train_acc 0.9995 | val_loss 0.0147 val_acc 0.9954
04:44:36 | probe[linear/resnet50] | INFO | [linear] epoch 030/30 | train_loss 0.0020 train_acc 0.9994 | val_loss 0.0147 val_acc 0.9954
04:44:36 | probe[linear/resnet50] | INFO | [linear] done in 00:04:33 | best val_acc 0.9959
04:44:37 | eval[supervised-resnet50/resnet50] | INFO | Linear test acc 0.9446 | bal-acc 0.9275 | f1-macro 0.9245 | AUC 0.9895626852566175
04:44:38 | probe[finetune_10pct/resnet50] | INFO | Loaded backbone weights — missing: 0, unexpected: 0
04:44:43 | probe[finetune_10pct/resnet50] | INFO | [finetune_10pct] epoch 001/30 | train_loss 2.0204 train_acc 0.3469 | val_loss 1.2449 val_acc 0.9549
04:44:47 | probe[finetune_10pct/resnet50] | INFO | [finetune_10pct] epoch 002/30 | train_loss 0.5928 train_acc 0.9777 | val_loss 0.1210 val_acc 0.9877
04:44:50 | probe[finetune_10pct/resnet50] | INFO | [finetune_10pct] epoch 003/30 | train_loss 0.0446 train_acc 0.9930 | val_loss 0.0406 val_acc 0.9897
04:44:53 | probe[finetune_10pct/resnet50] | INFO | [finetune_10pct] epoch 004/30 | train_loss 0.0166 train_acc 0.9952 | val_loss 0.0264 val_acc 0.9930
04:44:57 | probe[finetune_10pct/resnet50] | INFO | [finetune_10pct] epoch 005/30 | train_loss 0.0147 train_acc 0.9952 | val_loss 0.0264 val_acc 0.9923
04:45:00 | probe[finetune_10pct/resnet50] | INFO | [finetune_10pct] epoch 006/30 | train_loss 0.0115 train_acc 0.9964 | val_loss 0.0270 val_acc 0.9918
04:45:04 | probe[finetune_10pct/resnet50] | INFO | [finetune_10pct] epoch 007/30 | train_loss 0.0123 train_acc 0.9959 | val_loss 0.0295 val_acc 0.9919
04:45:07 | probe[finetune_10pct/resnet50] | INFO | [finetune_10pct] epoch 008/30 | train_loss 0.0094 train_acc 0.9972 | val_loss 0.0271 val_acc 0.9928
04:45:10 | probe[finetune_10pct/resnet50] | INFO | [finetune_10pct] epoch 009/30 | train_loss 0.0065 train_acc 0.9983 | val_loss 0.0193 val_acc 0.9949
04:45:14 | probe[finetune_10pct/resnet50] | INFO | [finetune_10pct] epoch 010/30 | train_loss 0.0070 train_acc 0.9980 | val_loss 0.0220 val_acc 0.9931
04:45:17 | probe[finetune_10pct/resnet50] | INFO | [finetune_10pct] epoch 011/30 | train_loss 0.0074 train_acc 0.9978 | val_loss 0.0205 val_acc 0.9934
04:45:21 | probe[finetune_10pct/resnet50] | INFO | [finetune_10pct] epoch 012/30 | train_loss 0.0050 train_acc 0.9984 | val_loss 0.0185 val_acc 0.9943
04:45:24 | probe[finetune_10pct/resnet50] | INFO | [finetune_10pct] epoch 013/30 | train_loss 0.0112 train_acc 0.9964 | val_loss 0.0225 val_acc 0.9940
04:45:27 | probe[finetune_10pct/resnet50] | INFO | [finetune_10pct] epoch 014/30 | train_loss 0.0065 train_acc 0.9981 | val_loss 0.0209 val_acc 0.9938
04:45:30 | probe[finetune_10pct/resnet50] | INFO | [finetune_10pct] epoch 015/30 | train_loss 0.0050 train_acc 0.9987 | val_loss 0.0185 val_acc 0.9945
04:45:33 | probe[finetune_10pct/resnet50] | INFO | [finetune_10pct] epoch 016/30 | train_loss 0.0037 train_acc 0.9990 | val_loss 0.0194 val_acc 0.9946
04:45:37 | probe[finetune_10pct/resnet50] | INFO | [finetune_10pct] epoch 017/30 | train_loss 0.0033 train_acc 0.9992 | val_loss 0.0187 val_acc 0.9946
04:45:40 | probe[finetune_10pct/resnet50] | INFO | [finetune_10pct] epoch 018/30 | train_loss 0.0041 train_acc 0.9990 | val_loss 0.0189 val_acc 0.9942
04:45:43 | probe[finetune_10pct/resnet50] | INFO | [finetune_10pct] epoch 019/30 | train_loss 0.0030 train_acc 0.9992 | val_loss 0.0205 val_acc 0.9940
04:45:46 | probe[finetune_10pct/resnet50] | INFO | [finetune_10pct] epoch 020/30 | train_loss 0.0029 train_acc 0.9991 | val_loss 0.0182 val_acc 0.9951
04:45:50 | probe[finetune_10pct/resnet50] | INFO | [finetune_10pct] epoch 021/30 | train_loss 0.0031 train_acc 0.9992 | val_loss 0.0187 val_acc 0.9948
04:45:53 | probe[finetune_10pct/resnet50] | INFO | [finetune_10pct] epoch 022/30 | train_loss 0.0030 train_acc 0.9990 | val_loss 0.0183 val_acc 0.9950
04:45:57 | probe[finetune_10pct/resnet50] | INFO | [finetune_10pct] epoch 023/30 | train_loss 0.0025 train_acc 0.9993 | val_loss 0.0186 val_acc 0.9947
04:46:00 | probe[finetune_10pct/resnet50] | INFO | [finetune_10pct] epoch 024/30 | train_loss 0.0030 train_acc 0.9992 | val_loss 0.0188 val_acc 0.9943
04:46:03 | probe[finetune_10pct/resnet50] | INFO | [finetune_10pct] epoch 025/30 | train_loss 0.0023 train_acc 0.9997 | val_loss 0.0178 val_acc 0.9944
04:46:06 | probe[finetune_10pct/resnet50] | INFO | [finetune_10pct] epoch 026/30 | train_loss 0.0029 train_acc 0.9993 | val_loss 0.0182 val_acc 0.9943
04:46:10 | probe[finetune_10pct/resnet50] | INFO | [finetune_10pct] epoch 027/30 | train_loss 0.0017 train_acc 0.9994 | val_loss 0.0180 val_acc 0.9945
04:46:13 | probe[finetune_10pct/resnet50] | INFO | [finetune_10pct] epoch 028/30 | train_loss 0.0019 train_acc 0.9996 | val_loss 0.0181 val_acc 0.9942
04:46:16 | probe[finetune_10pct/resnet50] | INFO | [finetune_10pct] epoch 029/30 | train_loss 0.0018 train_acc 0.9993 | val_loss 0.0179 val_acc 0.9944
04:46:20 | probe[finetune_10pct/resnet50] | INFO | [finetune_10pct] epoch 030/30 | train_loss 0.0017 train_acc 0.9996 | val_loss 0.0180 val_acc 0.9943
04:46:20 | probe[finetune_10pct/resnet50] | INFO | [finetune_10pct] done in 00:01:41 | best val_acc 0.9951
04:46:21 | eval[supervised-resnet50/resnet50] | INFO | Low-shot 10.0% (n=9000) -> test acc 0.9454 | bal-acc 0.9245 | f1-macro 0.9238
04:46:21 | probe[finetune_1pct/resnet50] | INFO | Loaded backbone weights — missing: 0, unexpected: 0
04:46:24 | probe[finetune_1pct/resnet50] | INFO | [finetune_1pct] epoch 001/30 | train_loss 2.5178 train_acc 0.0366 | val_loss 2.2118 val_acc 0.0747
04:46:26 | probe[finetune_1pct/resnet50] | INFO | [finetune_1pct] epoch 002/30 | train_loss 2.1239 train_acc 0.1731 | val_loss 1.8656 val_acc 0.4288
04:46:29 | probe[finetune_1pct/resnet50] | INFO | [finetune_1pct] epoch 003/30 | train_loss 1.7315 train_acc 0.4961 | val_loss 1.5283 val_acc 0.7024
04:46:31 | probe[finetune_1pct/resnet50] | INFO | [finetune_1pct] epoch 004/30 | train_loss 1.3778 train_acc 0.7381 | val_loss 1.2034 val_acc 0.8536
04:46:34 | probe[finetune_1pct/resnet50] | INFO | [finetune_1pct] epoch 005/30 | train_loss 1.0551 train_acc 0.8835 | val_loss 0.9052 val_acc 0.9312
04:46:36 | probe[finetune_1pct/resnet50] | INFO | [finetune_1pct] epoch 006/30 | train_loss 0.7827 train_acc 0.9412 | val_loss 0.6594 val_acc 0.9493
04:46:38 | probe[finetune_1pct/resnet50] | INFO | [finetune_1pct] epoch 007/30 | train_loss 0.5646 train_acc 0.9612 | val_loss 0.4731 val_acc 0.9597
04:46:41 | probe[finetune_1pct/resnet50] | INFO | [finetune_1pct] epoch 008/30 | train_loss 0.3916 train_acc 0.9734 | val_loss 0.3452 val_acc 0.9709
04:46:43 | probe[finetune_1pct/resnet50] | INFO | [finetune_1pct] epoch 009/30 | train_loss 0.2736 train_acc 0.9811 | val_loss 0.2581 val_acc 0.9796
04:46:45 | probe[finetune_1pct/resnet50] | INFO | [finetune_1pct] epoch 010/30 | train_loss 0.1837 train_acc 0.9845 | val_loss 0.1945 val_acc 0.9823
04:46:47 | probe[finetune_1pct/resnet50] | INFO | [finetune_1pct] epoch 011/30 | train_loss 0.1282 train_acc 0.9867 | val_loss 0.1488 val_acc 0.9837
04:46:50 | probe[finetune_1pct/resnet50] | INFO | [finetune_1pct] epoch 012/30 | train_loss 0.0933 train_acc 0.9889 | val_loss 0.1193 val_acc 0.9854
04:46:52 | probe[finetune_1pct/resnet50] | INFO | [finetune_1pct] epoch 013/30 | train_loss 0.0766 train_acc 0.9878 | val_loss 0.1015 val_acc 0.9869
04:46:54 | probe[finetune_1pct/resnet50] | INFO | [finetune_1pct] epoch 014/30 | train_loss 0.0536 train_acc 0.9933 | val_loss 0.0875 val_acc 0.9874
04:46:56 | probe[finetune_1pct/resnet50] | INFO | [finetune_1pct] epoch 015/30 | train_loss 0.0441 train_acc 0.9956 | val_loss 0.0773 val_acc 0.9874
04:46:58 | probe[finetune_1pct/resnet50] | INFO | [finetune_1pct] epoch 016/30 | train_loss 0.0402 train_acc 0.9911 | val_loss 0.0701 val_acc 0.9874
04:47:00 | probe[finetune_1pct/resnet50] | INFO | [finetune_1pct] epoch 017/30 | train_loss 0.0395 train_acc 0.9922 | val_loss 0.0645 val_acc 0.9876
04:47:03 | probe[finetune_1pct/resnet50] | INFO | [finetune_1pct] epoch 018/30 | train_loss 0.0273 train_acc 0.9967 | val_loss 0.0588 val_acc 0.9877
04:47:05 | probe[finetune_1pct/resnet50] | INFO | [finetune_1pct] epoch 019/30 | train_loss 0.0275 train_acc 0.9945 | val_loss 0.0547 val_acc 0.9879
04:47:07 | probe[finetune_1pct/resnet50] | INFO | [finetune_1pct] epoch 020/30 | train_loss 0.0253 train_acc 0.9956 | val_loss 0.0515 val_acc 0.9877
04:47:09 | probe[finetune_1pct/resnet50] | INFO | [finetune_1pct] epoch 021/30 | train_loss 0.0215 train_acc 1.0000 | val_loss 0.0489 val_acc 0.9877
04:47:11 | probe[finetune_1pct/resnet50] | INFO | [finetune_1pct] epoch 022/30 | train_loss 0.0166 train_acc 0.9989 | val_loss 0.0473 val_acc 0.9874
04:47:13 | probe[finetune_1pct/resnet50] | INFO | [finetune_1pct] epoch 023/30 | train_loss 0.0162 train_acc 0.9978 | val_loss 0.0462 val_acc 0.9876
04:47:15 | probe[finetune_1pct/resnet50] | INFO | [finetune_1pct] epoch 024/30 | train_loss 0.0138 train_acc 1.0000 | val_loss 0.0453 val_acc 0.9875
04:47:17 | probe[finetune_1pct/resnet50] | INFO | [finetune_1pct] epoch 025/30 | train_loss 0.0145 train_acc 0.9989 | val_loss 0.0445 val_acc 0.9876
04:47:19 | probe[finetune_1pct/resnet50] | INFO | [finetune_1pct] epoch 026/30 | train_loss 0.0168 train_acc 0.9989 | val_loss 0.0439 val_acc 0.9877
04:47:21 | probe[finetune_1pct/resnet50] | INFO | [finetune_1pct] epoch 027/30 | train_loss 0.0181 train_acc 0.9978 | val_loss 0.0432 val_acc 0.9877
04:47:23 | probe[finetune_1pct/resnet50] | INFO | [finetune_1pct] epoch 028/30 | train_loss 0.0117 train_acc 1.0000 | val_loss 0.0428 val_acc 0.9878
04:47:25 | probe[finetune_1pct/resnet50] | INFO | [finetune_1pct] epoch 029/30 | train_loss 0.0125 train_acc 0.9989 | val_loss 0.0424 val_acc 0.9881
04:47:27 | probe[finetune_1pct/resnet50] | INFO | [finetune_1pct] epoch 030/30 | train_loss 0.0141 train_acc 1.0000 | val_loss 0.0421 val_acc 0.9882
04:47:28 | probe[finetune_1pct/resnet50] | INFO | [finetune_1pct] done in 00:01:06 | best val_acc 0.9882
04:47:29 | eval[supervised-resnet50/resnet50] | INFO | Low-shot 1.0% (n=901) -> test acc 0.9450 | bal-acc 0.9173 | f1-macro 0.9181
04:47:29 | eval[supervised-resnet50/resnet50] | INFO | Downstream evaluation complete.
