22:22:13 | sup[vit_small] | INFO | params: 21.62M
22:22:25 | sup[vit_small] | INFO | epoch 001/100 | train_loss 1.0308 train_acc 0.6205 | val_loss 0.6282 val_acc 0.7815 (00:00:11)
22:22:33 | sup[vit_small] | INFO | epoch 002/100 | train_loss 0.5720 train_acc 0.7925 | val_loss 0.3626 val_acc 0.8772 (00:00:08)
22:22:42 | sup[vit_small] | INFO | epoch 003/100 | train_loss 0.4240 train_acc 0.8481 | val_loss 0.3306 val_acc 0.8739 (00:00:08)
22:22:51 | sup[vit_small] | INFO | epoch 004/100 | train_loss 0.3850 train_acc 0.8640 | val_loss 0.3313 val_acc 0.8859 (00:00:08)
22:23:00 | sup[vit_small] | INFO | epoch 005/100 | train_loss 0.3820 train_acc 0.8652 | val_loss 0.4014 val_acc 0.8537 (00:00:08)
22:23:09 | sup[vit_small] | INFO | epoch 006/100 | train_loss 0.3868 train_acc 0.8632 | val_loss 0.3072 val_acc 0.8884 (00:00:08)
22:23:18 | sup[vit_small] | INFO | epoch 007/100 | train_loss 0.3800 train_acc 0.8634 | val_loss 0.3312 val_acc 0.8795 (00:00:08)
22:23:27 | sup[vit_small] | INFO | epoch 008/100 | train_loss 0.3855 train_acc 0.8614 | val_loss 0.3042 val_acc 0.8903 (00:00:09)
22:23:35 | sup[vit_small] | INFO | epoch 009/100 | train_loss 0.3964 train_acc 0.8580 | val_loss 0.4035 val_acc 0.8538 (00:00:08)
22:23:44 | sup[vit_small] | INFO | epoch 010/100 | train_loss 0.4106 train_acc 0.8530 | val_loss 0.3284 val_acc 0.8841 (00:00:08)
22:23:53 | sup[vit_small] | INFO | epoch 011/100 | train_loss 0.3858 train_acc 0.8617 | val_loss 0.3304 val_acc 0.8822 (00:00:08)
22:24:02 | sup[vit_small] | INFO | epoch 012/100 | train_loss 0.3829 train_acc 0.8632 | val_loss 0.3258 val_acc 0.8815 (00:00:09)
22:24:11 | sup[vit_small] | INFO | epoch 013/100 | train_loss 0.3834 train_acc 0.8623 | val_loss 0.3479 val_acc 0.8761 (00:00:09)
22:24:20 | sup[vit_small] | INFO | epoch 014/100 | train_loss 0.3836 train_acc 0.8616 | val_loss 0.2972 val_acc 0.8956 (00:00:08)
22:24:29 | sup[vit_small] | INFO | epoch 015/100 | train_loss 0.3753 train_acc 0.8647 | val_loss 0.3138 val_acc 0.8898 (00:00:08)
22:24:38 | sup[vit_small] | INFO | epoch 016/100 | train_loss 0.3781 train_acc 0.8640 | val_loss 0.3414 val_acc 0.8766 (00:00:08)
22:24:46 | sup[vit_small] | INFO | epoch 017/100 | train_loss 0.3700 train_acc 0.8672 | val_loss 0.3172 val_acc 0.8873 (00:00:08)
22:24:55 | sup[vit_small] | INFO | epoch 018/100 | train_loss 0.3501 train_acc 0.8745 | val_loss 0.2792 val_acc 0.8984 (00:00:08)
22:25:04 | sup[vit_small] | INFO | epoch 019/100 | train_loss 0.3290 train_acc 0.8823 | val_loss 0.2396 val_acc 0.9168 (00:00:08)
22:25:13 | sup[vit_small] | INFO | epoch 020/100 | train_loss 0.3025 train_acc 0.8919 | val_loss 0.2413 val_acc 0.9129 (00:00:08)
22:25:22 | sup[vit_small] | INFO | epoch 021/100 | train_loss 0.2963 train_acc 0.8941 | val_loss 0.2440 val_acc 0.9116 (00:00:08)
22:25:30 | sup[vit_small] | INFO | epoch 022/100 | train_loss 0.3081 train_acc 0.8893 | val_loss 0.2387 val_acc 0.9140 (00:00:08)
22:25:39 | sup[vit_small] | INFO | epoch 023/100 | train_loss 0.2983 train_acc 0.8930 | val_loss 0.2362 val_acc 0.9136 (00:00:08)
22:25:48 | sup[vit_small] | INFO | epoch 024/100 | train_loss 0.3043 train_acc 0.8907 | val_loss 0.2746 val_acc 0.8988 (00:00:08)
22:25:57 | sup[vit_small] | INFO | epoch 025/100 | train_loss 0.3113 train_acc 0.8895 | val_loss 0.2621 val_acc 0.9060 (00:00:08)
22:26:05 | sup[vit_small] | INFO | epoch 026/100 | train_loss 0.3250 train_acc 0.8840 | val_loss 0.2460 val_acc 0.9138 (00:00:08)
22:26:14 | sup[vit_small] | INFO | epoch 027/100 | train_loss 0.3164 train_acc 0.8857 | val_loss 0.2518 val_acc 0.9093 (00:00:08)
22:26:23 | sup[vit_small] | INFO | epoch 028/100 | train_loss 0.3066 train_acc 0.8899 | val_loss 0.2488 val_acc 0.9109 (00:00:08)
22:26:32 | sup[vit_small] | INFO | epoch 029/100 | train_loss 0.2981 train_acc 0.8935 | val_loss 0.2361 val_acc 0.9149 (00:00:08)
22:26:41 | sup[vit_small] | INFO | epoch 030/100 | train_loss 0.3007 train_acc 0.8927 | val_loss 0.2352 val_acc 0.9182 (00:00:08)
22:26:49 | sup[vit_small] | INFO | epoch 031/100 | train_loss 0.2750 train_acc 0.9024 | val_loss 0.2277 val_acc 0.9176 (00:00:08)
22:26:58 | sup[vit_small] | INFO | epoch 032/100 | train_loss 0.2759 train_acc 0.9007 | val_loss 0.2263 val_acc 0.9185 (00:00:08)
22:27:07 | sup[vit_small] | INFO | epoch 033/100 | train_loss 0.2694 train_acc 0.9037 | val_loss 0.2147 val_acc 0.9231 (00:00:08)
22:27:16 | sup[vit_small] | INFO | epoch 034/100 | train_loss 0.2794 train_acc 0.8997 | val_loss 0.2106 val_acc 0.9259 (00:00:08)
22:27:24 | sup[vit_small] | INFO | epoch 035/100 | train_loss 0.2613 train_acc 0.9061 | val_loss 0.2434 val_acc 0.9119 (00:00:08)
22:27:33 | sup[vit_small] | INFO | epoch 036/100 | train_loss 0.2621 train_acc 0.9058 | val_loss 0.2059 val_acc 0.9278 (00:00:08)
22:27:42 | sup[vit_small] | INFO | epoch 037/100 | train_loss 0.2521 train_acc 0.9101 | val_loss 0.1932 val_acc 0.9322 (00:00:08)
22:27:51 | sup[vit_small] | INFO | epoch 038/100 | train_loss 0.2575 train_acc 0.9084 | val_loss 0.2227 val_acc 0.9211 (00:00:08)
22:28:00 | sup[vit_small] | INFO | epoch 039/100 | train_loss 0.2386 train_acc 0.9149 | val_loss 0.2018 val_acc 0.9278 (00:00:08)
22:28:09 | sup[vit_small] | INFO | epoch 040/100 | train_loss 0.2313 train_acc 0.9179 | val_loss 0.1841 val_acc 0.9366 (00:00:08)
22:28:17 | sup[vit_small] | INFO | epoch 041/100 | train_loss 0.2252 train_acc 0.9194 | val_loss 0.1874 val_acc 0.9357 (00:00:08)
22:28:26 | sup[vit_small] | INFO | epoch 042/100 | train_loss 0.2181 train_acc 0.9214 | val_loss 0.1758 val_acc 0.9380 (00:00:08)
22:28:35 | sup[vit_small] | INFO | epoch 043/100 | train_loss 0.2216 train_acc 0.9211 | val_loss 0.2032 val_acc 0.9298 (00:00:08)
22:28:44 | sup[vit_small] | INFO | epoch 044/100 | train_loss 0.2127 train_acc 0.9231 | val_loss 0.1779 val_acc 0.9379 (00:00:08)
22:28:53 | sup[vit_small] | INFO | epoch 045/100 | train_loss 0.2147 train_acc 0.9241 | val_loss 0.1655 val_acc 0.9428 (00:00:08)
22:29:02 | sup[vit_small] | INFO | epoch 046/100 | train_loss 0.2078 train_acc 0.9253 | val_loss 0.1737 val_acc 0.9392 (00:00:08)
22:29:11 | sup[vit_small] | INFO | epoch 047/100 | train_loss 0.2074 train_acc 0.9267 | val_loss 0.1590 val_acc 0.9431 (00:00:08)
22:29:19 | sup[vit_small] | INFO | epoch 048/100 | train_loss 0.1817 train_acc 0.9354 | val_loss 0.1565 val_acc 0.9447 (00:00:08)
22:29:28 | sup[vit_small] | INFO | epoch 049/100 | train_loss 0.1848 train_acc 0.9339 | val_loss 0.1530 val_acc 0.9451 (00:00:08)
22:29:37 | sup[vit_small] | INFO | epoch 050/100 | train_loss 0.1800 train_acc 0.9363 | val_loss 0.1456 val_acc 0.9475 (00:00:08)
22:29:46 | sup[vit_small] | INFO | epoch 051/100 | train_loss 0.1730 train_acc 0.9390 | val_loss 0.1494 val_acc 0.9478 (00:00:08)
22:29:55 | sup[vit_small] | INFO | epoch 052/100 | train_loss 0.1744 train_acc 0.9384 | val_loss 0.1329 val_acc 0.9547 (00:00:08)
22:30:04 | sup[vit_small] | INFO | epoch 053/100 | train_loss 0.1726 train_acc 0.9392 | val_loss 0.1440 val_acc 0.9513 (00:00:08)
22:30:13 | sup[vit_small] | INFO | epoch 054/100 | train_loss 0.1619 train_acc 0.9426 | val_loss 0.1242 val_acc 0.9557 (00:00:08)
22:30:21 | sup[vit_small] | INFO | epoch 055/100 | train_loss 0.1519 train_acc 0.9466 | val_loss 0.1223 val_acc 0.9545 (00:00:08)
22:30:30 | sup[vit_small] | INFO | epoch 056/100 | train_loss 0.1507 train_acc 0.9468 | val_loss 0.1154 val_acc 0.9586 (00:00:08)
22:30:39 | sup[vit_small] | INFO | epoch 057/100 | train_loss 0.1460 train_acc 0.9481 | val_loss 0.1144 val_acc 0.9599 (00:00:08)
22:30:48 | sup[vit_small] | INFO | epoch 058/100 | train_loss 0.1395 train_acc 0.9501 | val_loss 0.1095 val_acc 0.9620 (00:00:08)
22:30:57 | sup[vit_small] | INFO | epoch 059/100 | train_loss 0.1343 train_acc 0.9522 | val_loss 0.1118 val_acc 0.9619 (00:00:08)
22:31:06 | sup[vit_small] | INFO | epoch 060/100 | train_loss 0.1260 train_acc 0.9554 | val_loss 0.1094 val_acc 0.9608 (00:00:08)
22:31:15 | sup[vit_small] | INFO | epoch 061/100 | train_loss 0.1329 train_acc 0.9536 | val_loss 0.1032 val_acc 0.9638 (00:00:08)
22:31:24 | sup[vit_small] | INFO | epoch 062/100 | train_loss 0.1239 train_acc 0.9569 | val_loss 0.0938 val_acc 0.9672 (00:00:08)
22:31:32 | sup[vit_small] | INFO | epoch 063/100 | train_loss 0.1213 train_acc 0.9568 | val_loss 0.0977 val_acc 0.9677 (00:00:08)
22:31:41 | sup[vit_small] | INFO | epoch 064/100 | train_loss 0.1196 train_acc 0.9576 | val_loss 0.0901 val_acc 0.9679 (00:00:09)
22:31:50 | sup[vit_small] | INFO | epoch 065/100 | train_loss 0.1133 train_acc 0.9603 | val_loss 0.0994 val_acc 0.9632 (00:00:08)
22:31:59 | sup[vit_small] | INFO | epoch 066/100 | train_loss 0.1107 train_acc 0.9609 | val_loss 0.0853 val_acc 0.9717 (00:00:08)
22:32:08 | sup[vit_small] | INFO | epoch 067/100 | train_loss 0.1058 train_acc 0.9629 | val_loss 0.0922 val_acc 0.9701 (00:00:08)
22:32:17 | sup[vit_small] | INFO | epoch 068/100 | train_loss 0.1041 train_acc 0.9629 | val_loss 0.0895 val_acc 0.9704 (00:00:08)
22:32:26 | sup[vit_small] | INFO | epoch 069/100 | train_loss 0.0982 train_acc 0.9655 | val_loss 0.0838 val_acc 0.9709 (00:00:08)
22:32:35 | sup[vit_small] | INFO | epoch 070/100 | train_loss 0.0967 train_acc 0.9661 | val_loss 0.0791 val_acc 0.9731 (00:00:08)
22:32:43 | sup[vit_small] | INFO | epoch 071/100 | train_loss 0.0926 train_acc 0.9672 | val_loss 0.0715 val_acc 0.9754 (00:00:08)
22:32:52 | sup[vit_small] | INFO | epoch 072/100 | train_loss 0.0932 train_acc 0.9670 | val_loss 0.0745 val_acc 0.9750 (00:00:08)
22:33:01 | sup[vit_small] | INFO | epoch 073/100 | train_loss 0.0892 train_acc 0.9686 | val_loss 0.0733 val_acc 0.9744 (00:00:08)
22:33:10 | sup[vit_small] | INFO | epoch 074/100 | train_loss 0.0869 train_acc 0.9698 | val_loss 0.0701 val_acc 0.9761 (00:00:08)
22:33:18 | sup[vit_small] | INFO | epoch 075/100 | train_loss 0.0827 train_acc 0.9705 | val_loss 0.0754 val_acc 0.9734 (00:00:08)
22:33:27 | sup[vit_small] | INFO | epoch 076/100 | train_loss 0.0814 train_acc 0.9711 | val_loss 0.0687 val_acc 0.9759 (00:00:08)
22:33:36 | sup[vit_small] | INFO | epoch 077/100 | train_loss 0.0796 train_acc 0.9715 | val_loss 0.0684 val_acc 0.9758 (00:00:08)
22:33:45 | sup[vit_small] | INFO | epoch 078/100 | train_loss 0.0789 train_acc 0.9724 | val_loss 0.0658 val_acc 0.9780 (00:00:08)
22:33:54 | sup[vit_small] | INFO | epoch 079/100 | train_loss 0.0765 train_acc 0.9731 | val_loss 0.0652 val_acc 0.9769 (00:00:08)
22:34:02 | sup[vit_small] | INFO | epoch 080/100 | train_loss 0.0751 train_acc 0.9733 | val_loss 0.0651 val_acc 0.9777 (00:00:08)
22:34:11 | sup[vit_small] | INFO | epoch 081/100 | train_loss 0.0764 train_acc 0.9729 | val_loss 0.0628 val_acc 0.9785 (00:00:08)
22:34:20 | sup[vit_small] | INFO | epoch 082/100 | train_loss 0.0735 train_acc 0.9743 | val_loss 0.0610 val_acc 0.9787 (00:00:08)
22:34:29 | sup[vit_small] | INFO | epoch 083/100 | train_loss 0.0711 train_acc 0.9749 | val_loss 0.0615 val_acc 0.9798 (00:00:08)
22:34:38 | sup[vit_small] | INFO | epoch 084/100 | train_loss 0.0661 train_acc 0.9761 | val_loss 0.0631 val_acc 0.9790 (00:00:08)
22:34:46 | sup[vit_small] | INFO | epoch 085/100 | train_loss 0.0679 train_acc 0.9758 | val_loss 0.0630 val_acc 0.9787 (00:00:08)
22:34:55 | sup[vit_small] | INFO | epoch 086/100 | train_loss 0.0679 train_acc 0.9758 | val_loss 0.0601 val_acc 0.9791 (00:00:08)
22:35:04 | sup[vit_small] | INFO | epoch 087/100 | train_loss 0.0673 train_acc 0.9765 | val_loss 0.0579 val_acc 0.9813 (00:00:08)
22:35:13 | sup[vit_small] | INFO | epoch 088/100 | train_loss 0.0661 train_acc 0.9766 | val_loss 0.0581 val_acc 0.9801 (00:00:08)
22:35:22 | sup[vit_small] | INFO | epoch 089/100 | train_loss 0.0631 train_acc 0.9777 | val_loss 0.0573 val_acc 0.9806 (00:00:08)
22:35:31 | sup[vit_small] | INFO | epoch 090/100 | train_loss 0.0641 train_acc 0.9769 | val_loss 0.0553 val_acc 0.9807 (00:00:08)
22:35:39 | sup[vit_small] | INFO | epoch 091/100 | train_loss 0.0628 train_acc 0.9780 | val_loss 0.0557 val_acc 0.9802 (00:00:08)
22:35:48 | sup[vit_small] | INFO | epoch 092/100 | train_loss 0.0613 train_acc 0.9783 | val_loss 0.0579 val_acc 0.9795 (00:00:08)
22:35:57 | sup[vit_small] | INFO | epoch 093/100 | train_loss 0.0611 train_acc 0.9780 | val_loss 0.0546 val_acc 0.9814 (00:00:08)
22:36:06 | sup[vit_small] | INFO | epoch 094/100 | train_loss 0.0614 train_acc 0.9786 | val_loss 0.0547 val_acc 0.9811 (00:00:08)
22:36:15 | sup[vit_small] | INFO | epoch 095/100 | train_loss 0.0597 train_acc 0.9795 | val_loss 0.0535 val_acc 0.9813 (00:00:08)
22:36:24 | sup[vit_small] | INFO | epoch 096/100 | train_loss 0.0596 train_acc 0.9789 | val_loss 0.0540 val_acc 0.9806 (00:00:08)
22:36:33 | sup[vit_small] | INFO | epoch 097/100 | train_loss 0.0598 train_acc 0.9786 | val_loss 0.0529 val_acc 0.9816 (00:00:08)
22:36:41 | sup[vit_small] | INFO | epoch 098/100 | train_loss 0.0598 train_acc 0.9786 | val_loss 0.0534 val_acc 0.9806 (00:00:08)
22:36:50 | sup[vit_small] | INFO | epoch 099/100 | train_loss 0.0601 train_acc 0.9790 | val_loss 0.0542 val_acc 0.9804 (00:00:08)
22:36:59 | sup[vit_small] | INFO | epoch 100/100 | train_loss 0.0574 train_acc 0.9796 | val_loss 0.0542 val_acc 0.9808 (00:00:08)
22:36:59 | sup[vit_small] | INFO | Total supervised training: 00:14:46 (best val_acc 0.9816)

22:37:23 | eval[supervised-vit_small/vit_small] | INFO | Loaded backbone weights from runs/sup-vit_small-ep100-bs512-seed42/backbone_final.pt
22:37:24 | eval[supervised-vit_small/vit_small] | INFO | Extracting features for kNN / t-SNE / UMAP...
22:37:40 | eval[supervised-vit_small/vit_small] | INFO | kNN(k=20) top-1: 0.8684
/workspace/vcl_pathmnist/.venv/lib/python3.12/site-packages/umap/umap_.py:1952: UserWarning: n_jobs value 1 overridden to 1 by setting random_state. Use no seed for parallelism.
  warn(
22:38:09 | eval[supervised-vit_small/vit_small] | INFO | Saved t-SNE / UMAP plots.
22:38:23 | probe[linear/vit_small] | INFO | Loaded backbone weights — missing: 0, unexpected: 0
22:38:34 | probe[linear/vit_small] | INFO | [linear] epoch 001/30 | train_loss 1.0425 train_acc 0.6964 | val_loss 0.1191 val_acc 0.9767
22:38:43 | probe[linear/vit_small] | INFO | [linear] epoch 002/30 | train_loss 0.0975 train_acc 0.9754 | val_loss 0.0681 val_acc 0.9798
22:38:51 | probe[linear/vit_small] | INFO | [linear] epoch 003/30 | train_loss 0.0726 train_acc 0.9770 | val_loss 0.0608 val_acc 0.9805
22:39:00 | probe[linear/vit_small] | INFO | [linear] epoch 004/30 | train_loss 0.0672 train_acc 0.9776 | val_loss 0.0570 val_acc 0.9810
22:39:09 | probe[linear/vit_small] | INFO | [linear] epoch 005/30 | train_loss 0.0622 train_acc 0.9788 | val_loss 0.0569 val_acc 0.9809
22:39:18 | probe[linear/vit_small] | INFO | [linear] epoch 006/30 | train_loss 0.0618 train_acc 0.9790 | val_loss 0.0567 val_acc 0.9800
22:39:27 | probe[linear/vit_small] | INFO | [linear] epoch 007/30 | train_loss 0.0607 train_acc 0.9792 | val_loss 0.0553 val_acc 0.9802
22:39:35 | probe[linear/vit_small] | INFO | [linear] epoch 008/30 | train_loss 0.0612 train_acc 0.9784 | val_loss 0.0553 val_acc 0.9805
22:39:44 | probe[linear/vit_small] | INFO | [linear] epoch 009/30 | train_loss 0.0615 train_acc 0.9782 | val_loss 0.0559 val_acc 0.9805
22:39:52 | probe[linear/vit_small] | INFO | [linear] epoch 010/30 | train_loss 0.0590 train_acc 0.9791 | val_loss 0.0542 val_acc 0.9815
22:40:01 | probe[linear/vit_small] | INFO | [linear] epoch 011/30 | train_loss 0.0591 train_acc 0.9787 | val_loss 0.0544 val_acc 0.9812
22:40:10 | probe[linear/vit_small] | INFO | [linear] epoch 012/30 | train_loss 0.0604 train_acc 0.9790 | val_loss 0.0550 val_acc 0.9805
22:40:18 | probe[linear/vit_small] | INFO | [linear] epoch 013/30 | train_loss 0.0598 train_acc 0.9791 | val_loss 0.0538 val_acc 0.9812
22:40:26 | probe[linear/vit_small] | INFO | [linear] epoch 014/30 | train_loss 0.0599 train_acc 0.9790 | val_loss 0.0541 val_acc 0.9811
22:40:35 | probe[linear/vit_small] | INFO | [linear] epoch 015/30 | train_loss 0.0606 train_acc 0.9788 | val_loss 0.0546 val_acc 0.9811
22:40:44 | probe[linear/vit_small] | INFO | [linear] epoch 016/30 | train_loss 0.0594 train_acc 0.9790 | val_loss 0.0543 val_acc 0.9811
22:40:53 | probe[linear/vit_small] | INFO | [linear] epoch 017/30 | train_loss 0.0584 train_acc 0.9794 | val_loss 0.0546 val_acc 0.9813
22:41:01 | probe[linear/vit_small] | INFO | [linear] epoch 018/30 | train_loss 0.0606 train_acc 0.9786 | val_loss 0.0541 val_acc 0.9814
22:41:09 | probe[linear/vit_small] | INFO | [linear] epoch 019/30 | train_loss 0.0591 train_acc 0.9793 | val_loss 0.0531 val_acc 0.9817
22:41:18 | probe[linear/vit_small] | INFO | [linear] epoch 020/30 | train_loss 0.0589 train_acc 0.9789 | val_loss 0.0538 val_acc 0.9809
22:41:26 | probe[linear/vit_small] | INFO | [linear] epoch 021/30 | train_loss 0.0576 train_acc 0.9797 | val_loss 0.0536 val_acc 0.9814
22:41:35 | probe[linear/vit_small] | INFO | [linear] epoch 022/30 | train_loss 0.0593 train_acc 0.9792 | val_loss 0.0536 val_acc 0.9817
22:41:43 | probe[linear/vit_small] | INFO | [linear] epoch 023/30 | train_loss 0.0593 train_acc 0.9794 | val_loss 0.0537 val_acc 0.9817
22:41:52 | probe[linear/vit_small] | INFO | [linear] epoch 024/30 | train_loss 0.0585 train_acc 0.9794 | val_loss 0.0541 val_acc 0.9812
22:42:00 | probe[linear/vit_small] | INFO | [linear] epoch 025/30 | train_loss 0.0581 train_acc 0.9794 | val_loss 0.0542 val_acc 0.9809
22:42:09 | probe[linear/vit_small] | INFO | [linear] epoch 026/30 | train_loss 0.0570 train_acc 0.9799 | val_loss 0.0539 val_acc 0.9810
22:42:17 | probe[linear/vit_small] | INFO | [linear] epoch 027/30 | train_loss 0.0585 train_acc 0.9793 | val_loss 0.0537 val_acc 0.9816
22:42:25 | probe[linear/vit_small] | INFO | [linear] epoch 028/30 | train_loss 0.0581 train_acc 0.9798 | val_loss 0.0538 val_acc 0.9813
22:42:34 | probe[linear/vit_small] | INFO | [linear] epoch 029/30 | train_loss 0.0573 train_acc 0.9799 | val_loss 0.0539 val_acc 0.9812
22:42:42 | probe[linear/vit_small] | INFO | [linear] epoch 030/30 | train_loss 0.0589 train_acc 0.9793 | val_loss 0.0539 val_acc 0.9813
22:42:42 | probe[linear/vit_small] | INFO | [linear] done in 00:04:19 | best val_acc 0.9817
22:42:44 | eval[supervised-vit_small/vit_small] | INFO | Linear test acc 0.8511 | bal-acc 0.8182 | f1-macro 0.8087 | AUC 0.9808118412894475
22:42:58 | probe[finetune_10pct/vit_small] | INFO | Loaded backbone weights — missing: 0, unexpected: 0
22:43:02 | probe[finetune_10pct/vit_small] | INFO | [finetune_10pct] epoch 001/30 | train_loss 2.0460 train_acc 0.2790 | val_loss 1.3389 val_acc 0.7218
22:43:05 | probe[finetune_10pct/vit_small] | INFO | [finetune_10pct] epoch 002/30 | train_loss 0.7764 train_acc 0.8363 | val_loss 0.2956 val_acc 0.9257
22:43:09 | probe[finetune_10pct/vit_small] | INFO | [finetune_10pct] epoch 003/30 | train_loss 0.2399 train_acc 0.9287 | val_loss 0.1531 val_acc 0.9537
22:43:12 | probe[finetune_10pct/vit_small] | INFO | [finetune_10pct] epoch 004/30 | train_loss 0.1560 train_acc 0.9492 | val_loss 0.1268 val_acc 0.9604
22:43:15 | probe[finetune_10pct/vit_small] | INFO | [finetune_10pct] epoch 005/30 | train_loss 0.1307 train_acc 0.9583 | val_loss 0.1183 val_acc 0.9609
22:43:19 | probe[finetune_10pct/vit_small] | INFO | [finetune_10pct] epoch 006/30 | train_loss 0.1267 train_acc 0.9577 | val_loss 0.1087 val_acc 0.9635
22:43:22 | probe[finetune_10pct/vit_small] | INFO | [finetune_10pct] epoch 007/30 | train_loss 0.1136 train_acc 0.9630 | val_loss 0.1014 val_acc 0.9673
22:43:25 | probe[finetune_10pct/vit_small] | INFO | [finetune_10pct] epoch 008/30 | train_loss 0.1052 train_acc 0.9668 | val_loss 0.0960 val_acc 0.9688
22:43:29 | probe[finetune_10pct/vit_small] | INFO | [finetune_10pct] epoch 009/30 | train_loss 0.0946 train_acc 0.9686 | val_loss 0.0921 val_acc 0.9691
22:43:32 | probe[finetune_10pct/vit_small] | INFO | [finetune_10pct] epoch 010/30 | train_loss 0.0916 train_acc 0.9706 | val_loss 0.0988 val_acc 0.9648
22:43:35 | probe[finetune_10pct/vit_small] | INFO | [finetune_10pct] epoch 011/30 | train_loss 0.0948 train_acc 0.9678 | val_loss 0.0938 val_acc 0.9679
22:43:38 | probe[finetune_10pct/vit_small] | INFO | [finetune_10pct] epoch 012/30 | train_loss 0.0884 train_acc 0.9702 | val_loss 0.0825 val_acc 0.9733
22:43:41 | probe[finetune_10pct/vit_small] | INFO | [finetune_10pct] epoch 013/30 | train_loss 0.0774 train_acc 0.9740 | val_loss 0.0806 val_acc 0.9731
22:43:44 | probe[finetune_10pct/vit_small] | INFO | [finetune_10pct] epoch 014/30 | train_loss 0.0854 train_acc 0.9701 | val_loss 0.0861 val_acc 0.9701
22:43:47 | probe[finetune_10pct/vit_small] | INFO | [finetune_10pct] epoch 015/30 | train_loss 0.0751 train_acc 0.9758 | val_loss 0.0871 val_acc 0.9699
22:43:50 | probe[finetune_10pct/vit_small] | INFO | [finetune_10pct] epoch 016/30 | train_loss 0.0744 train_acc 0.9744 | val_loss 0.0780 val_acc 0.9728
22:43:53 | probe[finetune_10pct/vit_small] | INFO | [finetune_10pct] epoch 017/30 | train_loss 0.0681 train_acc 0.9767 | val_loss 0.0813 val_acc 0.9727
22:43:56 | probe[finetune_10pct/vit_small] | INFO | [finetune_10pct] epoch 018/30 | train_loss 0.0707 train_acc 0.9773 | val_loss 0.0773 val_acc 0.9733
22:43:59 | probe[finetune_10pct/vit_small] | INFO | [finetune_10pct] epoch 019/30 | train_loss 0.0679 train_acc 0.9784 | val_loss 0.0776 val_acc 0.9729
22:44:02 | probe[finetune_10pct/vit_small] | INFO | [finetune_10pct] epoch 020/30 | train_loss 0.0673 train_acc 0.9762 | val_loss 0.0736 val_acc 0.9742
22:44:06 | probe[finetune_10pct/vit_small] | INFO | [finetune_10pct] epoch 021/30 | train_loss 0.0648 train_acc 0.9791 | val_loss 0.0771 val_acc 0.9734
22:44:09 | probe[finetune_10pct/vit_small] | INFO | [finetune_10pct] epoch 022/30 | train_loss 0.0633 train_acc 0.9793 | val_loss 0.0734 val_acc 0.9746
22:44:12 | probe[finetune_10pct/vit_small] | INFO | [finetune_10pct] epoch 023/30 | train_loss 0.0622 train_acc 0.9797 | val_loss 0.0757 val_acc 0.9733
22:44:15 | probe[finetune_10pct/vit_small] | INFO | [finetune_10pct] epoch 024/30 | train_loss 0.0593 train_acc 0.9814 | val_loss 0.0739 val_acc 0.9739
22:44:18 | probe[finetune_10pct/vit_small] | INFO | [finetune_10pct] epoch 025/30 | train_loss 0.0592 train_acc 0.9807 | val_loss 0.0747 val_acc 0.9730
22:44:21 | probe[finetune_10pct/vit_small] | INFO | [finetune_10pct] epoch 026/30 | train_loss 0.0563 train_acc 0.9826 | val_loss 0.0731 val_acc 0.9739
22:44:24 | probe[finetune_10pct/vit_small] | INFO | [finetune_10pct] epoch 027/30 | train_loss 0.0605 train_acc 0.9797 | val_loss 0.0728 val_acc 0.9740
22:44:27 | probe[finetune_10pct/vit_small] | INFO | [finetune_10pct] epoch 028/30 | train_loss 0.0617 train_acc 0.9793 | val_loss 0.0724 val_acc 0.9737
22:44:30 | probe[finetune_10pct/vit_small] | INFO | [finetune_10pct] epoch 029/30 | train_loss 0.0606 train_acc 0.9789 | val_loss 0.0725 val_acc 0.9740
22:44:33 | probe[finetune_10pct/vit_small] | INFO | [finetune_10pct] epoch 030/30 | train_loss 0.0619 train_acc 0.9801 | val_loss 0.0725 val_acc 0.9740
22:44:33 | probe[finetune_10pct/vit_small] | INFO | [finetune_10pct] done in 00:01:34 | best val_acc 0.9746
22:44:34 | eval[supervised-vit_small/vit_small] | INFO | Low-shot 10.0% (n=9000) -> test acc 0.8664 | bal-acc 0.8307 | f1-macro 0.8239
22:44:49 | probe[finetune_1pct/vit_small] | INFO | Loaded backbone weights — missing: 0, unexpected: 0
22:44:52 | probe[finetune_1pct/vit_small] | INFO | [finetune_1pct] epoch 001/30 | train_loss 2.4116 train_acc 0.0943 | val_loss 2.2356 val_acc 0.1753
22:44:54 | probe[finetune_1pct/vit_small] | INFO | [finetune_1pct] epoch 002/30 | train_loss 2.1539 train_acc 0.2309 | val_loss 1.8415 val_acc 0.4509
22:44:56 | probe[finetune_1pct/vit_small] | INFO | [finetune_1pct] epoch 003/30 | train_loss 1.7718 train_acc 0.5006 | val_loss 1.4992 val_acc 0.6453
22:44:59 | probe[finetune_1pct/vit_small] | INFO | [finetune_1pct] epoch 004/30 | train_loss 1.4659 train_acc 0.6304 | val_loss 1.2084 val_acc 0.7210
22:45:01 | probe[finetune_1pct/vit_small] | INFO | [finetune_1pct] epoch 005/30 | train_loss 1.1685 train_acc 0.7259 | val_loss 0.9561 val_acc 0.8039
22:45:03 | probe[finetune_1pct/vit_small] | INFO | [finetune_1pct] epoch 006/30 | train_loss 0.9556 train_acc 0.7880 | val_loss 0.7578 val_acc 0.8585
22:45:05 | probe[finetune_1pct/vit_small] | INFO | [finetune_1pct] epoch 007/30 | train_loss 0.7639 train_acc 0.8457 | val_loss 0.6096 val_acc 0.8778
22:45:08 | probe[finetune_1pct/vit_small] | INFO | [finetune_1pct] epoch 008/30 | train_loss 0.6229 train_acc 0.8668 | val_loss 0.5062 val_acc 0.8853
22:45:10 | probe[finetune_1pct/vit_small] | INFO | [finetune_1pct] epoch 009/30 | train_loss 0.5247 train_acc 0.8735 | val_loss 0.4300 val_acc 0.8937
22:45:12 | probe[finetune_1pct/vit_small] | INFO | [finetune_1pct] epoch 010/30 | train_loss 0.4393 train_acc 0.8968 | val_loss 0.3770 val_acc 0.9038
22:45:15 | probe[finetune_1pct/vit_small] | INFO | [finetune_1pct] epoch 011/30 | train_loss 0.3866 train_acc 0.9034 | val_loss 0.3350 val_acc 0.9118
22:45:17 | probe[finetune_1pct/vit_small] | INFO | [finetune_1pct] epoch 012/30 | train_loss 0.3355 train_acc 0.9123 | val_loss 0.3023 val_acc 0.9176
22:45:19 | probe[finetune_1pct/vit_small] | INFO | [finetune_1pct] epoch 013/30 | train_loss 0.2951 train_acc 0.9190 | val_loss 0.2780 val_acc 0.9244
22:45:21 | probe[finetune_1pct/vit_small] | INFO | [finetune_1pct] epoch 014/30 | train_loss 0.2707 train_acc 0.9367 | val_loss 0.2596 val_acc 0.9288
22:45:24 | probe[finetune_1pct/vit_small] | INFO | [finetune_1pct] epoch 015/30 | train_loss 0.2538 train_acc 0.9301 | val_loss 0.2460 val_acc 0.9310
22:45:26 | probe[finetune_1pct/vit_small] | INFO | [finetune_1pct] epoch 016/30 | train_loss 0.2401 train_acc 0.9356 | val_loss 0.2374 val_acc 0.9324
22:45:28 | probe[finetune_1pct/vit_small] | INFO | [finetune_1pct] epoch 017/30 | train_loss 0.2281 train_acc 0.9445 | val_loss 0.2300 val_acc 0.9350
22:45:31 | probe[finetune_1pct/vit_small] | INFO | [finetune_1pct] epoch 018/30 | train_loss 0.2144 train_acc 0.9412 | val_loss 0.2227 val_acc 0.9358
22:45:33 | probe[finetune_1pct/vit_small] | INFO | [finetune_1pct] epoch 019/30 | train_loss 0.1996 train_acc 0.9423 | val_loss 0.2155 val_acc 0.9368
22:45:35 | probe[finetune_1pct/vit_small] | INFO | [finetune_1pct] epoch 020/30 | train_loss 0.2029 train_acc 0.9445 | val_loss 0.2091 val_acc 0.9375
22:45:37 | probe[finetune_1pct/vit_small] | INFO | [finetune_1pct] epoch 021/30 | train_loss 0.1828 train_acc 0.9534 | val_loss 0.2055 val_acc 0.9380
22:45:40 | probe[finetune_1pct/vit_small] | INFO | [finetune_1pct] epoch 022/30 | train_loss 0.1959 train_acc 0.9534 | val_loss 0.2032 val_acc 0.9387
22:45:42 | probe[finetune_1pct/vit_small] | INFO | [finetune_1pct] epoch 023/30 | train_loss 0.1877 train_acc 0.9489 | val_loss 0.2019 val_acc 0.9390
22:45:45 | probe[finetune_1pct/vit_small] | INFO | [finetune_1pct] epoch 024/30 | train_loss 0.1766 train_acc 0.9489 | val_loss 0.2012 val_acc 0.9390
22:45:47 | probe[finetune_1pct/vit_small] | INFO | [finetune_1pct] epoch 025/30 | train_loss 0.1757 train_acc 0.9600 | val_loss 0.2007 val_acc 0.9390
22:45:49 | probe[finetune_1pct/vit_small] | INFO | [finetune_1pct] epoch 026/30 | train_loss 0.1963 train_acc 0.9445 | val_loss 0.2004 val_acc 0.9389
22:45:51 | probe[finetune_1pct/vit_small] | INFO | [finetune_1pct] epoch 027/30 | train_loss 0.1694 train_acc 0.9623 | val_loss 0.2001 val_acc 0.9392
22:45:53 | probe[finetune_1pct/vit_small] | INFO | [finetune_1pct] epoch 028/30 | train_loss 0.1668 train_acc 0.9534 | val_loss 0.1999 val_acc 0.9392
22:45:55 | probe[finetune_1pct/vit_small] | INFO | [finetune_1pct] epoch 029/30 | train_loss 0.1735 train_acc 0.9545 | val_loss 0.1997 val_acc 0.9392
22:45:57 | probe[finetune_1pct/vit_small] | INFO | [finetune_1pct] epoch 030/30 | train_loss 0.1734 train_acc 0.9556 | val_loss 0.1996 val_acc 0.9392
22:45:57 | probe[finetune_1pct/vit_small] | INFO | [finetune_1pct] done in 00:01:08 | best val_acc 0.9392
22:45:59 | eval[supervised-vit_small/vit_small] | INFO | Low-shot 1.0% (n=901) -> test acc 0.8674 | bal-acc 0.8224 | f1-macro 0.8130
22:45:59 | eval[supervised-vit_small/vit_small] | INFO | Downstream evaluation complete.
