[supervised] Using 9000/89996 samples (10% stratified)
15:01:12 | sup[vit_small] | INFO | params: 21.62M
15:01:16 | sup[vit_small] | INFO | epoch 001/100 | train_loss 1.4747 train_acc 0.4540 | val_loss 1.0463 val_acc 0.6175 (00:00:03)
15:01:19 | sup[vit_small] | INFO | epoch 002/100 | train_loss 1.0995 train_acc 0.5824 | val_loss 0.8257 val_acc 0.6903 (00:00:02)
15:01:21 | sup[vit_small] | INFO | epoch 003/100 | train_loss 0.9596 train_acc 0.6438 | val_loss 0.6854 val_acc 0.7555 (00:00:02)
15:01:24 | sup[vit_small] | INFO | epoch 004/100 | train_loss 0.8658 train_acc 0.6815 | val_loss 0.7237 val_acc 0.7329 (00:00:02)
15:01:27 | sup[vit_small] | INFO | epoch 005/100 | train_loss 0.7531 train_acc 0.7279 | val_loss 0.9572 val_acc 0.6840 (00:00:02)
15:01:29 | sup[vit_small] | INFO | epoch 006/100 | train_loss 0.7484 train_acc 0.7301 | val_loss 0.5980 val_acc 0.7886 (00:00:02)
15:01:32 | sup[vit_small] | INFO | epoch 007/100 | train_loss 0.6969 train_acc 0.7451 | val_loss 0.5690 val_acc 0.7957 (00:00:02)
15:01:34 | sup[vit_small] | INFO | epoch 008/100 | train_loss 0.6870 train_acc 0.7439 | val_loss 0.5845 val_acc 0.7913 (00:00:02)
15:01:37 | sup[vit_small] | INFO | epoch 009/100 | train_loss 0.7104 train_acc 0.7379 | val_loss 0.5873 val_acc 0.7949 (00:00:02)
15:01:40 | sup[vit_small] | INFO | epoch 010/100 | train_loss 0.6916 train_acc 0.7506 | val_loss 0.5598 val_acc 0.7954 (00:00:02)
15:01:43 | sup[vit_small] | INFO | epoch 011/100 | train_loss 0.6800 train_acc 0.7503 | val_loss 0.5764 val_acc 0.7928 (00:00:02)
15:01:45 | sup[vit_small] | INFO | epoch 012/100 | train_loss 0.6314 train_acc 0.7693 | val_loss 0.5836 val_acc 0.7873 (00:00:02)
15:01:48 | sup[vit_small] | INFO | epoch 013/100 | train_loss 0.6493 train_acc 0.7635 | val_loss 0.5795 val_acc 0.7937 (00:00:02)
15:01:50 | sup[vit_small] | INFO | epoch 014/100 | train_loss 0.6613 train_acc 0.7570 | val_loss 0.5691 val_acc 0.7937 (00:00:02)
15:01:53 | sup[vit_small] | INFO | epoch 015/100 | train_loss 0.6562 train_acc 0.7571 | val_loss 0.5578 val_acc 0.7888 (00:00:02)
15:01:56 | sup[vit_small] | INFO | epoch 016/100 | train_loss 0.6327 train_acc 0.7677 | val_loss 0.6051 val_acc 0.7842 (00:00:02)
15:01:58 | sup[vit_small] | INFO | epoch 017/100 | train_loss 0.6324 train_acc 0.7663 | val_loss 0.5526 val_acc 0.8065 (00:00:02)
15:02:01 | sup[vit_small] | INFO | epoch 018/100 | train_loss 0.6427 train_acc 0.7574 | val_loss 0.5900 val_acc 0.7854 (00:00:02)
15:02:03 | sup[vit_small] | INFO | epoch 019/100 | train_loss 0.6163 train_acc 0.7731 | val_loss 0.5165 val_acc 0.8116 (00:00:02)
15:02:06 | sup[vit_small] | INFO | epoch 020/100 | train_loss 0.5907 train_acc 0.7811 | val_loss 0.5276 val_acc 0.8032 (00:00:02)
15:02:08 | sup[vit_small] | INFO | epoch 021/100 | train_loss 0.6595 train_acc 0.7588 | val_loss 0.5889 val_acc 0.7786 (00:00:02)
15:02:11 | sup[vit_small] | INFO | epoch 022/100 | train_loss 0.6717 train_acc 0.7531 | val_loss 0.6094 val_acc 0.7799 (00:00:03)
15:02:14 | sup[vit_small] | INFO | epoch 023/100 | train_loss 0.6637 train_acc 0.7523 | val_loss 0.5967 val_acc 0.7773 (00:00:02)
15:02:16 | sup[vit_small] | INFO | epoch 024/100 | train_loss 0.6507 train_acc 0.7616 | val_loss 0.5359 val_acc 0.8033 (00:00:02)
15:02:19 | sup[vit_small] | INFO | epoch 025/100 | train_loss 0.6267 train_acc 0.7680 | val_loss 0.6061 val_acc 0.7776 (00:00:02)
15:02:21 | sup[vit_small] | INFO | epoch 026/100 | train_loss 0.6692 train_acc 0.7544 | val_loss 0.5516 val_acc 0.7991 (00:00:02)
15:02:24 | sup[vit_small] | INFO | epoch 027/100 | train_loss 0.6303 train_acc 0.7676 | val_loss 0.5916 val_acc 0.7770 (00:00:02)
15:02:27 | sup[vit_small] | INFO | epoch 028/100 | train_loss 0.6474 train_acc 0.7623 | val_loss 0.5473 val_acc 0.8056 (00:00:02)
15:02:29 | sup[vit_small] | INFO | epoch 029/100 | train_loss 0.6515 train_acc 0.7616 | val_loss 0.5838 val_acc 0.7854 (00:00:02)
15:02:33 | sup[vit_small] | INFO | epoch 030/100 | train_loss 0.6338 train_acc 0.7674 | val_loss 0.5666 val_acc 0.7946 (00:00:03)
15:02:35 | sup[vit_small] | INFO | epoch 031/100 | train_loss 0.6104 train_acc 0.7733 | val_loss 0.5410 val_acc 0.7988 (00:00:02)
15:02:38 | sup[vit_small] | INFO | epoch 032/100 | train_loss 0.6080 train_acc 0.7762 | val_loss 0.5345 val_acc 0.8008 (00:00:03)
15:02:41 | sup[vit_small] | INFO | epoch 033/100 | train_loss 0.6053 train_acc 0.7754 | val_loss 0.5407 val_acc 0.7929 (00:00:02)
15:02:44 | sup[vit_small] | INFO | epoch 034/100 | train_loss 0.5981 train_acc 0.7823 | val_loss 0.5265 val_acc 0.8037 (00:00:02)
15:02:47 | sup[vit_small] | INFO | epoch 035/100 | train_loss 0.5758 train_acc 0.7863 | val_loss 0.5107 val_acc 0.8166 (00:00:02)
15:02:49 | sup[vit_small] | INFO | epoch 036/100 | train_loss 0.5812 train_acc 0.7846 | val_loss 0.5286 val_acc 0.8061 (00:00:02)
15:02:52 | sup[vit_small] | INFO | epoch 037/100 | train_loss 0.5762 train_acc 0.7932 | val_loss 0.5073 val_acc 0.8126 (00:00:02)
15:02:54 | sup[vit_small] | INFO | epoch 038/100 | train_loss 0.5510 train_acc 0.7943 | val_loss 0.4817 val_acc 0.8203 (00:00:02)
15:02:57 | sup[vit_small] | INFO | epoch 039/100 | train_loss 0.5690 train_acc 0.7852 | val_loss 0.5732 val_acc 0.7892 (00:00:02)
15:03:00 | sup[vit_small] | INFO | epoch 040/100 | train_loss 0.5686 train_acc 0.7885 | val_loss 0.5360 val_acc 0.8011 (00:00:02)
15:03:02 | sup[vit_small] | INFO | epoch 041/100 | train_loss 0.5485 train_acc 0.7990 | val_loss 0.4580 val_acc 0.8310 (00:00:02)
15:03:05 | sup[vit_small] | INFO | epoch 042/100 | train_loss 0.5676 train_acc 0.7799 | val_loss 0.5031 val_acc 0.8177 (00:00:02)
15:03:07 | sup[vit_small] | INFO | epoch 043/100 | train_loss 0.5607 train_acc 0.7907 | val_loss 0.4931 val_acc 0.8230 (00:00:02)
15:03:10 | sup[vit_small] | INFO | epoch 044/100 | train_loss 0.5632 train_acc 0.7933 | val_loss 0.4960 val_acc 0.8195 (00:00:02)
15:03:13 | sup[vit_small] | INFO | epoch 045/100 | train_loss 0.5277 train_acc 0.8058 | val_loss 0.4834 val_acc 0.8239 (00:00:02)
15:03:15 | sup[vit_small] | INFO | epoch 046/100 | train_loss 0.5184 train_acc 0.8078 | val_loss 0.4789 val_acc 0.8254 (00:00:02)
15:03:18 | sup[vit_small] | INFO | epoch 047/100 | train_loss 0.5269 train_acc 0.8049 | val_loss 0.4953 val_acc 0.8205 (00:00:02)
15:03:20 | sup[vit_small] | INFO | epoch 048/100 | train_loss 0.5306 train_acc 0.8071 | val_loss 0.4601 val_acc 0.8300 (00:00:02)
15:03:23 | sup[vit_small] | INFO | epoch 049/100 | train_loss 0.5126 train_acc 0.8144 | val_loss 0.4622 val_acc 0.8322 (00:00:02)
15:03:26 | sup[vit_small] | INFO | epoch 050/100 | train_loss 0.5017 train_acc 0.8164 | val_loss 0.4468 val_acc 0.8344 (00:00:03)
15:03:29 | sup[vit_small] | INFO | epoch 051/100 | train_loss 0.4985 train_acc 0.8184 | val_loss 0.4753 val_acc 0.8281 (00:00:02)
15:03:32 | sup[vit_small] | INFO | epoch 052/100 | train_loss 0.4942 train_acc 0.8201 | val_loss 0.4700 val_acc 0.8269 (00:00:02)
15:03:34 | sup[vit_small] | INFO | epoch 053/100 | train_loss 0.5099 train_acc 0.8174 | val_loss 0.4625 val_acc 0.8299 (00:00:02)
15:03:37 | sup[vit_small] | INFO | epoch 054/100 | train_loss 0.4903 train_acc 0.8163 | val_loss 0.4054 val_acc 0.8541 (00:00:02)
15:03:40 | sup[vit_small] | INFO | epoch 055/100 | train_loss 0.4442 train_acc 0.8390 | val_loss 0.3831 val_acc 0.8609 (00:00:02)
15:03:42 | sup[vit_small] | INFO | epoch 056/100 | train_loss 0.4440 train_acc 0.8365 | val_loss 0.3761 val_acc 0.8635 (00:00:02)
15:03:45 | sup[vit_small] | INFO | epoch 057/100 | train_loss 0.4303 train_acc 0.8412 | val_loss 0.3735 val_acc 0.8609 (00:00:02)
15:03:47 | sup[vit_small] | INFO | epoch 058/100 | train_loss 0.4325 train_acc 0.8401 | val_loss 0.3791 val_acc 0.8585 (00:00:02)
15:03:50 | sup[vit_small] | INFO | epoch 059/100 | train_loss 0.4305 train_acc 0.8464 | val_loss 0.3690 val_acc 0.8654 (00:00:02)
15:03:53 | sup[vit_small] | INFO | epoch 060/100 | train_loss 0.4016 train_acc 0.8506 | val_loss 0.4067 val_acc 0.8519 (00:00:02)
15:03:56 | sup[vit_small] | INFO | epoch 061/100 | train_loss 0.4061 train_acc 0.8491 | val_loss 0.3539 val_acc 0.8709 (00:00:02)
15:03:58 | sup[vit_small] | INFO | epoch 062/100 | train_loss 0.3950 train_acc 0.8603 | val_loss 0.3536 val_acc 0.8699 (00:00:02)
15:04:01 | sup[vit_small] | INFO | epoch 063/100 | train_loss 0.3928 train_acc 0.8501 | val_loss 0.3785 val_acc 0.8594 (00:00:02)
15:04:03 | sup[vit_small] | INFO | epoch 064/100 | train_loss 0.4052 train_acc 0.8490 | val_loss 0.3620 val_acc 0.8690 (00:00:02)
15:04:06 | sup[vit_small] | INFO | epoch 065/100 | train_loss 0.3884 train_acc 0.8592 | val_loss 0.3602 val_acc 0.8698 (00:00:02)
15:04:08 | sup[vit_small] | INFO | epoch 066/100 | train_loss 0.3721 train_acc 0.8650 | val_loss 0.3408 val_acc 0.8784 (00:00:02)
15:04:11 | sup[vit_small] | INFO | epoch 067/100 | train_loss 0.3703 train_acc 0.8623 | val_loss 0.3288 val_acc 0.8838 (00:00:02)
15:04:14 | sup[vit_small] | INFO | epoch 068/100 | train_loss 0.3585 train_acc 0.8723 | val_loss 0.3278 val_acc 0.8805 (00:00:02)
15:04:16 | sup[vit_small] | INFO | epoch 069/100 | train_loss 0.3601 train_acc 0.8679 | val_loss 0.3131 val_acc 0.8852 (00:00:02)
15:04:19 | sup[vit_small] | INFO | epoch 070/100 | train_loss 0.3505 train_acc 0.8731 | val_loss 0.3207 val_acc 0.8856 (00:00:02)
15:04:21 | sup[vit_small] | INFO | epoch 071/100 | train_loss 0.3491 train_acc 0.8696 | val_loss 0.2982 val_acc 0.8903 (00:00:02)
15:04:24 | sup[vit_small] | INFO | epoch 072/100 | train_loss 0.3381 train_acc 0.8778 | val_loss 0.3084 val_acc 0.8889 (00:00:02)
15:04:27 | sup[vit_small] | INFO | epoch 073/100 | train_loss 0.3242 train_acc 0.8863 | val_loss 0.3192 val_acc 0.8842 (00:00:02)
15:04:30 | sup[vit_small] | INFO | epoch 074/100 | train_loss 0.3375 train_acc 0.8778 | val_loss 0.3098 val_acc 0.8887 (00:00:02)
15:04:32 | sup[vit_small] | INFO | epoch 075/100 | train_loss 0.3268 train_acc 0.8810 | val_loss 0.2942 val_acc 0.8960 (00:00:02)
15:04:34 | sup[vit_small] | INFO | epoch 076/100 | train_loss 0.3166 train_acc 0.8827 | val_loss 0.3042 val_acc 0.8930 (00:00:02)
15:04:37 | sup[vit_small] | INFO | epoch 077/100 | train_loss 0.3168 train_acc 0.8850 | val_loss 0.2852 val_acc 0.9019 (00:00:02)
15:04:39 | sup[vit_small] | INFO | epoch 078/100 | train_loss 0.3098 train_acc 0.8882 | val_loss 0.2906 val_acc 0.8968 (00:00:02)
15:04:42 | sup[vit_small] | INFO | epoch 079/100 | train_loss 0.3004 train_acc 0.8906 | val_loss 0.2840 val_acc 0.9009 (00:00:02)
15:04:45 | sup[vit_small] | INFO | epoch 080/100 | train_loss 0.3052 train_acc 0.8881 | val_loss 0.2785 val_acc 0.8998 (00:00:02)
15:04:48 | sup[vit_small] | INFO | epoch 081/100 | train_loss 0.2895 train_acc 0.8971 | val_loss 0.2712 val_acc 0.9055 (00:00:02)
15:04:50 | sup[vit_small] | INFO | epoch 082/100 | train_loss 0.2911 train_acc 0.8935 | val_loss 0.2738 val_acc 0.9005 (00:00:02)
15:04:52 | sup[vit_small] | INFO | epoch 083/100 | train_loss 0.2816 train_acc 0.8977 | val_loss 0.2717 val_acc 0.9035 (00:00:02)
15:04:55 | sup[vit_small] | INFO | epoch 084/100 | train_loss 0.2773 train_acc 0.9001 | val_loss 0.2717 val_acc 0.9031 (00:00:02)
15:04:58 | sup[vit_small] | INFO | epoch 085/100 | train_loss 0.2800 train_acc 0.8969 | val_loss 0.2715 val_acc 0.9033 (00:00:02)
15:05:00 | sup[vit_small] | INFO | epoch 086/100 | train_loss 0.2797 train_acc 0.8977 | val_loss 0.2808 val_acc 0.8995 (00:00:02)
15:05:03 | sup[vit_small] | INFO | epoch 087/100 | train_loss 0.2822 train_acc 0.8965 | val_loss 0.2653 val_acc 0.9088 (00:00:02)
15:05:06 | sup[vit_small] | INFO | epoch 088/100 | train_loss 0.2724 train_acc 0.9015 | val_loss 0.2685 val_acc 0.9050 (00:00:02)
15:05:08 | sup[vit_small] | INFO | epoch 089/100 | train_loss 0.2645 train_acc 0.9044 | val_loss 0.2700 val_acc 0.9041 (00:00:02)
15:05:11 | sup[vit_small] | INFO | epoch 090/100 | train_loss 0.2748 train_acc 0.9023 | val_loss 0.2648 val_acc 0.9062 (00:00:02)
15:05:13 | sup[vit_small] | INFO | epoch 091/100 | train_loss 0.2667 train_acc 0.9021 | val_loss 0.2630 val_acc 0.9080 (00:00:02)
15:05:16 | sup[vit_small] | INFO | epoch 092/100 | train_loss 0.2624 train_acc 0.9046 | val_loss 0.2619 val_acc 0.9064 (00:00:02)
15:05:18 | sup[vit_small] | INFO | epoch 093/100 | train_loss 0.2602 train_acc 0.9069 | val_loss 0.2574 val_acc 0.9088 (00:00:02)
15:05:21 | sup[vit_small] | INFO | epoch 094/100 | train_loss 0.2644 train_acc 0.9060 | val_loss 0.2553 val_acc 0.9112 (00:00:02)
15:05:24 | sup[vit_small] | INFO | epoch 095/100 | train_loss 0.2579 train_acc 0.9060 | val_loss 0.2536 val_acc 0.9097 (00:00:02)
15:05:26 | sup[vit_small] | INFO | epoch 096/100 | train_loss 0.2650 train_acc 0.9047 | val_loss 0.2563 val_acc 0.9093 (00:00:02)
15:05:29 | sup[vit_small] | INFO | epoch 097/100 | train_loss 0.2620 train_acc 0.9066 | val_loss 0.2559 val_acc 0.9094 (00:00:02)
15:05:31 | sup[vit_small] | INFO | epoch 098/100 | train_loss 0.2614 train_acc 0.9078 | val_loss 0.2579 val_acc 0.9070 (00:00:02)
15:05:34 | sup[vit_small] | INFO | epoch 099/100 | train_loss 0.2548 train_acc 0.9086 | val_loss 0.2573 val_acc 0.9092 (00:00:02)
15:05:37 | sup[vit_small] | INFO | epoch 100/100 | train_loss 0.2608 train_acc 0.9068 | val_loss 0.2569 val_acc 0.9083 (00:00:02)
15:05:37 | sup[vit_small] | INFO | Total supervised training: 00:04:24 (best val_acc 0.9112)

15:24:02 | eval[Supervised-10pct/vit_small] | INFO | Loaded backbone weights from runs/sup-vit_small-ep100-bs256-seed42-frac10/backbone_final.pt
15:24:03 | eval[Supervised-10pct/vit_small] | INFO | Extracting features for kNN / t-SNE / UMAP...
15:24:19 | eval[Supervised-10pct/vit_small] | INFO | kNN(k=20) top-1: 0.8447
/workspace/vcl_pathmnist/.venv/lib/python3.12/site-packages/umap/umap_.py:1952: UserWarning: n_jobs value 1 overridden to 1 by setting random_state. Use no seed for parallelism.
  warn(
15:24:50 | eval[Supervised-10pct/vit_small] | INFO | Saved t-SNE / UMAP plots.
15:25:04 | probe[linear/vit_small] | INFO | Loaded backbone weights — missing: 0, unexpected: 0
15:25:19 | probe[linear/vit_small] | INFO | [linear] epoch 001/30 | train_loss 0.9128 train_acc 0.7089 | val_loss 0.2734 val_acc 0.9049
15:25:33 | probe[linear/vit_small] | INFO | [linear] epoch 002/30 | train_loss 0.3125 train_acc 0.8895 | val_loss 0.2602 val_acc 0.9074
15:25:47 | probe[linear/vit_small] | INFO | [linear] epoch 003/30 | train_loss 0.3086 train_acc 0.8910 | val_loss 0.2558 val_acc 0.9106
15:26:00 | probe[linear/vit_small] | INFO | [linear] epoch 004/30 | train_loss 0.3055 train_acc 0.8920 | val_loss 0.2572 val_acc 0.9077
15:26:14 | probe[linear/vit_small] | INFO | [linear] epoch 005/30 | train_loss 0.3047 train_acc 0.8922 | val_loss 0.2551 val_acc 0.9092
15:26:28 | probe[linear/vit_small] | INFO | [linear] epoch 006/30 | train_loss 0.3047 train_acc 0.8920 | val_loss 0.2557 val_acc 0.9083
15:26:42 | probe[linear/vit_small] | INFO | [linear] epoch 007/30 | train_loss 0.3042 train_acc 0.8925 | val_loss 0.2536 val_acc 0.9101
15:26:56 | probe[linear/vit_small] | INFO | [linear] epoch 008/30 | train_loss 0.3035 train_acc 0.8928 | val_loss 0.2565 val_acc 0.9083
15:27:10 | probe[linear/vit_small] | INFO | [linear] epoch 009/30 | train_loss 0.3052 train_acc 0.8923 | val_loss 0.2537 val_acc 0.9078
15:27:25 | probe[linear/vit_small] | INFO | [linear] epoch 010/30 | train_loss 0.3055 train_acc 0.8922 | val_loss 0.2539 val_acc 0.9098
15:27:39 | probe[linear/vit_small] | INFO | [linear] epoch 011/30 | train_loss 0.3055 train_acc 0.8915 | val_loss 0.2524 val_acc 0.9107
15:27:54 | probe[linear/vit_small] | INFO | [linear] epoch 012/30 | train_loss 0.3033 train_acc 0.8928 | val_loss 0.2514 val_acc 0.9124
15:28:08 | probe[linear/vit_small] | INFO | [linear] epoch 013/30 | train_loss 0.3028 train_acc 0.8926 | val_loss 0.2547 val_acc 0.9077
15:28:22 | probe[linear/vit_small] | INFO | [linear] epoch 014/30 | train_loss 0.3032 train_acc 0.8923 | val_loss 0.2499 val_acc 0.9113
15:28:36 | probe[linear/vit_small] | INFO | [linear] epoch 015/30 | train_loss 0.3036 train_acc 0.8923 | val_loss 0.2502 val_acc 0.9104
15:28:50 | probe[linear/vit_small] | INFO | [linear] epoch 016/30 | train_loss 0.3013 train_acc 0.8932 | val_loss 0.2524 val_acc 0.9102
15:29:04 | probe[linear/vit_small] | INFO | [linear] epoch 017/30 | train_loss 0.3004 train_acc 0.8925 | val_loss 0.2480 val_acc 0.9131
15:29:18 | probe[linear/vit_small] | INFO | [linear] epoch 018/30 | train_loss 0.3023 train_acc 0.8932 | val_loss 0.2487 val_acc 0.9112
15:29:33 | probe[linear/vit_small] | INFO | [linear] epoch 019/30 | train_loss 0.2979 train_acc 0.8946 | val_loss 0.2502 val_acc 0.9110
15:29:47 | probe[linear/vit_small] | INFO | [linear] epoch 020/30 | train_loss 0.2989 train_acc 0.8941 | val_loss 0.2490 val_acc 0.9120
15:30:01 | probe[linear/vit_small] | INFO | [linear] epoch 021/30 | train_loss 0.3012 train_acc 0.8934 | val_loss 0.2511 val_acc 0.9108
15:30:14 | probe[linear/vit_small] | INFO | [linear] epoch 022/30 | train_loss 0.2975 train_acc 0.8945 | val_loss 0.2477 val_acc 0.9124
15:30:28 | probe[linear/vit_small] | INFO | [linear] epoch 023/30 | train_loss 0.2974 train_acc 0.8953 | val_loss 0.2480 val_acc 0.9121
15:30:42 | probe[linear/vit_small] | INFO | [linear] epoch 024/30 | train_loss 0.2990 train_acc 0.8945 | val_loss 0.2485 val_acc 0.9120
15:30:56 | probe[linear/vit_small] | INFO | [linear] epoch 025/30 | train_loss 0.2975 train_acc 0.8938 | val_loss 0.2474 val_acc 0.9126
15:31:10 | probe[linear/vit_small] | INFO | [linear] epoch 026/30 | train_loss 0.2968 train_acc 0.8948 | val_loss 0.2478 val_acc 0.9121
15:31:25 | probe[linear/vit_small] | INFO | [linear] epoch 027/30 | train_loss 0.2977 train_acc 0.8942 | val_loss 0.2484 val_acc 0.9116
15:31:39 | probe[linear/vit_small] | INFO | [linear] epoch 028/30 | train_loss 0.2963 train_acc 0.8957 | val_loss 0.2477 val_acc 0.9124
15:31:53 | probe[linear/vit_small] | INFO | [linear] epoch 029/30 | train_loss 0.2979 train_acc 0.8930 | val_loss 0.2479 val_acc 0.9119
15:32:07 | probe[linear/vit_small] | INFO | [linear] epoch 030/30 | train_loss 0.3000 train_acc 0.8931 | val_loss 0.2479 val_acc 0.9120
15:32:07 | probe[linear/vit_small] | INFO | [linear] done in 00:07:02 | best val_acc 0.9131
15:32:08 | eval[Supervised-10pct/vit_small] | INFO | Linear test acc 0.8391 | bal-acc 0.7896 | f1-macro 0.7791 | AUC 0.9812951291417225
15:32:23 | probe[finetune_10pct/vit_small] | INFO | Loaded backbone weights — missing: 0, unexpected: 0
15:32:26 | probe[finetune_10pct/vit_small] | INFO | [finetune_10pct] epoch 001/30 | train_loss 1.5434 train_acc 0.4884 | val_loss 0.5093 val_acc 0.8428
15:32:29 | probe[finetune_10pct/vit_small] | INFO | [finetune_10pct] epoch 002/30 | train_loss 0.4404 train_acc 0.8438 | val_loss 0.3663 val_acc 0.8688
15:32:32 | probe[finetune_10pct/vit_small] | INFO | [finetune_10pct] epoch 003/30 | train_loss 0.3855 train_acc 0.8629 | val_loss 0.3394 val_acc 0.8811
15:32:35 | probe[finetune_10pct/vit_small] | INFO | [finetune_10pct] epoch 004/30 | train_loss 0.3645 train_acc 0.8689 | val_loss 0.3275 val_acc 0.8868
15:32:37 | probe[finetune_10pct/vit_small] | INFO | [finetune_10pct] epoch 005/30 | train_loss 0.3600 train_acc 0.8722 | val_loss 0.3202 val_acc 0.8862
15:32:40 | probe[finetune_10pct/vit_small] | INFO | [finetune_10pct] epoch 006/30 | train_loss 0.3373 train_acc 0.8807 | val_loss 0.3127 val_acc 0.8900
15:32:43 | probe[finetune_10pct/vit_small] | INFO | [finetune_10pct] epoch 007/30 | train_loss 0.3399 train_acc 0.8800 | val_loss 0.2913 val_acc 0.8972
15:32:46 | probe[finetune_10pct/vit_small] | INFO | [finetune_10pct] epoch 008/30 | train_loss 0.3187 train_acc 0.8838 | val_loss 0.3040 val_acc 0.8916
15:32:48 | probe[finetune_10pct/vit_small] | INFO | [finetune_10pct] epoch 009/30 | train_loss 0.3387 train_acc 0.8792 | val_loss 0.3163 val_acc 0.8864
15:32:51 | probe[finetune_10pct/vit_small] | INFO | [finetune_10pct] epoch 010/30 | train_loss 0.3269 train_acc 0.8846 | val_loss 0.3034 val_acc 0.8899
15:32:53 | probe[finetune_10pct/vit_small] | INFO | [finetune_10pct] epoch 011/30 | train_loss 0.3168 train_acc 0.8853 | val_loss 0.2902 val_acc 0.8970
15:32:56 | probe[finetune_10pct/vit_small] | INFO | [finetune_10pct] epoch 012/30 | train_loss 0.3114 train_acc 0.8858 | val_loss 0.3013 val_acc 0.8922
15:32:59 | probe[finetune_10pct/vit_small] | INFO | [finetune_10pct] epoch 013/30 | train_loss 0.3149 train_acc 0.8866 | val_loss 0.2951 val_acc 0.8954
15:33:01 | probe[finetune_10pct/vit_small] | INFO | [finetune_10pct] epoch 014/30 | train_loss 0.2926 train_acc 0.8961 | val_loss 0.2823 val_acc 0.8978
15:33:04 | probe[finetune_10pct/vit_small] | INFO | [finetune_10pct] epoch 015/30 | train_loss 0.2891 train_acc 0.8987 | val_loss 0.2629 val_acc 0.9097
15:33:07 | probe[finetune_10pct/vit_small] | INFO | [finetune_10pct] epoch 016/30 | train_loss 0.2893 train_acc 0.8934 | val_loss 0.2865 val_acc 0.9001
15:33:09 | probe[finetune_10pct/vit_small] | INFO | [finetune_10pct] epoch 017/30 | train_loss 0.2834 train_acc 0.8993 | val_loss 0.2660 val_acc 0.9077
15:33:12 | probe[finetune_10pct/vit_small] | INFO | [finetune_10pct] epoch 018/30 | train_loss 0.2810 train_acc 0.8969 | val_loss 0.2615 val_acc 0.9096
15:33:15 | probe[finetune_10pct/vit_small] | INFO | [finetune_10pct] epoch 019/30 | train_loss 0.2767 train_acc 0.8968 | val_loss 0.2572 val_acc 0.9119
15:33:18 | probe[finetune_10pct/vit_small] | INFO | [finetune_10pct] epoch 020/30 | train_loss 0.2739 train_acc 0.9009 | val_loss 0.2491 val_acc 0.9125
15:33:20 | probe[finetune_10pct/vit_small] | INFO | [finetune_10pct] epoch 021/30 | train_loss 0.2567 train_acc 0.9064 | val_loss 0.2516 val_acc 0.9116
15:33:23 | probe[finetune_10pct/vit_small] | INFO | [finetune_10pct] epoch 022/30 | train_loss 0.2615 train_acc 0.9044 | val_loss 0.2536 val_acc 0.9112
15:33:26 | probe[finetune_10pct/vit_small] | INFO | [finetune_10pct] epoch 023/30 | train_loss 0.2469 train_acc 0.9099 | val_loss 0.2515 val_acc 0.9130
15:33:29 | probe[finetune_10pct/vit_small] | INFO | [finetune_10pct] epoch 024/30 | train_loss 0.2516 train_acc 0.9127 | val_loss 0.2467 val_acc 0.9144
15:33:32 | probe[finetune_10pct/vit_small] | INFO | [finetune_10pct] epoch 025/30 | train_loss 0.2474 train_acc 0.9124 | val_loss 0.2465 val_acc 0.9144
15:33:35 | probe[finetune_10pct/vit_small] | INFO | [finetune_10pct] epoch 026/30 | train_loss 0.2404 train_acc 0.9148 | val_loss 0.2451 val_acc 0.9136
15:33:37 | probe[finetune_10pct/vit_small] | INFO | [finetune_10pct] epoch 027/30 | train_loss 0.2409 train_acc 0.9141 | val_loss 0.2452 val_acc 0.9133
15:33:40 | probe[finetune_10pct/vit_small] | INFO | [finetune_10pct] epoch 028/30 | train_loss 0.2407 train_acc 0.9147 | val_loss 0.2427 val_acc 0.9143
15:33:43 | probe[finetune_10pct/vit_small] | INFO | [finetune_10pct] epoch 029/30 | train_loss 0.2330 train_acc 0.9180 | val_loss 0.2425 val_acc 0.9159
15:33:45 | probe[finetune_10pct/vit_small] | INFO | [finetune_10pct] epoch 030/30 | train_loss 0.2425 train_acc 0.9112 | val_loss 0.2424 val_acc 0.9148
15:33:45 | probe[finetune_10pct/vit_small] | INFO | [finetune_10pct] done in 00:01:22 | best val_acc 0.9159
15:33:46 | eval[Supervised-10pct/vit_small] | INFO | Low-shot 10.0% (n=9000) -> test acc 0.8404 | bal-acc 0.7938 | f1-macro 0.7803
15:34:01 | probe[finetune_1pct/vit_small] | INFO | Loaded backbone weights — missing: 0, unexpected: 0
15:34:03 | probe[finetune_1pct/vit_small] | INFO | [finetune_1pct] epoch 001/30 | train_loss 2.3001 train_acc 0.1232 | val_loss 1.9150 val_acc 0.4373
15:34:04 | probe[finetune_1pct/vit_small] | INFO | [finetune_1pct] epoch 002/30 | train_loss 1.6936 train_acc 0.5094 | val_loss 1.1261 val_acc 0.6933
15:34:06 | probe[finetune_1pct/vit_small] | INFO | [finetune_1pct] epoch 003/30 | train_loss 1.0136 train_acc 0.7170 | val_loss 0.6765 val_acc 0.7987
15:34:08 | probe[finetune_1pct/vit_small] | INFO | [finetune_1pct] epoch 004/30 | train_loss 0.6995 train_acc 0.7680 | val_loss 0.5145 val_acc 0.8223
15:34:10 | probe[finetune_1pct/vit_small] | INFO | [finetune_1pct] epoch 005/30 | train_loss 0.5697 train_acc 0.8069 | val_loss 0.4429 val_acc 0.8469
15:34:11 | probe[finetune_1pct/vit_small] | INFO | [finetune_1pct] epoch 006/30 | train_loss 0.4806 train_acc 0.8335 | val_loss 0.4149 val_acc 0.8548
15:34:13 | probe[finetune_1pct/vit_small] | INFO | [finetune_1pct] epoch 007/30 | train_loss 0.4746 train_acc 0.8380 | val_loss 0.4055 val_acc 0.8576
15:34:15 | probe[finetune_1pct/vit_small] | INFO | [finetune_1pct] epoch 008/30 | train_loss 0.4885 train_acc 0.8380 | val_loss 0.3836 val_acc 0.8667
15:34:16 | probe[finetune_1pct/vit_small] | INFO | [finetune_1pct] epoch 009/30 | train_loss 0.4035 train_acc 0.8491 | val_loss 0.3714 val_acc 0.8684
15:34:18 | probe[finetune_1pct/vit_small] | INFO | [finetune_1pct] epoch 010/30 | train_loss 0.4314 train_acc 0.8446 | val_loss 0.4275 val_acc 0.8453
15:34:19 | probe[finetune_1pct/vit_small] | INFO | [finetune_1pct] epoch 011/30 | train_loss 0.4238 train_acc 0.8380 | val_loss 0.3828 val_acc 0.8660
15:34:21 | probe[finetune_1pct/vit_small] | INFO | [finetune_1pct] epoch 012/30 | train_loss 0.3811 train_acc 0.8546 | val_loss 0.3691 val_acc 0.8687
15:34:23 | probe[finetune_1pct/vit_small] | INFO | [finetune_1pct] epoch 013/30 | train_loss 0.3781 train_acc 0.8568 | val_loss 0.3651 val_acc 0.8706
15:34:24 | probe[finetune_1pct/vit_small] | INFO | [finetune_1pct] epoch 014/30 | train_loss 0.3990 train_acc 0.8557 | val_loss 0.3759 val_acc 0.8678
15:34:26 | probe[finetune_1pct/vit_small] | INFO | [finetune_1pct] epoch 015/30 | train_loss 0.3623 train_acc 0.8624 | val_loss 0.3573 val_acc 0.8741
15:34:27 | probe[finetune_1pct/vit_small] | INFO | [finetune_1pct] epoch 016/30 | train_loss 0.3503 train_acc 0.8812 | val_loss 0.3598 val_acc 0.8766
15:34:29 | probe[finetune_1pct/vit_small] | INFO | [finetune_1pct] epoch 017/30 | train_loss 0.3564 train_acc 0.8635 | val_loss 0.3537 val_acc 0.8757
15:34:31 | probe[finetune_1pct/vit_small] | INFO | [finetune_1pct] epoch 018/30 | train_loss 0.3732 train_acc 0.8624 | val_loss 0.3595 val_acc 0.8711
15:34:32 | probe[finetune_1pct/vit_small] | INFO | [finetune_1pct] epoch 019/30 | train_loss 0.3876 train_acc 0.8568 | val_loss 0.3574 val_acc 0.8710
15:34:34 | probe[finetune_1pct/vit_small] | INFO | [finetune_1pct] epoch 020/30 | train_loss 0.3695 train_acc 0.8746 | val_loss 0.3552 val_acc 0.8739
15:34:35 | probe[finetune_1pct/vit_small] | INFO | [finetune_1pct] epoch 021/30 | train_loss 0.3360 train_acc 0.8801 | val_loss 0.3558 val_acc 0.8720
15:34:37 | probe[finetune_1pct/vit_small] | INFO | [finetune_1pct] epoch 022/30 | train_loss 0.3454 train_acc 0.8713 | val_loss 0.3522 val_acc 0.8746
15:34:38 | probe[finetune_1pct/vit_small] | INFO | [finetune_1pct] epoch 023/30 | train_loss 0.3480 train_acc 0.8746 | val_loss 0.3444 val_acc 0.8785
15:34:40 | probe[finetune_1pct/vit_small] | INFO | [finetune_1pct] epoch 024/30 | train_loss 0.3316 train_acc 0.8857 | val_loss 0.3374 val_acc 0.8799
15:34:42 | probe[finetune_1pct/vit_small] | INFO | [finetune_1pct] epoch 025/30 | train_loss 0.3210 train_acc 0.8857 | val_loss 0.3365 val_acc 0.8794
15:34:43 | probe[finetune_1pct/vit_small] | INFO | [finetune_1pct] epoch 026/30 | train_loss 0.3466 train_acc 0.8879 | val_loss 0.3365 val_acc 0.8790
15:34:45 | probe[finetune_1pct/vit_small] | INFO | [finetune_1pct] epoch 027/30 | train_loss 0.3426 train_acc 0.8846 | val_loss 0.3362 val_acc 0.8803
15:34:46 | probe[finetune_1pct/vit_small] | INFO | [finetune_1pct] epoch 028/30 | train_loss 0.3039 train_acc 0.8968 | val_loss 0.3355 val_acc 0.8809
15:34:48 | probe[finetune_1pct/vit_small] | INFO | [finetune_1pct] epoch 029/30 | train_loss 0.3435 train_acc 0.8757 | val_loss 0.3353 val_acc 0.8808
15:34:49 | probe[finetune_1pct/vit_small] | INFO | [finetune_1pct] epoch 030/30 | train_loss 0.3235 train_acc 0.8779 | val_loss 0.3350 val_acc 0.8808
15:34:49 | probe[finetune_1pct/vit_small] | INFO | [finetune_1pct] done in 00:00:48 | best val_acc 0.8809
15:34:50 | eval[Supervised-10pct/vit_small] | INFO | Low-shot 1.0% (n=901) -> test acc 0.8306 | bal-acc 0.7807 | f1-macro 0.7680
15:34:50 | eval[Supervised-10pct/vit_small] | INFO | Downstream evaluation complete.
