
------------------------------------------------
[VSSL] backbone=resnet50 | 2026-05-09T16:08:32+00:00
------------------------------------------------
16:08:40 | ssl[vssl/resnet50] | INFO | Model: vssl / resnet50 -- params: 30.86M
16:08:55 | ssl[vssl/resnet50] | INFO | ep 001/100 it 50/175 | lr 5.71e-05 | loss -13.4917 | loss_kl -8.6842 | loss_ll 4.8074 | loss_neg_ll -4.8074
16:09:03 | ssl[vssl/resnet50] | INFO | ep 001/100 it 100/175 | lr 1.14e-04 | loss -15.6808 | loss_kl -7.6494 | loss_ll 8.0315 | loss_neg_ll -8.0315
16:09:11 | ssl[vssl/resnet50] | INFO | ep 001/100 it 150/175 | lr 1.71e-04 | loss -17.2866 | loss_kl -7.8963 | loss_ll 9.3903 | loss_neg_ll -9.3903
16:09:15 | ssl[vssl/resnet50] | INFO | epoch 001 done in 00:00:35 | loss -17.8680
16:09:25 | ssl[vssl/resnet50] | INFO | ep 002/100 it 50/175 | lr 2.57e-04 | loss -21.6286 | loss_kl -9.1016 | loss_ll 12.5270 | loss_neg_ll -12.5270
16:09:34 | ssl[vssl/resnet50] | INFO | ep 002/100 it 100/175 | lr 3.14e-04 | loss -21.7111 | loss_kl -9.1516 | loss_ll 12.5595 | loss_neg_ll -12.5595
16:09:42 | ssl[vssl/resnet50] | INFO | ep 002/100 it 150/175 | lr 3.71e-04 | loss -21.7546 | loss_kl -9.1779 | loss_ll 12.5767 | loss_neg_ll -12.5767
16:09:46 | ssl[vssl/resnet50] | INFO | epoch 002 done in 00:00:30 | loss -21.7748
16:09:56 | ssl[vssl/resnet50] | INFO | ep 003/100 it 50/175 | lr 4.57e-04 | loss -21.9442 | loss_kl -9.3001 | loss_ll 12.6441 | loss_neg_ll -12.6441
16:10:05 | ssl[vssl/resnet50] | INFO | ep 003/100 it 100/175 | lr 5.14e-04 | loss -21.9773 | loss_kl -9.3255 | loss_ll 12.6518 | loss_neg_ll -12.6518
16:10:13 | ssl[vssl/resnet50] | INFO | ep 003/100 it 150/175 | lr 5.71e-04 | loss -22.0052 | loss_kl -9.3470 | loss_ll 12.6583 | loss_neg_ll -12.6583
16:10:17 | ssl[vssl/resnet50] | INFO | epoch 003 done in 00:00:30 | loss -22.0217
16:10:27 | ssl[vssl/resnet50] | INFO | ep 004/100 it 50/175 | lr 6.57e-04 | loss -22.1847 | loss_kl -9.4807 | loss_ll 12.7041 | loss_neg_ll -12.7041
16:10:36 | ssl[vssl/resnet50] | INFO | ep 004/100 it 100/175 | lr 7.14e-04 | loss -22.2255 | loss_kl -9.5118 | loss_ll 12.7137 | loss_neg_ll -12.7137
16:10:44 | ssl[vssl/resnet50] | INFO | ep 004/100 it 150/175 | lr 7.71e-04 | loss -22.2606 | loss_kl -9.5415 | loss_ll 12.7191 | loss_neg_ll -12.7191
16:10:48 | ssl[vssl/resnet50] | INFO | epoch 004 done in 00:00:31 | loss -22.2750
16:10:58 | ssl[vssl/resnet50] | INFO | ep 005/100 it 50/175 | lr 8.57e-04 | loss -22.4154 | loss_kl -9.6778 | loss_ll 12.7376 | loss_neg_ll -12.7376
16:11:07 | ssl[vssl/resnet50] | INFO | ep 005/100 it 100/175 | lr 9.14e-04 | loss -22.4451 | loss_kl -9.7022 | loss_ll 12.7429 | loss_neg_ll -12.7429
16:11:15 | ssl[vssl/resnet50] | INFO | ep 005/100 it 150/175 | lr 9.71e-04 | loss -22.4756 | loss_kl -9.7257 | loss_ll 12.7499 | loss_neg_ll -12.7499
16:11:19 | ssl[vssl/resnet50] | INFO | epoch 005 done in 00:00:30 | loss -22.4902
16:11:30 | ssl[vssl/resnet50] | INFO | ep 006/100 it 50/175 | lr 1.00e-03 | loss -22.6253 | loss_kl -9.8359 | loss_ll 12.7894 | loss_neg_ll -12.7894
16:11:38 | ssl[vssl/resnet50] | INFO | ep 006/100 it 100/175 | lr 1.00e-03 | loss -22.6491 | loss_kl -9.8525 | loss_ll 12.7966 | loss_neg_ll -12.7966
16:11:46 | ssl[vssl/resnet50] | INFO | ep 006/100 it 150/175 | lr 1.00e-03 | loss -22.6725 | loss_kl -9.8669 | loss_ll 12.8057 | loss_neg_ll -12.8057
16:11:50 | ssl[vssl/resnet50] | INFO | epoch 006 done in 00:00:31 | loss -22.6825
16:12:01 | ssl[vssl/resnet50] | INFO | ep 007/100 it 50/175 | lr 1.00e-03 | loss -22.7713 | loss_kl -9.9258 | loss_ll 12.8454 | loss_neg_ll -12.8454
16:12:09 | ssl[vssl/resnet50] | INFO | ep 007/100 it 100/175 | lr 9.99e-04 | loss -22.7931 | loss_kl -9.9353 | loss_ll 12.8578 | loss_neg_ll -12.8578
16:12:17 | ssl[vssl/resnet50] | INFO | ep 007/100 it 150/175 | lr 9.99e-04 | loss -22.8146 | loss_kl -9.9452 | loss_ll 12.8695 | loss_neg_ll -12.8695
16:12:21 | ssl[vssl/resnet50] | INFO | epoch 007 done in 00:00:31 | loss -22.8251
16:12:32 | ssl[vssl/resnet50] | INFO | ep 008/100 it 50/175 | lr 9.99e-04 | loss -22.9118 | loss_kl -9.9855 | loss_ll 12.9263 | loss_neg_ll -12.9263
16:12:40 | ssl[vssl/resnet50] | INFO | ep 008/100 it 100/175 | lr 9.98e-04 | loss -22.9273 | loss_kl -9.9918 | loss_ll 12.9355 | loss_neg_ll -12.9355
16:12:48 | ssl[vssl/resnet50] | INFO | ep 008/100 it 150/175 | lr 9.98e-04 | loss -22.9456 | loss_kl -9.9977 | loss_ll 12.9480 | loss_neg_ll -12.9480
16:12:52 | ssl[vssl/resnet50] | INFO | epoch 008 done in 00:00:30 | loss -22.9539
16:13:03 | ssl[vssl/resnet50] | INFO | ep 009/100 it 50/175 | lr 9.97e-04 | loss -23.0335 | loss_kl -10.0283 | loss_ll 13.0052 | loss_neg_ll -13.0052
16:13:11 | ssl[vssl/resnet50] | INFO | ep 009/100 it 100/175 | lr 9.97e-04 | loss -23.0493 | loss_kl -10.0318 | loss_ll 13.0174 | loss_neg_ll -13.0174
16:13:19 | ssl[vssl/resnet50] | INFO | ep 009/100 it 150/175 | lr 9.96e-04 | loss -23.0668 | loss_kl -10.0364 | loss_ll 13.0304 | loss_neg_ll -13.0304
16:13:23 | ssl[vssl/resnet50] | INFO | epoch 009 done in 00:00:30 | loss -23.0765
16:13:34 | ssl[vssl/resnet50] | INFO | ep 010/100 it 50/175 | lr 9.95e-04 | loss -23.1408 | loss_kl -10.0552 | loss_ll 13.0856 | loss_neg_ll -13.0856
16:13:42 | ssl[vssl/resnet50] | INFO | ep 010/100 it 100/175 | lr 9.94e-04 | loss -23.1602 | loss_kl -10.0611 | loss_ll 13.0990 | loss_neg_ll -13.0990
16:13:50 | ssl[vssl/resnet50] | INFO | ep 010/100 it 150/175 | lr 9.94e-04 | loss -23.1686 | loss_kl -10.0623 | loss_ll 13.1063 | loss_neg_ll -13.1063
16:13:55 | ssl[vssl/resnet50] | INFO | epoch 010 done in 00:00:31 | loss -23.1730
16:14:05 | ssl[vssl/resnet50] | INFO | ep 011/100 it 50/175 | lr 9.92e-04 | loss -23.2298 | loss_kl -10.0766 | loss_ll 13.1532 | loss_neg_ll -13.1532
16:14:13 | ssl[vssl/resnet50] | INFO | ep 011/100 it 100/175 | lr 9.92e-04 | loss -23.2381 | loss_kl -10.0776 | loss_ll 13.1604 | loss_neg_ll -13.1604
16:14:22 | ssl[vssl/resnet50] | INFO | ep 011/100 it 150/175 | lr 9.91e-04 | loss -23.2491 | loss_kl -10.0792 | loss_ll 13.1699 | loss_neg_ll -13.1699
16:14:26 | ssl[vssl/resnet50] | INFO | epoch 011 done in 00:00:31 | loss -23.2549
16:14:36 | ssl[vssl/resnet50] | INFO | ep 012/100 it 50/175 | lr 9.89e-04 | loss -23.2894 | loss_kl -10.0841 | loss_ll 13.2053 | loss_neg_ll -13.2053
16:14:45 | ssl[vssl/resnet50] | INFO | ep 012/100 it 100/175 | lr 9.88e-04 | loss -23.3028 | loss_kl -10.0895 | loss_ll 13.2133 | loss_neg_ll -13.2133
16:14:53 | ssl[vssl/resnet50] | INFO | ep 012/100 it 150/175 | lr 9.87e-04 | loss -23.3116 | loss_kl -10.0911 | loss_ll 13.2205 | loss_neg_ll -13.2205
16:14:57 | ssl[vssl/resnet50] | INFO | epoch 012 done in 00:00:31 | loss -23.3171
16:15:08 | ssl[vssl/resnet50] | INFO | ep 013/100 it 50/175 | lr 9.86e-04 | loss -23.3542 | loss_kl -10.1006 | loss_ll 13.2536 | loss_neg_ll -13.2536
16:15:16 | ssl[vssl/resnet50] | INFO | ep 013/100 it 100/175 | lr 9.85e-04 | loss -23.3615 | loss_kl -10.1008 | loss_ll 13.2607 | loss_neg_ll -13.2607
16:15:24 | ssl[vssl/resnet50] | INFO | ep 013/100 it 150/175 | lr 9.83e-04 | loss -23.3699 | loss_kl -10.1027 | loss_ll 13.2672 | loss_neg_ll -13.2672
16:15:29 | ssl[vssl/resnet50] | INFO | epoch 013 done in 00:00:31 | loss -23.3740
16:15:39 | ssl[vssl/resnet50] | INFO | ep 014/100 it 50/175 | lr 9.82e-04 | loss -23.4010 | loss_kl -10.1094 | loss_ll 13.2916 | loss_neg_ll -13.2916
16:15:47 | ssl[vssl/resnet50] | INFO | ep 014/100 it 100/175 | lr 9.80e-04 | loss -23.4086 | loss_kl -10.1098 | loss_ll 13.2988 | loss_neg_ll -13.2988
16:15:56 | ssl[vssl/resnet50] | INFO | ep 014/100 it 150/175 | lr 9.79e-04 | loss -23.4144 | loss_kl -10.1105 | loss_ll 13.3039 | loss_neg_ll -13.3039
16:16:00 | ssl[vssl/resnet50] | INFO | epoch 014 done in 00:00:31 | loss -23.4176
16:16:11 | ssl[vssl/resnet50] | INFO | ep 015/100 it 50/175 | lr 9.77e-04 | loss -23.4414 | loss_kl -10.1172 | loss_ll 13.3241 | loss_neg_ll -13.3241
16:16:19 | ssl[vssl/resnet50] | INFO | ep 015/100 it 100/175 | lr 9.75e-04 | loss -23.4426 | loss_kl -10.1177 | loss_ll 13.3249 | loss_neg_ll -13.3249
16:16:27 | ssl[vssl/resnet50] | INFO | ep 015/100 it 150/175 | lr 9.74e-04 | loss -23.4486 | loss_kl -10.1189 | loss_ll 13.3297 | loss_neg_ll -13.3297
16:16:31 | ssl[vssl/resnet50] | INFO | epoch 015 done in 00:00:31 | loss -23.4506
16:16:42 | ssl[vssl/resnet50] | INFO | ep 016/100 it 50/175 | lr 9.72e-04 | loss -23.4670 | loss_kl -10.1250 | loss_ll 13.3421 | loss_neg_ll -13.3421
16:16:50 | ssl[vssl/resnet50] | INFO | ep 016/100 it 100/175 | lr 9.70e-04 | loss -23.4703 | loss_kl -10.1253 | loss_ll 13.3450 | loss_neg_ll -13.3450
16:16:59 | ssl[vssl/resnet50] | INFO | ep 016/100 it 150/175 | lr 9.68e-04 | loss -23.4715 | loss_kl -10.1254 | loss_ll 13.3461 | loss_neg_ll -13.3461
16:17:03 | ssl[vssl/resnet50] | INFO | epoch 016 done in 00:00:31 | loss -23.4744
16:17:13 | ssl[vssl/resnet50] | INFO | ep 017/100 it 50/175 | lr 9.66e-04 | loss -23.4824 | loss_kl -10.1258 | loss_ll 13.3566 | loss_neg_ll -13.3566
16:17:22 | ssl[vssl/resnet50] | INFO | ep 017/100 it 100/175 | lr 9.64e-04 | loss -23.4883 | loss_kl -10.1276 | loss_ll 13.3607 | loss_neg_ll -13.3607
16:17:30 | ssl[vssl/resnet50] | INFO | ep 017/100 it 150/175 | lr 9.62e-04 | loss -23.4904 | loss_kl -10.1275 | loss_ll 13.3628 | loss_neg_ll -13.3628
16:17:34 | ssl[vssl/resnet50] | INFO | epoch 017 done in 00:00:31 | loss -23.4931
16:17:44 | ssl[vssl/resnet50] | INFO | ep 018/100 it 50/175 | lr 9.60e-04 | loss -23.5115 | loss_kl -10.1314 | loss_ll 13.3800 | loss_neg_ll -13.3800
16:17:53 | ssl[vssl/resnet50] | INFO | ep 018/100 it 100/175 | lr 9.58e-04 | loss -23.5122 | loss_kl -10.1320 | loss_ll 13.3802 | loss_neg_ll -13.3802
16:18:01 | ssl[vssl/resnet50] | INFO | ep 018/100 it 150/175 | lr 9.56e-04 | loss -23.5153 | loss_kl -10.1319 | loss_ll 13.3834 | loss_neg_ll -13.3834
16:18:05 | ssl[vssl/resnet50] | INFO | epoch 018 done in 00:00:31 | loss -23.5165
16:18:16 | ssl[vssl/resnet50] | INFO | ep 019/100 it 50/175 | lr 9.53e-04 | loss -23.5298 | loss_kl -10.1330 | loss_ll 13.3968 | loss_neg_ll -13.3968
16:18:24 | ssl[vssl/resnet50] | INFO | ep 019/100 it 100/175 | lr 9.51e-04 | loss -23.5310 | loss_kl -10.1320 | loss_ll 13.3991 | loss_neg_ll -13.3991
16:18:32 | ssl[vssl/resnet50] | INFO | ep 019/100 it 150/175 | lr 9.49e-04 | loss -23.5346 | loss_kl -10.1322 | loss_ll 13.4025 | loss_neg_ll -13.4025
16:18:37 | ssl[vssl/resnet50] | INFO | epoch 019 done in 00:00:31 | loss -23.5367
16:18:47 | ssl[vssl/resnet50] | INFO | ep 020/100 it 50/175 | lr 9.46e-04 | loss -23.5489 | loss_kl -10.1336 | loss_ll 13.4154 | loss_neg_ll -13.4154
16:18:55 | ssl[vssl/resnet50] | INFO | ep 020/100 it 100/175 | lr 9.44e-04 | loss -23.5560 | loss_kl -10.1353 | loss_ll 13.4207 | loss_neg_ll -13.4207
16:19:04 | ssl[vssl/resnet50] | INFO | ep 020/100 it 150/175 | lr 9.41e-04 | loss -23.5552 | loss_kl -10.1343 | loss_ll 13.4209 | loss_neg_ll -13.4209
16:19:08 | ssl[vssl/resnet50] | INFO | epoch 020 done in 00:00:31 | loss -23.5560
16:19:18 | ssl[vssl/resnet50] | INFO | ep 021/100 it 50/175 | lr 9.38e-04 | loss -23.5607 | loss_kl -10.1345 | loss_ll 13.4262 | loss_neg_ll -13.4262
16:19:27 | ssl[vssl/resnet50] | INFO | ep 021/100 it 100/175 | lr 9.36e-04 | loss -23.5628 | loss_kl -10.1335 | loss_ll 13.4293 | loss_neg_ll -13.4293
16:19:35 | ssl[vssl/resnet50] | INFO | ep 021/100 it 150/175 | lr 9.34e-04 | loss -23.5658 | loss_kl -10.1338 | loss_ll 13.4320 | loss_neg_ll -13.4320
16:19:39 | ssl[vssl/resnet50] | INFO | epoch 021 done in 00:00:31 | loss -23.5660
16:19:50 | ssl[vssl/resnet50] | INFO | ep 022/100 it 50/175 | lr 9.30e-04 | loss -23.5699 | loss_kl -10.1316 | loss_ll 13.4382 | loss_neg_ll -13.4382
16:19:58 | ssl[vssl/resnet50] | INFO | ep 022/100 it 100/175 | lr 9.28e-04 | loss -23.5701 | loss_kl -10.1323 | loss_ll 13.4378 | loss_neg_ll -13.4378
16:20:06 | ssl[vssl/resnet50] | INFO | ep 022/100 it 150/175 | lr 9.25e-04 | loss -23.5711 | loss_kl -10.1325 | loss_ll 13.4386 | loss_neg_ll -13.4386
16:20:10 | ssl[vssl/resnet50] | INFO | epoch 022 done in 00:00:31 | loss -23.5716
16:20:21 | ssl[vssl/resnet50] | INFO | ep 023/100 it 50/175 | lr 9.21e-04 | loss -23.5733 | loss_kl -10.1328 | loss_ll 13.4405 | loss_neg_ll -13.4405
16:20:29 | ssl[vssl/resnet50] | INFO | ep 023/100 it 100/175 | lr 9.19e-04 | loss -23.5739 | loss_kl -10.1327 | loss_ll 13.4413 | loss_neg_ll -13.4413
16:20:38 | ssl[vssl/resnet50] | INFO | ep 023/100 it 150/175 | lr 9.16e-04 | loss -23.5746 | loss_kl -10.1326 | loss_ll 13.4420 | loss_neg_ll -13.4420
16:20:42 | ssl[vssl/resnet50] | INFO | epoch 023 done in 00:00:31 | loss -23.5750
16:20:53 | ssl[vssl/resnet50] | INFO | ep 024/100 it 50/175 | lr 9.12e-04 | loss -23.5835 | loss_kl -10.1348 | loss_ll 13.4487 | loss_neg_ll -13.4487
16:21:01 | ssl[vssl/resnet50] | INFO | ep 024/100 it 100/175 | lr 9.10e-04 | loss -23.5785 | loss_kl -10.1337 | loss_ll 13.4447 | loss_neg_ll -13.4447
16:21:09 | ssl[vssl/resnet50] | INFO | ep 024/100 it 150/175 | lr 9.07e-04 | loss -23.5770 | loss_kl -10.1338 | loss_ll 13.4432 | loss_neg_ll -13.4432
16:21:13 | ssl[vssl/resnet50] | INFO | epoch 024 done in 00:00:31 | loss -23.5765
16:21:24 | ssl[vssl/resnet50] | INFO | ep 025/100 it 50/175 | lr 9.03e-04 | loss -23.5805 | loss_kl -10.1347 | loss_ll 13.4458 | loss_neg_ll -13.4458
16:21:32 | ssl[vssl/resnet50] | INFO | ep 025/100 it 100/175 | lr 9.00e-04 | loss -23.5774 | loss_kl -10.1341 | loss_ll 13.4433 | loss_neg_ll -13.4433
16:21:41 | ssl[vssl/resnet50] | INFO | ep 025/100 it 150/175 | lr 8.97e-04 | loss -23.5795 | loss_kl -10.1349 | loss_ll 13.4446 | loss_neg_ll -13.4446
16:21:45 | ssl[vssl/resnet50] | INFO | epoch 025 done in 00:00:31 | loss -23.5793
16:21:55 | ssl[vssl/resnet50] | INFO | ep 026/100 it 50/175 | lr 8.93e-04 | loss -23.5968 | loss_kl -10.1388 | loss_ll 13.4581 | loss_neg_ll -13.4581
16:22:04 | ssl[vssl/resnet50] | INFO | ep 026/100 it 100/175 | lr 8.90e-04 | loss -23.5951 | loss_kl -10.1372 | loss_ll 13.4579 | loss_neg_ll -13.4579
16:22:12 | ssl[vssl/resnet50] | INFO | ep 026/100 it 150/175 | lr 8.87e-04 | loss -23.5980 | loss_kl -10.1376 | loss_ll 13.4604 | loss_neg_ll -13.4604
16:22:16 | ssl[vssl/resnet50] | INFO | epoch 026 done in 00:00:31 | loss -23.5981
16:22:27 | ssl[vssl/resnet50] | INFO | ep 027/100 it 50/175 | lr 8.82e-04 | loss -23.6051 | loss_kl -10.1368 | loss_ll 13.4683 | loss_neg_ll -13.4683
16:22:35 | ssl[vssl/resnet50] | INFO | ep 027/100 it 100/175 | lr 8.79e-04 | loss -23.6054 | loss_kl -10.1363 | loss_ll 13.4691 | loss_neg_ll -13.4691
16:22:43 | ssl[vssl/resnet50] | INFO | ep 027/100 it 150/175 | lr 8.76e-04 | loss -23.6103 | loss_kl -10.1373 | loss_ll 13.4730 | loss_neg_ll -13.4730
16:22:47 | ssl[vssl/resnet50] | INFO | epoch 027 done in 00:00:31 | loss -23.6105
16:22:58 | ssl[vssl/resnet50] | INFO | ep 028/100 it 50/175 | lr 8.72e-04 | loss -23.6131 | loss_kl -10.1345 | loss_ll 13.4786 | loss_neg_ll -13.4786
16:23:06 | ssl[vssl/resnet50] | INFO | ep 028/100 it 100/175 | lr 8.68e-04 | loss -23.6143 | loss_kl -10.1361 | loss_ll 13.4783 | loss_neg_ll -13.4783
16:23:15 | ssl[vssl/resnet50] | INFO | ep 028/100 it 150/175 | lr 8.65e-04 | loss -23.6169 | loss_kl -10.1370 | loss_ll 13.4799 | loss_neg_ll -13.4799
16:23:19 | ssl[vssl/resnet50] | INFO | epoch 028 done in 00:00:31 | loss -23.6189
16:23:29 | ssl[vssl/resnet50] | INFO | ep 029/100 it 50/175 | lr 8.60e-04 | loss -23.6255 | loss_kl -10.1400 | loss_ll 13.4856 | loss_neg_ll -13.4856
16:23:37 | ssl[vssl/resnet50] | INFO | ep 029/100 it 100/175 | lr 8.57e-04 | loss -23.6222 | loss_kl -10.1379 | loss_ll 13.4842 | loss_neg_ll -13.4842
16:23:45 | ssl[vssl/resnet50] | INFO | ep 029/100 it 150/175 | lr 8.54e-04 | loss -23.6226 | loss_kl -10.1383 | loss_ll 13.4843 | loss_neg_ll -13.4843
16:23:50 | ssl[vssl/resnet50] | INFO | epoch 029 done in 00:00:30 | loss -23.6216
16:24:00 | ssl[vssl/resnet50] | INFO | ep 030/100 it 50/175 | lr 8.49e-04 | loss -23.6284 | loss_kl -10.1391 | loss_ll 13.4893 | loss_neg_ll -13.4893
16:24:08 | ssl[vssl/resnet50] | INFO | ep 030/100 it 100/175 | lr 8.45e-04 | loss -23.6227 | loss_kl -10.1380 | loss_ll 13.4847 | loss_neg_ll -13.4847
16:24:17 | ssl[vssl/resnet50] | INFO | ep 030/100 it 150/175 | lr 8.42e-04 | loss -23.6234 | loss_kl -10.1388 | loss_ll 13.4845 | loss_neg_ll -13.4845
16:24:21 | ssl[vssl/resnet50] | INFO | epoch 030 done in 00:00:31 | loss -23.6236
16:24:31 | ssl[vssl/resnet50] | INFO | ep 031/100 it 50/175 | lr 8.37e-04 | loss -23.6220 | loss_kl -10.1400 | loss_ll 13.4820 | loss_neg_ll -13.4820
16:24:39 | ssl[vssl/resnet50] | INFO | ep 031/100 it 100/175 | lr 8.33e-04 | loss -23.6209 | loss_kl -10.1393 | loss_ll 13.4817 | loss_neg_ll -13.4817
16:24:48 | ssl[vssl/resnet50] | INFO | ep 031/100 it 150/175 | lr 8.30e-04 | loss -23.6216 | loss_kl -10.1398 | loss_ll 13.4817 | loss_neg_ll -13.4817
16:24:52 | ssl[vssl/resnet50] | INFO | epoch 031 done in 00:00:30 | loss -23.6213
16:25:02 | ssl[vssl/resnet50] | INFO | ep 032/100 it 50/175 | lr 8.25e-04 | loss -23.6160 | loss_kl -10.1387 | loss_ll 13.4773 | loss_neg_ll -13.4773
16:25:10 | ssl[vssl/resnet50] | INFO | ep 032/100 it 100/175 | lr 8.21e-04 | loss -23.6166 | loss_kl -10.1392 | loss_ll 13.4774 | loss_neg_ll -13.4774
16:25:19 | ssl[vssl/resnet50] | INFO | ep 032/100 it 150/175 | lr 8.17e-04 | loss -23.6163 | loss_kl -10.1387 | loss_ll 13.4777 | loss_neg_ll -13.4777
16:25:23 | ssl[vssl/resnet50] | INFO | epoch 032 done in 00:00:31 | loss -23.6165
16:25:33 | ssl[vssl/resnet50] | INFO | ep 033/100 it 50/175 | lr 8.12e-04 | loss -23.6181 | loss_kl -10.1405 | loss_ll 13.4776 | loss_neg_ll -13.4776
16:25:42 | ssl[vssl/resnet50] | INFO | ep 033/100 it 100/175 | lr 8.08e-04 | loss -23.6165 | loss_kl -10.1408 | loss_ll 13.4757 | loss_neg_ll -13.4757
16:25:50 | ssl[vssl/resnet50] | INFO | ep 033/100 it 150/175 | lr 8.04e-04 | loss -23.6147 | loss_kl -10.1404 | loss_ll 13.4744 | loss_neg_ll -13.4744
16:25:54 | ssl[vssl/resnet50] | INFO | epoch 033 done in 00:00:31 | loss -23.6149
16:26:04 | ssl[vssl/resnet50] | INFO | ep 034/100 it 50/175 | lr 7.99e-04 | loss -23.6130 | loss_kl -10.1406 | loss_ll 13.4724 | loss_neg_ll -13.4724
16:26:13 | ssl[vssl/resnet50] | INFO | ep 034/100 it 100/175 | lr 7.95e-04 | loss -23.6117 | loss_kl -10.1397 | loss_ll 13.4720 | loss_neg_ll -13.4720
16:26:21 | ssl[vssl/resnet50] | INFO | ep 034/100 it 150/175 | lr 7.91e-04 | loss -23.6148 | loss_kl -10.1414 | loss_ll 13.4734 | loss_neg_ll -13.4734
16:26:25 | ssl[vssl/resnet50] | INFO | epoch 034 done in 00:00:31 | loss -23.6146
16:26:36 | ssl[vssl/resnet50] | INFO | ep 035/100 it 50/175 | lr 7.86e-04 | loss -23.6121 | loss_kl -10.1417 | loss_ll 13.4704 | loss_neg_ll -13.4704
16:26:44 | ssl[vssl/resnet50] | INFO | ep 035/100 it 100/175 | lr 7.82e-04 | loss -23.6114 | loss_kl -10.1415 | loss_ll 13.4699 | loss_neg_ll -13.4699
16:26:52 | ssl[vssl/resnet50] | INFO | ep 035/100 it 150/175 | lr 7.78e-04 | loss -23.6101 | loss_kl -10.1406 | loss_ll 13.4695 | loss_neg_ll -13.4695
16:26:56 | ssl[vssl/resnet50] | INFO | epoch 035 done in 00:00:31 | loss -23.6095
16:27:07 | ssl[vssl/resnet50] | INFO | ep 036/100 it 50/175 | lr 7.72e-04 | loss -23.6125 | loss_kl -10.1428 | loss_ll 13.4696 | loss_neg_ll -13.4696
16:27:15 | ssl[vssl/resnet50] | INFO | ep 036/100 it 100/175 | lr 7.68e-04 | loss -23.6076 | loss_kl -10.1406 | loss_ll 13.4670 | loss_neg_ll -13.4670
16:27:23 | ssl[vssl/resnet50] | INFO | ep 036/100 it 150/175 | lr 7.64e-04 | loss -23.6088 | loss_kl -10.1412 | loss_ll 13.4676 | loss_neg_ll -13.4676
16:27:27 | ssl[vssl/resnet50] | INFO | epoch 036 done in 00:00:31 | loss -23.6088
16:27:38 | ssl[vssl/resnet50] | INFO | ep 037/100 it 50/175 | lr 7.58e-04 | loss -23.6123 | loss_kl -10.1422 | loss_ll 13.4701 | loss_neg_ll -13.4701
16:27:46 | ssl[vssl/resnet50] | INFO | ep 037/100 it 100/175 | lr 7.54e-04 | loss -23.6119 | loss_kl -10.1420 | loss_ll 13.4698 | loss_neg_ll -13.4698
16:27:54 | ssl[vssl/resnet50] | INFO | ep 037/100 it 150/175 | lr 7.50e-04 | loss -23.6103 | loss_kl -10.1417 | loss_ll 13.4685 | loss_neg_ll -13.4685
16:27:58 | ssl[vssl/resnet50] | INFO | epoch 037 done in 00:00:30 | loss -23.6105
16:28:09 | ssl[vssl/resnet50] | INFO | ep 038/100 it 50/175 | lr 7.44e-04 | loss -23.6089 | loss_kl -10.1422 | loss_ll 13.4667 | loss_neg_ll -13.4667
16:28:17 | ssl[vssl/resnet50] | INFO | ep 038/100 it 100/175 | lr 7.40e-04 | loss -23.6066 | loss_kl -10.1405 | loss_ll 13.4661 | loss_neg_ll -13.4661
16:28:25 | ssl[vssl/resnet50] | INFO | ep 038/100 it 150/175 | lr 7.36e-04 | loss -23.6094 | loss_kl -10.1411 | loss_ll 13.4683 | loss_neg_ll -13.4683
16:28:29 | ssl[vssl/resnet50] | INFO | epoch 038 done in 00:00:31 | loss -23.6108
16:28:40 | ssl[vssl/resnet50] | INFO | ep 039/100 it 50/175 | lr 7.29e-04 | loss -23.6132 | loss_kl -10.1415 | loss_ll 13.4718 | loss_neg_ll -13.4718
16:28:48 | ssl[vssl/resnet50] | INFO | ep 039/100 it 100/175 | lr 7.25e-04 | loss -23.6147 | loss_kl -10.1408 | loss_ll 13.4739 | loss_neg_ll -13.4739
16:28:57 | ssl[vssl/resnet50] | INFO | ep 039/100 it 150/175 | lr 7.21e-04 | loss -23.6172 | loss_kl -10.1415 | loss_ll 13.4757 | loss_neg_ll -13.4757
16:29:01 | ssl[vssl/resnet50] | INFO | epoch 039 done in 00:00:31 | loss -23.6183
16:29:11 | ssl[vssl/resnet50] | INFO | ep 040/100 it 50/175 | lr 7.15e-04 | loss -23.6278 | loss_kl -10.1434 | loss_ll 13.4844 | loss_neg_ll -13.4844
16:29:20 | ssl[vssl/resnet50] | INFO | ep 040/100 it 100/175 | lr 7.10e-04 | loss -23.6276 | loss_kl -10.1427 | loss_ll 13.4849 | loss_neg_ll -13.4849
16:29:28 | ssl[vssl/resnet50] | INFO | ep 040/100 it 150/175 | lr 7.06e-04 | loss -23.6290 | loss_kl -10.1435 | loss_ll 13.4856 | loss_neg_ll -13.4856
16:29:32 | ssl[vssl/resnet50] | INFO | epoch 040 done in 00:00:31 | loss -23.6289
16:29:42 | ssl[vssl/resnet50] | INFO | ep 041/100 it 50/175 | lr 7.00e-04 | loss -23.6252 | loss_kl -10.1416 | loss_ll 13.4836 | loss_neg_ll -13.4836
16:29:51 | ssl[vssl/resnet50] | INFO | ep 041/100 it 100/175 | lr 6.95e-04 | loss -23.6271 | loss_kl -10.1420 | loss_ll 13.4851 | loss_neg_ll -13.4851
16:29:59 | ssl[vssl/resnet50] | INFO | ep 041/100 it 150/175 | lr 6.91e-04 | loss -23.6276 | loss_kl -10.1417 | loss_ll 13.4859 | loss_neg_ll -13.4859
16:30:03 | ssl[vssl/resnet50] | INFO | epoch 041 done in 00:00:31 | loss -23.6282
16:30:14 | ssl[vssl/resnet50] | INFO | ep 042/100 it 50/175 | lr 6.84e-04 | loss -23.6289 | loss_kl -10.1410 | loss_ll 13.4879 | loss_neg_ll -13.4879
16:30:22 | ssl[vssl/resnet50] | INFO | ep 042/100 it 100/175 | lr 6.80e-04 | loss -23.6299 | loss_kl -10.1427 | loss_ll 13.4873 | loss_neg_ll -13.4873
16:30:30 | ssl[vssl/resnet50] | INFO | ep 042/100 it 150/175 | lr 6.76e-04 | loss -23.6336 | loss_kl -10.1430 | loss_ll 13.4906 | loss_neg_ll -13.4906
16:30:35 | ssl[vssl/resnet50] | INFO | epoch 042 done in 00:00:31 | loss -23.6345
16:30:45 | ssl[vssl/resnet50] | INFO | ep 043/100 it 50/175 | lr 6.69e-04 | loss -23.6420 | loss_kl -10.1441 | loss_ll 13.4979 | loss_neg_ll -13.4979
16:30:54 | ssl[vssl/resnet50] | INFO | ep 043/100 it 100/175 | lr 6.65e-04 | loss -23.6441 | loss_kl -10.1453 | loss_ll 13.4989 | loss_neg_ll -13.4989
16:31:02 | ssl[vssl/resnet50] | INFO | ep 043/100 it 150/175 | lr 6.60e-04 | loss -23.6434 | loss_kl -10.1452 | loss_ll 13.4982 | loss_neg_ll -13.4982
16:31:06 | ssl[vssl/resnet50] | INFO | epoch 043 done in 00:00:31 | loss -23.6412
16:31:17 | ssl[vssl/resnet50] | INFO | ep 044/100 it 50/175 | lr 6.54e-04 | loss -23.6378 | loss_kl -10.1415 | loss_ll 13.4963 | loss_neg_ll -13.4963
16:31:25 | ssl[vssl/resnet50] | INFO | ep 044/100 it 100/175 | lr 6.49e-04 | loss -23.6423 | loss_kl -10.1432 | loss_ll 13.4991 | loss_neg_ll -13.4991
16:31:33 | ssl[vssl/resnet50] | INFO | ep 044/100 it 150/175 | lr 6.45e-04 | loss -23.6443 | loss_kl -10.1443 | loss_ll 13.5000 | loss_neg_ll -13.5000
16:31:37 | ssl[vssl/resnet50] | INFO | epoch 044 done in 00:00:31 | loss -23.6450
16:31:48 | ssl[vssl/resnet50] | INFO | ep 045/100 it 50/175 | lr 6.38e-04 | loss -23.6532 | loss_kl -10.1468 | loss_ll 13.5064 | loss_neg_ll -13.5064
16:31:56 | ssl[vssl/resnet50] | INFO | ep 045/100 it 100/175 | lr 6.33e-04 | loss -23.6505 | loss_kl -10.1469 | loss_ll 13.5036 | loss_neg_ll -13.5036
16:32:04 | ssl[vssl/resnet50] | INFO | ep 045/100 it 150/175 | lr 6.29e-04 | loss -23.6485 | loss_kl -10.1458 | loss_ll 13.5028 | loss_neg_ll -13.5028
16:32:08 | ssl[vssl/resnet50] | INFO | epoch 045 done in 00:00:31 | loss -23.6501
16:32:19 | ssl[vssl/resnet50] | INFO | ep 046/100 it 50/175 | lr 6.22e-04 | loss -23.6562 | loss_kl -10.1489 | loss_ll 13.5073 | loss_neg_ll -13.5073
16:32:27 | ssl[vssl/resnet50] | INFO | ep 046/100 it 100/175 | lr 6.18e-04 | loss -23.6538 | loss_kl -10.1476 | loss_ll 13.5062 | loss_neg_ll -13.5062
16:32:35 | ssl[vssl/resnet50] | INFO | ep 046/100 it 150/175 | lr 6.13e-04 | loss -23.6539 | loss_kl -10.1471 | loss_ll 13.5068 | loss_neg_ll -13.5068
16:32:39 | ssl[vssl/resnet50] | INFO | epoch 046 done in 00:00:30 | loss -23.6535
16:32:50 | ssl[vssl/resnet50] | INFO | ep 047/100 it 50/175 | lr 6.06e-04 | loss -23.6475 | loss_kl -10.1459 | loss_ll 13.5017 | loss_neg_ll -13.5017
16:32:58 | ssl[vssl/resnet50] | INFO | ep 047/100 it 100/175 | lr 6.02e-04 | loss -23.6497 | loss_kl -10.1468 | loss_ll 13.5029 | loss_neg_ll -13.5029
16:33:06 | ssl[vssl/resnet50] | INFO | ep 047/100 it 150/175 | lr 5.97e-04 | loss -23.6488 | loss_kl -10.1458 | loss_ll 13.5030 | loss_neg_ll -13.5030
16:33:10 | ssl[vssl/resnet50] | INFO | epoch 047 done in 00:00:31 | loss -23.6491
16:33:20 | ssl[vssl/resnet50] | INFO | ep 048/100 it 50/175 | lr 5.90e-04 | loss -23.6482 | loss_kl -10.1476 | loss_ll 13.5006 | loss_neg_ll -13.5006
16:33:29 | ssl[vssl/resnet50] | INFO | ep 048/100 it 100/175 | lr 5.85e-04 | loss -23.6518 | loss_kl -10.1479 | loss_ll 13.5039 | loss_neg_ll -13.5039
16:33:37 | ssl[vssl/resnet50] | INFO | ep 048/100 it 150/175 | lr 5.81e-04 | loss -23.6537 | loss_kl -10.1481 | loss_ll 13.5057 | loss_neg_ll -13.5057
16:33:41 | ssl[vssl/resnet50] | INFO | epoch 048 done in 00:00:30 | loss -23.6545
16:33:51 | ssl[vssl/resnet50] | INFO | ep 049/100 it 50/175 | lr 5.74e-04 | loss -23.6569 | loss_kl -10.1451 | loss_ll 13.5119 | loss_neg_ll -13.5119
16:34:00 | ssl[vssl/resnet50] | INFO | ep 049/100 it 100/175 | lr 5.69e-04 | loss -23.6547 | loss_kl -10.1453 | loss_ll 13.5094 | loss_neg_ll -13.5094
16:34:08 | ssl[vssl/resnet50] | INFO | ep 049/100 it 150/175 | lr 5.65e-04 | loss -23.6568 | loss_kl -10.1471 | loss_ll 13.5096 | loss_neg_ll -13.5096
16:34:12 | ssl[vssl/resnet50] | INFO | epoch 049 done in 00:00:30 | loss -23.6591
16:34:22 | ssl[vssl/resnet50] | INFO | ep 050/100 it 50/175 | lr 5.58e-04 | loss -23.6707 | loss_kl -10.1509 | loss_ll 13.5198 | loss_neg_ll -13.5198
16:34:31 | ssl[vssl/resnet50] | INFO | ep 050/100 it 100/175 | lr 5.53e-04 | loss -23.6690 | loss_kl -10.1496 | loss_ll 13.5194 | loss_neg_ll -13.5194
16:34:39 | ssl[vssl/resnet50] | INFO | ep 050/100 it 150/175 | lr 5.48e-04 | loss -23.6680 | loss_kl -10.1493 | loss_ll 13.5187 | loss_neg_ll -13.5187
16:34:43 | ssl[vssl/resnet50] | INFO | epoch 050 done in 00:00:30 | loss -23.6676
16:34:54 | ssl[vssl/resnet50] | INFO | ep 051/100 it 50/175 | lr 5.41e-04 | loss -23.6652 | loss_kl -10.1482 | loss_ll 13.5170 | loss_neg_ll -13.5170
16:35:02 | ssl[vssl/resnet50] | INFO | ep 051/100 it 100/175 | lr 5.37e-04 | loss -23.6664 | loss_kl -10.1496 | loss_ll 13.5168 | loss_neg_ll -13.5168
16:35:10 | ssl[vssl/resnet50] | INFO | ep 051/100 it 150/175 | lr 5.32e-04 | loss -23.6682 | loss_kl -10.1497 | loss_ll 13.5185 | loss_neg_ll -13.5185
16:35:14 | ssl[vssl/resnet50] | INFO | epoch 051 done in 00:00:31 | loss -23.6672
16:35:25 | ssl[vssl/resnet50] | INFO | ep 052/100 it 50/175 | lr 5.25e-04 | loss -23.6706 | loss_kl -10.1487 | loss_ll 13.5218 | loss_neg_ll -13.5218
16:35:33 | ssl[vssl/resnet50] | INFO | ep 052/100 it 100/175 | lr 5.20e-04 | loss -23.6746 | loss_kl -10.1498 | loss_ll 13.5249 | loss_neg_ll -13.5249
16:35:41 | ssl[vssl/resnet50] | INFO | ep 052/100 it 150/175 | lr 5.16e-04 | loss -23.6752 | loss_kl -10.1501 | loss_ll 13.5251 | loss_neg_ll -13.5251
16:35:46 | ssl[vssl/resnet50] | INFO | epoch 052 done in 00:00:31 | loss -23.6745
16:35:56 | ssl[vssl/resnet50] | INFO | ep 053/100 it 50/175 | lr 5.09e-04 | loss -23.6866 | loss_kl -10.1546 | loss_ll 13.5320 | loss_neg_ll -13.5320
16:36:04 | ssl[vssl/resnet50] | INFO | ep 053/100 it 100/175 | lr 5.04e-04 | loss -23.6853 | loss_kl -10.1530 | loss_ll 13.5323 | loss_neg_ll -13.5323
16:36:12 | ssl[vssl/resnet50] | INFO | ep 053/100 it 150/175 | lr 4.99e-04 | loss -23.6837 | loss_kl -10.1522 | loss_ll 13.5315 | loss_neg_ll -13.5315
16:36:16 | ssl[vssl/resnet50] | INFO | epoch 053 done in 00:00:30 | loss -23.6846
16:36:27 | ssl[vssl/resnet50] | INFO | ep 054/100 it 50/175 | lr 4.92e-04 | loss -23.6796 | loss_kl -10.1474 | loss_ll 13.5322 | loss_neg_ll -13.5322
16:36:35 | ssl[vssl/resnet50] | INFO | ep 054/100 it 100/175 | lr 4.88e-04 | loss -23.6787 | loss_kl -10.1494 | loss_ll 13.5293 | loss_neg_ll -13.5293
16:36:43 | ssl[vssl/resnet50] | INFO | ep 054/100 it 150/175 | lr 4.83e-04 | loss -23.6798 | loss_kl -10.1500 | loss_ll 13.5298 | loss_neg_ll -13.5298
16:36:48 | ssl[vssl/resnet50] | INFO | epoch 054 done in 00:00:31 | loss -23.6805
16:36:58 | ssl[vssl/resnet50] | INFO | ep 055/100 it 50/175 | lr 4.76e-04 | loss -23.6817 | loss_kl -10.1540 | loss_ll 13.5277 | loss_neg_ll -13.5277
16:37:06 | ssl[vssl/resnet50] | INFO | ep 055/100 it 100/175 | lr 4.71e-04 | loss -23.6782 | loss_kl -10.1540 | loss_ll 13.5242 | loss_neg_ll -13.5242
16:37:15 | ssl[vssl/resnet50] | INFO | ep 055/100 it 150/175 | lr 4.67e-04 | loss -23.6774 | loss_kl -10.1532 | loss_ll 13.5242 | loss_neg_ll -13.5242
16:37:19 | ssl[vssl/resnet50] | INFO | epoch 055 done in 00:00:31 | loss -23.6784
16:37:29 | ssl[vssl/resnet50] | INFO | ep 056/100 it 50/175 | lr 4.60e-04 | loss -23.6821 | loss_kl -10.1541 | loss_ll 13.5280 | loss_neg_ll -13.5280
16:37:37 | ssl[vssl/resnet50] | INFO | ep 056/100 it 100/175 | lr 4.55e-04 | loss -23.6757 | loss_kl -10.1530 | loss_ll 13.5227 | loss_neg_ll -13.5227
16:37:46 | ssl[vssl/resnet50] | INFO | ep 056/100 it 150/175 | lr 4.50e-04 | loss -23.6765 | loss_kl -10.1541 | loss_ll 13.5224 | loss_neg_ll -13.5224
16:37:50 | ssl[vssl/resnet50] | INFO | epoch 056 done in 00:00:31 | loss -23.6770
16:38:00 | ssl[vssl/resnet50] | INFO | ep 057/100 it 50/175 | lr 4.43e-04 | loss -23.6798 | loss_kl -10.1536 | loss_ll 13.5263 | loss_neg_ll -13.5263
16:38:08 | ssl[vssl/resnet50] | INFO | ep 057/100 it 100/175 | lr 4.39e-04 | loss -23.6747 | loss_kl -10.1529 | loss_ll 13.5217 | loss_neg_ll -13.5217
16:38:17 | ssl[vssl/resnet50] | INFO | ep 057/100 it 150/175 | lr 4.34e-04 | loss -23.6745 | loss_kl -10.1531 | loss_ll 13.5214 | loss_neg_ll -13.5214
16:38:21 | ssl[vssl/resnet50] | INFO | epoch 057 done in 00:00:30 | loss -23.6749
16:38:31 | ssl[vssl/resnet50] | INFO | ep 058/100 it 50/175 | lr 4.27e-04 | loss -23.6748 | loss_kl -10.1548 | loss_ll 13.5200 | loss_neg_ll -13.5200
16:38:39 | ssl[vssl/resnet50] | INFO | ep 058/100 it 100/175 | lr 4.22e-04 | loss -23.6735 | loss_kl -10.1545 | loss_ll 13.5190 | loss_neg_ll -13.5190
16:38:47 | ssl[vssl/resnet50] | INFO | ep 058/100 it 150/175 | lr 4.18e-04 | loss -23.6736 | loss_kl -10.1549 | loss_ll 13.5187 | loss_neg_ll -13.5187
16:38:52 | ssl[vssl/resnet50] | INFO | epoch 058 done in 00:00:30 | loss -23.6750
16:39:02 | ssl[vssl/resnet50] | INFO | ep 059/100 it 50/175 | lr 4.11e-04 | loss -23.6786 | loss_kl -10.1569 | loss_ll 13.5217 | loss_neg_ll -13.5217
16:39:10 | ssl[vssl/resnet50] | INFO | ep 059/100 it 100/175 | lr 4.06e-04 | loss -23.6771 | loss_kl -10.1551 | loss_ll 13.5220 | loss_neg_ll -13.5220
16:39:19 | ssl[vssl/resnet50] | INFO | ep 059/100 it 150/175 | lr 4.02e-04 | loss -23.6766 | loss_kl -10.1554 | loss_ll 13.5212 | loss_neg_ll -13.5212
16:39:23 | ssl[vssl/resnet50] | INFO | epoch 059 done in 00:00:31 | loss -23.6754
16:39:33 | ssl[vssl/resnet50] | INFO | ep 060/100 it 50/175 | lr 3.95e-04 | loss -23.6780 | loss_kl -10.1549 | loss_ll 13.5231 | loss_neg_ll -13.5231
16:39:42 | ssl[vssl/resnet50] | INFO | ep 060/100 it 100/175 | lr 3.90e-04 | loss -23.6828 | loss_kl -10.1554 | loss_ll 13.5275 | loss_neg_ll -13.5275
16:39:50 | ssl[vssl/resnet50] | INFO | ep 060/100 it 150/175 | lr 3.86e-04 | loss -23.6830 | loss_kl -10.1553 | loss_ll 13.5277 | loss_neg_ll -13.5277
16:39:54 | ssl[vssl/resnet50] | INFO | epoch 060 done in 00:00:31 | loss -23.6828
16:40:05 | ssl[vssl/resnet50] | INFO | ep 061/100 it 50/175 | lr 3.79e-04 | loss -23.6824 | loss_kl -10.1539 | loss_ll 13.5285 | loss_neg_ll -13.5285
16:40:13 | ssl[vssl/resnet50] | INFO | ep 061/100 it 100/175 | lr 3.75e-04 | loss -23.6879 | loss_kl -10.1552 | loss_ll 13.5328 | loss_neg_ll -13.5328
16:40:21 | ssl[vssl/resnet50] | INFO | ep 061/100 it 150/175 | lr 3.70e-04 | loss -23.6889 | loss_kl -10.1556 | loss_ll 13.5333 | loss_neg_ll -13.5333
16:40:26 | ssl[vssl/resnet50] | INFO | epoch 061 done in 00:00:31 | loss -23.6897
16:40:36 | ssl[vssl/resnet50] | INFO | ep 062/100 it 50/175 | lr 3.63e-04 | loss -23.6963 | loss_kl -10.1561 | loss_ll 13.5402 | loss_neg_ll -13.5402
16:40:44 | ssl[vssl/resnet50] | INFO | ep 062/100 it 100/175 | lr 3.59e-04 | loss -23.6958 | loss_kl -10.1556 | loss_ll 13.5402 | loss_neg_ll -13.5402
16:40:52 | ssl[vssl/resnet50] | INFO | ep 062/100 it 150/175 | lr 3.54e-04 | loss -23.6976 | loss_kl -10.1560 | loss_ll 13.5417 | loss_neg_ll -13.5417
16:40:57 | ssl[vssl/resnet50] | INFO | epoch 062 done in 00:00:30 | loss -23.6990
16:41:07 | ssl[vssl/resnet50] | INFO | ep 063/100 it 50/175 | lr 3.48e-04 | loss -23.7039 | loss_kl -10.1559 | loss_ll 13.5480 | loss_neg_ll -13.5480
16:41:16 | ssl[vssl/resnet50] | INFO | ep 063/100 it 100/175 | lr 3.43e-04 | loss -23.7061 | loss_kl -10.1559 | loss_ll 13.5502 | loss_neg_ll -13.5502
16:41:24 | ssl[vssl/resnet50] | INFO | ep 063/100 it 150/175 | lr 3.39e-04 | loss -23.7071 | loss_kl -10.1565 | loss_ll 13.5506 | loss_neg_ll -13.5506
16:41:28 | ssl[vssl/resnet50] | INFO | epoch 063 done in 00:00:31 | loss -23.7057
16:41:39 | ssl[vssl/resnet50] | INFO | ep 064/100 it 50/175 | lr 3.32e-04 | loss -23.7067 | loss_kl -10.1560 | loss_ll 13.5507 | loss_neg_ll -13.5507
16:41:47 | ssl[vssl/resnet50] | INFO | ep 064/100 it 100/175 | lr 3.28e-04 | loss -23.7105 | loss_kl -10.1564 | loss_ll 13.5542 | loss_neg_ll -13.5542
16:41:55 | ssl[vssl/resnet50] | INFO | ep 064/100 it 150/175 | lr 3.24e-04 | loss -23.7129 | loss_kl -10.1565 | loss_ll 13.5564 | loss_neg_ll -13.5564
16:41:59 | ssl[vssl/resnet50] | INFO | epoch 064 done in 00:00:31 | loss -23.7126
16:42:10 | ssl[vssl/resnet50] | INFO | ep 065/100 it 50/175 | lr 3.17e-04 | loss -23.7209 | loss_kl -10.1591 | loss_ll 13.5618 | loss_neg_ll -13.5618
16:42:18 | ssl[vssl/resnet50] | INFO | ep 065/100 it 100/175 | lr 3.13e-04 | loss -23.7205 | loss_kl -10.1588 | loss_ll 13.5618 | loss_neg_ll -13.5618
16:42:26 | ssl[vssl/resnet50] | INFO | ep 065/100 it 150/175 | lr 3.08e-04 | loss -23.7194 | loss_kl -10.1580 | loss_ll 13.5614 | loss_neg_ll -13.5614
16:42:31 | ssl[vssl/resnet50] | INFO | epoch 065 done in 00:00:31 | loss -23.7197
16:42:41 | ssl[vssl/resnet50] | INFO | ep 066/100 it 50/175 | lr 3.02e-04 | loss -23.7270 | loss_kl -10.1595 | loss_ll 13.5674 | loss_neg_ll -13.5674
16:42:49 | ssl[vssl/resnet50] | INFO | ep 066/100 it 100/175 | lr 2.98e-04 | loss -23.7265 | loss_kl -10.1588 | loss_ll 13.5677 | loss_neg_ll -13.5677
16:42:58 | ssl[vssl/resnet50] | INFO | ep 066/100 it 150/175 | lr 2.93e-04 | loss -23.7263 | loss_kl -10.1587 | loss_ll 13.5676 | loss_neg_ll -13.5676
16:43:02 | ssl[vssl/resnet50] | INFO | epoch 066 done in 00:00:31 | loss -23.7272
16:43:12 | ssl[vssl/resnet50] | INFO | ep 067/100 it 50/175 | lr 2.87e-04 | loss -23.7335 | loss_kl -10.1634 | loss_ll 13.5702 | loss_neg_ll -13.5702
16:43:20 | ssl[vssl/resnet50] | INFO | ep 067/100 it 100/175 | lr 2.83e-04 | loss -23.7286 | loss_kl -10.1599 | loss_ll 13.5687 | loss_neg_ll -13.5687
16:43:29 | ssl[vssl/resnet50] | INFO | ep 067/100 it 150/175 | lr 2.79e-04 | loss -23.7288 | loss_kl -10.1599 | loss_ll 13.5688 | loss_neg_ll -13.5688
16:43:33 | ssl[vssl/resnet50] | INFO | epoch 067 done in 00:00:31 | loss -23.7284
16:43:43 | ssl[vssl/resnet50] | INFO | ep 068/100 it 50/175 | lr 2.73e-04 | loss -23.7288 | loss_kl -10.1594 | loss_ll 13.5694 | loss_neg_ll -13.5694
16:43:52 | ssl[vssl/resnet50] | INFO | ep 068/100 it 100/175 | lr 2.68e-04 | loss -23.7293 | loss_kl -10.1603 | loss_ll 13.5690 | loss_neg_ll -13.5690
16:44:00 | ssl[vssl/resnet50] | INFO | ep 068/100 it 150/175 | lr 2.64e-04 | loss -23.7316 | loss_kl -10.1610 | loss_ll 13.5705 | loss_neg_ll -13.5705
16:44:04 | ssl[vssl/resnet50] | INFO | epoch 068 done in 00:00:31 | loss -23.7320
16:44:15 | ssl[vssl/resnet50] | INFO | ep 069/100 it 50/175 | lr 2.58e-04 | loss -23.7316 | loss_kl -10.1579 | loss_ll 13.5737 | loss_neg_ll -13.5737
16:44:23 | ssl[vssl/resnet50] | INFO | ep 069/100 it 100/175 | lr 2.54e-04 | loss -23.7311 | loss_kl -10.1579 | loss_ll 13.5733 | loss_neg_ll -13.5733
16:44:31 | ssl[vssl/resnet50] | INFO | ep 069/100 it 150/175 | lr 2.50e-04 | loss -23.7333 | loss_kl -10.1588 | loss_ll 13.5746 | loss_neg_ll -13.5746
16:44:35 | ssl[vssl/resnet50] | INFO | epoch 069 done in 00:00:31 | loss -23.7338
16:44:46 | ssl[vssl/resnet50] | INFO | ep 070/100 it 50/175 | lr 2.44e-04 | loss -23.7372 | loss_kl -10.1596 | loss_ll 13.5776 | loss_neg_ll -13.5776
16:44:54 | ssl[vssl/resnet50] | INFO | ep 070/100 it 100/175 | lr 2.40e-04 | loss -23.7358 | loss_kl -10.1595 | loss_ll 13.5762 | loss_neg_ll -13.5762
16:45:02 | ssl[vssl/resnet50] | INFO | ep 070/100 it 150/175 | lr 2.36e-04 | loss -23.7363 | loss_kl -10.1591 | loss_ll 13.5772 | loss_neg_ll -13.5772
16:45:07 | ssl[vssl/resnet50] | INFO | epoch 070 done in 00:00:31 | loss -23.7372
16:45:17 | ssl[vssl/resnet50] | INFO | ep 071/100 it 50/175 | lr 2.30e-04 | loss -23.7402 | loss_kl -10.1591 | loss_ll 13.5811 | loss_neg_ll -13.5811
16:45:26 | ssl[vssl/resnet50] | INFO | ep 071/100 it 100/175 | lr 2.27e-04 | loss -23.7402 | loss_kl -10.1604 | loss_ll 13.5797 | loss_neg_ll -13.5797
16:45:34 | ssl[vssl/resnet50] | INFO | ep 071/100 it 150/175 | lr 2.23e-04 | loss -23.7416 | loss_kl -10.1606 | loss_ll 13.5810 | loss_neg_ll -13.5810
16:45:38 | ssl[vssl/resnet50] | INFO | epoch 071 done in 00:00:31 | loss -23.7414
16:45:49 | ssl[vssl/resnet50] | INFO | ep 072/100 it 50/175 | lr 2.17e-04 | loss -23.7444 | loss_kl -10.1624 | loss_ll 13.5820 | loss_neg_ll -13.5820
16:45:57 | ssl[vssl/resnet50] | INFO | ep 072/100 it 100/175 | lr 2.13e-04 | loss -23.7426 | loss_kl -10.1616 | loss_ll 13.5810 | loss_neg_ll -13.5810
16:46:05 | ssl[vssl/resnet50] | INFO | ep 072/100 it 150/175 | lr 2.09e-04 | loss -23.7430 | loss_kl -10.1617 | loss_ll 13.5813 | loss_neg_ll -13.5813
16:46:10 | ssl[vssl/resnet50] | INFO | epoch 072 done in 00:00:31 | loss -23.7429
16:46:20 | ssl[vssl/resnet50] | INFO | ep 073/100 it 50/175 | lr 2.04e-04 | loss -23.7473 | loss_kl -10.1609 | loss_ll 13.5864 | loss_neg_ll -13.5864
16:46:28 | ssl[vssl/resnet50] | INFO | ep 073/100 it 100/175 | lr 2.00e-04 | loss -23.7460 | loss_kl -10.1620 | loss_ll 13.5840 | loss_neg_ll -13.5840
16:46:37 | ssl[vssl/resnet50] | INFO | ep 073/100 it 150/175 | lr 1.96e-04 | loss -23.7465 | loss_kl -10.1621 | loss_ll 13.5844 | loss_neg_ll -13.5844
16:46:41 | ssl[vssl/resnet50] | INFO | epoch 073 done in 00:00:31 | loss -23.7470
16:46:51 | ssl[vssl/resnet50] | INFO | ep 074/100 it 50/175 | lr 1.91e-04 | loss -23.7427 | loss_kl -10.1596 | loss_ll 13.5832 | loss_neg_ll -13.5832
16:46:59 | ssl[vssl/resnet50] | INFO | ep 074/100 it 100/175 | lr 1.87e-04 | loss -23.7426 | loss_kl -10.1593 | loss_ll 13.5833 | loss_neg_ll -13.5833
16:47:08 | ssl[vssl/resnet50] | INFO | ep 074/100 it 150/175 | lr 1.84e-04 | loss -23.7434 | loss_kl -10.1595 | loss_ll 13.5839 | loss_neg_ll -13.5839
16:47:12 | ssl[vssl/resnet50] | INFO | epoch 074 done in 00:00:31 | loss -23.7446
16:47:22 | ssl[vssl/resnet50] | INFO | ep 075/100 it 50/175 | lr 1.79e-04 | loss -23.7499 | loss_kl -10.1634 | loss_ll 13.5865 | loss_neg_ll -13.5865
16:47:30 | ssl[vssl/resnet50] | INFO | ep 075/100 it 100/175 | lr 1.75e-04 | loss -23.7484 | loss_kl -10.1623 | loss_ll 13.5861 | loss_neg_ll -13.5861
16:47:39 | ssl[vssl/resnet50] | INFO | ep 075/100 it 150/175 | lr 1.72e-04 | loss -23.7483 | loss_kl -10.1618 | loss_ll 13.5865 | loss_neg_ll -13.5865
16:47:43 | ssl[vssl/resnet50] | INFO | epoch 075 done in 00:00:31 | loss -23.7492
16:47:53 | ssl[vssl/resnet50] | INFO | ep 076/100 it 50/175 | lr 1.66e-04 | loss -23.7455 | loss_kl -10.1608 | loss_ll 13.5847 | loss_neg_ll -13.5847
16:48:02 | ssl[vssl/resnet50] | INFO | ep 076/100 it 100/175 | lr 1.63e-04 | loss -23.7474 | loss_kl -10.1615 | loss_ll 13.5859 | loss_neg_ll -13.5859
16:48:10 | ssl[vssl/resnet50] | INFO | ep 076/100 it 150/175 | lr 1.60e-04 | loss -23.7464 | loss_kl -10.1606 | loss_ll 13.5858 | loss_neg_ll -13.5858
16:48:14 | ssl[vssl/resnet50] | INFO | epoch 076 done in 00:00:31 | loss -23.7471
16:48:25 | ssl[vssl/resnet50] | INFO | ep 077/100 it 50/175 | lr 1.55e-04 | loss -23.7443 | loss_kl -10.1599 | loss_ll 13.5843 | loss_neg_ll -13.5843
16:48:33 | ssl[vssl/resnet50] | INFO | ep 077/100 it 100/175 | lr 1.51e-04 | loss -23.7479 | loss_kl -10.1629 | loss_ll 13.5851 | loss_neg_ll -13.5851
16:48:41 | ssl[vssl/resnet50] | INFO | ep 077/100 it 150/175 | lr 1.48e-04 | loss -23.7470 | loss_kl -10.1621 | loss_ll 13.5849 | loss_neg_ll -13.5849
16:48:45 | ssl[vssl/resnet50] | INFO | epoch 077 done in 00:00:31 | loss -23.7467
16:48:56 | ssl[vssl/resnet50] | INFO | ep 078/100 it 50/175 | lr 1.43e-04 | loss -23.7513 | loss_kl -10.1621 | loss_ll 13.5892 | loss_neg_ll -13.5892
16:49:04 | ssl[vssl/resnet50] | INFO | ep 078/100 it 100/175 | lr 1.40e-04 | loss -23.7484 | loss_kl -10.1612 | loss_ll 13.5871 | loss_neg_ll -13.5871
16:49:13 | ssl[vssl/resnet50] | INFO | ep 078/100 it 150/175 | lr 1.37e-04 | loss -23.7476 | loss_kl -10.1607 | loss_ll 13.5868 | loss_neg_ll -13.5868
16:49:17 | ssl[vssl/resnet50] | INFO | epoch 078 done in 00:00:31 | loss -23.7468
16:49:27 | ssl[vssl/resnet50] | INFO | ep 079/100 it 50/175 | lr 1.32e-04 | loss -23.7466 | loss_kl -10.1618 | loss_ll 13.5849 | loss_neg_ll -13.5849
16:49:36 | ssl[vssl/resnet50] | INFO | ep 079/100 it 100/175 | lr 1.29e-04 | loss -23.7484 | loss_kl -10.1617 | loss_ll 13.5867 | loss_neg_ll -13.5867
16:49:44 | ssl[vssl/resnet50] | INFO | ep 079/100 it 150/175 | lr 1.26e-04 | loss -23.7479 | loss_kl -10.1609 | loss_ll 13.5870 | loss_neg_ll -13.5870
16:49:48 | ssl[vssl/resnet50] | INFO | epoch 079 done in 00:00:31 | loss -23.7474
16:49:58 | ssl[vssl/resnet50] | INFO | ep 080/100 it 50/175 | lr 1.22e-04 | loss -23.7544 | loss_kl -10.1625 | loss_ll 13.5919 | loss_neg_ll -13.5919
16:50:07 | ssl[vssl/resnet50] | INFO | ep 080/100 it 100/175 | lr 1.19e-04 | loss -23.7536 | loss_kl -10.1615 | loss_ll 13.5920 | loss_neg_ll -13.5920
16:50:15 | ssl[vssl/resnet50] | INFO | ep 080/100 it 150/175 | lr 1.16e-04 | loss -23.7522 | loss_kl -10.1616 | loss_ll 13.5906 | loss_neg_ll -13.5906
16:50:19 | ssl[vssl/resnet50] | INFO | epoch 080 done in 00:00:30 | loss -23.7522
16:50:30 | ssl[vssl/resnet50] | INFO | ep 081/100 it 50/175 | lr 1.12e-04 | loss -23.7556 | loss_kl -10.1632 | loss_ll 13.5924 | loss_neg_ll -13.5924
16:50:38 | ssl[vssl/resnet50] | INFO | ep 081/100 it 100/175 | lr 1.09e-04 | loss -23.7559 | loss_kl -10.1643 | loss_ll 13.5916 | loss_neg_ll -13.5916
16:50:46 | ssl[vssl/resnet50] | INFO | ep 081/100 it 150/175 | lr 1.06e-04 | loss -23.7548 | loss_kl -10.1631 | loss_ll 13.5917 | loss_neg_ll -13.5917
16:50:50 | ssl[vssl/resnet50] | INFO | epoch 081 done in 00:00:31 | loss -23.7539
16:51:01 | ssl[vssl/resnet50] | INFO | ep 082/100 it 50/175 | lr 1.02e-04 | loss -23.7585 | loss_kl -10.1637 | loss_ll 13.5948 | loss_neg_ll -13.5948
16:51:09 | ssl[vssl/resnet50] | INFO | ep 082/100 it 100/175 | lr 9.92e-05 | loss -23.7536 | loss_kl -10.1620 | loss_ll 13.5916 | loss_neg_ll -13.5916
16:51:18 | ssl[vssl/resnet50] | INFO | ep 082/100 it 150/175 | lr 9.65e-05 | loss -23.7546 | loss_kl -10.1620 | loss_ll 13.5927 | loss_neg_ll -13.5927
16:51:22 | ssl[vssl/resnet50] | INFO | epoch 082 done in 00:00:31 | loss -23.7548
16:51:32 | ssl[vssl/resnet50] | INFO | ep 083/100 it 50/175 | lr 9.26e-05 | loss -23.7575 | loss_kl -10.1630 | loss_ll 13.5945 | loss_neg_ll -13.5945
16:51:41 | ssl[vssl/resnet50] | INFO | ep 083/100 it 100/175 | lr 9.00e-05 | loss -23.7568 | loss_kl -10.1621 | loss_ll 13.5947 | loss_neg_ll -13.5947
16:51:49 | ssl[vssl/resnet50] | INFO | ep 083/100 it 150/175 | lr 8.75e-05 | loss -23.7573 | loss_kl -10.1624 | loss_ll 13.5949 | loss_neg_ll -13.5949
16:51:53 | ssl[vssl/resnet50] | INFO | epoch 083 done in 00:00:31 | loss -23.7570
16:52:04 | ssl[vssl/resnet50] | INFO | ep 084/100 it 50/175 | lr 8.38e-05 | loss -23.7535 | loss_kl -10.1600 | loss_ll 13.5936 | loss_neg_ll -13.5936
16:52:12 | ssl[vssl/resnet50] | INFO | ep 084/100 it 100/175 | lr 8.13e-05 | loss -23.7580 | loss_kl -10.1625 | loss_ll 13.5955 | loss_neg_ll -13.5955
16:52:20 | ssl[vssl/resnet50] | INFO | ep 084/100 it 150/175 | lr 7.89e-05 | loss -23.7577 | loss_kl -10.1624 | loss_ll 13.5953 | loss_neg_ll -13.5953
16:52:25 | ssl[vssl/resnet50] | INFO | epoch 084 done in 00:00:31 | loss -23.7573
16:52:35 | ssl[vssl/resnet50] | INFO | ep 085/100 it 50/175 | lr 7.54e-05 | loss -23.7579 | loss_kl -10.1626 | loss_ll 13.5952 | loss_neg_ll -13.5952
16:52:43 | ssl[vssl/resnet50] | INFO | ep 085/100 it 100/175 | lr 7.31e-05 | loss -23.7584 | loss_kl -10.1616 | loss_ll 13.5967 | loss_neg_ll -13.5967
16:52:52 | ssl[vssl/resnet50] | INFO | ep 085/100 it 150/175 | lr 7.08e-05 | loss -23.7580 | loss_kl -10.1613 | loss_ll 13.5967 | loss_neg_ll -13.5967
16:52:56 | ssl[vssl/resnet50] | INFO | epoch 085 done in 00:00:31 | loss -23.7577
16:53:06 | ssl[vssl/resnet50] | INFO | ep 086/100 it 50/175 | lr 6.75e-05 | loss -23.7562 | loss_kl -10.1616 | loss_ll 13.5946 | loss_neg_ll -13.5946
16:53:15 | ssl[vssl/resnet50] | INFO | ep 086/100 it 100/175 | lr 6.53e-05 | loss -23.7565 | loss_kl -10.1613 | loss_ll 13.5952 | loss_neg_ll -13.5952
16:53:23 | ssl[vssl/resnet50] | INFO | ep 086/100 it 150/175 | lr 6.32e-05 | loss -23.7577 | loss_kl -10.1613 | loss_ll 13.5963 | loss_neg_ll -13.5963
16:53:27 | ssl[vssl/resnet50] | INFO | epoch 086 done in 00:00:31 | loss -23.7586
16:53:38 | ssl[vssl/resnet50] | INFO | ep 087/100 it 50/175 | lr 6.01e-05 | loss -23.7613 | loss_kl -10.1614 | loss_ll 13.5999 | loss_neg_ll -13.5999
16:53:46 | ssl[vssl/resnet50] | INFO | ep 087/100 it 100/175 | lr 5.81e-05 | loss -23.7603 | loss_kl -10.1602 | loss_ll 13.6001 | loss_neg_ll -13.6001
16:53:54 | ssl[vssl/resnet50] | INFO | ep 087/100 it 150/175 | lr 5.61e-05 | loss -23.7609 | loss_kl -10.1608 | loss_ll 13.6001 | loss_neg_ll -13.6001
16:53:58 | ssl[vssl/resnet50] | INFO | epoch 087 done in 00:00:31 | loss -23.7612
16:54:09 | ssl[vssl/resnet50] | INFO | ep 088/100 it 50/175 | lr 5.32e-05 | loss -23.7581 | loss_kl -10.1588 | loss_ll 13.5993 | loss_neg_ll -13.5993
16:54:17 | ssl[vssl/resnet50] | INFO | ep 088/100 it 100/175 | lr 5.13e-05 | loss -23.7591 | loss_kl -10.1592 | loss_ll 13.5999 | loss_neg_ll -13.5999
16:54:25 | ssl[vssl/resnet50] | INFO | ep 088/100 it 150/175 | lr 4.94e-05 | loss -23.7620 | loss_kl -10.1601 | loss_ll 13.6019 | loss_neg_ll -13.6019
16:54:29 | ssl[vssl/resnet50] | INFO | epoch 088 done in 00:00:31 | loss -23.7621
16:54:40 | ssl[vssl/resnet50] | INFO | ep 089/100 it 50/175 | lr 4.67e-05 | loss -23.7611 | loss_kl -10.1589 | loss_ll 13.6022 | loss_neg_ll -13.6022
16:54:48 | ssl[vssl/resnet50] | INFO | ep 089/100 it 100/175 | lr 4.50e-05 | loss -23.7619 | loss_kl -10.1595 | loss_ll 13.6025 | loss_neg_ll -13.6025
16:54:56 | ssl[vssl/resnet50] | INFO | ep 089/100 it 150/175 | lr 4.33e-05 | loss -23.7633 | loss_kl -10.1597 | loss_ll 13.6036 | loss_neg_ll -13.6036
16:55:01 | ssl[vssl/resnet50] | INFO | epoch 089 done in 00:00:31 | loss -23.7641
16:55:11 | ssl[vssl/resnet50] | INFO | ep 090/100 it 50/175 | lr 4.08e-05 | loss -23.7689 | loss_kl -10.1612 | loss_ll 13.6077 | loss_neg_ll -13.6077
16:55:19 | ssl[vssl/resnet50] | INFO | ep 090/100 it 100/175 | lr 3.92e-05 | loss -23.7699 | loss_kl -10.1626 | loss_ll 13.6073 | loss_neg_ll -13.6073
16:55:27 | ssl[vssl/resnet50] | INFO | ep 090/100 it 150/175 | lr 3.76e-05 | loss -23.7703 | loss_kl -10.1623 | loss_ll 13.6080 | loss_neg_ll -13.6080
16:55:32 | ssl[vssl/resnet50] | INFO | epoch 090 done in 00:00:31 | loss -23.7689
16:55:42 | ssl[vssl/resnet50] | INFO | ep 091/100 it 50/175 | lr 3.54e-05 | loss -23.7730 | loss_kl -10.1613 | loss_ll 13.6116 | loss_neg_ll -13.6116
16:55:50 | ssl[vssl/resnet50] | INFO | ep 091/100 it 100/175 | lr 3.39e-05 | loss -23.7728 | loss_kl -10.1625 | loss_ll 13.6103 | loss_neg_ll -13.6103
16:55:59 | ssl[vssl/resnet50] | INFO | ep 091/100 it 150/175 | lr 3.25e-05 | loss -23.7725 | loss_kl -10.1627 | loss_ll 13.6099 | loss_neg_ll -13.6099
16:56:03 | ssl[vssl/resnet50] | INFO | epoch 091 done in 00:00:31 | loss -23.7716
16:56:13 | ssl[vssl/resnet50] | INFO | ep 092/100 it 50/175 | lr 3.04e-05 | loss -23.7683 | loss_kl -10.1611 | loss_ll 13.6072 | loss_neg_ll -13.6072
16:56:22 | ssl[vssl/resnet50] | INFO | ep 092/100 it 100/175 | lr 2.91e-05 | loss -23.7710 | loss_kl -10.1622 | loss_ll 13.6088 | loss_neg_ll -13.6088
16:56:30 | ssl[vssl/resnet50] | INFO | ep 092/100 it 150/175 | lr 2.79e-05 | loss -23.7704 | loss_kl -10.1620 | loss_ll 13.6084 | loss_neg_ll -13.6084
16:56:34 | ssl[vssl/resnet50] | INFO | epoch 092 done in 00:00:31 | loss -23.7695
16:56:44 | ssl[vssl/resnet50] | INFO | ep 093/100 it 50/175 | lr 2.60e-05 | loss -23.7650 | loss_kl -10.1589 | loss_ll 13.6061 | loss_neg_ll -13.6061
16:56:53 | ssl[vssl/resnet50] | INFO | ep 093/100 it 100/175 | lr 2.49e-05 | loss -23.7683 | loss_kl -10.1607 | loss_ll 13.6075 | loss_neg_ll -13.6075
16:57:01 | ssl[vssl/resnet50] | INFO | ep 093/100 it 150/175 | lr 2.38e-05 | loss -23.7686 | loss_kl -10.1613 | loss_ll 13.6072 | loss_neg_ll -13.6072
16:57:05 | ssl[vssl/resnet50] | INFO | epoch 093 done in 00:00:31 | loss -23.7686
16:57:15 | ssl[vssl/resnet50] | INFO | ep 094/100 it 50/175 | lr 2.22e-05 | loss -23.7665 | loss_kl -10.1596 | loss_ll 13.6069 | loss_neg_ll -13.6069
16:57:24 | ssl[vssl/resnet50] | INFO | ep 094/100 it 100/175 | lr 2.12e-05 | loss -23.7670 | loss_kl -10.1600 | loss_ll 13.6070 | loss_neg_ll -13.6070
16:57:32 | ssl[vssl/resnet50] | INFO | ep 094/100 it 150/175 | lr 2.02e-05 | loss -23.7662 | loss_kl -10.1597 | loss_ll 13.6065 | loss_neg_ll -13.6065
16:57:36 | ssl[vssl/resnet50] | INFO | epoch 094 done in 00:00:31 | loss -23.7663
16:57:46 | ssl[vssl/resnet50] | INFO | ep 095/100 it 50/175 | lr 1.88e-05 | loss -23.7747 | loss_kl -10.1637 | loss_ll 13.6110 | loss_neg_ll -13.6110
16:57:55 | ssl[vssl/resnet50] | INFO | ep 095/100 it 100/175 | lr 1.80e-05 | loss -23.7709 | loss_kl -10.1614 | loss_ll 13.6095 | loss_neg_ll -13.6095
16:58:03 | ssl[vssl/resnet50] | INFO | ep 095/100 it 150/175 | lr 1.72e-05 | loss -23.7697 | loss_kl -10.1615 | loss_ll 13.6081 | loss_neg_ll -13.6081
16:58:07 | ssl[vssl/resnet50] | INFO | epoch 095 done in 00:00:30 | loss -23.7694
16:58:18 | ssl[vssl/resnet50] | INFO | ep 096/100 it 50/175 | lr 1.60e-05 | loss -23.7693 | loss_kl -10.1617 | loss_ll 13.6077 | loss_neg_ll -13.6077
16:58:26 | ssl[vssl/resnet50] | INFO | ep 096/100 it 100/175 | lr 1.53e-05 | loss -23.7693 | loss_kl -10.1608 | loss_ll 13.6085 | loss_neg_ll -13.6085
16:58:34 | ssl[vssl/resnet50] | INFO | ep 096/100 it 150/175 | lr 1.47e-05 | loss -23.7695 | loss_kl -10.1610 | loss_ll 13.6085 | loss_neg_ll -13.6085
16:58:38 | ssl[vssl/resnet50] | INFO | epoch 096 done in 00:00:31 | loss -23.7699
16:58:49 | ssl[vssl/resnet50] | INFO | ep 097/100 it 50/175 | lr 1.37e-05 | loss -23.7727 | loss_kl -10.1606 | loss_ll 13.6121 | loss_neg_ll -13.6121
16:58:57 | ssl[vssl/resnet50] | INFO | ep 097/100 it 100/175 | lr 1.32e-05 | loss -23.7736 | loss_kl -10.1627 | loss_ll 13.6109 | loss_neg_ll -13.6109
16:59:06 | ssl[vssl/resnet50] | INFO | ep 097/100 it 150/175 | lr 1.27e-05 | loss -23.7749 | loss_kl -10.1629 | loss_ll 13.6120 | loss_neg_ll -13.6120
16:59:10 | ssl[vssl/resnet50] | INFO | epoch 097 done in 00:00:31 | loss -23.7740
16:59:20 | ssl[vssl/resnet50] | INFO | ep 098/100 it 50/175 | lr 1.20e-05 | loss -23.7708 | loss_kl -10.1605 | loss_ll 13.6103 | loss_neg_ll -13.6103
16:59:29 | ssl[vssl/resnet50] | INFO | ep 098/100 it 100/175 | lr 1.16e-05 | loss -23.7730 | loss_kl -10.1616 | loss_ll 13.6114 | loss_neg_ll -13.6114
16:59:37 | ssl[vssl/resnet50] | INFO | ep 098/100 it 150/175 | lr 1.12e-05 | loss -23.7723 | loss_kl -10.1611 | loss_ll 13.6113 | loss_neg_ll -13.6113
16:59:41 | ssl[vssl/resnet50] | INFO | epoch 098 done in 00:00:31 | loss -23.7727
16:59:52 | ssl[vssl/resnet50] | INFO | ep 099/100 it 50/175 | lr 1.08e-05 | loss -23.7710 | loss_kl -10.1595 | loss_ll 13.6115 | loss_neg_ll -13.6115
17:00:00 | ssl[vssl/resnet50] | INFO | ep 099/100 it 100/175 | lr 1.06e-05 | loss -23.7731 | loss_kl -10.1615 | loss_ll 13.6116 | loss_neg_ll -13.6116
17:00:08 | ssl[vssl/resnet50] | INFO | ep 099/100 it 150/175 | lr 1.04e-05 | loss -23.7733 | loss_kl -10.1617 | loss_ll 13.6116 | loss_neg_ll -13.6116
17:00:12 | ssl[vssl/resnet50] | INFO | epoch 099 done in 00:00:31 | loss -23.7723
17:00:23 | ssl[vssl/resnet50] | INFO | ep 100/100 it 50/175 | lr 1.01e-05 | loss -23.7739 | loss_kl -10.1614 | loss_ll 13.6125 | loss_neg_ll -13.6125
17:00:32 | ssl[vssl/resnet50] | INFO | ep 100/100 it 100/175 | lr 1.01e-05 | loss -23.7758 | loss_kl -10.1615 | loss_ll 13.6143 | loss_neg_ll -13.6143
17:00:40 | ssl[vssl/resnet50] | INFO | ep 100/100 it 150/175 | lr 1.00e-05 | loss -23.7758 | loss_kl -10.1611 | loss_ll 13.6147 | loss_neg_ll -13.6147
17:00:44 | ssl[vssl/resnet50] | INFO | epoch 100 done in 00:00:31 | loss -23.7769
17:00:44 | ssl[vssl/resnet50] | INFO | Total SSL training: 00:52:04 (best loss -23.7769)
[done pretrain] resnet50 in 00:52:14
17:01:10 | eval[vssl-resnet50/resnet50] | INFO | Loaded backbone weights from /workspace/vcl_pathmnist/runs/ssl-vssl-resnet50-ep100-bs512-seed42/backbone_final.pt
17:01:10 | eval[vssl-resnet50/resnet50] | INFO | Extracting features for kNN / t-SNE / UMAP...
17:01:31 | eval[vssl-resnet50/resnet50] | INFO | kNN(k=20) top-1: 0.8844
/workspace/vcl_pathmnist/.venv/lib/python3.12/site-packages/umap/umap_.py:1952: UserWarning: n_jobs value 1 overridden to 1 by setting random_state. Use no seed for parallelism.
  warn(
17:01:59 | eval[vssl-resnet50/resnet50] | INFO | Saved t-SNE / UMAP plots.
17:02:00 | probe[linear/resnet50] | INFO | Loaded backbone weights — missing: 0, unexpected: 0
17:02:10 | probe[linear/resnet50] | INFO | [linear] epoch 001/30 | train_loss 0.8384 train_acc 0.7491 | val_loss 0.2908 val_acc 0.9022
17:02:19 | probe[linear/resnet50] | INFO | [linear] epoch 002/30 | train_loss 0.2628 train_acc 0.9107 | val_loss 0.2473 val_acc 0.9154
17:02:27 | probe[linear/resnet50] | INFO | [linear] epoch 003/30 | train_loss 0.2370 train_acc 0.9187 | val_loss 0.2334 val_acc 0.9185
17:02:35 | probe[linear/resnet50] | INFO | [linear] epoch 004/30 | train_loss 0.2245 train_acc 0.9228 | val_loss 0.2237 val_acc 0.9218
17:02:44 | probe[linear/resnet50] | INFO | [linear] epoch 005/30 | train_loss 0.2140 train_acc 0.9254 | val_loss 0.2161 val_acc 0.9247
17:02:53 | probe[linear/resnet50] | INFO | [linear] epoch 006/30 | train_loss 0.2090 train_acc 0.9272 | val_loss 0.2116 val_acc 0.9252
17:03:01 | probe[linear/resnet50] | INFO | [linear] epoch 007/30 | train_loss 0.2026 train_acc 0.9297 | val_loss 0.2087 val_acc 0.9258
17:03:09 | probe[linear/resnet50] | INFO | [linear] epoch 008/30 | train_loss 0.1992 train_acc 0.9308 | val_loss 0.2115 val_acc 0.9272
17:03:18 | probe[linear/resnet50] | INFO | [linear] epoch 009/30 | train_loss 0.1955 train_acc 0.9323 | val_loss 0.2047 val_acc 0.9285
17:03:26 | probe[linear/resnet50] | INFO | [linear] epoch 010/30 | train_loss 0.1921 train_acc 0.9340 | val_loss 0.2027 val_acc 0.9288
17:03:34 | probe[linear/resnet50] | INFO | [linear] epoch 011/30 | train_loss 0.1896 train_acc 0.9344 | val_loss 0.2038 val_acc 0.9287
17:03:43 | probe[linear/resnet50] | INFO | [linear] epoch 012/30 | train_loss 0.1871 train_acc 0.9353 | val_loss 0.2024 val_acc 0.9297
17:03:52 | probe[linear/resnet50] | INFO | [linear] epoch 013/30 | train_loss 0.1852 train_acc 0.9355 | val_loss 0.1943 val_acc 0.9319
17:04:00 | probe[linear/resnet50] | INFO | [linear] epoch 014/30 | train_loss 0.1832 train_acc 0.9361 | val_loss 0.1945 val_acc 0.9320
17:04:09 | probe[linear/resnet50] | INFO | [linear] epoch 015/30 | train_loss 0.1813 train_acc 0.9371 | val_loss 0.1931 val_acc 0.9314
17:04:17 | probe[linear/resnet50] | INFO | [linear] epoch 016/30 | train_loss 0.1796 train_acc 0.9381 | val_loss 0.1902 val_acc 0.9326
17:04:26 | probe[linear/resnet50] | INFO | [linear] epoch 017/30 | train_loss 0.1773 train_acc 0.9388 | val_loss 0.1907 val_acc 0.9312
17:04:35 | probe[linear/resnet50] | INFO | [linear] epoch 018/30 | train_loss 0.1766 train_acc 0.9383 | val_loss 0.1897 val_acc 0.9325
17:04:43 | probe[linear/resnet50] | INFO | [linear] epoch 019/30 | train_loss 0.1752 train_acc 0.9388 | val_loss 0.1899 val_acc 0.9324
17:04:51 | probe[linear/resnet50] | INFO | [linear] epoch 020/30 | train_loss 0.1742 train_acc 0.9392 | val_loss 0.1894 val_acc 0.9331
17:04:59 | probe[linear/resnet50] | INFO | [linear] epoch 021/30 | train_loss 0.1737 train_acc 0.9398 | val_loss 0.1889 val_acc 0.9336
17:05:07 | probe[linear/resnet50] | INFO | [linear] epoch 022/30 | train_loss 0.1726 train_acc 0.9405 | val_loss 0.1889 val_acc 0.9339
17:05:16 | probe[linear/resnet50] | INFO | [linear] epoch 023/30 | train_loss 0.1720 train_acc 0.9403 | val_loss 0.1855 val_acc 0.9337
17:05:24 | probe[linear/resnet50] | INFO | [linear] epoch 024/30 | train_loss 0.1709 train_acc 0.9409 | val_loss 0.1861 val_acc 0.9336
17:05:32 | probe[linear/resnet50] | INFO | [linear] epoch 025/30 | train_loss 0.1704 train_acc 0.9404 | val_loss 0.1853 val_acc 0.9345
17:05:40 | probe[linear/resnet50] | INFO | [linear] epoch 026/30 | train_loss 0.1695 train_acc 0.9408 | val_loss 0.1856 val_acc 0.9343
17:05:49 | probe[linear/resnet50] | INFO | [linear] epoch 027/30 | train_loss 0.1700 train_acc 0.9409 | val_loss 0.1851 val_acc 0.9342
17:05:57 | probe[linear/resnet50] | INFO | [linear] epoch 028/30 | train_loss 0.1708 train_acc 0.9405 | val_loss 0.1851 val_acc 0.9343
17:06:06 | probe[linear/resnet50] | INFO | [linear] epoch 029/30 | train_loss 0.1695 train_acc 0.9410 | val_loss 0.1852 val_acc 0.9338
17:06:14 | probe[linear/resnet50] | INFO | [linear] epoch 030/30 | train_loss 0.1697 train_acc 0.9406 | val_loss 0.1852 val_acc 0.9342
17:06:14 | probe[linear/resnet50] | INFO | [linear] done in 00:04:14 | best val_acc 0.9345
17:06:15 | eval[vssl-resnet50/resnet50] | INFO | Linear test acc 0.9029 | bal-acc 0.8729 | f1-macro 0.8623 | AUC 0.9904475847055509
17:06:16 | probe[finetune_10pct/resnet50] | INFO | Loaded backbone weights — missing: 0, unexpected: 0
17:06:21 | probe[finetune_10pct/resnet50] | INFO | [finetune_10pct] epoch 001/30 | train_loss 1.7589 train_acc 0.4461 | val_loss 0.9208 val_acc 0.7647
17:06:24 | probe[finetune_10pct/resnet50] | INFO | [finetune_10pct] epoch 002/30 | train_loss 0.4521 train_acc 0.8759 | val_loss 0.4141 val_acc 0.8590
17:06:28 | probe[finetune_10pct/resnet50] | INFO | [finetune_10pct] epoch 003/30 | train_loss 0.2092 train_acc 0.9304 | val_loss 0.2259 val_acc 0.9253
17:06:31 | probe[finetune_10pct/resnet50] | INFO | [finetune_10pct] epoch 004/30 | train_loss 0.1659 train_acc 0.9440 | val_loss 0.1743 val_acc 0.9430
17:06:35 | probe[finetune_10pct/resnet50] | INFO | [finetune_10pct] epoch 005/30 | train_loss 0.1330 train_acc 0.9542 | val_loss 0.1701 val_acc 0.9424
17:06:38 | probe[finetune_10pct/resnet50] | INFO | [finetune_10pct] epoch 006/30 | train_loss 0.1204 train_acc 0.9592 | val_loss 0.1256 val_acc 0.9599
17:06:41 | probe[finetune_10pct/resnet50] | INFO | [finetune_10pct] epoch 007/30 | train_loss 0.1084 train_acc 0.9634 | val_loss 0.1738 val_acc 0.9445
17:06:45 | probe[finetune_10pct/resnet50] | INFO | [finetune_10pct] epoch 008/30 | train_loss 0.0994 train_acc 0.9664 | val_loss 0.1409 val_acc 0.9544
17:06:48 | probe[finetune_10pct/resnet50] | INFO | [finetune_10pct] epoch 009/30 | train_loss 0.0909 train_acc 0.9706 | val_loss 0.1105 val_acc 0.9646
17:06:52 | probe[finetune_10pct/resnet50] | INFO | [finetune_10pct] epoch 010/30 | train_loss 0.0849 train_acc 0.9717 | val_loss 0.2056 val_acc 0.9363
17:06:55 | probe[finetune_10pct/resnet50] | INFO | [finetune_10pct] epoch 011/30 | train_loss 0.0728 train_acc 0.9759 | val_loss 0.1372 val_acc 0.9597
17:06:58 | probe[finetune_10pct/resnet50] | INFO | [finetune_10pct] epoch 012/30 | train_loss 0.0671 train_acc 0.9774 | val_loss 0.1325 val_acc 0.9556
17:07:01 | probe[finetune_10pct/resnet50] | INFO | [finetune_10pct] epoch 013/30 | train_loss 0.0657 train_acc 0.9773 | val_loss 0.1034 val_acc 0.9688
17:07:04 | probe[finetune_10pct/resnet50] | INFO | [finetune_10pct] epoch 014/30 | train_loss 0.0516 train_acc 0.9833 | val_loss 0.1063 val_acc 0.9679
17:07:08 | probe[finetune_10pct/resnet50] | INFO | [finetune_10pct] epoch 015/30 | train_loss 0.0512 train_acc 0.9830 | val_loss 0.0963 val_acc 0.9701
17:07:11 | probe[finetune_10pct/resnet50] | INFO | [finetune_10pct] epoch 016/30 | train_loss 0.0460 train_acc 0.9844 | val_loss 0.1080 val_acc 0.9666
17:07:15 | probe[finetune_10pct/resnet50] | INFO | [finetune_10pct] epoch 017/30 | train_loss 0.0398 train_acc 0.9874 | val_loss 0.0949 val_acc 0.9720
17:07:18 | probe[finetune_10pct/resnet50] | INFO | [finetune_10pct] epoch 018/30 | train_loss 0.0373 train_acc 0.9883 | val_loss 0.1002 val_acc 0.9700
17:07:21 | probe[finetune_10pct/resnet50] | INFO | [finetune_10pct] epoch 019/30 | train_loss 0.0353 train_acc 0.9887 | val_loss 0.0995 val_acc 0.9704
17:07:25 | probe[finetune_10pct/resnet50] | INFO | [finetune_10pct] epoch 020/30 | train_loss 0.0332 train_acc 0.9888 | val_loss 0.1044 val_acc 0.9692
17:07:28 | probe[finetune_10pct/resnet50] | INFO | [finetune_10pct] epoch 021/30 | train_loss 0.0322 train_acc 0.9902 | val_loss 0.1172 val_acc 0.9653
17:07:31 | probe[finetune_10pct/resnet50] | INFO | [finetune_10pct] epoch 022/30 | train_loss 0.0313 train_acc 0.9897 | val_loss 0.0942 val_acc 0.9725
17:07:34 | probe[finetune_10pct/resnet50] | INFO | [finetune_10pct] epoch 023/30 | train_loss 0.0304 train_acc 0.9896 | val_loss 0.1066 val_acc 0.9680
17:07:38 | probe[finetune_10pct/resnet50] | INFO | [finetune_10pct] epoch 024/30 | train_loss 0.0295 train_acc 0.9904 | val_loss 0.0973 val_acc 0.9720
17:07:41 | probe[finetune_10pct/resnet50] | INFO | [finetune_10pct] epoch 025/30 | train_loss 0.0274 train_acc 0.9914 | val_loss 0.0944 val_acc 0.9731
17:07:44 | probe[finetune_10pct/resnet50] | INFO | [finetune_10pct] epoch 026/30 | train_loss 0.0250 train_acc 0.9920 | val_loss 0.0964 val_acc 0.9725
17:07:48 | probe[finetune_10pct/resnet50] | INFO | [finetune_10pct] epoch 027/30 | train_loss 0.0242 train_acc 0.9909 | val_loss 0.0978 val_acc 0.9718
17:07:51 | probe[finetune_10pct/resnet50] | INFO | [finetune_10pct] epoch 028/30 | train_loss 0.0210 train_acc 0.9934 | val_loss 0.0980 val_acc 0.9719
17:07:54 | probe[finetune_10pct/resnet50] | INFO | [finetune_10pct] epoch 029/30 | train_loss 0.0260 train_acc 0.9919 | val_loss 0.0957 val_acc 0.9729
17:07:57 | probe[finetune_10pct/resnet50] | INFO | [finetune_10pct] epoch 030/30 | train_loss 0.0222 train_acc 0.9928 | val_loss 0.0970 val_acc 0.9727
17:07:57 | probe[finetune_10pct/resnet50] | INFO | [finetune_10pct] done in 00:01:41 | best val_acc 0.9731
17:07:58 | eval[vssl-resnet50/resnet50] | INFO | Low-shot 10.0% (n=9000) -> test acc 0.9357 | bal-acc 0.9169 | f1-macro 0.9118
17:07:59 | probe[finetune_1pct/resnet50] | INFO | Loaded backbone weights — missing: 0, unexpected: 0
17:08:02 | probe[finetune_1pct/resnet50] | INFO | [finetune_1pct] epoch 001/30 | train_loss 2.2649 train_acc 0.1487 | val_loss 1.9881 val_acc 0.3778
17:08:04 | probe[finetune_1pct/resnet50] | INFO | [finetune_1pct] epoch 002/30 | train_loss 1.8651 train_acc 0.4806 | val_loss 1.4235 val_acc 0.6998
17:08:06 | probe[finetune_1pct/resnet50] | INFO | [finetune_1pct] epoch 003/30 | train_loss 1.2797 train_acc 0.7558 | val_loss 1.0158 val_acc 0.7771
17:08:08 | probe[finetune_1pct/resnet50] | INFO | [finetune_1pct] epoch 004/30 | train_loss 0.8826 train_acc 0.8013 | val_loss 0.7520 val_acc 0.8274
17:08:10 | probe[finetune_1pct/resnet50] | INFO | [finetune_1pct] epoch 005/30 | train_loss 0.6118 train_acc 0.8524 | val_loss 0.6053 val_acc 0.8365
17:08:12 | probe[finetune_1pct/resnet50] | INFO | [finetune_1pct] epoch 006/30 | train_loss 0.4436 train_acc 0.8757 | val_loss 0.5764 val_acc 0.8248
17:08:14 | probe[finetune_1pct/resnet50] | INFO | [finetune_1pct] epoch 007/30 | train_loss 0.3427 train_acc 0.8912 | val_loss 0.6005 val_acc 0.8174
17:08:16 | probe[finetune_1pct/resnet50] | INFO | [finetune_1pct] epoch 008/30 | train_loss 0.2637 train_acc 0.9179 | val_loss 0.5389 val_acc 0.8319
17:08:18 | probe[finetune_1pct/resnet50] | INFO | [finetune_1pct] epoch 009/30 | train_loss 0.2319 train_acc 0.9223 | val_loss 0.4772 val_acc 0.8511
17:08:20 | probe[finetune_1pct/resnet50] | INFO | [finetune_1pct] epoch 010/30 | train_loss 0.1885 train_acc 0.9390 | val_loss 0.4270 val_acc 0.8662
17:08:22 | probe[finetune_1pct/resnet50] | INFO | [finetune_1pct] epoch 011/30 | train_loss 0.1706 train_acc 0.9301 | val_loss 0.4019 val_acc 0.8714
17:08:25 | probe[finetune_1pct/resnet50] | INFO | [finetune_1pct] epoch 012/30 | train_loss 0.1570 train_acc 0.9456 | val_loss 0.4250 val_acc 0.8646
17:08:27 | probe[finetune_1pct/resnet50] | INFO | [finetune_1pct] epoch 013/30 | train_loss 0.1477 train_acc 0.9523 | val_loss 0.3936 val_acc 0.8714
17:08:29 | probe[finetune_1pct/resnet50] | INFO | [finetune_1pct] epoch 014/30 | train_loss 0.1227 train_acc 0.9556 | val_loss 0.3569 val_acc 0.8828
17:08:31 | probe[finetune_1pct/resnet50] | INFO | [finetune_1pct] epoch 015/30 | train_loss 0.0990 train_acc 0.9678 | val_loss 0.3382 val_acc 0.8903
17:08:33 | probe[finetune_1pct/resnet50] | INFO | [finetune_1pct] epoch 016/30 | train_loss 0.1042 train_acc 0.9667 | val_loss 0.3269 val_acc 0.8943
17:08:35 | probe[finetune_1pct/resnet50] | INFO | [finetune_1pct] epoch 017/30 | train_loss 0.0999 train_acc 0.9656 | val_loss 0.3192 val_acc 0.8982
17:08:37 | probe[finetune_1pct/resnet50] | INFO | [finetune_1pct] epoch 018/30 | train_loss 0.0921 train_acc 0.9711 | val_loss 0.3105 val_acc 0.9018
17:08:39 | probe[finetune_1pct/resnet50] | INFO | [finetune_1pct] epoch 019/30 | train_loss 0.0810 train_acc 0.9678 | val_loss 0.3121 val_acc 0.9028
17:08:41 | probe[finetune_1pct/resnet50] | INFO | [finetune_1pct] epoch 020/30 | train_loss 0.0763 train_acc 0.9723 | val_loss 0.3173 val_acc 0.9023
17:08:43 | probe[finetune_1pct/resnet50] | INFO | [finetune_1pct] epoch 021/30 | train_loss 0.0833 train_acc 0.9723 | val_loss 0.3183 val_acc 0.9033
17:08:45 | probe[finetune_1pct/resnet50] | INFO | [finetune_1pct] epoch 022/30 | train_loss 0.0598 train_acc 0.9834 | val_loss 0.3193 val_acc 0.9037
17:08:47 | probe[finetune_1pct/resnet50] | INFO | [finetune_1pct] epoch 023/30 | train_loss 0.0687 train_acc 0.9800 | val_loss 0.3170 val_acc 0.9032
17:08:49 | probe[finetune_1pct/resnet50] | INFO | [finetune_1pct] epoch 024/30 | train_loss 0.0577 train_acc 0.9822 | val_loss 0.3146 val_acc 0.9041
17:08:52 | probe[finetune_1pct/resnet50] | INFO | [finetune_1pct] epoch 025/30 | train_loss 0.0511 train_acc 0.9822 | val_loss 0.3122 val_acc 0.9050
17:08:54 | probe[finetune_1pct/resnet50] | INFO | [finetune_1pct] epoch 026/30 | train_loss 0.0590 train_acc 0.9845 | val_loss 0.3101 val_acc 0.9056
17:08:56 | probe[finetune_1pct/resnet50] | INFO | [finetune_1pct] epoch 027/30 | train_loss 0.0593 train_acc 0.9778 | val_loss 0.3083 val_acc 0.9066
17:08:58 | probe[finetune_1pct/resnet50] | INFO | [finetune_1pct] epoch 028/30 | train_loss 0.0553 train_acc 0.9834 | val_loss 0.3068 val_acc 0.9065
17:09:00 | probe[finetune_1pct/resnet50] | INFO | [finetune_1pct] epoch 029/30 | train_loss 0.0537 train_acc 0.9834 | val_loss 0.3063 val_acc 0.9068
17:09:02 | probe[finetune_1pct/resnet50] | INFO | [finetune_1pct] epoch 030/30 | train_loss 0.0577 train_acc 0.9822 | val_loss 0.3073 val_acc 0.9063
17:09:02 | probe[finetune_1pct/resnet50] | INFO | [finetune_1pct] done in 00:01:03 | best val_acc 0.9068
17:09:03 | eval[vssl-resnet50/resnet50] | INFO | Low-shot 1.0% (n=901) -> test acc 0.8730 | bal-acc 0.8414 | f1-macro 0.8327
17:09:03 | eval[vssl-resnet50/resnet50] | INFO | Downstream evaluation complete.
